Archive member included to satisfy reference by file (symbol)

/usr/lib/gcc/arm-none-eabi/4.9.3/thumb/libgcc.a(_udivsi3.o)
                              obj/xprintf.o (__aeabi_uidiv)
/usr/lib/gcc/arm-none-eabi/4.9.3/thumb/libgcc.a(_dvmd_tls.o)
                              /usr/lib/gcc/arm-none-eabi/4.9.3/thumb/libgcc.a(_udivsi3.o) (__aeabi_idiv0)

Allocating common symbols
Common symbol       size              file

xfunc_in            0x4               obj/xprintf.o
xfunc_out           0x4               obj/xprintf.o

Discarded input sections

 .data          0x0000000000000000        0x0 obj/asmfunc.o
 .bss           0x0000000000000000        0x0 obj/asmfunc.o
 .data          0x0000000000000000        0x0 obj/main.o
 .bss           0x0000000000000000        0x0 obj/main.o
 .data          0x0000000000000000        0x0 obj/interrupt.o
 .bss           0x0000000000000000        0x0 obj/interrupt.o
 .data          0x0000000000000000        0x0 obj/uart23xx.o
 .data          0x0000000000000000        0x0 obj/xprintf.o
 .data          0x0000000000000000        0x0 /usr/lib/gcc/arm-none-eabi/4.9.3/thumb/libgcc.a(_udivsi3.o)
 .bss           0x0000000000000000        0x0 /usr/lib/gcc/arm-none-eabi/4.9.3/thumb/libgcc.a(_udivsi3.o)
 .data          0x0000000000000000        0x0 /usr/lib/gcc/arm-none-eabi/4.9.3/thumb/libgcc.a(_dvmd_tls.o)
 .bss           0x0000000000000000        0x0 /usr/lib/gcc/arm-none-eabi/4.9.3/thumb/libgcc.a(_dvmd_tls.o)

Memory Configuration

Name             Origin             Length             Attributes
ROM              0x0000000000000000 0x000000000007e000
RAM              0x0000000040000000 0x000000000000ffe0
URAM             0x000000007fd00000 0x0000000000004000
ERAM             0x000000007fe00000 0x0000000000004000
BRAM             0x00000000e0084000 0x0000000000000800
*default*        0x0000000000000000 0xffffffffffffffff

Linker script and memory map

LOAD obj/asmfunc.o
LOAD obj/main.o
LOAD obj/interrupt.o
LOAD obj/uart23xx.o
LOAD obj/xprintf.o
LOAD /usr/lib/gcc/arm-none-eabi/4.9.3/../../../arm-none-eabi/lib/thumb/libc.a
LOAD /usr/lib/gcc/arm-none-eabi/4.9.3/thumb/libgcc.a
LOAD /usr/lib/gcc/arm-none-eabi/4.9.3/../../../arm-none-eabi/lib/thumb/libm.a
START GROUP
LOAD /usr/lib/gcc/arm-none-eabi/4.9.3/thumb/libgcc.a
LOAD /usr/lib/gcc/arm-none-eabi/4.9.3/../../../arm-none-eabi/lib/thumb/libg.a
LOAD /usr/lib/gcc/arm-none-eabi/4.9.3/../../../arm-none-eabi/lib/thumb/libc.a
END GROUP

.text           0x0000000000000000      0xf53
 *(.VECTOR)
 .VECTOR        0x0000000000000000       0x34 obj/asmfunc.o
                0x00000000000002fc                . = 0x2fc
 *fill*         0x0000000000000034      0x2c8 
 *(.CRP)
                0x0000000000000300                . = 0x300
 *fill*         0x00000000000002fc        0x4 
 *(.text .text.*)
 .text          0x0000000000000300      0x31c obj/asmfunc.o
                0x0000000000000500                Copy_un2al
                0x0000000000000570                Copy_al2un
 .text          0x000000000000061c        0xc obj/main.o
                0x000000000000061c                Isr_TIMER0
 .text.startup  0x0000000000000628      0x114 obj/main.o
                0x0000000000000628                main
 .text          0x000000000000073c       0x1c obj/interrupt.o
                0x000000000000073c                IrqDisable
                0x0000000000000740                IrqEnable
                0x0000000000000744                ClearVector
                0x0000000000000748                RegisterIrq
                0x000000000000074c                SelectFiq
                0x0000000000000750                LoadFiqRegs
                0x0000000000000754                StoreFiqRegs
 .text          0x0000000000000758      0x1ec obj/uart23xx.o
                0x0000000000000758                Isr_UART0
                0x0000000000000808                uart0_test
                0x0000000000000814                uart0_getc
                0x0000000000000848                uart0_putc
                0x0000000000000898                uart0_init
 .text          0x0000000000000944      0x484 obj/xprintf.o
                0x0000000000000944                xputc
                0x0000000000000980                xputs
                0x0000000000000b76                xfputs
                0x0000000000000b9c                xprintf
                0x0000000000000bb2                xsprintf
                0x0000000000000bdc                xfprintf
                0x0000000000000c00                put_dump
                0x0000000000000c94                xgets
                0x0000000000000cf8                xfgets
                0x0000000000000d14                xatoi
 .text          0x0000000000000dc8      0x11c /usr/lib/gcc/arm-none-eabi/4.9.3/thumb/libgcc.a(_udivsi3.o)
                0x0000000000000dc8                __udivsi3
                0x0000000000000dc8                __aeabi_uidiv
                0x0000000000000ec4                __aeabi_uidivmod
 .text          0x0000000000000ee4        0x4 /usr/lib/gcc/arm-none-eabi/4.9.3/thumb/libgcc.a(_dvmd_tls.o)
                0x0000000000000ee4                __aeabi_ldiv0
                0x0000000000000ee4                __aeabi_idiv0
 .text.__stub   0x0000000000000ee8       0x1c linker stubs
 *(.gnu.linkonce.t.*)
 *(.glue_7)
 .glue_7        0x0000000000000f08        0x0 linker stubs
 *(.glue_7t)
 .glue_7t       0x0000000000000f08        0x0 linker stubs
 *(.gcc_except_table)
 *(.rodata)
 *(.rodata*)
 .rodata.str1.1
                0x0000000000000f08       0x31 obj/main.o
 .rodata.str1.1
                0x0000000000000f39       0x1a obj/xprintf.o
 *(.gnu.linkonce.r.*)

.vfp11_veneer   0x0000000000000f54        0x0
 .vfp11_veneer  0x0000000000000f54        0x0 linker stubs

.v4_bx          0x0000000000000f54        0x0
 .v4_bx         0x0000000000000f54        0x0 linker stubs

.iplt           0x0000000000000f54        0x0
 .iplt          0x0000000000000f54        0x0 obj/asmfunc.o

.rel.dyn        0x0000000000000f54        0x0
 .rel.iplt      0x0000000000000f54        0x0 obj/asmfunc.o

.ARM.excep
 *(.ARM.exidx*)
 *(.ARM.extab*)
                0x0000000000000f54                . = ALIGN (0x4)
                0x0000000000000f54                _etext = .
                0x0000000000000f54                _sidata = .

.data           0x0000000040000000        0x0 load address 0x0000000000000f54
                0x0000000040000000                . = ALIGN (0x4)
                0x0000000040000000                _sdata = .
 *(.data)
 *(.data.*)
 *(.gnu.linkonce.d*)
                0x0000000040000000                . = ALIGN (0x4)
                0x0000000040000000                _edata = .

.igot.plt       0x0000000040000000        0x0
 .igot.plt      0x0000000040000000        0x0 obj/asmfunc.o

.bss            0x0000000040000000      0x11c
                0x0000000040000000                . = ALIGN (0x4)
                0x0000000040000000                _sbss = .
 *(.bss)
 .bss           0x0000000040000000      0x10e obj/uart23xx.o
 *fill*         0x000000004000010e        0x2 
 .bss           0x0000000040000110        0x4 obj/xprintf.o
 *(.bss.*)
 *(.gnu.linkonce.b*)
 *(COMMON)
 COMMON         0x0000000040000114        0x8 obj/xprintf.o
                0x0000000040000114                xfunc_in
                0x0000000040000118                xfunc_out
                0x000000004000011c                . = ALIGN (0x4)
                0x000000004000011c                _ebss = .

.stack          0x000000004000011c      0xa14
                0x0000000040000120                . = ALIGN (0x8)
 *fill*         0x000000004000011c        0x4 
 *(.stack)
 *(.STACK)
 .STACK         0x0000000040000120      0xa10 obj/asmfunc.o
                0x0000000040000b30                _estack = .
                0x0000000040000b30                . = ALIGN (0x4)

.usbram         0x000000007fd00000        0x0
 *(.usbram)
                0x000000007fd00000                . = ALIGN (0x4)

.etherram       0x000000007fe00000        0x0
 *(.etherram)
                0x000000007fe00000                . = ALIGN (0x4)

.batteryram     0x00000000e0084000        0x0
 *(.batteryram)
                0x00000000e0084000                . = ALIGN (0x4)

.stab
 *(.stab)

.stabstr
 *(.stabstr)

.stab.excl
 *(.stab.excl)

.stab.exclstr
 *(.stab.exclstr)

.stab.index
 *(.stab.index)

.stab.indexstr
 *(.stab.indexstr)

.comment        0x0000000000000000       0x38
 *(.comment)
 .comment       0x0000000000000000       0x38 obj/main.o
                                         0x39 (size before relaxing)
 .comment       0x0000000000000038       0x39 obj/interrupt.o
 .comment       0x0000000000000038       0x39 obj/uart23xx.o
 .comment       0x0000000000000038       0x39 obj/xprintf.o

.HEAP           0x0000000000000000        0x0
 .HEAP          0x0000000000000000        0x0 obj/asmfunc.o

.ARM.attributes
                0x0000000000000000       0x2e
 .ARM.attributes
                0x0000000000000000       0x22 obj/asmfunc.o
 .ARM.attributes
                0x0000000000000022       0x32 obj/main.o
 .ARM.attributes
                0x0000000000000054       0x32 obj/interrupt.o
 .ARM.attributes
                0x0000000000000086       0x32 obj/uart23xx.o
 .ARM.attributes
                0x00000000000000b8       0x32 obj/xprintf.o
 .ARM.attributes
                0x00000000000000ea       0x18 /usr/lib/gcc/arm-none-eabi/4.9.3/thumb/libgcc.a(_udivsi3.o)
 .ARM.attributes
                0x0000000000000102       0x16 /usr/lib/gcc/arm-none-eabi/4.9.3/thumb/libgcc.a(_dvmd_tls.o)

.debug
 *(.debug)

.line
 *(.line)

.debug_srcinfo
 *(.debug_srcinfo)

.debug_sfnames
 *(.debug_sfnames)

.debug_aranges  0x0000000000000000       0xf0
 *(.debug_aranges)
 .debug_aranges
                0x0000000000000000       0x28 obj/asmfunc.o
 .debug_aranges
                0x0000000000000028       0x28 obj/main.o
 .debug_aranges
                0x0000000000000050       0x20 obj/interrupt.o
 .debug_aranges
                0x0000000000000070       0x20 obj/uart23xx.o
 .debug_aranges
                0x0000000000000090       0x20 obj/xprintf.o
 .debug_aranges
                0x00000000000000b0       0x20 /usr/lib/gcc/arm-none-eabi/4.9.3/thumb/libgcc.a(_udivsi3.o)
 .debug_aranges
                0x00000000000000d0       0x20 /usr/lib/gcc/arm-none-eabi/4.9.3/thumb/libgcc.a(_dvmd_tls.o)

.debug_pubnames
 *(.debug_pubnames)

.debug_info     0x0000000000000000      0xe8e
 *(.debug_info .gnu.linkonce.wi.*)
 .debug_info    0x0000000000000000       0x52 obj/asmfunc.o
 .debug_info    0x0000000000000052      0x1cb obj/main.o
 .debug_info    0x000000000000021d      0x133 obj/interrupt.o
 .debug_info    0x0000000000000350      0x2b0 obj/uart23xx.o
 .debug_info    0x0000000000000600      0x720 obj/xprintf.o
 .debug_info    0x0000000000000d20       0xb7 /usr/lib/gcc/arm-none-eabi/4.9.3/thumb/libgcc.a(_udivsi3.o)
 .debug_info    0x0000000000000dd7       0xb7 /usr/lib/gcc/arm-none-eabi/4.9.3/thumb/libgcc.a(_dvmd_tls.o)

.debug_abbrev   0x0000000000000000      0x5b1
 *(.debug_abbrev)
 .debug_abbrev  0x0000000000000000       0x12 obj/asmfunc.o
 .debug_abbrev  0x0000000000000012      0x132 obj/main.o
 .debug_abbrev  0x0000000000000144       0xa2 obj/interrupt.o
 .debug_abbrev  0x00000000000001e6      0x148 obj/uart23xx.o
 .debug_abbrev  0x000000000000032e      0x25b obj/xprintf.o
 .debug_abbrev  0x0000000000000589       0x14 /usr/lib/gcc/arm-none-eabi/4.9.3/thumb/libgcc.a(_udivsi3.o)
 .debug_abbrev  0x000000000000059d       0x14 /usr/lib/gcc/arm-none-eabi/4.9.3/thumb/libgcc.a(_dvmd_tls.o)

.debug_line     0x0000000000000000      0x6b3
 *(.debug_line)
 .debug_line    0x0000000000000000      0x12b obj/asmfunc.o
 .debug_line    0x000000000000012b      0x10a obj/main.o
 .debug_line    0x0000000000000235       0x4f obj/interrupt.o
 .debug_line    0x0000000000000284      0x121 obj/uart23xx.o
 .debug_line    0x00000000000003a5      0x235 obj/xprintf.o
 .debug_line    0x00000000000005da       0x7b /usr/lib/gcc/arm-none-eabi/4.9.3/thumb/libgcc.a(_udivsi3.o)
 .debug_line    0x0000000000000655       0x5e /usr/lib/gcc/arm-none-eabi/4.9.3/thumb/libgcc.a(_dvmd_tls.o)

.debug_frame    0x0000000000000000      0x2b0
 *(.debug_frame)
 .debug_frame   0x0000000000000000       0x3c obj/main.o
 .debug_frame   0x000000000000003c       0x80 obj/interrupt.o
 .debug_frame   0x00000000000000bc       0x80 obj/uart23xx.o
 .debug_frame   0x000000000000013c      0x154 obj/xprintf.o
 .debug_frame   0x0000000000000290       0x20 /usr/lib/gcc/arm-none-eabi/4.9.3/thumb/libgcc.a(_udivsi3.o)

.debug_str      0x0000000000000000      0x27e
 *(.debug_str)
 .debug_str     0x0000000000000000      0x154 obj/main.o
                                        0x196 (size before relaxing)
 .debug_str     0x0000000000000154       0x3f obj/interrupt.o
                                         0xf6 (size before relaxing)
 .debug_str     0x0000000000000193       0x60 obj/uart23xx.o
                                        0x1b5 (size before relaxing)
 .debug_str     0x00000000000001f3       0x8b obj/xprintf.o
                                        0x194 (size before relaxing)

.debug_loc      0x0000000000000000      0xcbf
 *(.debug_loc)
 .debug_loc     0x0000000000000000       0x20 obj/main.o
 .debug_loc     0x0000000000000020      0x1d6 obj/uart23xx.o
 .debug_loc     0x00000000000001f6      0xac9 obj/xprintf.o

.debug_macinfo
 *(.debug_macinfo)

.debug_weaknames
 *(.debug_weaknames)

.debug_funcnames
 *(.debug_funcnames)

.debug_typenames
 *(.debug_typenames)

.debug_varnames
 *(.debug_varnames)
OUTPUT(obj/fftest.elf elf32-littlearm)

.debug_ranges   0x0000000000000000       0x50
 .debug_ranges  0x0000000000000000       0x20 obj/asmfunc.o
 .debug_ranges  0x0000000000000020       0x30 obj/main.o

Cross Reference Table

Symbol                                            File
ClearVector                                       obj/interrupt.o
                                                  obj/main.o
Copy_al2un                                        obj/asmfunc.o
Copy_un2al                                        obj/asmfunc.o
IrqDisable                                        obj/interrupt.o
IrqEnable                                         obj/interrupt.o
                                                  obj/main.o
Isr_TIMER0                                        obj/main.o
Isr_UART0                                         obj/uart23xx.o
LoadFiqRegs                                       obj/interrupt.o
RegisterIrq                                       obj/interrupt.o
                                                  obj/uart23xx.o
                                                  obj/main.o
SelectFiq                                         obj/interrupt.o
StoreFiqRegs                                      obj/interrupt.o
__aeabi_idiv0                                     /usr/lib/gcc/arm-none-eabi/4.9.3/thumb/libgcc.a(_dvmd_tls.o)
                                                  /usr/lib/gcc/arm-none-eabi/4.9.3/thumb/libgcc.a(_udivsi3.o)
__aeabi_ldiv0                                     /usr/lib/gcc/arm-none-eabi/4.9.3/thumb/libgcc.a(_dvmd_tls.o)
__aeabi_uidiv                                     /usr/lib/gcc/arm-none-eabi/4.9.3/thumb/libgcc.a(_udivsi3.o)
                                                  obj/xprintf.o
__aeabi_uidivmod                                  /usr/lib/gcc/arm-none-eabi/4.9.3/thumb/libgcc.a(_udivsi3.o)
                                                  obj/xprintf.o
__udivsi3                                         /usr/lib/gcc/arm-none-eabi/4.9.3/thumb/libgcc.a(_udivsi3.o)
_ebss                                             obj/asmfunc.o
_edata                                            obj/asmfunc.o
_sbss                                             obj/asmfunc.o
_sdata                                            obj/asmfunc.o
_sidata                                           obj/asmfunc.o
main                                              obj/main.o
                                                  obj/asmfunc.o
put_dump                                          obj/xprintf.o
uart0_getc                                        obj/uart23xx.o
                                                  obj/main.o
uart0_init                                        obj/uart23xx.o
                                                  obj/main.o
uart0_putc                                        obj/uart23xx.o
                                                  obj/main.o
uart0_test                                        obj/uart23xx.o
xatoi                                             obj/xprintf.o
xfgets                                            obj/xprintf.o
xfprintf                                          obj/xprintf.o
xfputs                                            obj/xprintf.o
xfunc_in                                          obj/xprintf.o
                                                  obj/main.o
xfunc_out                                         obj/xprintf.o
                                                  obj/main.o
xgets                                             obj/xprintf.o
xprintf                                           obj/xprintf.o
xputc                                             obj/xprintf.o
xputs                                             obj/xprintf.o
                                                  obj/main.o
xsprintf                                          obj/xprintf.o
