Archive member included to satisfy reference by file (symbol)

/home/a-h/x-tools/arm-none-eabi-7.2/bin/../lib/gcc/arm-none-eabi/7.2.1/../../../../arm-none-eabi/lib/thumb/libc.a(lib_a-atoi.o)
                              obj/usart_console.o (atoi)
/home/a-h/x-tools/arm-none-eabi-7.2/bin/../lib/gcc/arm-none-eabi/7.2.1/../../../../arm-none-eabi/lib/thumb/libc.a(lib_a-itoa.o)
                              obj/timers.o (itoa)
/home/a-h/x-tools/arm-none-eabi-7.2/bin/../lib/gcc/arm-none-eabi/7.2.1/../../../../arm-none-eabi/lib/thumb/libc.a(lib_a-memset.o)
                              obj/timers.o (memset)
/home/a-h/x-tools/arm-none-eabi-7.2/bin/../lib/gcc/arm-none-eabi/7.2.1/../../../../arm-none-eabi/lib/thumb/libc.a(lib_a-strcat.o)
                              obj/timers.o (strcat)
/home/a-h/x-tools/arm-none-eabi-7.2/bin/../lib/gcc/arm-none-eabi/7.2.1/../../../../arm-none-eabi/lib/thumb/libc.a(lib_a-strcpy.o)
                              /home/a-h/x-tools/arm-none-eabi-7.2/bin/../lib/gcc/arm-none-eabi/7.2.1/../../../../arm-none-eabi/lib/thumb/libc.a(lib_a-strcat.o) (strcpy)
/home/a-h/x-tools/arm-none-eabi-7.2/bin/../lib/gcc/arm-none-eabi/7.2.1/../../../../arm-none-eabi/lib/thumb/libc.a(lib_a-strlen-stub.o)
                              obj/timers.o (strlen)
/home/a-h/x-tools/arm-none-eabi-7.2/bin/../lib/gcc/arm-none-eabi/7.2.1/../../../../arm-none-eabi/lib/thumb/libc.a(lib_a-strncmp.o)
                              obj/usart_console.o (strncmp)
/home/a-h/x-tools/arm-none-eabi-7.2/bin/../lib/gcc/arm-none-eabi/7.2.1/../../../../arm-none-eabi/lib/thumb/libc.a(lib_a-strtol.o)
                              /home/a-h/x-tools/arm-none-eabi-7.2/bin/../lib/gcc/arm-none-eabi/7.2.1/../../../../arm-none-eabi/lib/thumb/libc.a(lib_a-atoi.o) (_strtol_r)
/home/a-h/x-tools/arm-none-eabi-7.2/bin/../lib/gcc/arm-none-eabi/7.2.1/../../../../arm-none-eabi/lib/thumb/libc.a(lib_a-utoa.o)
                              /home/a-h/x-tools/arm-none-eabi-7.2/bin/../lib/gcc/arm-none-eabi/7.2.1/../../../../arm-none-eabi/lib/thumb/libc.a(lib_a-itoa.o) (__utoa)
/home/a-h/x-tools/arm-none-eabi-7.2/bin/../lib/gcc/arm-none-eabi/7.2.1/../../../../arm-none-eabi/lib/thumb/libc.a(lib_a-impure.o)
                              /home/a-h/x-tools/arm-none-eabi-7.2/bin/../lib/gcc/arm-none-eabi/7.2.1/../../../../arm-none-eabi/lib/thumb/libc.a(lib_a-strtol.o) (_impure_ptr)
/home/a-h/x-tools/arm-none-eabi-7.2/bin/../lib/gcc/arm-none-eabi/7.2.1/../../../../arm-none-eabi/lib/thumb/libc.a(lib_a-locale.o)
                              /home/a-h/x-tools/arm-none-eabi-7.2/bin/../lib/gcc/arm-none-eabi/7.2.1/../../../../arm-none-eabi/lib/thumb/libc.a(lib_a-strtol.o) (__global_locale)
/home/a-h/x-tools/arm-none-eabi-7.2/bin/../lib/gcc/arm-none-eabi/7.2.1/../../../../arm-none-eabi/lib/thumb/libc.a(lib_a-mbtowc_r.o)
                              /home/a-h/x-tools/arm-none-eabi-7.2/bin/../lib/gcc/arm-none-eabi/7.2.1/../../../../arm-none-eabi/lib/thumb/libc.a(lib_a-locale.o) (__ascii_mbtowc)
/home/a-h/x-tools/arm-none-eabi-7.2/bin/../lib/gcc/arm-none-eabi/7.2.1/../../../../arm-none-eabi/lib/thumb/libc.a(lib_a-strcmp.o)
                              /home/a-h/x-tools/arm-none-eabi-7.2/bin/../lib/gcc/arm-none-eabi/7.2.1/../../../../arm-none-eabi/lib/thumb/libc.a(lib_a-locale.o) (strcmp)
/home/a-h/x-tools/arm-none-eabi-7.2/bin/../lib/gcc/arm-none-eabi/7.2.1/../../../../arm-none-eabi/lib/thumb/libc.a(lib_a-wctomb_r.o)
                              /home/a-h/x-tools/arm-none-eabi-7.2/bin/../lib/gcc/arm-none-eabi/7.2.1/../../../../arm-none-eabi/lib/thumb/libc.a(lib_a-locale.o) (__ascii_wctomb)
/home/a-h/x-tools/arm-none-eabi-7.2/bin/../lib/gcc/arm-none-eabi/7.2.1/../../../../arm-none-eabi/lib/thumb/libc.a(lib_a-ctype_.o)
                              /home/a-h/x-tools/arm-none-eabi-7.2/bin/../lib/gcc/arm-none-eabi/7.2.1/../../../../arm-none-eabi/lib/thumb/libc.a(lib_a-locale.o) (_ctype_)
/home/a-h/x-tools/arm-none-eabi-7.2/bin/../lib/gcc/arm-none-eabi/7.2.1/thumb/libgcc.a(_udivsi3.o)
                              /home/a-h/x-tools/arm-none-eabi-7.2/bin/../lib/gcc/arm-none-eabi/7.2.1/../../../../arm-none-eabi/lib/thumb/libc.a(lib_a-strtol.o) (__aeabi_uidivmod)
/home/a-h/x-tools/arm-none-eabi-7.2/bin/../lib/gcc/arm-none-eabi/7.2.1/thumb/libgcc.a(_dvmd_tls.o)
                              /home/a-h/x-tools/arm-none-eabi-7.2/bin/../lib/gcc/arm-none-eabi/7.2.1/thumb/libgcc.a(_udivsi3.o) (__aeabi_idiv0)
/home/a-h/x-tools/arm-none-eabi-7.2/bin/../lib/gcc/arm-none-eabi/7.2.1/thumb/libgcc.a(_arm_addsubdf3.o)
                              obj/usart_console.o (__aeabi_dadd)
/home/a-h/x-tools/arm-none-eabi-7.2/bin/../lib/gcc/arm-none-eabi/7.2.1/thumb/libgcc.a(_arm_muldivdf3.o)
                              obj/usart_console.o (__aeabi_dmul)
/home/a-h/x-tools/arm-none-eabi-7.2/bin/../lib/gcc/arm-none-eabi/7.2.1/thumb/libgcc.a(_arm_fixdfsi.o)
                              obj/usart_console.o (__aeabi_d2iz)
/home/a-h/x-tools/arm-none-eabi-7.2/bin/../lib/gcc/arm-none-eabi/7.2.1/thumb/libgcc.a(_arm_truncdfsf2.o)
                              obj/timers.o (__aeabi_d2f)
/home/a-h/x-tools/arm-none-eabi-7.2/bin/../lib/gcc/arm-none-eabi/7.2.1/thumb/libgcc.a(_arm_addsubsf3.o)
                              obj/timers.o (__aeabi_fsub)
/home/a-h/x-tools/arm-none-eabi-7.2/bin/../lib/gcc/arm-none-eabi/7.2.1/thumb/libgcc.a(_arm_muldivsf3.o)
                              obj/timers.o (__aeabi_fmul)
/home/a-h/x-tools/arm-none-eabi-7.2/bin/../lib/gcc/arm-none-eabi/7.2.1/thumb/libgcc.a(_arm_cmpsf2.o)
                              obj/timers.o (__aeabi_fcmplt)
/home/a-h/x-tools/arm-none-eabi-7.2/bin/../lib/gcc/arm-none-eabi/7.2.1/thumb/libgcc.a(_arm_fixsfsi.o)
                              obj/timers.o (__aeabi_f2iz)
/home/a-h/x-tools/arm-none-eabi-7.2/bin/../lib/gcc/arm-none-eabi/7.2.1/thumb/libgcc.a(_aeabi_uldivmod.o)
                              obj/timers.o (__aeabi_uldivmod)
/home/a-h/x-tools/arm-none-eabi-7.2/bin/../lib/gcc/arm-none-eabi/7.2.1/thumb/libgcc.a(_udivmoddi4.o)
                              /home/a-h/x-tools/arm-none-eabi-7.2/bin/../lib/gcc/arm-none-eabi/7.2.1/thumb/libgcc.a(_aeabi_uldivmod.o) (__udivmoddi4)
/home/a-h/x-tools/arm-none-eabi-7.2/bin/../lib/gcc/arm-none-eabi/7.2.1/thumb/libgcc.a(_clzdi2.o)
                              /home/a-h/x-tools/arm-none-eabi-7.2/bin/../lib/gcc/arm-none-eabi/7.2.1/thumb/libgcc.a(_udivmoddi4.o) (__clzdi2)
/home/a-h/x-tools/arm-none-eabi-7.2/bin/../lib/gcc/arm-none-eabi/7.2.1/thumb/libgcc.a(_clzsi2.o)
                              /home/a-h/x-tools/arm-none-eabi-7.2/bin/../lib/gcc/arm-none-eabi/7.2.1/thumb/libgcc.a(_clzdi2.o) (__clzsi2)

Allocating common symbols
Common symbol       size              file

Index               0x1               obj/usart_console.o
curr_big            0x8               obj/main.o
RxCount             0x1               obj/usart_console.o
curr                0x2               obj/main.o
volts               0x2               obj/main.o
resiever            0x32              obj/uart23xx.o

Discarded input sections

 .data          0x0000000000000000        0x0 obj/asmfunc.o
 .bss           0x0000000000000000        0x0 obj/asmfunc.o
 .data          0x0000000000000000        0x0 obj/interrupt.o
 .bss           0x0000000000000000        0x0 obj/interrupt.o
 .data          0x0000000000000000        0x0 obj/uart23xx.o
 .text          0x0000000000000000       0xcc obj/init_cpu.o
 .data          0x0000000000000000        0x0 obj/init_cpu.o
 .bss           0x0000000000000000        0x0 obj/init_cpu.o
 .debug_info    0x0000000000000000       0xba obj/init_cpu.o
 .debug_abbrev  0x0000000000000000       0x44 obj/init_cpu.o
 .debug_loc     0x0000000000000000       0x20 obj/init_cpu.o
 .debug_aranges
                0x0000000000000000       0x20 obj/init_cpu.o
 .debug_line    0x0000000000000000       0x89 obj/init_cpu.o
 .debug_str     0x0000000000000000       0xe0 obj/init_cpu.o
 .comment       0x0000000000000000       0x39 obj/init_cpu.o
 .debug_frame   0x0000000000000000       0x8c obj/init_cpu.o
 .ARM.attributes
                0x0000000000000000       0x32 obj/init_cpu.o
 .data          0x0000000000000000        0x0 obj/usart_console.o
 .bss           0x0000000000000000        0x0 obj/usart_console.o
 COMMON         0x0000000000000000        0x2 obj/usart_console.o
 .data          0x0000000000000000        0x0 obj/spi.o
 .bss           0x0000000000000000        0x0 obj/spi.o
 .data          0x0000000000000000        0x0 obj/adc_dac.o
 .bss           0x0000000000000000        0x0 obj/adc_dac.o
 .data          0x0000000000000000        0x0 obj/timers.o
 .bss           0x0000000000000000        0x0 obj/timers.o
 .text          0x0000000000000000        0x0 /home/a-h/x-tools/arm-none-eabi-7.2/bin/../lib/gcc/arm-none-eabi/7.2.1/../../../../arm-none-eabi/lib/thumb/libc.a(lib_a-atoi.o)
 .data          0x0000000000000000        0x0 /home/a-h/x-tools/arm-none-eabi-7.2/bin/../lib/gcc/arm-none-eabi/7.2.1/../../../../arm-none-eabi/lib/thumb/libc.a(lib_a-atoi.o)
 .bss           0x0000000000000000        0x0 /home/a-h/x-tools/arm-none-eabi-7.2/bin/../lib/gcc/arm-none-eabi/7.2.1/../../../../arm-none-eabi/lib/thumb/libc.a(lib_a-atoi.o)
 .text._atoi_r  0x0000000000000000       0x10 /home/a-h/x-tools/arm-none-eabi-7.2/bin/../lib/gcc/arm-none-eabi/7.2.1/../../../../arm-none-eabi/lib/thumb/libc.a(lib_a-atoi.o)
 .text          0x0000000000000000        0x0 /home/a-h/x-tools/arm-none-eabi-7.2/bin/../lib/gcc/arm-none-eabi/7.2.1/../../../../arm-none-eabi/lib/thumb/libc.a(lib_a-itoa.o)
 .data          0x0000000000000000        0x0 /home/a-h/x-tools/arm-none-eabi-7.2/bin/../lib/gcc/arm-none-eabi/7.2.1/../../../../arm-none-eabi/lib/thumb/libc.a(lib_a-itoa.o)
 .bss           0x0000000000000000        0x0 /home/a-h/x-tools/arm-none-eabi-7.2/bin/../lib/gcc/arm-none-eabi/7.2.1/../../../../arm-none-eabi/lib/thumb/libc.a(lib_a-itoa.o)
 .text          0x0000000000000000        0x0 /home/a-h/x-tools/arm-none-eabi-7.2/bin/../lib/gcc/arm-none-eabi/7.2.1/../../../../arm-none-eabi/lib/thumb/libc.a(lib_a-memset.o)
 .data          0x0000000000000000        0x0 /home/a-h/x-tools/arm-none-eabi-7.2/bin/../lib/gcc/arm-none-eabi/7.2.1/../../../../arm-none-eabi/lib/thumb/libc.a(lib_a-memset.o)
 .bss           0x0000000000000000        0x0 /home/a-h/x-tools/arm-none-eabi-7.2/bin/../lib/gcc/arm-none-eabi/7.2.1/../../../../arm-none-eabi/lib/thumb/libc.a(lib_a-memset.o)
 .text          0x0000000000000000        0x0 /home/a-h/x-tools/arm-none-eabi-7.2/bin/../lib/gcc/arm-none-eabi/7.2.1/../../../../arm-none-eabi/lib/thumb/libc.a(lib_a-strcat.o)
 .data          0x0000000000000000        0x0 /home/a-h/x-tools/arm-none-eabi-7.2/bin/../lib/gcc/arm-none-eabi/7.2.1/../../../../arm-none-eabi/lib/thumb/libc.a(lib_a-strcat.o)
 .bss           0x0000000000000000        0x0 /home/a-h/x-tools/arm-none-eabi-7.2/bin/../lib/gcc/arm-none-eabi/7.2.1/../../../../arm-none-eabi/lib/thumb/libc.a(lib_a-strcat.o)
 .text          0x0000000000000000        0x0 /home/a-h/x-tools/arm-none-eabi-7.2/bin/../lib/gcc/arm-none-eabi/7.2.1/../../../../arm-none-eabi/lib/thumb/libc.a(lib_a-strcpy.o)
 .data          0x0000000000000000        0x0 /home/a-h/x-tools/arm-none-eabi-7.2/bin/../lib/gcc/arm-none-eabi/7.2.1/../../../../arm-none-eabi/lib/thumb/libc.a(lib_a-strcpy.o)
 .bss           0x0000000000000000        0x0 /home/a-h/x-tools/arm-none-eabi-7.2/bin/../lib/gcc/arm-none-eabi/7.2.1/../../../../arm-none-eabi/lib/thumb/libc.a(lib_a-strcpy.o)
 .text          0x0000000000000000        0x0 /home/a-h/x-tools/arm-none-eabi-7.2/bin/../lib/gcc/arm-none-eabi/7.2.1/../../../../arm-none-eabi/lib/thumb/libc.a(lib_a-strlen-stub.o)
 .data          0x0000000000000000        0x0 /home/a-h/x-tools/arm-none-eabi-7.2/bin/../lib/gcc/arm-none-eabi/7.2.1/../../../../arm-none-eabi/lib/thumb/libc.a(lib_a-strlen-stub.o)
 .bss           0x0000000000000000        0x0 /home/a-h/x-tools/arm-none-eabi-7.2/bin/../lib/gcc/arm-none-eabi/7.2.1/../../../../arm-none-eabi/lib/thumb/libc.a(lib_a-strlen-stub.o)
 .text          0x0000000000000000        0x0 /home/a-h/x-tools/arm-none-eabi-7.2/bin/../lib/gcc/arm-none-eabi/7.2.1/../../../../arm-none-eabi/lib/thumb/libc.a(lib_a-strncmp.o)
 .data          0x0000000000000000        0x0 /home/a-h/x-tools/arm-none-eabi-7.2/bin/../lib/gcc/arm-none-eabi/7.2.1/../../../../arm-none-eabi/lib/thumb/libc.a(lib_a-strncmp.o)
 .bss           0x0000000000000000        0x0 /home/a-h/x-tools/arm-none-eabi-7.2/bin/../lib/gcc/arm-none-eabi/7.2.1/../../../../arm-none-eabi/lib/thumb/libc.a(lib_a-strncmp.o)
 .text          0x0000000000000000        0x0 /home/a-h/x-tools/arm-none-eabi-7.2/bin/../lib/gcc/arm-none-eabi/7.2.1/../../../../arm-none-eabi/lib/thumb/libc.a(lib_a-strtol.o)
 .data          0x0000000000000000        0x0 /home/a-h/x-tools/arm-none-eabi-7.2/bin/../lib/gcc/arm-none-eabi/7.2.1/../../../../arm-none-eabi/lib/thumb/libc.a(lib_a-strtol.o)
 .bss           0x0000000000000000        0x0 /home/a-h/x-tools/arm-none-eabi-7.2/bin/../lib/gcc/arm-none-eabi/7.2.1/../../../../arm-none-eabi/lib/thumb/libc.a(lib_a-strtol.o)
 .text._strtol_r
                0x0000000000000000       0x28 /home/a-h/x-tools/arm-none-eabi-7.2/bin/../lib/gcc/arm-none-eabi/7.2.1/../../../../arm-none-eabi/lib/thumb/libc.a(lib_a-strtol.o)
 .text.strtol_l
                0x0000000000000000       0x24 /home/a-h/x-tools/arm-none-eabi-7.2/bin/../lib/gcc/arm-none-eabi/7.2.1/../../../../arm-none-eabi/lib/thumb/libc.a(lib_a-strtol.o)
 .text          0x0000000000000000        0x0 /home/a-h/x-tools/arm-none-eabi-7.2/bin/../lib/gcc/arm-none-eabi/7.2.1/../../../../arm-none-eabi/lib/thumb/libc.a(lib_a-utoa.o)
 .data          0x0000000000000000        0x0 /home/a-h/x-tools/arm-none-eabi-7.2/bin/../lib/gcc/arm-none-eabi/7.2.1/../../../../arm-none-eabi/lib/thumb/libc.a(lib_a-utoa.o)
 .bss           0x0000000000000000        0x0 /home/a-h/x-tools/arm-none-eabi-7.2/bin/../lib/gcc/arm-none-eabi/7.2.1/../../../../arm-none-eabi/lib/thumb/libc.a(lib_a-utoa.o)
 .text.utoa     0x0000000000000000        0xc /home/a-h/x-tools/arm-none-eabi-7.2/bin/../lib/gcc/arm-none-eabi/7.2.1/../../../../arm-none-eabi/lib/thumb/libc.a(lib_a-utoa.o)
 .text          0x0000000000000000        0x0 /home/a-h/x-tools/arm-none-eabi-7.2/bin/../lib/gcc/arm-none-eabi/7.2.1/../../../../arm-none-eabi/lib/thumb/libc.a(lib_a-impure.o)
 .data          0x0000000000000000        0x0 /home/a-h/x-tools/arm-none-eabi-7.2/bin/../lib/gcc/arm-none-eabi/7.2.1/../../../../arm-none-eabi/lib/thumb/libc.a(lib_a-impure.o)
 .bss           0x0000000000000000        0x0 /home/a-h/x-tools/arm-none-eabi-7.2/bin/../lib/gcc/arm-none-eabi/7.2.1/../../../../arm-none-eabi/lib/thumb/libc.a(lib_a-impure.o)
 .rodata._global_impure_ptr
                0x0000000000000000        0x4 /home/a-h/x-tools/arm-none-eabi-7.2/bin/../lib/gcc/arm-none-eabi/7.2.1/../../../../arm-none-eabi/lib/thumb/libc.a(lib_a-impure.o)
 .text          0x0000000000000000        0x0 /home/a-h/x-tools/arm-none-eabi-7.2/bin/../lib/gcc/arm-none-eabi/7.2.1/../../../../arm-none-eabi/lib/thumb/libc.a(lib_a-locale.o)
 .data          0x0000000000000000        0x0 /home/a-h/x-tools/arm-none-eabi-7.2/bin/../lib/gcc/arm-none-eabi/7.2.1/../../../../arm-none-eabi/lib/thumb/libc.a(lib_a-locale.o)
 .bss           0x0000000000000000        0x0 /home/a-h/x-tools/arm-none-eabi-7.2/bin/../lib/gcc/arm-none-eabi/7.2.1/../../../../arm-none-eabi/lib/thumb/libc.a(lib_a-locale.o)
 .text._setlocale_r
                0x0000000000000000       0x48 /home/a-h/x-tools/arm-none-eabi-7.2/bin/../lib/gcc/arm-none-eabi/7.2.1/../../../../arm-none-eabi/lib/thumb/libc.a(lib_a-locale.o)
 .text.__locale_mb_cur_max
                0x0000000000000000       0x1c /home/a-h/x-tools/arm-none-eabi-7.2/bin/../lib/gcc/arm-none-eabi/7.2.1/../../../../arm-none-eabi/lib/thumb/libc.a(lib_a-locale.o)
 .text.__locale_ctype_ptr
                0x0000000000000000       0x1c /home/a-h/x-tools/arm-none-eabi-7.2/bin/../lib/gcc/arm-none-eabi/7.2.1/../../../../arm-none-eabi/lib/thumb/libc.a(lib_a-locale.o)
 .text.setlocale
                0x0000000000000000       0x1c /home/a-h/x-tools/arm-none-eabi-7.2/bin/../lib/gcc/arm-none-eabi/7.2.1/../../../../arm-none-eabi/lib/thumb/libc.a(lib_a-locale.o)
 .bss._PathLocale
                0x0000000000000000        0x4 /home/a-h/x-tools/arm-none-eabi-7.2/bin/../lib/gcc/arm-none-eabi/7.2.1/../../../../arm-none-eabi/lib/thumb/libc.a(lib_a-locale.o)
 .text          0x0000000000000000        0x0 /home/a-h/x-tools/arm-none-eabi-7.2/bin/../lib/gcc/arm-none-eabi/7.2.1/../../../../arm-none-eabi/lib/thumb/libc.a(lib_a-mbtowc_r.o)
 .data          0x0000000000000000        0x0 /home/a-h/x-tools/arm-none-eabi-7.2/bin/../lib/gcc/arm-none-eabi/7.2.1/../../../../arm-none-eabi/lib/thumb/libc.a(lib_a-mbtowc_r.o)
 .bss           0x0000000000000000        0x0 /home/a-h/x-tools/arm-none-eabi-7.2/bin/../lib/gcc/arm-none-eabi/7.2.1/../../../../arm-none-eabi/lib/thumb/libc.a(lib_a-mbtowc_r.o)
 .text._mbtowc_r
                0x0000000000000000       0x30 /home/a-h/x-tools/arm-none-eabi-7.2/bin/../lib/gcc/arm-none-eabi/7.2.1/../../../../arm-none-eabi/lib/thumb/libc.a(lib_a-mbtowc_r.o)
 .text          0x0000000000000000      0x224 /home/a-h/x-tools/arm-none-eabi-7.2/bin/../lib/gcc/arm-none-eabi/7.2.1/../../../../arm-none-eabi/lib/thumb/libc.a(lib_a-strcmp.o)
 .data          0x0000000000000000        0x0 /home/a-h/x-tools/arm-none-eabi-7.2/bin/../lib/gcc/arm-none-eabi/7.2.1/../../../../arm-none-eabi/lib/thumb/libc.a(lib_a-strcmp.o)
 .bss           0x0000000000000000        0x0 /home/a-h/x-tools/arm-none-eabi-7.2/bin/../lib/gcc/arm-none-eabi/7.2.1/../../../../arm-none-eabi/lib/thumb/libc.a(lib_a-strcmp.o)
 .debug_frame   0x0000000000000000       0x40 /home/a-h/x-tools/arm-none-eabi-7.2/bin/../lib/gcc/arm-none-eabi/7.2.1/../../../../arm-none-eabi/lib/thumb/libc.a(lib_a-strcmp.o)
 .ARM.attributes
                0x0000000000000000       0x16 /home/a-h/x-tools/arm-none-eabi-7.2/bin/../lib/gcc/arm-none-eabi/7.2.1/../../../../arm-none-eabi/lib/thumb/libc.a(lib_a-strcmp.o)
 .text          0x0000000000000000        0x0 /home/a-h/x-tools/arm-none-eabi-7.2/bin/../lib/gcc/arm-none-eabi/7.2.1/../../../../arm-none-eabi/lib/thumb/libc.a(lib_a-wctomb_r.o)
 .data          0x0000000000000000        0x0 /home/a-h/x-tools/arm-none-eabi-7.2/bin/../lib/gcc/arm-none-eabi/7.2.1/../../../../arm-none-eabi/lib/thumb/libc.a(lib_a-wctomb_r.o)
 .bss           0x0000000000000000        0x0 /home/a-h/x-tools/arm-none-eabi-7.2/bin/../lib/gcc/arm-none-eabi/7.2.1/../../../../arm-none-eabi/lib/thumb/libc.a(lib_a-wctomb_r.o)
 .text._wctomb_r
                0x0000000000000000       0x28 /home/a-h/x-tools/arm-none-eabi-7.2/bin/../lib/gcc/arm-none-eabi/7.2.1/../../../../arm-none-eabi/lib/thumb/libc.a(lib_a-wctomb_r.o)
 .text          0x0000000000000000        0x0 /home/a-h/x-tools/arm-none-eabi-7.2/bin/../lib/gcc/arm-none-eabi/7.2.1/../../../../arm-none-eabi/lib/thumb/libc.a(lib_a-ctype_.o)
 .data          0x0000000000000000        0x0 /home/a-h/x-tools/arm-none-eabi-7.2/bin/../lib/gcc/arm-none-eabi/7.2.1/../../../../arm-none-eabi/lib/thumb/libc.a(lib_a-ctype_.o)
 .bss           0x0000000000000000        0x0 /home/a-h/x-tools/arm-none-eabi-7.2/bin/../lib/gcc/arm-none-eabi/7.2.1/../../../../arm-none-eabi/lib/thumb/libc.a(lib_a-ctype_.o)
 .data          0x0000000000000000        0x0 /home/a-h/x-tools/arm-none-eabi-7.2/bin/../lib/gcc/arm-none-eabi/7.2.1/thumb/libgcc.a(_udivsi3.o)
 .bss           0x0000000000000000        0x0 /home/a-h/x-tools/arm-none-eabi-7.2/bin/../lib/gcc/arm-none-eabi/7.2.1/thumb/libgcc.a(_udivsi3.o)
 .data          0x0000000000000000        0x0 /home/a-h/x-tools/arm-none-eabi-7.2/bin/../lib/gcc/arm-none-eabi/7.2.1/thumb/libgcc.a(_dvmd_tls.o)
 .bss           0x0000000000000000        0x0 /home/a-h/x-tools/arm-none-eabi-7.2/bin/../lib/gcc/arm-none-eabi/7.2.1/thumb/libgcc.a(_dvmd_tls.o)
 .data          0x0000000000000000        0x0 /home/a-h/x-tools/arm-none-eabi-7.2/bin/../lib/gcc/arm-none-eabi/7.2.1/thumb/libgcc.a(_arm_addsubdf3.o)
 .bss           0x0000000000000000        0x0 /home/a-h/x-tools/arm-none-eabi-7.2/bin/../lib/gcc/arm-none-eabi/7.2.1/thumb/libgcc.a(_arm_addsubdf3.o)
 .data          0x0000000000000000        0x0 /home/a-h/x-tools/arm-none-eabi-7.2/bin/../lib/gcc/arm-none-eabi/7.2.1/thumb/libgcc.a(_arm_muldivdf3.o)
 .bss           0x0000000000000000        0x0 /home/a-h/x-tools/arm-none-eabi-7.2/bin/../lib/gcc/arm-none-eabi/7.2.1/thumb/libgcc.a(_arm_muldivdf3.o)
 .data          0x0000000000000000        0x0 /home/a-h/x-tools/arm-none-eabi-7.2/bin/../lib/gcc/arm-none-eabi/7.2.1/thumb/libgcc.a(_arm_fixdfsi.o)
 .bss           0x0000000000000000        0x0 /home/a-h/x-tools/arm-none-eabi-7.2/bin/../lib/gcc/arm-none-eabi/7.2.1/thumb/libgcc.a(_arm_fixdfsi.o)
 .data          0x0000000000000000        0x0 /home/a-h/x-tools/arm-none-eabi-7.2/bin/../lib/gcc/arm-none-eabi/7.2.1/thumb/libgcc.a(_arm_truncdfsf2.o)
 .bss           0x0000000000000000        0x0 /home/a-h/x-tools/arm-none-eabi-7.2/bin/../lib/gcc/arm-none-eabi/7.2.1/thumb/libgcc.a(_arm_truncdfsf2.o)
 .data          0x0000000000000000        0x0 /home/a-h/x-tools/arm-none-eabi-7.2/bin/../lib/gcc/arm-none-eabi/7.2.1/thumb/libgcc.a(_arm_addsubsf3.o)
 .bss           0x0000000000000000        0x0 /home/a-h/x-tools/arm-none-eabi-7.2/bin/../lib/gcc/arm-none-eabi/7.2.1/thumb/libgcc.a(_arm_addsubsf3.o)
 .data          0x0000000000000000        0x0 /home/a-h/x-tools/arm-none-eabi-7.2/bin/../lib/gcc/arm-none-eabi/7.2.1/thumb/libgcc.a(_arm_muldivsf3.o)
 .bss           0x0000000000000000        0x0 /home/a-h/x-tools/arm-none-eabi-7.2/bin/../lib/gcc/arm-none-eabi/7.2.1/thumb/libgcc.a(_arm_muldivsf3.o)
 .data          0x0000000000000000        0x0 /home/a-h/x-tools/arm-none-eabi-7.2/bin/../lib/gcc/arm-none-eabi/7.2.1/thumb/libgcc.a(_arm_cmpsf2.o)
 .bss           0x0000000000000000        0x0 /home/a-h/x-tools/arm-none-eabi-7.2/bin/../lib/gcc/arm-none-eabi/7.2.1/thumb/libgcc.a(_arm_cmpsf2.o)
 .data          0x0000000000000000        0x0 /home/a-h/x-tools/arm-none-eabi-7.2/bin/../lib/gcc/arm-none-eabi/7.2.1/thumb/libgcc.a(_arm_fixsfsi.o)
 .bss           0x0000000000000000        0x0 /home/a-h/x-tools/arm-none-eabi-7.2/bin/../lib/gcc/arm-none-eabi/7.2.1/thumb/libgcc.a(_arm_fixsfsi.o)
 .data          0x0000000000000000        0x0 /home/a-h/x-tools/arm-none-eabi-7.2/bin/../lib/gcc/arm-none-eabi/7.2.1/thumb/libgcc.a(_aeabi_uldivmod.o)
 .bss           0x0000000000000000        0x0 /home/a-h/x-tools/arm-none-eabi-7.2/bin/../lib/gcc/arm-none-eabi/7.2.1/thumb/libgcc.a(_aeabi_uldivmod.o)
 .data          0x0000000000000000        0x0 /home/a-h/x-tools/arm-none-eabi-7.2/bin/../lib/gcc/arm-none-eabi/7.2.1/thumb/libgcc.a(_udivmoddi4.o)
 .bss           0x0000000000000000        0x0 /home/a-h/x-tools/arm-none-eabi-7.2/bin/../lib/gcc/arm-none-eabi/7.2.1/thumb/libgcc.a(_udivmoddi4.o)
 .ARM.extab     0x0000000000000000        0x0 /home/a-h/x-tools/arm-none-eabi-7.2/bin/../lib/gcc/arm-none-eabi/7.2.1/thumb/libgcc.a(_udivmoddi4.o)
 .data          0x0000000000000000        0x0 /home/a-h/x-tools/arm-none-eabi-7.2/bin/../lib/gcc/arm-none-eabi/7.2.1/thumb/libgcc.a(_clzdi2.o)
 .bss           0x0000000000000000        0x0 /home/a-h/x-tools/arm-none-eabi-7.2/bin/../lib/gcc/arm-none-eabi/7.2.1/thumb/libgcc.a(_clzdi2.o)
 .data          0x0000000000000000        0x0 /home/a-h/x-tools/arm-none-eabi-7.2/bin/../lib/gcc/arm-none-eabi/7.2.1/thumb/libgcc.a(_clzsi2.o)
 .bss           0x0000000000000000        0x0 /home/a-h/x-tools/arm-none-eabi-7.2/bin/../lib/gcc/arm-none-eabi/7.2.1/thumb/libgcc.a(_clzsi2.o)

Memory Configuration

Name             Origin             Length             Attributes
ROM              0x0000000000000000 0x000000000007e000
RAM              0x0000000040000000 0x000000000000ffe0
URAM             0x000000007fd00000 0x0000000000004000
ERAM             0x000000007fe00000 0x0000000000004000
BRAM             0x00000000e0084000 0x0000000000000800
*default*        0x0000000000000000 0xffffffffffffffff

Linker script and memory map

LOAD obj/asmfunc.o
LOAD obj/main.o
LOAD obj/interrupt.o
LOAD obj/uart23xx.o
LOAD obj/init_cpu.o
LOAD obj/usart_console.o
LOAD obj/spi.o
LOAD obj/adc_dac.o
LOAD obj/timers.o
LOAD /home/a-h/x-tools/arm-none-eabi-7.2/bin/../lib/gcc/arm-none-eabi/7.2.1/../../../../arm-none-eabi/lib/thumb/libc.a
LOAD /home/a-h/x-tools/arm-none-eabi-7.2/bin/../lib/gcc/arm-none-eabi/7.2.1/thumb/libgcc.a
LOAD /home/a-h/x-tools/arm-none-eabi-7.2/bin/../lib/gcc/arm-none-eabi/7.2.1/../../../../arm-none-eabi/lib/thumb/libm.a
START GROUP
LOAD /home/a-h/x-tools/arm-none-eabi-7.2/bin/../lib/gcc/arm-none-eabi/7.2.1/thumb/libgcc.a
LOAD /home/a-h/x-tools/arm-none-eabi-7.2/bin/../lib/gcc/arm-none-eabi/7.2.1/../../../../arm-none-eabi/lib/thumb/libg.a
LOAD /home/a-h/x-tools/arm-none-eabi-7.2/bin/../lib/gcc/arm-none-eabi/7.2.1/../../../../arm-none-eabi/lib/thumb/libc.a
END GROUP

.text           0x0000000000000000     0x311d
 *(.VECTOR)
 .VECTOR        0x0000000000000000       0x34 obj/asmfunc.o
                0x00000000000002fc                . = 0x2fc
 *fill*         0x0000000000000034      0x2c8 
 *(.CRP)
                0x0000000000000300                . = 0x300
 *fill*         0x00000000000002fc        0x4 
 *(.text .text.*)
 .text          0x0000000000000300      0x31c obj/asmfunc.o
                0x0000000000000500                Copy_un2al
                0x0000000000000570                Copy_al2un
 .text          0x000000000000061c      0x1a0 obj/main.o
                0x000000000000061c                gpio_init
                0x000000000000067c                led_set
                0x0000000000000690                led_clear
                0x00000000000006a4                gpio_set
                0x00000000000006dc                gpio_clear
                0x0000000000000714                pll_init
 .text.startup  0x00000000000007bc       0x24 obj/main.o
                0x00000000000007bc                main
 .text          0x00000000000007e0       0x1c obj/interrupt.o
                0x00000000000007e0                IrqDisable
                0x00000000000007e4                IrqEnable
                0x00000000000007e8                ClearVector
                0x00000000000007ec                RegisterIrq
                0x00000000000007f0                SelectFiq
                0x00000000000007f4                LoadFiqRegs
                0x00000000000007f8                StoreFiqRegs
 .text          0x00000000000007fc      0x178 obj/uart23xx.o
                0x00000000000007fc                Isr_UART0
                0x0000000000000868                uart0_test
                0x0000000000000874                uart0_getc
                0x00000000000008a8                uart0_putc
                0x00000000000008f8                uart0_init
 .text          0x0000000000000974      0x3b8 obj/usart_console.o
                0x0000000000000974                hex_to_int
                0x0000000000000994                hex_to_ascii
                0x00000000000009b6                UART0_send_byte
                0x00000000000009ec                UART0_send
                0x0000000000000a34                atof
                0x0000000000000b68                process_command
 .text          0x0000000000000d2c      0x20c obj/spi.o
                0x0000000000000d2c                SPI_ADC_data_transfers_16bit
                0x0000000000000d9c                SPI_ADC_data_transfers_8bit
                0x0000000000000e14                SPI_DAC_data_transfers_16bit
                0x0000000000000e80                SPI0_send_2_byte
                0x0000000000000e9e                SPI_DAC_data_transfers_8bit
                0x0000000000000f18                SPI0_send_1_byte
 .text          0x0000000000000f38      0x190 obj/adc_dac.o
                0x0000000000000f38                Delay
                0x0000000000000f3a                adc_init
                0x0000000000000fe8                dac_set_voltage
                0x0000000000001018                adc_read_current
                0x0000000000001070                adc_read_voltage
 .text          0x00000000000010c8      0x478 obj/timers.o
                0x00000000000010c8                read_volt
                0x000000000000110c                read_curr
                0x0000000000001150                timer0_set_freq
                0x0000000000001194                timer0_init
                0x00000000000011f8                timer0_start
                0x0000000000001218                timer0_stop
                0x0000000000001238                ftoa
                0x00000000000012f0                send_results
                0x0000000000001418                Isr_TIM0
 .text.atoi     0x0000000000001540       0x10 /home/a-h/x-tools/arm-none-eabi-7.2/bin/../lib/gcc/arm-none-eabi/7.2.1/../../../../arm-none-eabi/lib/thumb/libc.a(lib_a-atoi.o)
                0x0000000000001540                atoi
 .text.__itoa   0x0000000000001550       0x34 /home/a-h/x-tools/arm-none-eabi-7.2/bin/../lib/gcc/arm-none-eabi/7.2.1/../../../../arm-none-eabi/lib/thumb/libc.a(lib_a-itoa.o)
                0x0000000000001550                __itoa
 .text.itoa     0x0000000000001584        0xc /home/a-h/x-tools/arm-none-eabi-7.2/bin/../lib/gcc/arm-none-eabi/7.2.1/../../../../arm-none-eabi/lib/thumb/libc.a(lib_a-itoa.o)
                0x0000000000001584                itoa
 .text.memset   0x0000000000001590       0xa4 /home/a-h/x-tools/arm-none-eabi-7.2/bin/../lib/gcc/arm-none-eabi/7.2.1/../../../../arm-none-eabi/lib/thumb/libc.a(lib_a-memset.o)
                0x0000000000001590                memset
 .text.strcat   0x0000000000001634       0x54 /home/a-h/x-tools/arm-none-eabi-7.2/bin/../lib/gcc/arm-none-eabi/7.2.1/../../../../arm-none-eabi/lib/thumb/libc.a(lib_a-strcat.o)
                0x0000000000001634                strcat
 .text.strcpy   0x0000000000001688       0x10 /home/a-h/x-tools/arm-none-eabi-7.2/bin/../lib/gcc/arm-none-eabi/7.2.1/../../../../arm-none-eabi/lib/thumb/libc.a(lib_a-strcpy.o)
                0x0000000000001688                strcpy
 .text.strlen   0x0000000000001698       0x68 /home/a-h/x-tools/arm-none-eabi-7.2/bin/../lib/gcc/arm-none-eabi/7.2.1/../../../../arm-none-eabi/lib/thumb/libc.a(lib_a-strlen-stub.o)
                0x0000000000001698                strlen
 .text.strncmp  0x0000000000001700       0x94 /home/a-h/x-tools/arm-none-eabi-7.2/bin/../lib/gcc/arm-none-eabi/7.2.1/../../../../arm-none-eabi/lib/thumb/libc.a(lib_a-strncmp.o)
                0x0000000000001700                strncmp
 .text._strtol_l.isra.0
                0x0000000000001794      0x140 /home/a-h/x-tools/arm-none-eabi-7.2/bin/../lib/gcc/arm-none-eabi/7.2.1/../../../../arm-none-eabi/lib/thumb/libc.a(lib_a-strtol.o)
 .text.strtol   0x00000000000018d4       0x30 /home/a-h/x-tools/arm-none-eabi-7.2/bin/../lib/gcc/arm-none-eabi/7.2.1/../../../../arm-none-eabi/lib/thumb/libc.a(lib_a-strtol.o)
                0x00000000000018d4                strtol
 .text.__utoa   0x0000000000001904       0x74 /home/a-h/x-tools/arm-none-eabi-7.2/bin/../lib/gcc/arm-none-eabi/7.2.1/../../../../arm-none-eabi/lib/thumb/libc.a(lib_a-utoa.o)
                0x0000000000001904                __utoa
 .text.__locale_ctype_ptr_l
                0x0000000000001978        0x8 /home/a-h/x-tools/arm-none-eabi-7.2/bin/../lib/gcc/arm-none-eabi/7.2.1/../../../../arm-none-eabi/lib/thumb/libc.a(lib_a-locale.o)
                0x0000000000001978                __locale_ctype_ptr_l
 .text.__ascii_mbtowc
                0x0000000000001980       0x2c /home/a-h/x-tools/arm-none-eabi-7.2/bin/../lib/gcc/arm-none-eabi/7.2.1/../../../../arm-none-eabi/lib/thumb/libc.a(lib_a-mbtowc_r.o)
                0x0000000000001980                __ascii_mbtowc
 .text.__ascii_wctomb
                0x00000000000019ac       0x1c /home/a-h/x-tools/arm-none-eabi-7.2/bin/../lib/gcc/arm-none-eabi/7.2.1/../../../../arm-none-eabi/lib/thumb/libc.a(lib_a-wctomb_r.o)
                0x00000000000019ac                __ascii_wctomb
 .text          0x00000000000019c8      0x11c /home/a-h/x-tools/arm-none-eabi-7.2/bin/../lib/gcc/arm-none-eabi/7.2.1/thumb/libgcc.a(_udivsi3.o)
                0x00000000000019c8                __udivsi3
                0x00000000000019c8                __aeabi_uidiv
                0x0000000000001ac4                __aeabi_uidivmod
 .text          0x0000000000001ae4        0x4 /home/a-h/x-tools/arm-none-eabi-7.2/bin/../lib/gcc/arm-none-eabi/7.2.1/thumb/libgcc.a(_dvmd_tls.o)
                0x0000000000001ae4                __aeabi_ldiv0
                0x0000000000001ae4                __aeabi_idiv0
 .text          0x0000000000001ae8      0x424 /home/a-h/x-tools/arm-none-eabi-7.2/bin/../lib/gcc/arm-none-eabi/7.2.1/thumb/libgcc.a(_arm_addsubdf3.o)
                0x0000000000001ae8                __aeabi_drsub
                0x0000000000001af0                __aeabi_dsub
                0x0000000000001af0                __subdf3
                0x0000000000001af4                __adddf3
                0x0000000000001af4                __aeabi_dadd
                0x0000000000001e04                __aeabi_ui2d
                0x0000000000001e04                __floatunsidf
                0x0000000000001e28                __floatsidf
                0x0000000000001e28                __aeabi_i2d
                0x0000000000001e50                __extendsfdf2
                0x0000000000001e50                __aeabi_f2d
                0x0000000000001e98                __aeabi_ul2d
                0x0000000000001e98                __floatundidf
                0x0000000000001eac                __floatdidf
                0x0000000000001eac                __aeabi_l2d
 .text          0x0000000000001f0c      0x49c /home/a-h/x-tools/arm-none-eabi-7.2/bin/../lib/gcc/arm-none-eabi/7.2.1/thumb/libgcc.a(_arm_muldivdf3.o)
                0x0000000000001f0c                __aeabi_dmul
                0x0000000000001f0c                __muldf3
                0x000000000000219c                __aeabi_ddiv
                0x000000000000219c                __divdf3
 .text          0x00000000000023a8       0x5c /home/a-h/x-tools/arm-none-eabi-7.2/bin/../lib/gcc/arm-none-eabi/7.2.1/thumb/libgcc.a(_arm_fixdfsi.o)
                0x00000000000023a8                __fixdfsi
                0x00000000000023a8                __aeabi_d2iz
 .text          0x0000000000002404       0xa0 /home/a-h/x-tools/arm-none-eabi-7.2/bin/../lib/gcc/arm-none-eabi/7.2.1/thumb/libgcc.a(_arm_truncdfsf2.o)
                0x0000000000002404                __aeabi_d2f
                0x0000000000002404                __truncdfsf2
 .text          0x00000000000024a4      0x2ac /home/a-h/x-tools/arm-none-eabi-7.2/bin/../lib/gcc/arm-none-eabi/7.2.1/thumb/libgcc.a(_arm_addsubsf3.o)
                0x00000000000024a4                __aeabi_frsub
                0x00000000000024ac                __subsf3
                0x00000000000024ac                __aeabi_fsub
                0x00000000000024b0                __aeabi_fadd
                0x00000000000024b0                __addsf3
                0x000000000000266c                __aeabi_ui2f
                0x000000000000266c                __floatunsisf
                0x0000000000002674                __aeabi_i2f
                0x0000000000002674                __floatsisf
                0x0000000000002694                __floatundisf
                0x0000000000002694                __aeabi_ul2f
                0x00000000000026a4                __floatdisf
                0x00000000000026a4                __aeabi_l2f
 .text          0x0000000000002750      0x2f8 /home/a-h/x-tools/arm-none-eabi-7.2/bin/../lib/gcc/arm-none-eabi/7.2.1/thumb/libgcc.a(_arm_muldivsf3.o)
                0x0000000000002750                __mulsf3
                0x0000000000002750                __aeabi_fmul
                0x00000000000028e8                __divsf3
                0x00000000000028e8                __aeabi_fdiv
 .text          0x0000000000002a48      0x114 /home/a-h/x-tools/arm-none-eabi-7.2/bin/../lib/gcc/arm-none-eabi/7.2.1/thumb/libgcc.a(_arm_cmpsf2.o)
                0x0000000000002a48                __gtsf2
                0x0000000000002a48                __gesf2
                0x0000000000002a50                __lesf2
                0x0000000000002a50                __ltsf2
                0x0000000000002a58                __nesf2
                0x0000000000002a58                __eqsf2
                0x0000000000002a58                __cmpsf2
                0x0000000000002abc                __aeabi_cfrcmple
                0x0000000000002acc                __aeabi_cfcmple
                0x0000000000002acc                __aeabi_cfcmpeq
                0x0000000000002ae4                __aeabi_fcmpeq
                0x0000000000002afc                __aeabi_fcmplt
                0x0000000000002b14                __aeabi_fcmple
                0x0000000000002b2c                __aeabi_fcmpge
                0x0000000000002b44                __aeabi_fcmpgt
 .text          0x0000000000002b5c       0x5c /home/a-h/x-tools/arm-none-eabi-7.2/bin/../lib/gcc/arm-none-eabi/7.2.1/thumb/libgcc.a(_arm_fixsfsi.o)
                0x0000000000002b5c                __fixsfsi
                0x0000000000002b5c                __aeabi_f2iz
 .text          0x0000000000002bb8       0x3c /home/a-h/x-tools/arm-none-eabi-7.2/bin/../lib/gcc/arm-none-eabi/7.2.1/thumb/libgcc.a(_aeabi_uldivmod.o)
                0x0000000000002bb8                __aeabi_uldivmod
 .text          0x0000000000002bf4      0x188 /home/a-h/x-tools/arm-none-eabi-7.2/bin/../lib/gcc/arm-none-eabi/7.2.1/thumb/libgcc.a(_udivmoddi4.o)
                0x0000000000002bf4                __udivmoddi4
 .text          0x0000000000002d7c       0x28 /home/a-h/x-tools/arm-none-eabi-7.2/bin/../lib/gcc/arm-none-eabi/7.2.1/thumb/libgcc.a(_clzdi2.o)
                0x0000000000002d7c                __clzdi2
 .text          0x0000000000002da4       0x48 /home/a-h/x-tools/arm-none-eabi-7.2/bin/../lib/gcc/arm-none-eabi/7.2.1/thumb/libgcc.a(_clzsi2.o)
                0x0000000000002da4                __clzsi2
 *fill*         0x0000000000002dec        0x4 
 .text.__stub   0x0000000000002df0       0x9c linker stubs
 *(.gnu.linkonce.t.*)
 *(.glue_7)
 .glue_7        0x0000000000002e98        0x0 linker stubs
 *(.glue_7t)
 .glue_7t       0x0000000000002e98        0x0 linker stubs
 *(.gcc_except_table)
 *(.rodata)
 .rodata        0x0000000000002e98       0xd1 obj/usart_console.o
                0x0000000000002e98                help_msg
 *(.rodata*)
 .rodata.str1.1
                0x0000000000002f69       0x12 obj/main.o
 .rodata.str1.1
                0x0000000000002f7b       0x37 obj/usart_console.o
                                         0x3a (size before relaxing)
 .rodata.str1.1
                0x0000000000002fb2       0x32 obj/timers.o
                                         0x34 (size before relaxing)
 .rodata.__utoa.str1.4
                0x0000000000002fe4       0x25 /home/a-h/x-tools/arm-none-eabi-7.2/bin/../lib/gcc/arm-none-eabi/7.2.1/../../../../arm-none-eabi/lib/thumb/libc.a(lib_a-utoa.o)
 *fill*         0x0000000000003009        0x3 
 .rodata._setlocale_r.str1.4
                0x000000000000300c        0xa /home/a-h/x-tools/arm-none-eabi-7.2/bin/../lib/gcc/arm-none-eabi/7.2.1/../../../../arm-none-eabi/lib/thumb/libc.a(lib_a-locale.o)
                                          0xd (size before relaxing)
 *fill*         0x0000000000003016        0x2 
 .rodata.str1.4
                0x0000000000003018        0x4 /home/a-h/x-tools/arm-none-eabi-7.2/bin/../lib/gcc/arm-none-eabi/7.2.1/../../../../arm-none-eabi/lib/thumb/libc.a(lib_a-locale.o)
                                          0x2 (size before relaxing)
 .rodata._ctype_
                0x000000000000301c      0x101 /home/a-h/x-tools/arm-none-eabi-7.2/bin/../lib/gcc/arm-none-eabi/7.2.1/../../../../arm-none-eabi/lib/thumb/libc.a(lib_a-ctype_.o)
                0x000000000000301c                _ctype_
 *(.gnu.linkonce.r.*)

.vfp11_veneer   0x0000000000003120        0x0
 .vfp11_veneer  0x0000000000003120        0x0 linker stubs

.v4_bx          0x0000000000003120        0x0
 .v4_bx         0x0000000000003120        0x0 linker stubs

.iplt           0x0000000000003120        0x0
 .iplt          0x0000000000003120        0x0 obj/asmfunc.o

.ARM.excep      0x0000000000003120        0x8
 *(.ARM.exidx*)
 .ARM.exidx     0x0000000000003120        0x8 /home/a-h/x-tools/arm-none-eabi-7.2/bin/../lib/gcc/arm-none-eabi/7.2.1/thumb/libgcc.a(_udivmoddi4.o)
 *(.ARM.extab*)

.rel.dyn        0x0000000000003128        0x0
 .rel.iplt      0x0000000000003128        0x0 obj/asmfunc.o
                0x0000000000003128                . = ALIGN (0x4)
                0x0000000000003128                _etext = .
                0x0000000000003128                _sidata = .

.data           0x0000000040000000      0x59c load address 0x0000000000003128
                0x0000000040000000                . = ALIGN (0x4)
                0x0000000040000000                _sdata = .
 *(.data)
 .data          0x0000000040000000        0x2 obj/main.o
                0x0000000040000000                conv_number
                0x0000000040000001                channel
 *(.data.*)
 *fill*         0x0000000040000002        0x2 
 .data._impure_ptr
                0x0000000040000004        0x4 /home/a-h/x-tools/arm-none-eabi-7.2/bin/../lib/gcc/arm-none-eabi/7.2.1/../../../../arm-none-eabi/lib/thumb/libc.a(lib_a-impure.o)
                0x0000000040000004                _impure_ptr
 .data.impure_data
                0x0000000040000008      0x428 /home/a-h/x-tools/arm-none-eabi-7.2/bin/../lib/gcc/arm-none-eabi/7.2.1/../../../../arm-none-eabi/lib/thumb/libc.a(lib_a-impure.o)
 .data.__global_locale
                0x0000000040000430      0x16c /home/a-h/x-tools/arm-none-eabi-7.2/bin/../lib/gcc/arm-none-eabi/7.2.1/../../../../arm-none-eabi/lib/thumb/libc.a(lib_a-locale.o)
                0x0000000040000430                __global_locale
 *(.gnu.linkonce.d*)
                0x000000004000059c                . = ALIGN (0x4)
                0x000000004000059c                _edata = .

.igot.plt       0x000000004000059c        0x0 load address 0x00000000000036c4
 .igot.plt      0x000000004000059c        0x0 obj/asmfunc.o

.bss            0x00000000400005a0      0x158 load address 0x00000000000036c8
                0x00000000400005a0                . = ALIGN (0x4)
                0x00000000400005a0                _sbss = .
 *(.bss)
 .bss           0x00000000400005a0        0x2 obj/main.o
                0x00000000400005a0                getflag
                0x00000000400005a1                native
 .bss           0x00000000400005a2      0x110 obj/uart23xx.o
                0x00000000400005a2                rec_len
 *(.bss.*)
 *(.gnu.linkonce.b*)
 *(COMMON)
 *fill*         0x00000000400006b2        0x6 
 COMMON         0x00000000400006b8        0xc obj/main.o
                0x00000000400006b8                curr_big
                0x00000000400006c0                curr
                0x00000000400006c2                volts
 COMMON         0x00000000400006c4       0x32 obj/uart23xx.o
                0x00000000400006c4                resiever
                0x00000000400006f8                . = ALIGN (0x4)
 *fill*         0x00000000400006f6        0x2 
                0x00000000400006f8                _ebss = .

.stack          0x00000000400006f8      0xa10
                0x00000000400006f8                . = ALIGN (0x8)
 *(.stack)
 *(.STACK)
 .STACK         0x00000000400006f8      0xa10 obj/asmfunc.o
                0x0000000040001108                _estack = .
                0x0000000040001108                . = ALIGN (0x4)

.usbram         0x000000007fd00000        0x0
 *(.usbram)
                0x000000007fd00000                . = ALIGN (0x4)

.etherram       0x000000007fe00000        0x0
 *(.etherram)
                0x000000007fe00000                . = ALIGN (0x4)

.batteryram     0x00000000e0084000        0x0
 *(.batteryram)
                0x00000000e0084000                . = ALIGN (0x4)

.stab
 *(.stab)

.stabstr
 *(.stabstr)

.stab.excl
 *(.stab.excl)

.stab.exclstr
 *(.stab.exclstr)

.stab.index
 *(.stab.index)

.stab.indexstr
 *(.stab.indexstr)

.comment        0x0000000000000000       0xb6
 *(.comment)
 .comment       0x0000000000000000       0x7e obj/main.o
                                         0x7f (size before relaxing)
 .comment       0x000000000000007e       0x38 obj/interrupt.o
                                         0x39 (size before relaxing)
 .comment       0x00000000000000b6       0x7f obj/uart23xx.o
 .comment       0x00000000000000b6       0x7f obj/usart_console.o
 .comment       0x00000000000000b6       0x7f obj/spi.o
 .comment       0x00000000000000b6       0x7f obj/adc_dac.o
 .comment       0x00000000000000b6       0x7f obj/timers.o

.HEAP           0x0000000000000000        0x0
 .HEAP          0x0000000000000000        0x0 obj/asmfunc.o

.ARM.attributes
                0x0000000000000000       0x2e
 .ARM.attributes
                0x0000000000000000       0x22 obj/asmfunc.o
 .ARM.attributes
                0x0000000000000022       0x32 obj/main.o
 .ARM.attributes
                0x0000000000000054       0x32 obj/interrupt.o
 .ARM.attributes
                0x0000000000000086       0x32 obj/uart23xx.o
 .ARM.attributes
                0x00000000000000b8       0x32 obj/usart_console.o
 .ARM.attributes
                0x00000000000000ea       0x32 obj/spi.o
 .ARM.attributes
                0x000000000000011c       0x32 obj/adc_dac.o
 .ARM.attributes
                0x000000000000014e       0x32 obj/timers.o
 .ARM.attributes
                0x0000000000000180       0x30 /home/a-h/x-tools/arm-none-eabi-7.2/bin/../lib/gcc/arm-none-eabi/7.2.1/../../../../arm-none-eabi/lib/thumb/libc.a(lib_a-atoi.o)
 .ARM.attributes
                0x00000000000001b0       0x30 /home/a-h/x-tools/arm-none-eabi-7.2/bin/../lib/gcc/arm-none-eabi/7.2.1/../../../../arm-none-eabi/lib/thumb/libc.a(lib_a-itoa.o)
 .ARM.attributes
                0x00000000000001e0       0x30 /home/a-h/x-tools/arm-none-eabi-7.2/bin/../lib/gcc/arm-none-eabi/7.2.1/../../../../arm-none-eabi/lib/thumb/libc.a(lib_a-memset.o)
 .ARM.attributes
                0x0000000000000210       0x30 /home/a-h/x-tools/arm-none-eabi-7.2/bin/../lib/gcc/arm-none-eabi/7.2.1/../../../../arm-none-eabi/lib/thumb/libc.a(lib_a-strcat.o)
 .ARM.attributes
                0x0000000000000240       0x30 /home/a-h/x-tools/arm-none-eabi-7.2/bin/../lib/gcc/arm-none-eabi/7.2.1/../../../../arm-none-eabi/lib/thumb/libc.a(lib_a-strcpy.o)
 .ARM.attributes
                0x0000000000000270       0x30 /home/a-h/x-tools/arm-none-eabi-7.2/bin/../lib/gcc/arm-none-eabi/7.2.1/../../../../arm-none-eabi/lib/thumb/libc.a(lib_a-strlen-stub.o)
 .ARM.attributes
                0x00000000000002a0       0x30 /home/a-h/x-tools/arm-none-eabi-7.2/bin/../lib/gcc/arm-none-eabi/7.2.1/../../../../arm-none-eabi/lib/thumb/libc.a(lib_a-strncmp.o)
 .ARM.attributes
                0x00000000000002d0       0x30 /home/a-h/x-tools/arm-none-eabi-7.2/bin/../lib/gcc/arm-none-eabi/7.2.1/../../../../arm-none-eabi/lib/thumb/libc.a(lib_a-strtol.o)
 .ARM.attributes
                0x0000000000000300       0x30 /home/a-h/x-tools/arm-none-eabi-7.2/bin/../lib/gcc/arm-none-eabi/7.2.1/../../../../arm-none-eabi/lib/thumb/libc.a(lib_a-utoa.o)
 .ARM.attributes
                0x0000000000000330       0x30 /home/a-h/x-tools/arm-none-eabi-7.2/bin/../lib/gcc/arm-none-eabi/7.2.1/../../../../arm-none-eabi/lib/thumb/libc.a(lib_a-impure.o)
 .ARM.attributes
                0x0000000000000360       0x30 /home/a-h/x-tools/arm-none-eabi-7.2/bin/../lib/gcc/arm-none-eabi/7.2.1/../../../../arm-none-eabi/lib/thumb/libc.a(lib_a-locale.o)
 .ARM.attributes
                0x0000000000000390       0x30 /home/a-h/x-tools/arm-none-eabi-7.2/bin/../lib/gcc/arm-none-eabi/7.2.1/../../../../arm-none-eabi/lib/thumb/libc.a(lib_a-mbtowc_r.o)
 .ARM.attributes
                0x00000000000003c0       0x30 /home/a-h/x-tools/arm-none-eabi-7.2/bin/../lib/gcc/arm-none-eabi/7.2.1/../../../../arm-none-eabi/lib/thumb/libc.a(lib_a-wctomb_r.o)
 .ARM.attributes
                0x00000000000003f0       0x30 /home/a-h/x-tools/arm-none-eabi-7.2/bin/../lib/gcc/arm-none-eabi/7.2.1/../../../../arm-none-eabi/lib/thumb/libc.a(lib_a-ctype_.o)
 .ARM.attributes
                0x0000000000000420       0x18 /home/a-h/x-tools/arm-none-eabi-7.2/bin/../lib/gcc/arm-none-eabi/7.2.1/thumb/libgcc.a(_udivsi3.o)
 .ARM.attributes
                0x0000000000000438       0x16 /home/a-h/x-tools/arm-none-eabi-7.2/bin/../lib/gcc/arm-none-eabi/7.2.1/thumb/libgcc.a(_dvmd_tls.o)
 .ARM.attributes
                0x000000000000044e       0x18 /home/a-h/x-tools/arm-none-eabi-7.2/bin/../lib/gcc/arm-none-eabi/7.2.1/thumb/libgcc.a(_arm_addsubdf3.o)
 .ARM.attributes
                0x0000000000000466       0x18 /home/a-h/x-tools/arm-none-eabi-7.2/bin/../lib/gcc/arm-none-eabi/7.2.1/thumb/libgcc.a(_arm_muldivdf3.o)
 .ARM.attributes
                0x000000000000047e       0x18 /home/a-h/x-tools/arm-none-eabi-7.2/bin/../lib/gcc/arm-none-eabi/7.2.1/thumb/libgcc.a(_arm_fixdfsi.o)
 .ARM.attributes
                0x0000000000000496       0x18 /home/a-h/x-tools/arm-none-eabi-7.2/bin/../lib/gcc/arm-none-eabi/7.2.1/thumb/libgcc.a(_arm_truncdfsf2.o)
 .ARM.attributes
                0x00000000000004ae       0x18 /home/a-h/x-tools/arm-none-eabi-7.2/bin/../lib/gcc/arm-none-eabi/7.2.1/thumb/libgcc.a(_arm_addsubsf3.o)
 .ARM.attributes
                0x00000000000004c6       0x18 /home/a-h/x-tools/arm-none-eabi-7.2/bin/../lib/gcc/arm-none-eabi/7.2.1/thumb/libgcc.a(_arm_muldivsf3.o)
 .ARM.attributes
                0x00000000000004de       0x18 /home/a-h/x-tools/arm-none-eabi-7.2/bin/../lib/gcc/arm-none-eabi/7.2.1/thumb/libgcc.a(_arm_cmpsf2.o)
 .ARM.attributes
                0x00000000000004f6       0x18 /home/a-h/x-tools/arm-none-eabi-7.2/bin/../lib/gcc/arm-none-eabi/7.2.1/thumb/libgcc.a(_arm_fixsfsi.o)
 .ARM.attributes
                0x000000000000050e       0x18 /home/a-h/x-tools/arm-none-eabi-7.2/bin/../lib/gcc/arm-none-eabi/7.2.1/thumb/libgcc.a(_aeabi_uldivmod.o)
 .ARM.attributes
                0x0000000000000526       0x30 /home/a-h/x-tools/arm-none-eabi-7.2/bin/../lib/gcc/arm-none-eabi/7.2.1/thumb/libgcc.a(_udivmoddi4.o)
 .ARM.attributes
                0x0000000000000556       0x18 /home/a-h/x-tools/arm-none-eabi-7.2/bin/../lib/gcc/arm-none-eabi/7.2.1/thumb/libgcc.a(_clzdi2.o)
 .ARM.attributes
                0x000000000000056e       0x18 /home/a-h/x-tools/arm-none-eabi-7.2/bin/../lib/gcc/arm-none-eabi/7.2.1/thumb/libgcc.a(_clzsi2.o)

.debug
 *(.debug)

.line
 *(.line)

.debug_srcinfo
 *(.debug_srcinfo)

.debug_sfnames
 *(.debug_sfnames)

.debug_aranges  0x0000000000000000      0x110
 *(.debug_aranges)
 .debug_aranges
                0x0000000000000000       0x28 obj/asmfunc.o
 .debug_aranges
                0x0000000000000028       0x28 obj/main.o
 .debug_aranges
                0x0000000000000050       0x20 obj/interrupt.o
 .debug_aranges
                0x0000000000000070       0x20 obj/uart23xx.o
 .debug_aranges
                0x0000000000000090       0x20 obj/usart_console.o
 .debug_aranges
                0x00000000000000b0       0x20 obj/spi.o
 .debug_aranges
                0x00000000000000d0       0x20 obj/adc_dac.o
 .debug_aranges
                0x00000000000000f0       0x20 obj/timers.o

.debug_pubnames
 *(.debug_pubnames)

.debug_info     0x0000000000000000     0x41d3
 *(.debug_info .gnu.linkonce.wi.*)
 .debug_info    0x0000000000000000       0x52 obj/asmfunc.o
 .debug_info    0x0000000000000052      0xc4b obj/main.o
 .debug_info    0x0000000000000c9d      0x133 obj/interrupt.o
 .debug_info    0x0000000000000dd0      0xc0b obj/uart23xx.o
 .debug_info    0x00000000000019db     0x10ad obj/usart_console.o
 .debug_info    0x0000000000002a88      0x2ee obj/spi.o
 .debug_info    0x0000000000002d76      0x344 obj/adc_dac.o
 .debug_info    0x00000000000030ba     0x1119 obj/timers.o

.debug_abbrev   0x0000000000000000      0xcd6
 *(.debug_abbrev)
 .debug_abbrev  0x0000000000000000       0x12 obj/asmfunc.o
 .debug_abbrev  0x0000000000000012      0x261 obj/main.o
 .debug_abbrev  0x0000000000000273       0xa2 obj/interrupt.o
 .debug_abbrev  0x0000000000000315      0x254 obj/uart23xx.o
 .debug_abbrev  0x0000000000000569      0x2df obj/usart_console.o
 .debug_abbrev  0x0000000000000848       0xb2 obj/spi.o
 .debug_abbrev  0x00000000000008fa      0x106 obj/adc_dac.o
 .debug_abbrev  0x0000000000000a00      0x2d6 obj/timers.o

.debug_line     0x0000000000000000      0xd51
 *(.debug_line)
 .debug_line    0x0000000000000000      0x12b obj/asmfunc.o
 .debug_line    0x000000000000012b      0x218 obj/main.o
 .debug_line    0x0000000000000343       0x4f obj/interrupt.o
 .debug_line    0x0000000000000392      0x1de obj/uart23xx.o
 .debug_line    0x0000000000000570      0x29d obj/usart_console.o
 .debug_line    0x000000000000080d      0x171 obj/spi.o
 .debug_line    0x000000000000097e      0x118 obj/adc_dac.o
 .debug_line    0x0000000000000a96      0x2bb obj/timers.o

.debug_frame    0x0000000000000000      0xaec
 *(.debug_frame)
 .debug_frame   0x0000000000000000       0x94 obj/main.o
 .debug_frame   0x0000000000000094       0x80 obj/interrupt.o
 .debug_frame   0x0000000000000114       0x7c obj/uart23xx.o
 .debug_frame   0x0000000000000190       0xac obj/usart_console.o
 .debug_frame   0x000000000000023c       0xc0 obj/spi.o
 .debug_frame   0x00000000000002fc       0x8c obj/adc_dac.o
 .debug_frame   0x0000000000000388      0x108 obj/timers.o
 .debug_frame   0x0000000000000490       0x40 /home/a-h/x-tools/arm-none-eabi-7.2/bin/../lib/gcc/arm-none-eabi/7.2.1/../../../../arm-none-eabi/lib/thumb/libc.a(lib_a-atoi.o)
 .debug_frame   0x00000000000004d0       0x40 /home/a-h/x-tools/arm-none-eabi-7.2/bin/../lib/gcc/arm-none-eabi/7.2.1/../../../../arm-none-eabi/lib/thumb/libc.a(lib_a-itoa.o)
 .debug_frame   0x0000000000000510       0x30 /home/a-h/x-tools/arm-none-eabi-7.2/bin/../lib/gcc/arm-none-eabi/7.2.1/../../../../arm-none-eabi/lib/thumb/libc.a(lib_a-memset.o)
 .debug_frame   0x0000000000000540       0x2c /home/a-h/x-tools/arm-none-eabi-7.2/bin/../lib/gcc/arm-none-eabi/7.2.1/../../../../arm-none-eabi/lib/thumb/libc.a(lib_a-strcat.o)
 .debug_frame   0x000000000000056c       0x20 /home/a-h/x-tools/arm-none-eabi-7.2/bin/../lib/gcc/arm-none-eabi/7.2.1/../../../../arm-none-eabi/lib/thumb/libc.a(lib_a-strcpy.o)
 .debug_frame   0x000000000000058c       0x28 /home/a-h/x-tools/arm-none-eabi-7.2/bin/../lib/gcc/arm-none-eabi/7.2.1/../../../../arm-none-eabi/lib/thumb/libc.a(lib_a-strlen-stub.o)
 .debug_frame   0x00000000000005b4       0x2c /home/a-h/x-tools/arm-none-eabi-7.2/bin/../lib/gcc/arm-none-eabi/7.2.1/../../../../arm-none-eabi/lib/thumb/libc.a(lib_a-strncmp.o)
 .debug_frame   0x00000000000005e0       0x90 /home/a-h/x-tools/arm-none-eabi-7.2/bin/../lib/gcc/arm-none-eabi/7.2.1/../../../../arm-none-eabi/lib/thumb/libc.a(lib_a-strtol.o)
 .debug_frame   0x0000000000000670       0x50 /home/a-h/x-tools/arm-none-eabi-7.2/bin/../lib/gcc/arm-none-eabi/7.2.1/../../../../arm-none-eabi/lib/thumb/libc.a(lib_a-utoa.o)
 .debug_frame   0x00000000000006c0       0x74 /home/a-h/x-tools/arm-none-eabi-7.2/bin/../lib/gcc/arm-none-eabi/7.2.1/../../../../arm-none-eabi/lib/thumb/libc.a(lib_a-locale.o)
 .debug_frame   0x0000000000000734       0x40 /home/a-h/x-tools/arm-none-eabi-7.2/bin/../lib/gcc/arm-none-eabi/7.2.1/../../../../arm-none-eabi/lib/thumb/libc.a(lib_a-mbtowc_r.o)
 .debug_frame   0x0000000000000774       0x3c /home/a-h/x-tools/arm-none-eabi-7.2/bin/../lib/gcc/arm-none-eabi/7.2.1/../../../../arm-none-eabi/lib/thumb/libc.a(lib_a-wctomb_r.o)
 .debug_frame   0x00000000000007b0       0x20 /home/a-h/x-tools/arm-none-eabi-7.2/bin/../lib/gcc/arm-none-eabi/7.2.1/thumb/libgcc.a(_udivsi3.o)
 .debug_frame   0x00000000000007d0       0xac /home/a-h/x-tools/arm-none-eabi-7.2/bin/../lib/gcc/arm-none-eabi/7.2.1/thumb/libgcc.a(_arm_addsubdf3.o)
 .debug_frame   0x000000000000087c       0x50 /home/a-h/x-tools/arm-none-eabi-7.2/bin/../lib/gcc/arm-none-eabi/7.2.1/thumb/libgcc.a(_arm_muldivdf3.o)
 .debug_frame   0x00000000000008cc       0x24 /home/a-h/x-tools/arm-none-eabi-7.2/bin/../lib/gcc/arm-none-eabi/7.2.1/thumb/libgcc.a(_arm_fixdfsi.o)
 .debug_frame   0x00000000000008f0       0x24 /home/a-h/x-tools/arm-none-eabi-7.2/bin/../lib/gcc/arm-none-eabi/7.2.1/thumb/libgcc.a(_arm_truncdfsf2.o)
 .debug_frame   0x0000000000000914       0x4c /home/a-h/x-tools/arm-none-eabi-7.2/bin/../lib/gcc/arm-none-eabi/7.2.1/thumb/libgcc.a(_arm_addsubsf3.o)
 .debug_frame   0x0000000000000960       0x38 /home/a-h/x-tools/arm-none-eabi-7.2/bin/../lib/gcc/arm-none-eabi/7.2.1/thumb/libgcc.a(_arm_muldivsf3.o)
 .debug_frame   0x0000000000000998       0xc8 /home/a-h/x-tools/arm-none-eabi-7.2/bin/../lib/gcc/arm-none-eabi/7.2.1/thumb/libgcc.a(_arm_cmpsf2.o)
 .debug_frame   0x0000000000000a60       0x24 /home/a-h/x-tools/arm-none-eabi-7.2/bin/../lib/gcc/arm-none-eabi/7.2.1/thumb/libgcc.a(_arm_fixsfsi.o)
 .debug_frame   0x0000000000000a84       0x2c /home/a-h/x-tools/arm-none-eabi-7.2/bin/../lib/gcc/arm-none-eabi/7.2.1/thumb/libgcc.a(_aeabi_uldivmod.o)
 .debug_frame   0x0000000000000ab0       0x3c /home/a-h/x-tools/arm-none-eabi-7.2/bin/../lib/gcc/arm-none-eabi/7.2.1/thumb/libgcc.a(_udivmoddi4.o)

.debug_str      0x0000000000000000      0x9a7
 *(.debug_str)
 .debug_str     0x0000000000000000      0x5d8 obj/main.o
                                        0x65e (size before relaxing)
 .debug_str     0x00000000000005d8       0xd7 obj/interrupt.o
                                         0xf6 (size before relaxing)
 .debug_str     0x00000000000006af       0x6c obj/uart23xx.o
                                        0x606 (size before relaxing)
 .debug_str     0x000000000000071b       0xf4 obj/usart_console.o
                                        0x6e3 (size before relaxing)
 .debug_str     0x000000000000080f       0x94 obj/spi.o
                                        0x23e (size before relaxing)
 .debug_str     0x00000000000008a3       0x32 obj/adc_dac.o
                                        0x200 (size before relaxing)
 .debug_str     0x00000000000008d5       0xd2 obj/timers.o
                                        0x759 (size before relaxing)

.debug_loc      0x0000000000000000     0x105d
 *(.debug_loc)
 .debug_loc     0x0000000000000000       0xfc obj/main.o
 .debug_loc     0x00000000000000fc      0x114 obj/uart23xx.o
 .debug_loc     0x0000000000000210      0x5ec obj/usart_console.o
 .debug_loc     0x00000000000007fc      0x4b6 obj/spi.o
 .debug_loc     0x0000000000000cb2       0xdf obj/adc_dac.o
 .debug_loc     0x0000000000000d91      0x2cc obj/timers.o

.debug_macinfo
 *(.debug_macinfo)

.debug_weaknames
 *(.debug_weaknames)

.debug_funcnames
 *(.debug_funcnames)

.debug_typenames
 *(.debug_typenames)

.debug_varnames
 *(.debug_varnames)
OUTPUT(obj/zond_cvc.elf elf32-littlearm)

.debug_ranges   0x0000000000000000       0x98
 .debug_ranges  0x0000000000000000       0x20 obj/asmfunc.o
 .debug_ranges  0x0000000000000020       0x18 obj/main.o
 .debug_ranges  0x0000000000000038       0x48 obj/usart_console.o
 .debug_ranges  0x0000000000000080       0x18 obj/timers.o

Cross Reference Table

Symbol                                            File
ClearVector                                       obj/interrupt.o
                                                  obj/main.o
Copy_al2un                                        obj/asmfunc.o
Copy_un2al                                        obj/asmfunc.o
Delay                                             obj/adc_dac.o
Exit_Main                                         obj/init_cpu.o
Index                                             obj/usart_console.o
Init_CPU                                          obj/init_cpu.o
Init_Clocks                                       obj/init_cpu.o
Init_MAM                                          obj/init_cpu.o
Init_Modules                                      obj/init_cpu.o
Init_Pins                                         obj/init_cpu.o
Init_Wait                                         obj/init_cpu.o
IrqDisable                                        obj/interrupt.o
IrqEnable                                         obj/interrupt.o
                                                  obj/main.o
Isr_TIM0                                          obj/timers.o
Isr_UART0                                         obj/uart23xx.o
LoadFiqRegs                                       obj/interrupt.o
RegisterIrq                                       obj/interrupt.o
                                                  obj/timers.o
                                                  obj/uart23xx.o
RxCount                                           obj/usart_console.o
SPI0_send_1_byte                                  obj/spi.o
                                                  obj/timers.o
                                                  obj/adc_dac.o
SPI0_send_2_byte                                  obj/spi.o
                                                  obj/timers.o
                                                  obj/adc_dac.o
                                                  obj/usart_console.o
SPI_ADC_data_transfers_16bit                      obj/spi.o
SPI_ADC_data_transfers_8bit                       obj/spi.o
SPI_DAC_data_transfers_16bit                      obj/spi.o
SPI_DAC_data_transfers_8bit                       obj/spi.o
SelectFiq                                         obj/interrupt.o
StoreFiqRegs                                      obj/interrupt.o
UART0_send                                        obj/usart_console.o
                                                  obj/timers.o
                                                  obj/main.o
UART0_send_byte                                   obj/usart_console.o
_PathLocale                                       /home/a-h/x-tools/arm-none-eabi-7.2/bin/../lib/gcc/arm-none-eabi/7.2.1/../../../../arm-none-eabi/lib/thumb/libc.a(lib_a-locale.o)
__adddf3                                          /home/a-h/x-tools/arm-none-eabi-7.2/bin/../lib/gcc/arm-none-eabi/7.2.1/thumb/libgcc.a(_arm_addsubdf3.o)
__addsf3                                          /home/a-h/x-tools/arm-none-eabi-7.2/bin/../lib/gcc/arm-none-eabi/7.2.1/thumb/libgcc.a(_arm_addsubsf3.o)
__aeabi_cfcmpeq                                   /home/a-h/x-tools/arm-none-eabi-7.2/bin/../lib/gcc/arm-none-eabi/7.2.1/thumb/libgcc.a(_arm_cmpsf2.o)
__aeabi_cfcmple                                   /home/a-h/x-tools/arm-none-eabi-7.2/bin/../lib/gcc/arm-none-eabi/7.2.1/thumb/libgcc.a(_arm_cmpsf2.o)
__aeabi_cfrcmple                                  /home/a-h/x-tools/arm-none-eabi-7.2/bin/../lib/gcc/arm-none-eabi/7.2.1/thumb/libgcc.a(_arm_cmpsf2.o)
__aeabi_d2f                                       /home/a-h/x-tools/arm-none-eabi-7.2/bin/../lib/gcc/arm-none-eabi/7.2.1/thumb/libgcc.a(_arm_truncdfsf2.o)
                                                  obj/timers.o
__aeabi_d2iz                                      /home/a-h/x-tools/arm-none-eabi-7.2/bin/../lib/gcc/arm-none-eabi/7.2.1/thumb/libgcc.a(_arm_fixdfsi.o)
                                                  obj/usart_console.o
__aeabi_dadd                                      /home/a-h/x-tools/arm-none-eabi-7.2/bin/../lib/gcc/arm-none-eabi/7.2.1/thumb/libgcc.a(_arm_addsubdf3.o)
                                                  obj/usart_console.o
__aeabi_ddiv                                      /home/a-h/x-tools/arm-none-eabi-7.2/bin/../lib/gcc/arm-none-eabi/7.2.1/thumb/libgcc.a(_arm_muldivdf3.o)
                                                  obj/timers.o
                                                  obj/usart_console.o
__aeabi_dmul                                      /home/a-h/x-tools/arm-none-eabi-7.2/bin/../lib/gcc/arm-none-eabi/7.2.1/thumb/libgcc.a(_arm_muldivdf3.o)
                                                  obj/usart_console.o
__aeabi_drsub                                     /home/a-h/x-tools/arm-none-eabi-7.2/bin/../lib/gcc/arm-none-eabi/7.2.1/thumb/libgcc.a(_arm_addsubdf3.o)
__aeabi_dsub                                      /home/a-h/x-tools/arm-none-eabi-7.2/bin/../lib/gcc/arm-none-eabi/7.2.1/thumb/libgcc.a(_arm_addsubdf3.o)
__aeabi_f2d                                       /home/a-h/x-tools/arm-none-eabi-7.2/bin/../lib/gcc/arm-none-eabi/7.2.1/thumb/libgcc.a(_arm_addsubdf3.o)
__aeabi_f2iz                                      /home/a-h/x-tools/arm-none-eabi-7.2/bin/../lib/gcc/arm-none-eabi/7.2.1/thumb/libgcc.a(_arm_fixsfsi.o)
                                                  obj/timers.o
__aeabi_fadd                                      /home/a-h/x-tools/arm-none-eabi-7.2/bin/../lib/gcc/arm-none-eabi/7.2.1/thumb/libgcc.a(_arm_addsubsf3.o)
__aeabi_fcmpeq                                    /home/a-h/x-tools/arm-none-eabi-7.2/bin/../lib/gcc/arm-none-eabi/7.2.1/thumb/libgcc.a(_arm_cmpsf2.o)
__aeabi_fcmpge                                    /home/a-h/x-tools/arm-none-eabi-7.2/bin/../lib/gcc/arm-none-eabi/7.2.1/thumb/libgcc.a(_arm_cmpsf2.o)
__aeabi_fcmpgt                                    /home/a-h/x-tools/arm-none-eabi-7.2/bin/../lib/gcc/arm-none-eabi/7.2.1/thumb/libgcc.a(_arm_cmpsf2.o)
                                                  obj/timers.o
__aeabi_fcmple                                    /home/a-h/x-tools/arm-none-eabi-7.2/bin/../lib/gcc/arm-none-eabi/7.2.1/thumb/libgcc.a(_arm_cmpsf2.o)
__aeabi_fcmplt                                    /home/a-h/x-tools/arm-none-eabi-7.2/bin/../lib/gcc/arm-none-eabi/7.2.1/thumb/libgcc.a(_arm_cmpsf2.o)
                                                  obj/timers.o
__aeabi_fdiv                                      /home/a-h/x-tools/arm-none-eabi-7.2/bin/../lib/gcc/arm-none-eabi/7.2.1/thumb/libgcc.a(_arm_muldivsf3.o)
__aeabi_fmul                                      /home/a-h/x-tools/arm-none-eabi-7.2/bin/../lib/gcc/arm-none-eabi/7.2.1/thumb/libgcc.a(_arm_muldivsf3.o)
                                                  obj/timers.o
__aeabi_frsub                                     /home/a-h/x-tools/arm-none-eabi-7.2/bin/../lib/gcc/arm-none-eabi/7.2.1/thumb/libgcc.a(_arm_addsubsf3.o)
__aeabi_fsub                                      /home/a-h/x-tools/arm-none-eabi-7.2/bin/../lib/gcc/arm-none-eabi/7.2.1/thumb/libgcc.a(_arm_addsubsf3.o)
                                                  obj/timers.o
__aeabi_i2d                                       /home/a-h/x-tools/arm-none-eabi-7.2/bin/../lib/gcc/arm-none-eabi/7.2.1/thumb/libgcc.a(_arm_addsubdf3.o)
                                                  obj/timers.o
                                                  obj/usart_console.o
__aeabi_i2f                                       /home/a-h/x-tools/arm-none-eabi-7.2/bin/../lib/gcc/arm-none-eabi/7.2.1/thumb/libgcc.a(_arm_addsubsf3.o)
                                                  obj/timers.o
__aeabi_idiv0                                     /home/a-h/x-tools/arm-none-eabi-7.2/bin/../lib/gcc/arm-none-eabi/7.2.1/thumb/libgcc.a(_dvmd_tls.o)
                                                  /home/a-h/x-tools/arm-none-eabi-7.2/bin/../lib/gcc/arm-none-eabi/7.2.1/thumb/libgcc.a(_udivsi3.o)
__aeabi_l2d                                       /home/a-h/x-tools/arm-none-eabi-7.2/bin/../lib/gcc/arm-none-eabi/7.2.1/thumb/libgcc.a(_arm_addsubdf3.o)
__aeabi_l2f                                       /home/a-h/x-tools/arm-none-eabi-7.2/bin/../lib/gcc/arm-none-eabi/7.2.1/thumb/libgcc.a(_arm_addsubsf3.o)
__aeabi_ldiv0                                     /home/a-h/x-tools/arm-none-eabi-7.2/bin/../lib/gcc/arm-none-eabi/7.2.1/thumb/libgcc.a(_dvmd_tls.o)
                                                  /home/a-h/x-tools/arm-none-eabi-7.2/bin/../lib/gcc/arm-none-eabi/7.2.1/thumb/libgcc.a(_aeabi_uldivmod.o)
__aeabi_ui2d                                      /home/a-h/x-tools/arm-none-eabi-7.2/bin/../lib/gcc/arm-none-eabi/7.2.1/thumb/libgcc.a(_arm_addsubdf3.o)
__aeabi_ui2f                                      /home/a-h/x-tools/arm-none-eabi-7.2/bin/../lib/gcc/arm-none-eabi/7.2.1/thumb/libgcc.a(_arm_addsubsf3.o)
__aeabi_uidiv                                     /home/a-h/x-tools/arm-none-eabi-7.2/bin/../lib/gcc/arm-none-eabi/7.2.1/thumb/libgcc.a(_udivsi3.o)
__aeabi_uidivmod                                  /home/a-h/x-tools/arm-none-eabi-7.2/bin/../lib/gcc/arm-none-eabi/7.2.1/thumb/libgcc.a(_udivsi3.o)
                                                  /home/a-h/x-tools/arm-none-eabi-7.2/bin/../lib/gcc/arm-none-eabi/7.2.1/../../../../arm-none-eabi/lib/thumb/libc.a(lib_a-utoa.o)
                                                  /home/a-h/x-tools/arm-none-eabi-7.2/bin/../lib/gcc/arm-none-eabi/7.2.1/../../../../arm-none-eabi/lib/thumb/libc.a(lib_a-strtol.o)
__aeabi_ul2d                                      /home/a-h/x-tools/arm-none-eabi-7.2/bin/../lib/gcc/arm-none-eabi/7.2.1/thumb/libgcc.a(_arm_addsubdf3.o)
__aeabi_ul2f                                      /home/a-h/x-tools/arm-none-eabi-7.2/bin/../lib/gcc/arm-none-eabi/7.2.1/thumb/libgcc.a(_arm_addsubsf3.o)
__aeabi_uldivmod                                  /home/a-h/x-tools/arm-none-eabi-7.2/bin/../lib/gcc/arm-none-eabi/7.2.1/thumb/libgcc.a(_aeabi_uldivmod.o)
                                                  obj/timers.o
__ascii_mbtowc                                    /home/a-h/x-tools/arm-none-eabi-7.2/bin/../lib/gcc/arm-none-eabi/7.2.1/../../../../arm-none-eabi/lib/thumb/libc.a(lib_a-mbtowc_r.o)
                                                  /home/a-h/x-tools/arm-none-eabi-7.2/bin/../lib/gcc/arm-none-eabi/7.2.1/../../../../arm-none-eabi/lib/thumb/libc.a(lib_a-locale.o)
__ascii_wctomb                                    /home/a-h/x-tools/arm-none-eabi-7.2/bin/../lib/gcc/arm-none-eabi/7.2.1/../../../../arm-none-eabi/lib/thumb/libc.a(lib_a-wctomb_r.o)
                                                  /home/a-h/x-tools/arm-none-eabi-7.2/bin/../lib/gcc/arm-none-eabi/7.2.1/../../../../arm-none-eabi/lib/thumb/libc.a(lib_a-locale.o)
__clzdi2                                          /home/a-h/x-tools/arm-none-eabi-7.2/bin/../lib/gcc/arm-none-eabi/7.2.1/thumb/libgcc.a(_clzdi2.o)
                                                  /home/a-h/x-tools/arm-none-eabi-7.2/bin/../lib/gcc/arm-none-eabi/7.2.1/thumb/libgcc.a(_udivmoddi4.o)
__clzsi2                                          /home/a-h/x-tools/arm-none-eabi-7.2/bin/../lib/gcc/arm-none-eabi/7.2.1/thumb/libgcc.a(_clzsi2.o)
                                                  /home/a-h/x-tools/arm-none-eabi-7.2/bin/../lib/gcc/arm-none-eabi/7.2.1/thumb/libgcc.a(_clzdi2.o)
__cmpsf2                                          /home/a-h/x-tools/arm-none-eabi-7.2/bin/../lib/gcc/arm-none-eabi/7.2.1/thumb/libgcc.a(_arm_cmpsf2.o)
__divdf3                                          /home/a-h/x-tools/arm-none-eabi-7.2/bin/../lib/gcc/arm-none-eabi/7.2.1/thumb/libgcc.a(_arm_muldivdf3.o)
__divsf3                                          /home/a-h/x-tools/arm-none-eabi-7.2/bin/../lib/gcc/arm-none-eabi/7.2.1/thumb/libgcc.a(_arm_muldivsf3.o)
__eqsf2                                           /home/a-h/x-tools/arm-none-eabi-7.2/bin/../lib/gcc/arm-none-eabi/7.2.1/thumb/libgcc.a(_arm_cmpsf2.o)
__extendsfdf2                                     /home/a-h/x-tools/arm-none-eabi-7.2/bin/../lib/gcc/arm-none-eabi/7.2.1/thumb/libgcc.a(_arm_addsubdf3.o)
__fixdfsi                                         /home/a-h/x-tools/arm-none-eabi-7.2/bin/../lib/gcc/arm-none-eabi/7.2.1/thumb/libgcc.a(_arm_fixdfsi.o)
__fixsfsi                                         /home/a-h/x-tools/arm-none-eabi-7.2/bin/../lib/gcc/arm-none-eabi/7.2.1/thumb/libgcc.a(_arm_fixsfsi.o)
__floatdidf                                       /home/a-h/x-tools/arm-none-eabi-7.2/bin/../lib/gcc/arm-none-eabi/7.2.1/thumb/libgcc.a(_arm_addsubdf3.o)
__floatdisf                                       /home/a-h/x-tools/arm-none-eabi-7.2/bin/../lib/gcc/arm-none-eabi/7.2.1/thumb/libgcc.a(_arm_addsubsf3.o)
__floatsidf                                       /home/a-h/x-tools/arm-none-eabi-7.2/bin/../lib/gcc/arm-none-eabi/7.2.1/thumb/libgcc.a(_arm_addsubdf3.o)
__floatsisf                                       /home/a-h/x-tools/arm-none-eabi-7.2/bin/../lib/gcc/arm-none-eabi/7.2.1/thumb/libgcc.a(_arm_addsubsf3.o)
__floatundidf                                     /home/a-h/x-tools/arm-none-eabi-7.2/bin/../lib/gcc/arm-none-eabi/7.2.1/thumb/libgcc.a(_arm_addsubdf3.o)
__floatundisf                                     /home/a-h/x-tools/arm-none-eabi-7.2/bin/../lib/gcc/arm-none-eabi/7.2.1/thumb/libgcc.a(_arm_addsubsf3.o)
__floatunsidf                                     /home/a-h/x-tools/arm-none-eabi-7.2/bin/../lib/gcc/arm-none-eabi/7.2.1/thumb/libgcc.a(_arm_addsubdf3.o)
__floatunsisf                                     /home/a-h/x-tools/arm-none-eabi-7.2/bin/../lib/gcc/arm-none-eabi/7.2.1/thumb/libgcc.a(_arm_addsubsf3.o)
__gesf2                                           /home/a-h/x-tools/arm-none-eabi-7.2/bin/../lib/gcc/arm-none-eabi/7.2.1/thumb/libgcc.a(_arm_cmpsf2.o)
__global_locale                                   /home/a-h/x-tools/arm-none-eabi-7.2/bin/../lib/gcc/arm-none-eabi/7.2.1/../../../../arm-none-eabi/lib/thumb/libc.a(lib_a-locale.o)
                                                  /home/a-h/x-tools/arm-none-eabi-7.2/bin/../lib/gcc/arm-none-eabi/7.2.1/../../../../arm-none-eabi/lib/thumb/libc.a(lib_a-wctomb_r.o)
                                                  /home/a-h/x-tools/arm-none-eabi-7.2/bin/../lib/gcc/arm-none-eabi/7.2.1/../../../../arm-none-eabi/lib/thumb/libc.a(lib_a-mbtowc_r.o)
                                                  /home/a-h/x-tools/arm-none-eabi-7.2/bin/../lib/gcc/arm-none-eabi/7.2.1/../../../../arm-none-eabi/lib/thumb/libc.a(lib_a-strtol.o)
__gtsf2                                           /home/a-h/x-tools/arm-none-eabi-7.2/bin/../lib/gcc/arm-none-eabi/7.2.1/thumb/libgcc.a(_arm_cmpsf2.o)
__itoa                                            /home/a-h/x-tools/arm-none-eabi-7.2/bin/../lib/gcc/arm-none-eabi/7.2.1/../../../../arm-none-eabi/lib/thumb/libc.a(lib_a-itoa.o)
__lesf2                                           /home/a-h/x-tools/arm-none-eabi-7.2/bin/../lib/gcc/arm-none-eabi/7.2.1/thumb/libgcc.a(_arm_cmpsf2.o)
__locale_ctype_ptr                                /home/a-h/x-tools/arm-none-eabi-7.2/bin/../lib/gcc/arm-none-eabi/7.2.1/../../../../arm-none-eabi/lib/thumb/libc.a(lib_a-locale.o)
__locale_ctype_ptr_l                              /home/a-h/x-tools/arm-none-eabi-7.2/bin/../lib/gcc/arm-none-eabi/7.2.1/../../../../arm-none-eabi/lib/thumb/libc.a(lib_a-locale.o)
                                                  /home/a-h/x-tools/arm-none-eabi-7.2/bin/../lib/gcc/arm-none-eabi/7.2.1/../../../../arm-none-eabi/lib/thumb/libc.a(lib_a-strtol.o)
__locale_mb_cur_max                               /home/a-h/x-tools/arm-none-eabi-7.2/bin/../lib/gcc/arm-none-eabi/7.2.1/../../../../arm-none-eabi/lib/thumb/libc.a(lib_a-locale.o)
__ltsf2                                           /home/a-h/x-tools/arm-none-eabi-7.2/bin/../lib/gcc/arm-none-eabi/7.2.1/thumb/libgcc.a(_arm_cmpsf2.o)
__muldf3                                          /home/a-h/x-tools/arm-none-eabi-7.2/bin/../lib/gcc/arm-none-eabi/7.2.1/thumb/libgcc.a(_arm_muldivdf3.o)
__mulsf3                                          /home/a-h/x-tools/arm-none-eabi-7.2/bin/../lib/gcc/arm-none-eabi/7.2.1/thumb/libgcc.a(_arm_muldivsf3.o)
__nesf2                                           /home/a-h/x-tools/arm-none-eabi-7.2/bin/../lib/gcc/arm-none-eabi/7.2.1/thumb/libgcc.a(_arm_cmpsf2.o)
__subdf3                                          /home/a-h/x-tools/arm-none-eabi-7.2/bin/../lib/gcc/arm-none-eabi/7.2.1/thumb/libgcc.a(_arm_addsubdf3.o)
__subsf3                                          /home/a-h/x-tools/arm-none-eabi-7.2/bin/../lib/gcc/arm-none-eabi/7.2.1/thumb/libgcc.a(_arm_addsubsf3.o)
__truncdfsf2                                      /home/a-h/x-tools/arm-none-eabi-7.2/bin/../lib/gcc/arm-none-eabi/7.2.1/thumb/libgcc.a(_arm_truncdfsf2.o)
__udivmoddi4                                      /home/a-h/x-tools/arm-none-eabi-7.2/bin/../lib/gcc/arm-none-eabi/7.2.1/thumb/libgcc.a(_udivmoddi4.o)
                                                  /home/a-h/x-tools/arm-none-eabi-7.2/bin/../lib/gcc/arm-none-eabi/7.2.1/thumb/libgcc.a(_aeabi_uldivmod.o)
__udivsi3                                         /home/a-h/x-tools/arm-none-eabi-7.2/bin/../lib/gcc/arm-none-eabi/7.2.1/thumb/libgcc.a(_udivsi3.o)
__utoa                                            /home/a-h/x-tools/arm-none-eabi-7.2/bin/../lib/gcc/arm-none-eabi/7.2.1/../../../../arm-none-eabi/lib/thumb/libc.a(lib_a-utoa.o)
                                                  /home/a-h/x-tools/arm-none-eabi-7.2/bin/../lib/gcc/arm-none-eabi/7.2.1/../../../../arm-none-eabi/lib/thumb/libc.a(lib_a-itoa.o)
_atoi_r                                           /home/a-h/x-tools/arm-none-eabi-7.2/bin/../lib/gcc/arm-none-eabi/7.2.1/../../../../arm-none-eabi/lib/thumb/libc.a(lib_a-atoi.o)
_ctype_                                           /home/a-h/x-tools/arm-none-eabi-7.2/bin/../lib/gcc/arm-none-eabi/7.2.1/../../../../arm-none-eabi/lib/thumb/libc.a(lib_a-ctype_.o)
                                                  /home/a-h/x-tools/arm-none-eabi-7.2/bin/../lib/gcc/arm-none-eabi/7.2.1/../../../../arm-none-eabi/lib/thumb/libc.a(lib_a-locale.o)
_ebss                                             obj/asmfunc.o
_edata                                            obj/asmfunc.o
_global_impure_ptr                                /home/a-h/x-tools/arm-none-eabi-7.2/bin/../lib/gcc/arm-none-eabi/7.2.1/../../../../arm-none-eabi/lib/thumb/libc.a(lib_a-impure.o)
_impure_ptr                                       /home/a-h/x-tools/arm-none-eabi-7.2/bin/../lib/gcc/arm-none-eabi/7.2.1/../../../../arm-none-eabi/lib/thumb/libc.a(lib_a-impure.o)
                                                  /home/a-h/x-tools/arm-none-eabi-7.2/bin/../lib/gcc/arm-none-eabi/7.2.1/../../../../arm-none-eabi/lib/thumb/libc.a(lib_a-wctomb_r.o)
                                                  /home/a-h/x-tools/arm-none-eabi-7.2/bin/../lib/gcc/arm-none-eabi/7.2.1/../../../../arm-none-eabi/lib/thumb/libc.a(lib_a-mbtowc_r.o)
                                                  /home/a-h/x-tools/arm-none-eabi-7.2/bin/../lib/gcc/arm-none-eabi/7.2.1/../../../../arm-none-eabi/lib/thumb/libc.a(lib_a-locale.o)
                                                  /home/a-h/x-tools/arm-none-eabi-7.2/bin/../lib/gcc/arm-none-eabi/7.2.1/../../../../arm-none-eabi/lib/thumb/libc.a(lib_a-strtol.o)
_mbtowc_r                                         /home/a-h/x-tools/arm-none-eabi-7.2/bin/../lib/gcc/arm-none-eabi/7.2.1/../../../../arm-none-eabi/lib/thumb/libc.a(lib_a-mbtowc_r.o)
_sbss                                             obj/asmfunc.o
_sdata                                            obj/asmfunc.o
_setlocale_r                                      /home/a-h/x-tools/arm-none-eabi-7.2/bin/../lib/gcc/arm-none-eabi/7.2.1/../../../../arm-none-eabi/lib/thumb/libc.a(lib_a-locale.o)
_sidata                                           obj/asmfunc.o
_strtol_r                                         /home/a-h/x-tools/arm-none-eabi-7.2/bin/../lib/gcc/arm-none-eabi/7.2.1/../../../../arm-none-eabi/lib/thumb/libc.a(lib_a-strtol.o)
                                                  /home/a-h/x-tools/arm-none-eabi-7.2/bin/../lib/gcc/arm-none-eabi/7.2.1/../../../../arm-none-eabi/lib/thumb/libc.a(lib_a-atoi.o)
_wctomb_r                                         /home/a-h/x-tools/arm-none-eabi-7.2/bin/../lib/gcc/arm-none-eabi/7.2.1/../../../../arm-none-eabi/lib/thumb/libc.a(lib_a-wctomb_r.o)
adc_init                                          obj/adc_dac.o
                                                  obj/main.o
adc_read_current                                  obj/adc_dac.o
                                                  obj/timers.o
adc_read_voltage                                  obj/adc_dac.o
                                                  obj/timers.o
atof                                              obj/usart_console.o
atoi                                              /home/a-h/x-tools/arm-none-eabi-7.2/bin/../lib/gcc/arm-none-eabi/7.2.1/../../../../arm-none-eabi/lib/thumb/libc.a(lib_a-atoi.o)
                                                  obj/usart_console.o
channel                                           obj/main.o
                                                  obj/timers.o
conv_number                                       obj/main.o
                                                  obj/timers.o
curr                                              obj/main.o
                                                  obj/timers.o
curr_big                                          obj/main.o
                                                  obj/timers.o
dac_set_voltage                                   obj/adc_dac.o
                                                  obj/usart_console.o
ftoa                                              obj/timers.o
getflag                                           obj/main.o
                                                  obj/timers.o
                                                  obj/usart_console.o
gpio_clear                                        obj/main.o
                                                  obj/timers.o
                                                  obj/usart_console.o
gpio_init                                         obj/main.o
gpio_set                                          obj/main.o
                                                  obj/timers.o
                                                  obj/usart_console.o
help_msg                                          obj/usart_console.o
hex_to_ascii                                      obj/usart_console.o
hex_to_int                                        obj/usart_console.o
itoa                                              /home/a-h/x-tools/arm-none-eabi-7.2/bin/../lib/gcc/arm-none-eabi/7.2.1/../../../../arm-none-eabi/lib/thumb/libc.a(lib_a-itoa.o)
                                                  obj/timers.o
led_clear                                         obj/main.o
                                                  obj/timers.o
                                                  obj/usart_console.o
led_set                                           obj/main.o
                                                  obj/usart_console.o
main                                              obj/main.o
                                                  obj/asmfunc.o
memset                                            /home/a-h/x-tools/arm-none-eabi-7.2/bin/../lib/gcc/arm-none-eabi/7.2.1/../../../../arm-none-eabi/lib/thumb/libc.a(lib_a-memset.o)
                                                  obj/timers.o
native                                            obj/main.o
                                                  obj/timers.o
                                                  obj/usart_console.o
pll_init                                          obj/main.o
process_command                                   obj/usart_console.o
                                                  obj/uart23xx.o
read_curr                                         obj/timers.o
read_volt                                         obj/timers.o
rec_len                                           obj/uart23xx.o
resiever                                          obj/uart23xx.o
send_results                                      obj/timers.o
setlocale                                         /home/a-h/x-tools/arm-none-eabi-7.2/bin/../lib/gcc/arm-none-eabi/7.2.1/../../../../arm-none-eabi/lib/thumb/libc.a(lib_a-locale.o)
strcat                                            /home/a-h/x-tools/arm-none-eabi-7.2/bin/../lib/gcc/arm-none-eabi/7.2.1/../../../../arm-none-eabi/lib/thumb/libc.a(lib_a-strcat.o)
                                                  obj/timers.o
strcmp                                            /home/a-h/x-tools/arm-none-eabi-7.2/bin/../lib/gcc/arm-none-eabi/7.2.1/../../../../arm-none-eabi/lib/thumb/libc.a(lib_a-strcmp.o)
                                                  /home/a-h/x-tools/arm-none-eabi-7.2/bin/../lib/gcc/arm-none-eabi/7.2.1/../../../../arm-none-eabi/lib/thumb/libc.a(lib_a-locale.o)
strcpy                                            /home/a-h/x-tools/arm-none-eabi-7.2/bin/../lib/gcc/arm-none-eabi/7.2.1/../../../../arm-none-eabi/lib/thumb/libc.a(lib_a-strcpy.o)
                                                  /home/a-h/x-tools/arm-none-eabi-7.2/bin/../lib/gcc/arm-none-eabi/7.2.1/../../../../arm-none-eabi/lib/thumb/libc.a(lib_a-strcat.o)
strlen                                            /home/a-h/x-tools/arm-none-eabi-7.2/bin/../lib/gcc/arm-none-eabi/7.2.1/../../../../arm-none-eabi/lib/thumb/libc.a(lib_a-strlen-stub.o)
                                                  obj/timers.o
strncmp                                           /home/a-h/x-tools/arm-none-eabi-7.2/bin/../lib/gcc/arm-none-eabi/7.2.1/../../../../arm-none-eabi/lib/thumb/libc.a(lib_a-strncmp.o)
                                                  obj/usart_console.o
strtol                                            /home/a-h/x-tools/arm-none-eabi-7.2/bin/../lib/gcc/arm-none-eabi/7.2.1/../../../../arm-none-eabi/lib/thumb/libc.a(lib_a-strtol.o)
                                                  /home/a-h/x-tools/arm-none-eabi-7.2/bin/../lib/gcc/arm-none-eabi/7.2.1/../../../../arm-none-eabi/lib/thumb/libc.a(lib_a-atoi.o)
strtol_l                                          /home/a-h/x-tools/arm-none-eabi-7.2/bin/../lib/gcc/arm-none-eabi/7.2.1/../../../../arm-none-eabi/lib/thumb/libc.a(lib_a-strtol.o)
timer0_init                                       obj/timers.o
                                                  obj/main.o
timer0_set_freq                                   obj/timers.o
                                                  obj/usart_console.o
timer0_start                                      obj/timers.o
                                                  obj/usart_console.o
timer0_stop                                       obj/timers.o
                                                  obj/usart_console.o
uart0_getc                                        obj/uart23xx.o
uart0_init                                        obj/uart23xx.o
                                                  obj/main.o
uart0_putc                                        obj/uart23xx.o
uart0_test                                        obj/uart23xx.o
utoa                                              /home/a-h/x-tools/arm-none-eabi-7.2/bin/../lib/gcc/arm-none-eabi/7.2.1/../../../../arm-none-eabi/lib/thumb/libc.a(lib_a-utoa.o)
volts                                             obj/main.o
                                                  obj/timers.o
