Archive member included to satisfy reference by file (symbol)

/usr/lib/gcc/arm-none-eabi/4.9.3/../../../arm-none-eabi/lib/thumb/libc.a(lib_a-strncmp.o)
                              obj/usart_console.o (strncmp)

Allocating common symbols
Common symbol       size              file

Index               0x1               obj/usart_console.o
RxCount             0x1               obj/usart_console.o
resiever            0x32              obj/uart23xx.o

Discarded input sections

 .data          0x0000000000000000        0x0 obj/asmfunc.o
 .bss           0x0000000000000000        0x0 obj/asmfunc.o
 .data          0x0000000000000000        0x0 obj/main.o
 .bss           0x0000000000000000        0x0 obj/main.o
 .data          0x0000000000000000        0x0 obj/interrupt.o
 .bss           0x0000000000000000        0x0 obj/interrupt.o
 .data          0x0000000000000000        0x0 obj/uart23xx.o
 .text          0x0000000000000000       0xcc obj/init_cpu.o
 .data          0x0000000000000000        0x0 obj/init_cpu.o
 .bss           0x0000000000000000        0x0 obj/init_cpu.o
 .debug_info    0x0000000000000000       0xba obj/init_cpu.o
 .debug_abbrev  0x0000000000000000       0x44 obj/init_cpu.o
 .debug_loc     0x0000000000000000       0x20 obj/init_cpu.o
 .debug_aranges
                0x0000000000000000       0x20 obj/init_cpu.o
 .debug_line    0x0000000000000000       0x89 obj/init_cpu.o
 .debug_str     0x0000000000000000       0xe0 obj/init_cpu.o
 .comment       0x0000000000000000       0x39 obj/init_cpu.o
 .debug_frame   0x0000000000000000       0x8c obj/init_cpu.o
 .ARM.attributes
                0x0000000000000000       0x32 obj/init_cpu.o
 .data          0x0000000000000000        0x0 obj/usart_console.o
 .bss           0x0000000000000000        0x0 obj/usart_console.o
 COMMON         0x0000000000000000        0x2 obj/usart_console.o
 .data          0x0000000000000000        0x0 obj/spi.o
 .bss           0x0000000000000000        0x0 obj/spi.o
 .data          0x0000000000000000        0x0 obj/adc_dac.o
 .bss           0x0000000000000000        0x0 obj/adc_dac.o
 .data          0x0000000000000000        0x0 obj/timers.o
 .bss           0x0000000000000000        0x0 obj/timers.o
 .text          0x0000000000000000        0x0 /usr/lib/gcc/arm-none-eabi/4.9.3/../../../arm-none-eabi/lib/thumb/libc.a(lib_a-strncmp.o)
 .data          0x0000000000000000        0x0 /usr/lib/gcc/arm-none-eabi/4.9.3/../../../arm-none-eabi/lib/thumb/libc.a(lib_a-strncmp.o)
 .bss           0x0000000000000000        0x0 /usr/lib/gcc/arm-none-eabi/4.9.3/../../../arm-none-eabi/lib/thumb/libc.a(lib_a-strncmp.o)

Memory Configuration

Name             Origin             Length             Attributes
ROM              0x0000000000000000 0x000000000007e000
RAM              0x0000000040000000 0x000000000000ffe0
URAM             0x000000007fd00000 0x0000000000004000
ERAM             0x000000007fe00000 0x0000000000004000
BRAM             0x00000000e0084000 0x0000000000000800
*default*        0x0000000000000000 0xffffffffffffffff

Linker script and memory map

LOAD obj/asmfunc.o
LOAD obj/main.o
LOAD obj/interrupt.o
LOAD obj/uart23xx.o
LOAD obj/init_cpu.o
LOAD obj/usart_console.o
LOAD obj/spi.o
LOAD obj/adc_dac.o
LOAD obj/timers.o
LOAD /usr/lib/gcc/arm-none-eabi/4.9.3/../../../arm-none-eabi/lib/thumb/libc.a
LOAD /usr/lib/gcc/arm-none-eabi/4.9.3/thumb/libgcc.a
LOAD /usr/lib/gcc/arm-none-eabi/4.9.3/../../../arm-none-eabi/lib/thumb/libm.a
START GROUP
LOAD /usr/lib/gcc/arm-none-eabi/4.9.3/thumb/libgcc.a
LOAD /usr/lib/gcc/arm-none-eabi/4.9.3/../../../arm-none-eabi/lib/thumb/libg.a
LOAD /usr/lib/gcc/arm-none-eabi/4.9.3/../../../arm-none-eabi/lib/thumb/libc.a
END GROUP

.text           0x0000000000000000     0x11c0
 *(.VECTOR)
 .VECTOR        0x0000000000000000       0x34 obj/asmfunc.o
                0x00000000000002fc                . = 0x2fc
 *fill*         0x0000000000000034      0x2c8 
 *(.CRP)
                0x0000000000000300                . = 0x300
 *fill*         0x00000000000002fc        0x4 
 *(.text .text.*)
 .text          0x0000000000000300      0x31c obj/asmfunc.o
                0x0000000000000500                Copy_un2al
                0x0000000000000570                Copy_al2un
 .text          0x000000000000061c      0x1a0 obj/main.o
                0x000000000000061c                gpio_init
                0x000000000000066c                led_set
                0x0000000000000680                led_clear
                0x0000000000000694                gpio_set
                0x00000000000006d8                gpio_clear
                0x000000000000071c                IoInit
 .text.startup  0x00000000000007bc       0x7c obj/main.o
                0x00000000000007bc                main
 .text          0x0000000000000838       0x1c obj/interrupt.o
                0x0000000000000838                IrqDisable
                0x000000000000083c                IrqEnable
                0x0000000000000840                ClearVector
                0x0000000000000844                RegisterIrq
                0x0000000000000848                SelectFiq
                0x000000000000084c                LoadFiqRegs
                0x0000000000000850                StoreFiqRegs
 .text          0x0000000000000854      0x178 obj/uart23xx.o
                0x0000000000000854                Isr_UART0
                0x00000000000008bc                uart0_test
                0x00000000000008c8                uart0_getc
                0x0000000000000900                uart0_putc
                0x0000000000000950                uart0_init
 .text          0x00000000000009cc      0x150 obj/usart_console.o
                0x00000000000009cc                hex_to_int
                0x00000000000009ea                hex_to_ascii
                0x0000000000000a0c                UART0_send_byte
                0x0000000000000a38                UART0_send
                0x0000000000000a7c                process_command
 .text          0x0000000000000b1c      0x31c obj/spi.o
                0x0000000000000b1c                SPI0_init
                0x0000000000000b68                SPI_ADC_data_transfers_16bit
                0x0000000000000bc8                SPI_ADC_data_transfers_8bit
                0x0000000000000c28                spi_readStatus
                0x0000000000000c5c                SPI0_send_1_byte
                0x0000000000000cb0                SPI0_send_2_byte
                0x0000000000000d38                SPI0_read_1_byte
                0x0000000000000d9c                SPI0_read_2_byte
 .text          0x0000000000000e38       0xd4 obj/adc_dac.o
                0x0000000000000e38                Delay
                0x0000000000000e3a                adc_init
                0x0000000000000eb0                dac_set_voltage
                0x0000000000000ebe                adc_read_current
                0x0000000000000ee4                adc_read_voltage
 .text          0x0000000000000f0c      0x108 obj/timers.o
                0x0000000000000f0c                Isr_TIM0
                0x0000000000000f70                timer0_init
                0x0000000000000fd4                timer0_start
                0x0000000000000ff4                timer0_stop
 .text.strncmp  0x0000000000001014       0x98 /usr/lib/gcc/arm-none-eabi/4.9.3/../../../arm-none-eabi/lib/thumb/libc.a(lib_a-strncmp.o)
                0x0000000000001014                strncmp
 *(.gnu.linkonce.t.*)
 *(.glue_7)
 .glue_7        0x00000000000010ac        0x0 linker stubs
 *(.glue_7t)
 .glue_7t       0x00000000000010ac        0x0 linker stubs
 *(.gcc_except_table)
 *(.rodata)
 .rodata        0x00000000000010ac       0x87 obj/usart_console.o
                0x00000000000010ac                help_msg
 *(.rodata*)
 .rodata.str1.1
                0x0000000000001133       0x31 obj/main.o
 .rodata.str1.1
                0x0000000000001164       0x28 obj/usart_console.o
 .rodata.str1.1
                0x000000000000118c        0xa obj/spi.o
 .rodata.str1.1
                0x000000000000118c       0x17 obj/adc_dac.o
 .rodata.str1.1
                0x00000000000011a3       0x1d obj/timers.o
 *(.gnu.linkonce.r.*)

.vfp11_veneer   0x00000000000011c0        0x0
 .vfp11_veneer  0x00000000000011c0        0x0 linker stubs

.v4_bx          0x00000000000011c0        0x0
 .v4_bx         0x00000000000011c0        0x0 linker stubs

.iplt           0x00000000000011c0        0x0
 .iplt          0x00000000000011c0        0x0 obj/asmfunc.o

.rel.dyn        0x00000000000011c0        0x0
 .rel.iplt      0x00000000000011c0        0x0 obj/asmfunc.o

.ARM.excep
 *(.ARM.exidx*)
 *(.ARM.extab*)
                0x00000000000011c0                . = ALIGN (0x4)
                0x00000000000011c0                _etext = .
                0x00000000000011c0                _sidata = .

.data           0x0000000040000000        0x0 load address 0x00000000000011c0
                0x0000000040000000                . = ALIGN (0x4)
                0x0000000040000000                _sdata = .
 *(.data)
 *(.data.*)
 *(.gnu.linkonce.d*)
                0x0000000040000000                . = ALIGN (0x4)
                0x0000000040000000                _edata = .

.igot.plt       0x0000000040000000        0x0
 .igot.plt      0x0000000040000000        0x0 obj/asmfunc.o

.bss            0x0000000040000000      0x144
                0x0000000040000000                . = ALIGN (0x4)
                0x0000000040000000                _sbss = .
 *(.bss)
 .bss           0x0000000040000000      0x110 obj/uart23xx.o
                0x0000000040000000                rec_len
 *(.bss.*)
 *(.gnu.linkonce.b*)
 *(COMMON)
 COMMON         0x0000000040000110       0x32 obj/uart23xx.o
                0x0000000040000110                resiever
                0x0000000040000144                . = ALIGN (0x4)
 *fill*         0x0000000040000142        0x2 
                0x0000000040000144                _ebss = .

.stack          0x0000000040000144      0xa14
                0x0000000040000148                . = ALIGN (0x8)
 *fill*         0x0000000040000144        0x4 
 *(.stack)
 *(.STACK)
 .STACK         0x0000000040000148      0xa10 obj/asmfunc.o
                0x0000000040000b58                _estack = .
                0x0000000040000b58                . = ALIGN (0x4)

.usbram         0x000000007fd00000        0x0
 *(.usbram)
                0x000000007fd00000                . = ALIGN (0x4)

.etherram       0x000000007fe00000        0x0
 *(.etherram)
                0x000000007fe00000                . = ALIGN (0x4)

.batteryram     0x00000000e0084000        0x0
 *(.batteryram)
                0x00000000e0084000                . = ALIGN (0x4)

.stab
 *(.stab)

.stabstr
 *(.stabstr)

.stab.excl
 *(.stab.excl)

.stab.exclstr
 *(.stab.exclstr)

.stab.index
 *(.stab.index)

.stab.indexstr
 *(.stab.indexstr)

.comment        0x0000000000000000       0x70
 *(.comment)
 .comment       0x0000000000000000       0x38 obj/main.o
                                         0x39 (size before relaxing)
 .comment       0x0000000000000038       0x39 obj/interrupt.o
 .comment       0x0000000000000038       0x39 obj/uart23xx.o
 .comment       0x0000000000000038       0x39 obj/usart_console.o
 .comment       0x0000000000000038       0x39 obj/spi.o
 .comment       0x0000000000000038       0x39 obj/adc_dac.o
 .comment       0x0000000000000038       0x39 obj/timers.o
 .comment       0x0000000000000038       0x38 /usr/lib/gcc/arm-none-eabi/4.9.3/../../../arm-none-eabi/lib/thumb/libc.a(lib_a-strncmp.o)
                                         0x39 (size before relaxing)

.HEAP           0x0000000000000000        0x0
 .HEAP          0x0000000000000000        0x0 obj/asmfunc.o

.ARM.attributes
                0x0000000000000000       0x2e
 .ARM.attributes
                0x0000000000000000       0x22 obj/asmfunc.o
 .ARM.attributes
                0x0000000000000022       0x32 obj/main.o
 .ARM.attributes
                0x0000000000000054       0x32 obj/interrupt.o
 .ARM.attributes
                0x0000000000000086       0x32 obj/uart23xx.o
 .ARM.attributes
                0x00000000000000b8       0x32 obj/usart_console.o
 .ARM.attributes
                0x00000000000000ea       0x32 obj/spi.o
 .ARM.attributes
                0x000000000000011c       0x32 obj/adc_dac.o
 .ARM.attributes
                0x000000000000014e       0x32 obj/timers.o
 .ARM.attributes
                0x0000000000000180       0x30 /usr/lib/gcc/arm-none-eabi/4.9.3/../../../arm-none-eabi/lib/thumb/libc.a(lib_a-strncmp.o)

.debug
 *(.debug)

.line
 *(.line)

.debug_srcinfo
 *(.debug_srcinfo)

.debug_sfnames
 *(.debug_sfnames)

.debug_aranges  0x0000000000000000      0x130
 *(.debug_aranges)
 .debug_aranges
                0x0000000000000000       0x28 obj/asmfunc.o
 .debug_aranges
                0x0000000000000028       0x28 obj/main.o
 .debug_aranges
                0x0000000000000050       0x20 obj/interrupt.o
 .debug_aranges
                0x0000000000000070       0x20 obj/uart23xx.o
 .debug_aranges
                0x0000000000000090       0x20 obj/usart_console.o
 .debug_aranges
                0x00000000000000b0       0x20 obj/spi.o
 .debug_aranges
                0x00000000000000d0       0x20 obj/adc_dac.o
 .debug_aranges
                0x00000000000000f0       0x20 obj/timers.o
 .debug_aranges
                0x0000000000000110       0x20 /usr/lib/gcc/arm-none-eabi/4.9.3/../../../arm-none-eabi/lib/thumb/libc.a(lib_a-strncmp.o)

.debug_pubnames
 *(.debug_pubnames)

.debug_info     0x0000000000000000     0x17bb
 *(.debug_info .gnu.linkonce.wi.*)
 .debug_info    0x0000000000000000       0x52 obj/asmfunc.o
 .debug_info    0x0000000000000052      0x31f obj/main.o
 .debug_info    0x0000000000000371      0x133 obj/interrupt.o
 .debug_info    0x00000000000004a4      0x301 obj/uart23xx.o
 .debug_info    0x00000000000007a5      0x505 obj/usart_console.o
 .debug_info    0x0000000000000caa      0x38a obj/spi.o
 .debug_info    0x0000000000001034      0x3b9 obj/adc_dac.o
 .debug_info    0x00000000000013ed      0x2d9 obj/timers.o
 .debug_info    0x00000000000016c6       0xf5 /usr/lib/gcc/arm-none-eabi/4.9.3/../../../arm-none-eabi/lib/thumb/libc.a(lib_a-strncmp.o)

.debug_abbrev   0x0000000000000000      0x8fe
 *(.debug_abbrev)
 .debug_abbrev  0x0000000000000000       0x12 obj/asmfunc.o
 .debug_abbrev  0x0000000000000012      0x144 obj/main.o
 .debug_abbrev  0x0000000000000156       0xa2 obj/interrupt.o
 .debug_abbrev  0x00000000000001f8      0x177 obj/uart23xx.o
 .debug_abbrev  0x000000000000036f      0x1ab obj/usart_console.o
 .debug_abbrev  0x000000000000051a      0x115 obj/spi.o
 .debug_abbrev  0x000000000000062f      0x171 obj/adc_dac.o
 .debug_abbrev  0x00000000000007a0       0xdd obj/timers.o
 .debug_abbrev  0x000000000000087d       0x81 /usr/lib/gcc/arm-none-eabi/4.9.3/../../../arm-none-eabi/lib/thumb/libc.a(lib_a-strncmp.o)

.debug_line     0x0000000000000000      0x942
 *(.debug_line)
 .debug_line    0x0000000000000000      0x12b obj/asmfunc.o
 .debug_line    0x000000000000012b      0x152 obj/main.o
 .debug_line    0x000000000000027d       0x4f obj/interrupt.o
 .debug_line    0x00000000000002cc      0x100 obj/uart23xx.o
 .debug_line    0x00000000000003cc      0x13a obj/usart_console.o
 .debug_line    0x0000000000000506      0x165 obj/spi.o
 .debug_line    0x000000000000066b       0xcb obj/adc_dac.o
 .debug_line    0x0000000000000736       0xe8 obj/timers.o
 .debug_line    0x000000000000081e      0x124 /usr/lib/gcc/arm-none-eabi/4.9.3/../../../arm-none-eabi/lib/thumb/libc.a(lib_a-strncmp.o)

.debug_frame    0x0000000000000000      0x420
 *(.debug_frame)
 .debug_frame   0x0000000000000000       0xa4 obj/main.o
 .debug_frame   0x00000000000000a4       0x80 obj/interrupt.o
 .debug_frame   0x0000000000000124       0x78 obj/uart23xx.o
 .debug_frame   0x000000000000019c       0x7c obj/usart_console.o
 .debug_frame   0x0000000000000218       0xe0 obj/spi.o
 .debug_frame   0x00000000000002f8       0x88 obj/adc_dac.o
 .debug_frame   0x0000000000000380       0x74 obj/timers.o
 .debug_frame   0x00000000000003f4       0x2c /usr/lib/gcc/arm-none-eabi/4.9.3/../../../arm-none-eabi/lib/thumb/libc.a(lib_a-strncmp.o)

.debug_str      0x0000000000000000      0x518
 *(.debug_str)
 .debug_str     0x0000000000000000      0x1a8 obj/main.o
                                        0x1fb (size before relaxing)
 .debug_str     0x00000000000001a8       0x4b obj/interrupt.o
                                         0xf6 (size before relaxing)
 .debug_str     0x00000000000001f3       0x6c obj/uart23xx.o
                                        0x1db (size before relaxing)
 .debug_str     0x000000000000025f       0xa8 obj/usart_console.o
                                        0x256 (size before relaxing)
 .debug_str     0x0000000000000307       0xc0 obj/spi.o
                                        0x234 (size before relaxing)
 .debug_str     0x00000000000003c7       0x38 obj/adc_dac.o
                                        0x212 (size before relaxing)
 .debug_str     0x00000000000003ff       0x1d obj/timers.o
                                        0x1ee (size before relaxing)
 .debug_str     0x000000000000041c       0xfc /usr/lib/gcc/arm-none-eabi/4.9.3/../../../arm-none-eabi/lib/thumb/libc.a(lib_a-strncmp.o)
                                        0x19d (size before relaxing)

.debug_loc      0x0000000000000000      0xabe
 *(.debug_loc)
 .debug_loc     0x0000000000000000      0x168 obj/main.o
 .debug_loc     0x0000000000000168      0x12e obj/uart23xx.o
 .debug_loc     0x0000000000000296      0x1bd obj/usart_console.o
 .debug_loc     0x0000000000000453      0x40c obj/spi.o
 .debug_loc     0x000000000000085f       0xc0 obj/adc_dac.o
 .debug_loc     0x000000000000091f       0xe2 obj/timers.o
 .debug_loc     0x0000000000000a01       0xbd /usr/lib/gcc/arm-none-eabi/4.9.3/../../../arm-none-eabi/lib/thumb/libc.a(lib_a-strncmp.o)

.debug_macinfo
 *(.debug_macinfo)

.debug_weaknames
 *(.debug_weaknames)

.debug_funcnames
 *(.debug_funcnames)

.debug_typenames
 *(.debug_typenames)

.debug_varnames
 *(.debug_varnames)
OUTPUT(obj/zond_cvc.elf elf32-littlearm)

.debug_ranges   0x0000000000000000       0x48
 .debug_ranges  0x0000000000000000       0x20 obj/asmfunc.o
 .debug_ranges  0x0000000000000020       0x18 obj/main.o
 .debug_ranges  0x0000000000000038       0x10 /usr/lib/gcc/arm-none-eabi/4.9.3/../../../arm-none-eabi/lib/thumb/libc.a(lib_a-strncmp.o)

Cross Reference Table

Symbol                                            File
ClearVector                                       obj/interrupt.o
                                                  obj/main.o
Copy_al2un                                        obj/asmfunc.o
Copy_un2al                                        obj/asmfunc.o
Delay                                             obj/adc_dac.o
Exit_Main                                         obj/init_cpu.o
Index                                             obj/usart_console.o
Init_CPU                                          obj/init_cpu.o
Init_Clocks                                       obj/init_cpu.o
Init_MAM                                          obj/init_cpu.o
Init_Modules                                      obj/init_cpu.o
Init_Pins                                         obj/init_cpu.o
Init_Wait                                         obj/init_cpu.o
IoInit                                            obj/main.o
IrqDisable                                        obj/interrupt.o
IrqEnable                                         obj/interrupt.o
                                                  obj/main.o
Isr_TIM0                                          obj/timers.o
Isr_UART0                                         obj/uart23xx.o
LoadFiqRegs                                       obj/interrupt.o
RegisterIrq                                       obj/interrupt.o
                                                  obj/timers.o
                                                  obj/uart23xx.o
RxCount                                           obj/usart_console.o
SPI0_init                                         obj/spi.o
                                                  obj/main.o
SPI0_read_1_byte                                  obj/spi.o
                                                  obj/adc_dac.o
SPI0_read_2_byte                                  obj/spi.o
                                                  obj/adc_dac.o
SPI0_send_1_byte                                  obj/spi.o
                                                  obj/adc_dac.o
SPI0_send_2_byte                                  obj/spi.o
                                                  obj/adc_dac.o
SPI_ADC_data_transfers_16bit                      obj/spi.o
SPI_ADC_data_transfers_8bit                       obj/spi.o
SelectFiq                                         obj/interrupt.o
StoreFiqRegs                                      obj/interrupt.o
UART0_send                                        obj/usart_console.o
                                                  obj/timers.o
                                                  obj/adc_dac.o
                                                  obj/spi.o
                                                  obj/main.o
UART0_send_byte                                   obj/usart_console.o
                                                  obj/timers.o
                                                  obj/adc_dac.o
                                                  obj/spi.o
                                                  obj/main.o
_ebss                                             obj/asmfunc.o
_edata                                            obj/asmfunc.o
_sbss                                             obj/asmfunc.o
_sdata                                            obj/asmfunc.o
_sidata                                           obj/asmfunc.o
adc_init                                          obj/adc_dac.o
                                                  obj/main.o
adc_read_current                                  obj/adc_dac.o
                                                  obj/timers.o
adc_read_voltage                                  obj/adc_dac.o
                                                  obj/timers.o
dac_set_voltage                                   obj/adc_dac.o
                                                  obj/usart_console.o
gpio_clear                                        obj/main.o
                                                  obj/timers.o
                                                  obj/usart_console.o
gpio_init                                         obj/main.o
gpio_set                                          obj/main.o
                                                  obj/timers.o
                                                  obj/usart_console.o
help_msg                                          obj/usart_console.o
hex_to_ascii                                      obj/usart_console.o
hex_to_int                                        obj/usart_console.o
led_clear                                         obj/main.o
                                                  obj/usart_console.o
led_set                                           obj/main.o
                                                  obj/adc_dac.o
                                                  obj/usart_console.o
main                                              obj/main.o
                                                  obj/asmfunc.o
process_command                                   obj/usart_console.o
                                                  obj/uart23xx.o
rec_len                                           obj/uart23xx.o
resiever                                          obj/uart23xx.o
spi_readStatus                                    obj/spi.o
strncmp                                           /usr/lib/gcc/arm-none-eabi/4.9.3/../../../arm-none-eabi/lib/thumb/libc.a(lib_a-strncmp.o)
                                                  obj/usart_console.o
timer0_init                                       obj/timers.o
                                                  obj/main.o
timer0_start                                      obj/timers.o
                                                  obj/usart_console.o
timer0_stop                                       obj/timers.o
                                                  obj/usart_console.o
uart0_getc                                        obj/uart23xx.o
uart0_init                                        obj/uart23xx.o
                                                  obj/main.o
uart0_putc                                        obj/uart23xx.o
uart0_test                                        obj/uart23xx.o
