Archive member included to satisfy reference by file (symbol)

c:/arm-none-eabi-gcc/bin/../lib/gcc/arm-none-eabi/6.3.1/../../../../arm-none-eabi/lib/thumb\libc.a(lib_a-atoi.o)
                              obj/usart_console.o (atoi)
c:/arm-none-eabi-gcc/bin/../lib/gcc/arm-none-eabi/6.3.1/../../../../arm-none-eabi/lib/thumb\libc.a(lib_a-itoa.o)
                              obj/timers.o (itoa)
c:/arm-none-eabi-gcc/bin/../lib/gcc/arm-none-eabi/6.3.1/../../../../arm-none-eabi/lib/thumb\libc.a(lib_a-memset.o)
                              obj/timers.o (memset)
c:/arm-none-eabi-gcc/bin/../lib/gcc/arm-none-eabi/6.3.1/../../../../arm-none-eabi/lib/thumb\libc.a(lib_a-strcat.o)
                              obj/timers.o (strcat)
c:/arm-none-eabi-gcc/bin/../lib/gcc/arm-none-eabi/6.3.1/../../../../arm-none-eabi/lib/thumb\libc.a(lib_a-strcpy.o)
                              c:/arm-none-eabi-gcc/bin/../lib/gcc/arm-none-eabi/6.3.1/../../../../arm-none-eabi/lib/thumb\libc.a(lib_a-strcat.o) (strcpy)
c:/arm-none-eabi-gcc/bin/../lib/gcc/arm-none-eabi/6.3.1/../../../../arm-none-eabi/lib/thumb\libc.a(lib_a-strlen-stub.o)
                              obj/timers.o (strlen)
c:/arm-none-eabi-gcc/bin/../lib/gcc/arm-none-eabi/6.3.1/../../../../arm-none-eabi/lib/thumb\libc.a(lib_a-strncmp.o)
                              obj/usart_console.o (strncmp)
c:/arm-none-eabi-gcc/bin/../lib/gcc/arm-none-eabi/6.3.1/../../../../arm-none-eabi/lib/thumb\libc.a(lib_a-strtol.o)
                              c:/arm-none-eabi-gcc/bin/../lib/gcc/arm-none-eabi/6.3.1/../../../../arm-none-eabi/lib/thumb\libc.a(lib_a-atoi.o) (_strtol_r)
c:/arm-none-eabi-gcc/bin/../lib/gcc/arm-none-eabi/6.3.1/../../../../arm-none-eabi/lib/thumb\libc.a(lib_a-utoa.o)
                              c:/arm-none-eabi-gcc/bin/../lib/gcc/arm-none-eabi/6.3.1/../../../../arm-none-eabi/lib/thumb\libc.a(lib_a-itoa.o) (__utoa)
c:/arm-none-eabi-gcc/bin/../lib/gcc/arm-none-eabi/6.3.1/../../../../arm-none-eabi/lib/thumb\libc.a(lib_a-impure.o)
                              c:/arm-none-eabi-gcc/bin/../lib/gcc/arm-none-eabi/6.3.1/../../../../arm-none-eabi/lib/thumb\libc.a(lib_a-strtol.o) (_impure_ptr)
c:/arm-none-eabi-gcc/bin/../lib/gcc/arm-none-eabi/6.3.1/../../../../arm-none-eabi/lib/thumb\libc.a(lib_a-locale.o)
                              c:/arm-none-eabi-gcc/bin/../lib/gcc/arm-none-eabi/6.3.1/../../../../arm-none-eabi/lib/thumb\libc.a(lib_a-strtol.o) (__locale_ctype_ptr_l)
c:/arm-none-eabi-gcc/bin/../lib/gcc/arm-none-eabi/6.3.1/../../../../arm-none-eabi/lib/thumb\libc.a(lib_a-mbtowc_r.o)
                              c:/arm-none-eabi-gcc/bin/../lib/gcc/arm-none-eabi/6.3.1/../../../../arm-none-eabi/lib/thumb\libc.a(lib_a-locale.o) (__ascii_mbtowc)
c:/arm-none-eabi-gcc/bin/../lib/gcc/arm-none-eabi/6.3.1/../../../../arm-none-eabi/lib/thumb\libc.a(lib_a-strcmp.o)
                              c:/arm-none-eabi-gcc/bin/../lib/gcc/arm-none-eabi/6.3.1/../../../../arm-none-eabi/lib/thumb\libc.a(lib_a-locale.o) (strcmp)
c:/arm-none-eabi-gcc/bin/../lib/gcc/arm-none-eabi/6.3.1/../../../../arm-none-eabi/lib/thumb\libc.a(lib_a-wctomb_r.o)
                              c:/arm-none-eabi-gcc/bin/../lib/gcc/arm-none-eabi/6.3.1/../../../../arm-none-eabi/lib/thumb\libc.a(lib_a-locale.o) (__ascii_wctomb)
c:/arm-none-eabi-gcc/bin/../lib/gcc/arm-none-eabi/6.3.1/../../../../arm-none-eabi/lib/thumb\libc.a(lib_a-ctype_.o)
                              c:/arm-none-eabi-gcc/bin/../lib/gcc/arm-none-eabi/6.3.1/../../../../arm-none-eabi/lib/thumb\libc.a(lib_a-locale.o) (_ctype_)
c:/arm-none-eabi-gcc/bin/../lib/gcc/arm-none-eabi/6.3.1/thumb\libgcc.a(_udivsi3.o)
                              c:/arm-none-eabi-gcc/bin/../lib/gcc/arm-none-eabi/6.3.1/../../../../arm-none-eabi/lib/thumb\libc.a(lib_a-strtol.o) (__aeabi_uidiv)
c:/arm-none-eabi-gcc/bin/../lib/gcc/arm-none-eabi/6.3.1/thumb\libgcc.a(_dvmd_tls.o)
                              c:/arm-none-eabi-gcc/bin/../lib/gcc/arm-none-eabi/6.3.1/thumb\libgcc.a(_udivsi3.o) (__aeabi_idiv0)
c:/arm-none-eabi-gcc/bin/../lib/gcc/arm-none-eabi/6.3.1/thumb\libgcc.a(_arm_addsubdf3.o)
                              obj/usart_console.o (__aeabi_dadd)
c:/arm-none-eabi-gcc/bin/../lib/gcc/arm-none-eabi/6.3.1/thumb\libgcc.a(_arm_muldivdf3.o)
                              obj/usart_console.o (__aeabi_dmul)
c:/arm-none-eabi-gcc/bin/../lib/gcc/arm-none-eabi/6.3.1/thumb\libgcc.a(_arm_fixdfsi.o)
                              obj/usart_console.o (__aeabi_d2iz)
c:/arm-none-eabi-gcc/bin/../lib/gcc/arm-none-eabi/6.3.1/thumb\libgcc.a(_arm_truncdfsf2.o)
                              obj/timers.o (__aeabi_d2f)
c:/arm-none-eabi-gcc/bin/../lib/gcc/arm-none-eabi/6.3.1/thumb\libgcc.a(_arm_addsubsf3.o)
                              obj/timers.o (__aeabi_fsub)
c:/arm-none-eabi-gcc/bin/../lib/gcc/arm-none-eabi/6.3.1/thumb\libgcc.a(_arm_muldivsf3.o)
                              obj/timers.o (__aeabi_fmul)
c:/arm-none-eabi-gcc/bin/../lib/gcc/arm-none-eabi/6.3.1/thumb\libgcc.a(_arm_cmpsf2.o)
                              obj/timers.o (__aeabi_fcmplt)
c:/arm-none-eabi-gcc/bin/../lib/gcc/arm-none-eabi/6.3.1/thumb\libgcc.a(_arm_fixsfsi.o)
                              obj/timers.o (__aeabi_f2iz)
c:/arm-none-eabi-gcc/bin/../lib/gcc/arm-none-eabi/6.3.1/thumb\libgcc.a(_arm_fixunssfsi.o)
                              obj/timers.o (__aeabi_f2uiz)
c:/arm-none-eabi-gcc/bin/../lib/gcc/arm-none-eabi/6.3.1/../../../../arm-none-eabi/lib/thumb\libm.a(lib_a-w_sqrt.o)
                              obj/timers.o (sqrt)
c:/arm-none-eabi-gcc/bin/../lib/gcc/arm-none-eabi/6.3.1/../../../../arm-none-eabi/lib/thumb\libm.a(lib_a-e_sqrt.o)
                              c:/arm-none-eabi-gcc/bin/../lib/gcc/arm-none-eabi/6.3.1/../../../../arm-none-eabi/lib/thumb\libm.a(lib_a-w_sqrt.o) (__ieee754_sqrt)
c:/arm-none-eabi-gcc/bin/../lib/gcc/arm-none-eabi/6.3.1/../../../../arm-none-eabi/lib/thumb\libm.a(lib_a-s_lib_ver.o)
                              c:/arm-none-eabi-gcc/bin/../lib/gcc/arm-none-eabi/6.3.1/../../../../arm-none-eabi/lib/thumb\libm.a(lib_a-w_sqrt.o) (__fdlib_version)
c:/arm-none-eabi-gcc/bin/../lib/gcc/arm-none-eabi/6.3.1/../../../../arm-none-eabi/lib/thumb\libm.a(lib_a-s_matherr.o)
                              c:/arm-none-eabi-gcc/bin/../lib/gcc/arm-none-eabi/6.3.1/../../../../arm-none-eabi/lib/thumb\libm.a(lib_a-w_sqrt.o) (matherr)
c:/arm-none-eabi-gcc/bin/../lib/gcc/arm-none-eabi/6.3.1/thumb\libgcc.a(_arm_cmpdf2.o)
                              c:/arm-none-eabi-gcc/bin/../lib/gcc/arm-none-eabi/6.3.1/../../../../arm-none-eabi/lib/thumb\libm.a(lib_a-w_sqrt.o) (__aeabi_dcmplt)
c:/arm-none-eabi-gcc/bin/../lib/gcc/arm-none-eabi/6.3.1/thumb\libgcc.a(_arm_unorddf2.o)
                              c:/arm-none-eabi-gcc/bin/../lib/gcc/arm-none-eabi/6.3.1/../../../../arm-none-eabi/lib/thumb\libm.a(lib_a-w_sqrt.o) (__aeabi_dcmpun)
c:/arm-none-eabi-gcc/bin/../lib/gcc/arm-none-eabi/6.3.1/../../../../arm-none-eabi/lib/thumb\libg.a(lib_a-errno.o)
                              c:/arm-none-eabi-gcc/bin/../lib/gcc/arm-none-eabi/6.3.1/../../../../arm-none-eabi/lib/thumb\libm.a(lib_a-w_sqrt.o) (__errno)

Allocating common symbols
Common symbol       size              file

volt_array          0x64              obj/main.o
Index               0x1               obj/usart_console.o
curr_big            0x8               obj/main.o
RxCount             0x1               obj/usart_console.o
curr                0x2               obj/main.o
curr_array          0x64              obj/main.o
volts               0x2               obj/main.o
resiever            0x32              obj/uart23xx.o

Discarded input sections

 .data          0x00000000        0x0 obj/asmfunc.o
 .bss           0x00000000        0x0 obj/asmfunc.o
 .data          0x00000000        0x0 obj/interrupt.o
 .bss           0x00000000        0x0 obj/interrupt.o
 .data          0x00000000        0x0 obj/uart23xx.o
 .text          0x00000000       0xd8 obj/init_cpu.o
 .data          0x00000000        0x0 obj/init_cpu.o
 .bss           0x00000000        0x0 obj/init_cpu.o
 .debug_info    0x00000000       0x90 obj/init_cpu.o
 .debug_abbrev  0x00000000       0x74 obj/init_cpu.o
 .debug_loc     0x00000000       0x20 obj/init_cpu.o
 .debug_aranges
                0x00000000       0x20 obj/init_cpu.o
 .debug_line    0x00000000       0x81 obj/init_cpu.o
 .debug_str     0x00000000      0x119 obj/init_cpu.o
 .comment       0x00000000       0x80 obj/init_cpu.o
 .debug_frame   0x00000000       0x8c obj/init_cpu.o
 .ARM.attributes
                0x00000000       0x32 obj/init_cpu.o
 .data          0x00000000        0x0 obj/usart_console.o
 .bss           0x00000000        0x0 obj/usart_console.o
 COMMON         0x00000000        0x2 obj/usart_console.o
 .data          0x00000000        0x0 obj/spi.o
 .bss           0x00000000        0x0 obj/spi.o
 .data          0x00000000        0x0 obj/adc_dac.o
 .bss           0x00000000        0x0 obj/adc_dac.o
 .data          0x00000000        0x0 obj/timers.o
 .bss           0x00000000        0x0 obj/timers.o
 .text          0x00000000        0x0 c:/arm-none-eabi-gcc/bin/../lib/gcc/arm-none-eabi/6.3.1/../../../../arm-none-eabi/lib/thumb\libc.a(lib_a-atoi.o)
 .data          0x00000000        0x0 c:/arm-none-eabi-gcc/bin/../lib/gcc/arm-none-eabi/6.3.1/../../../../arm-none-eabi/lib/thumb\libc.a(lib_a-atoi.o)
 .bss           0x00000000        0x0 c:/arm-none-eabi-gcc/bin/../lib/gcc/arm-none-eabi/6.3.1/../../../../arm-none-eabi/lib/thumb\libc.a(lib_a-atoi.o)
 .text._atoi_r  0x00000000       0x10 c:/arm-none-eabi-gcc/bin/../lib/gcc/arm-none-eabi/6.3.1/../../../../arm-none-eabi/lib/thumb\libc.a(lib_a-atoi.o)
 .text          0x00000000        0x0 c:/arm-none-eabi-gcc/bin/../lib/gcc/arm-none-eabi/6.3.1/../../../../arm-none-eabi/lib/thumb\libc.a(lib_a-itoa.o)
 .data          0x00000000        0x0 c:/arm-none-eabi-gcc/bin/../lib/gcc/arm-none-eabi/6.3.1/../../../../arm-none-eabi/lib/thumb\libc.a(lib_a-itoa.o)
 .bss           0x00000000        0x0 c:/arm-none-eabi-gcc/bin/../lib/gcc/arm-none-eabi/6.3.1/../../../../arm-none-eabi/lib/thumb\libc.a(lib_a-itoa.o)
 .text          0x00000000        0x0 c:/arm-none-eabi-gcc/bin/../lib/gcc/arm-none-eabi/6.3.1/../../../../arm-none-eabi/lib/thumb\libc.a(lib_a-memset.o)
 .data          0x00000000        0x0 c:/arm-none-eabi-gcc/bin/../lib/gcc/arm-none-eabi/6.3.1/../../../../arm-none-eabi/lib/thumb\libc.a(lib_a-memset.o)
 .bss           0x00000000        0x0 c:/arm-none-eabi-gcc/bin/../lib/gcc/arm-none-eabi/6.3.1/../../../../arm-none-eabi/lib/thumb\libc.a(lib_a-memset.o)
 .text          0x00000000        0x0 c:/arm-none-eabi-gcc/bin/../lib/gcc/arm-none-eabi/6.3.1/../../../../arm-none-eabi/lib/thumb\libc.a(lib_a-strcat.o)
 .data          0x00000000        0x0 c:/arm-none-eabi-gcc/bin/../lib/gcc/arm-none-eabi/6.3.1/../../../../arm-none-eabi/lib/thumb\libc.a(lib_a-strcat.o)
 .bss           0x00000000        0x0 c:/arm-none-eabi-gcc/bin/../lib/gcc/arm-none-eabi/6.3.1/../../../../arm-none-eabi/lib/thumb\libc.a(lib_a-strcat.o)
 .text          0x00000000        0x0 c:/arm-none-eabi-gcc/bin/../lib/gcc/arm-none-eabi/6.3.1/../../../../arm-none-eabi/lib/thumb\libc.a(lib_a-strcpy.o)
 .data          0x00000000        0x0 c:/arm-none-eabi-gcc/bin/../lib/gcc/arm-none-eabi/6.3.1/../../../../arm-none-eabi/lib/thumb\libc.a(lib_a-strcpy.o)
 .bss           0x00000000        0x0 c:/arm-none-eabi-gcc/bin/../lib/gcc/arm-none-eabi/6.3.1/../../../../arm-none-eabi/lib/thumb\libc.a(lib_a-strcpy.o)
 .text          0x00000000        0x0 c:/arm-none-eabi-gcc/bin/../lib/gcc/arm-none-eabi/6.3.1/../../../../arm-none-eabi/lib/thumb\libc.a(lib_a-strlen-stub.o)
 .data          0x00000000        0x0 c:/arm-none-eabi-gcc/bin/../lib/gcc/arm-none-eabi/6.3.1/../../../../arm-none-eabi/lib/thumb\libc.a(lib_a-strlen-stub.o)
 .bss           0x00000000        0x0 c:/arm-none-eabi-gcc/bin/../lib/gcc/arm-none-eabi/6.3.1/../../../../arm-none-eabi/lib/thumb\libc.a(lib_a-strlen-stub.o)
 .text          0x00000000        0x0 c:/arm-none-eabi-gcc/bin/../lib/gcc/arm-none-eabi/6.3.1/../../../../arm-none-eabi/lib/thumb\libc.a(lib_a-strncmp.o)
 .data          0x00000000        0x0 c:/arm-none-eabi-gcc/bin/../lib/gcc/arm-none-eabi/6.3.1/../../../../arm-none-eabi/lib/thumb\libc.a(lib_a-strncmp.o)
 .bss           0x00000000        0x0 c:/arm-none-eabi-gcc/bin/../lib/gcc/arm-none-eabi/6.3.1/../../../../arm-none-eabi/lib/thumb\libc.a(lib_a-strncmp.o)
 .text          0x00000000        0x0 c:/arm-none-eabi-gcc/bin/../lib/gcc/arm-none-eabi/6.3.1/../../../../arm-none-eabi/lib/thumb\libc.a(lib_a-strtol.o)
 .data          0x00000000        0x0 c:/arm-none-eabi-gcc/bin/../lib/gcc/arm-none-eabi/6.3.1/../../../../arm-none-eabi/lib/thumb\libc.a(lib_a-strtol.o)
 .bss           0x00000000        0x0 c:/arm-none-eabi-gcc/bin/../lib/gcc/arm-none-eabi/6.3.1/../../../../arm-none-eabi/lib/thumb\libc.a(lib_a-strtol.o)
 .text._strtol_r
                0x00000000       0x28 c:/arm-none-eabi-gcc/bin/../lib/gcc/arm-none-eabi/6.3.1/../../../../arm-none-eabi/lib/thumb\libc.a(lib_a-strtol.o)
 .text.strtol_l
                0x00000000       0x24 c:/arm-none-eabi-gcc/bin/../lib/gcc/arm-none-eabi/6.3.1/../../../../arm-none-eabi/lib/thumb\libc.a(lib_a-strtol.o)
 .text          0x00000000        0x0 c:/arm-none-eabi-gcc/bin/../lib/gcc/arm-none-eabi/6.3.1/../../../../arm-none-eabi/lib/thumb\libc.a(lib_a-utoa.o)
 .data          0x00000000        0x0 c:/arm-none-eabi-gcc/bin/../lib/gcc/arm-none-eabi/6.3.1/../../../../arm-none-eabi/lib/thumb\libc.a(lib_a-utoa.o)
 .bss           0x00000000        0x0 c:/arm-none-eabi-gcc/bin/../lib/gcc/arm-none-eabi/6.3.1/../../../../arm-none-eabi/lib/thumb\libc.a(lib_a-utoa.o)
 .text.utoa     0x00000000        0xc c:/arm-none-eabi-gcc/bin/../lib/gcc/arm-none-eabi/6.3.1/../../../../arm-none-eabi/lib/thumb\libc.a(lib_a-utoa.o)
 .text          0x00000000        0x0 c:/arm-none-eabi-gcc/bin/../lib/gcc/arm-none-eabi/6.3.1/../../../../arm-none-eabi/lib/thumb\libc.a(lib_a-impure.o)
 .data          0x00000000        0x0 c:/arm-none-eabi-gcc/bin/../lib/gcc/arm-none-eabi/6.3.1/../../../../arm-none-eabi/lib/thumb\libc.a(lib_a-impure.o)
 .bss           0x00000000        0x0 c:/arm-none-eabi-gcc/bin/../lib/gcc/arm-none-eabi/6.3.1/../../../../arm-none-eabi/lib/thumb\libc.a(lib_a-impure.o)
 .rodata._global_impure_ptr
                0x00000000        0x4 c:/arm-none-eabi-gcc/bin/../lib/gcc/arm-none-eabi/6.3.1/../../../../arm-none-eabi/lib/thumb\libc.a(lib_a-impure.o)
 .text          0x00000000        0x0 c:/arm-none-eabi-gcc/bin/../lib/gcc/arm-none-eabi/6.3.1/../../../../arm-none-eabi/lib/thumb\libc.a(lib_a-locale.o)
 .data          0x00000000        0x0 c:/arm-none-eabi-gcc/bin/../lib/gcc/arm-none-eabi/6.3.1/../../../../arm-none-eabi/lib/thumb\libc.a(lib_a-locale.o)
 .bss           0x00000000        0x0 c:/arm-none-eabi-gcc/bin/../lib/gcc/arm-none-eabi/6.3.1/../../../../arm-none-eabi/lib/thumb\libc.a(lib_a-locale.o)
 .text._setlocale_r
                0x00000000       0x48 c:/arm-none-eabi-gcc/bin/../lib/gcc/arm-none-eabi/6.3.1/../../../../arm-none-eabi/lib/thumb\libc.a(lib_a-locale.o)
 .text.__locale_mb_cur_max
                0x00000000       0x20 c:/arm-none-eabi-gcc/bin/../lib/gcc/arm-none-eabi/6.3.1/../../../../arm-none-eabi/lib/thumb\libc.a(lib_a-locale.o)
 .text.__locale_ctype_ptr
                0x00000000       0x1c c:/arm-none-eabi-gcc/bin/../lib/gcc/arm-none-eabi/6.3.1/../../../../arm-none-eabi/lib/thumb\libc.a(lib_a-locale.o)
 .text.setlocale
                0x00000000       0x1c c:/arm-none-eabi-gcc/bin/../lib/gcc/arm-none-eabi/6.3.1/../../../../arm-none-eabi/lib/thumb\libc.a(lib_a-locale.o)
 .bss._PathLocale
                0x00000000        0x4 c:/arm-none-eabi-gcc/bin/../lib/gcc/arm-none-eabi/6.3.1/../../../../arm-none-eabi/lib/thumb\libc.a(lib_a-locale.o)
 .text          0x00000000        0x0 c:/arm-none-eabi-gcc/bin/../lib/gcc/arm-none-eabi/6.3.1/../../../../arm-none-eabi/lib/thumb\libc.a(lib_a-mbtowc_r.o)
 .data          0x00000000        0x0 c:/arm-none-eabi-gcc/bin/../lib/gcc/arm-none-eabi/6.3.1/../../../../arm-none-eabi/lib/thumb\libc.a(lib_a-mbtowc_r.o)
 .bss           0x00000000        0x0 c:/arm-none-eabi-gcc/bin/../lib/gcc/arm-none-eabi/6.3.1/../../../../arm-none-eabi/lib/thumb\libc.a(lib_a-mbtowc_r.o)
 .text._mbtowc_r
                0x00000000       0x34 c:/arm-none-eabi-gcc/bin/../lib/gcc/arm-none-eabi/6.3.1/../../../../arm-none-eabi/lib/thumb\libc.a(lib_a-mbtowc_r.o)
 .text          0x00000000      0x224 c:/arm-none-eabi-gcc/bin/../lib/gcc/arm-none-eabi/6.3.1/../../../../arm-none-eabi/lib/thumb\libc.a(lib_a-strcmp.o)
 .data          0x00000000        0x0 c:/arm-none-eabi-gcc/bin/../lib/gcc/arm-none-eabi/6.3.1/../../../../arm-none-eabi/lib/thumb\libc.a(lib_a-strcmp.o)
 .bss           0x00000000        0x0 c:/arm-none-eabi-gcc/bin/../lib/gcc/arm-none-eabi/6.3.1/../../../../arm-none-eabi/lib/thumb\libc.a(lib_a-strcmp.o)
 .debug_frame   0x00000000       0x40 c:/arm-none-eabi-gcc/bin/../lib/gcc/arm-none-eabi/6.3.1/../../../../arm-none-eabi/lib/thumb\libc.a(lib_a-strcmp.o)
 .ARM.attributes
                0x00000000       0x16 c:/arm-none-eabi-gcc/bin/../lib/gcc/arm-none-eabi/6.3.1/../../../../arm-none-eabi/lib/thumb\libc.a(lib_a-strcmp.o)
 .text          0x00000000        0x0 c:/arm-none-eabi-gcc/bin/../lib/gcc/arm-none-eabi/6.3.1/../../../../arm-none-eabi/lib/thumb\libc.a(lib_a-wctomb_r.o)
 .data          0x00000000        0x0 c:/arm-none-eabi-gcc/bin/../lib/gcc/arm-none-eabi/6.3.1/../../../../arm-none-eabi/lib/thumb\libc.a(lib_a-wctomb_r.o)
 .bss           0x00000000        0x0 c:/arm-none-eabi-gcc/bin/../lib/gcc/arm-none-eabi/6.3.1/../../../../arm-none-eabi/lib/thumb\libc.a(lib_a-wctomb_r.o)
 .text._wctomb_r
                0x00000000       0x2c c:/arm-none-eabi-gcc/bin/../lib/gcc/arm-none-eabi/6.3.1/../../../../arm-none-eabi/lib/thumb\libc.a(lib_a-wctomb_r.o)
 .text          0x00000000        0x0 c:/arm-none-eabi-gcc/bin/../lib/gcc/arm-none-eabi/6.3.1/../../../../arm-none-eabi/lib/thumb\libc.a(lib_a-ctype_.o)
 .data          0x00000000        0x0 c:/arm-none-eabi-gcc/bin/../lib/gcc/arm-none-eabi/6.3.1/../../../../arm-none-eabi/lib/thumb\libc.a(lib_a-ctype_.o)
 .bss           0x00000000        0x0 c:/arm-none-eabi-gcc/bin/../lib/gcc/arm-none-eabi/6.3.1/../../../../arm-none-eabi/lib/thumb\libc.a(lib_a-ctype_.o)
 .data          0x00000000        0x0 c:/arm-none-eabi-gcc/bin/../lib/gcc/arm-none-eabi/6.3.1/thumb\libgcc.a(_udivsi3.o)
 .bss           0x00000000        0x0 c:/arm-none-eabi-gcc/bin/../lib/gcc/arm-none-eabi/6.3.1/thumb\libgcc.a(_udivsi3.o)
 .data          0x00000000        0x0 c:/arm-none-eabi-gcc/bin/../lib/gcc/arm-none-eabi/6.3.1/thumb\libgcc.a(_dvmd_tls.o)
 .bss           0x00000000        0x0 c:/arm-none-eabi-gcc/bin/../lib/gcc/arm-none-eabi/6.3.1/thumb\libgcc.a(_dvmd_tls.o)
 .data          0x00000000        0x0 c:/arm-none-eabi-gcc/bin/../lib/gcc/arm-none-eabi/6.3.1/thumb\libgcc.a(_arm_addsubdf3.o)
 .bss           0x00000000        0x0 c:/arm-none-eabi-gcc/bin/../lib/gcc/arm-none-eabi/6.3.1/thumb\libgcc.a(_arm_addsubdf3.o)
 .data          0x00000000        0x0 c:/arm-none-eabi-gcc/bin/../lib/gcc/arm-none-eabi/6.3.1/thumb\libgcc.a(_arm_muldivdf3.o)
 .bss           0x00000000        0x0 c:/arm-none-eabi-gcc/bin/../lib/gcc/arm-none-eabi/6.3.1/thumb\libgcc.a(_arm_muldivdf3.o)
 .data          0x00000000        0x0 c:/arm-none-eabi-gcc/bin/../lib/gcc/arm-none-eabi/6.3.1/thumb\libgcc.a(_arm_fixdfsi.o)
 .bss           0x00000000        0x0 c:/arm-none-eabi-gcc/bin/../lib/gcc/arm-none-eabi/6.3.1/thumb\libgcc.a(_arm_fixdfsi.o)
 .data          0x00000000        0x0 c:/arm-none-eabi-gcc/bin/../lib/gcc/arm-none-eabi/6.3.1/thumb\libgcc.a(_arm_truncdfsf2.o)
 .bss           0x00000000        0x0 c:/arm-none-eabi-gcc/bin/../lib/gcc/arm-none-eabi/6.3.1/thumb\libgcc.a(_arm_truncdfsf2.o)
 .data          0x00000000        0x0 c:/arm-none-eabi-gcc/bin/../lib/gcc/arm-none-eabi/6.3.1/thumb\libgcc.a(_arm_addsubsf3.o)
 .bss           0x00000000        0x0 c:/arm-none-eabi-gcc/bin/../lib/gcc/arm-none-eabi/6.3.1/thumb\libgcc.a(_arm_addsubsf3.o)
 .data          0x00000000        0x0 c:/arm-none-eabi-gcc/bin/../lib/gcc/arm-none-eabi/6.3.1/thumb\libgcc.a(_arm_muldivsf3.o)
 .bss           0x00000000        0x0 c:/arm-none-eabi-gcc/bin/../lib/gcc/arm-none-eabi/6.3.1/thumb\libgcc.a(_arm_muldivsf3.o)
 .data          0x00000000        0x0 c:/arm-none-eabi-gcc/bin/../lib/gcc/arm-none-eabi/6.3.1/thumb\libgcc.a(_arm_cmpsf2.o)
 .bss           0x00000000        0x0 c:/arm-none-eabi-gcc/bin/../lib/gcc/arm-none-eabi/6.3.1/thumb\libgcc.a(_arm_cmpsf2.o)
 .data          0x00000000        0x0 c:/arm-none-eabi-gcc/bin/../lib/gcc/arm-none-eabi/6.3.1/thumb\libgcc.a(_arm_fixsfsi.o)
 .bss           0x00000000        0x0 c:/arm-none-eabi-gcc/bin/../lib/gcc/arm-none-eabi/6.3.1/thumb\libgcc.a(_arm_fixsfsi.o)
 .data          0x00000000        0x0 c:/arm-none-eabi-gcc/bin/../lib/gcc/arm-none-eabi/6.3.1/thumb\libgcc.a(_arm_fixunssfsi.o)
 .bss           0x00000000        0x0 c:/arm-none-eabi-gcc/bin/../lib/gcc/arm-none-eabi/6.3.1/thumb\libgcc.a(_arm_fixunssfsi.o)
 .text          0x00000000        0x0 c:/arm-none-eabi-gcc/bin/../lib/gcc/arm-none-eabi/6.3.1/../../../../arm-none-eabi/lib/thumb\libm.a(lib_a-w_sqrt.o)
 .data          0x00000000        0x0 c:/arm-none-eabi-gcc/bin/../lib/gcc/arm-none-eabi/6.3.1/../../../../arm-none-eabi/lib/thumb\libm.a(lib_a-w_sqrt.o)
 .bss           0x00000000        0x0 c:/arm-none-eabi-gcc/bin/../lib/gcc/arm-none-eabi/6.3.1/../../../../arm-none-eabi/lib/thumb\libm.a(lib_a-w_sqrt.o)
 .text          0x00000000        0x0 c:/arm-none-eabi-gcc/bin/../lib/gcc/arm-none-eabi/6.3.1/../../../../arm-none-eabi/lib/thumb\libm.a(lib_a-e_sqrt.o)
 .data          0x00000000        0x0 c:/arm-none-eabi-gcc/bin/../lib/gcc/arm-none-eabi/6.3.1/../../../../arm-none-eabi/lib/thumb\libm.a(lib_a-e_sqrt.o)
 .bss           0x00000000        0x0 c:/arm-none-eabi-gcc/bin/../lib/gcc/arm-none-eabi/6.3.1/../../../../arm-none-eabi/lib/thumb\libm.a(lib_a-e_sqrt.o)
 .text          0x00000000        0x0 c:/arm-none-eabi-gcc/bin/../lib/gcc/arm-none-eabi/6.3.1/../../../../arm-none-eabi/lib/thumb\libm.a(lib_a-s_lib_ver.o)
 .data          0x00000000        0x0 c:/arm-none-eabi-gcc/bin/../lib/gcc/arm-none-eabi/6.3.1/../../../../arm-none-eabi/lib/thumb\libm.a(lib_a-s_lib_ver.o)
 .bss           0x00000000        0x0 c:/arm-none-eabi-gcc/bin/../lib/gcc/arm-none-eabi/6.3.1/../../../../arm-none-eabi/lib/thumb\libm.a(lib_a-s_lib_ver.o)
 .text          0x00000000        0x0 c:/arm-none-eabi-gcc/bin/../lib/gcc/arm-none-eabi/6.3.1/../../../../arm-none-eabi/lib/thumb\libm.a(lib_a-s_matherr.o)
 .data          0x00000000        0x0 c:/arm-none-eabi-gcc/bin/../lib/gcc/arm-none-eabi/6.3.1/../../../../arm-none-eabi/lib/thumb\libm.a(lib_a-s_matherr.o)
 .bss           0x00000000        0x0 c:/arm-none-eabi-gcc/bin/../lib/gcc/arm-none-eabi/6.3.1/../../../../arm-none-eabi/lib/thumb\libm.a(lib_a-s_matherr.o)
 .data          0x00000000        0x0 c:/arm-none-eabi-gcc/bin/../lib/gcc/arm-none-eabi/6.3.1/thumb\libgcc.a(_arm_cmpdf2.o)
 .bss           0x00000000        0x0 c:/arm-none-eabi-gcc/bin/../lib/gcc/arm-none-eabi/6.3.1/thumb\libgcc.a(_arm_cmpdf2.o)
 .data          0x00000000        0x0 c:/arm-none-eabi-gcc/bin/../lib/gcc/arm-none-eabi/6.3.1/thumb\libgcc.a(_arm_unorddf2.o)
 .bss           0x00000000        0x0 c:/arm-none-eabi-gcc/bin/../lib/gcc/arm-none-eabi/6.3.1/thumb\libgcc.a(_arm_unorddf2.o)
 .text          0x00000000        0x0 c:/arm-none-eabi-gcc/bin/../lib/gcc/arm-none-eabi/6.3.1/../../../../arm-none-eabi/lib/thumb\libg.a(lib_a-errno.o)
 .data          0x00000000        0x0 c:/arm-none-eabi-gcc/bin/../lib/gcc/arm-none-eabi/6.3.1/../../../../arm-none-eabi/lib/thumb\libg.a(lib_a-errno.o)
 .bss           0x00000000        0x0 c:/arm-none-eabi-gcc/bin/../lib/gcc/arm-none-eabi/6.3.1/../../../../arm-none-eabi/lib/thumb\libg.a(lib_a-errno.o)

Memory Configuration

Name             Origin             Length             Attributes
ROM              0x00000000         0x0007e000
RAM              0x40000000         0x0000ffe0
URAM             0x7fd00000         0x00004000
ERAM             0x7fe00000         0x00004000
BRAM             0xe0084000         0x00000800
*default*        0x00000000         0xffffffff

Linker script and memory map

LOAD obj/asmfunc.o
LOAD obj/main.o
LOAD obj/interrupt.o
LOAD obj/uart23xx.o
LOAD obj/init_cpu.o
LOAD obj/usart_console.o
LOAD obj/spi.o
LOAD obj/adc_dac.o
LOAD obj/timers.o
LOAD c:/arm-none-eabi-gcc/bin/../lib/gcc/arm-none-eabi/6.3.1/../../../../arm-none-eabi/lib/thumb\libc.a
LOAD c:/arm-none-eabi-gcc/bin/../lib/gcc/arm-none-eabi/6.3.1/thumb\libgcc.a
LOAD c:/arm-none-eabi-gcc/bin/../lib/gcc/arm-none-eabi/6.3.1/../../../../arm-none-eabi/lib/thumb\libm.a
START GROUP
LOAD c:/arm-none-eabi-gcc/bin/../lib/gcc/arm-none-eabi/6.3.1/thumb\libgcc.a
LOAD c:/arm-none-eabi-gcc/bin/../lib/gcc/arm-none-eabi/6.3.1/../../../../arm-none-eabi/lib/thumb\libg.a
LOAD c:/arm-none-eabi-gcc/bin/../lib/gcc/arm-none-eabi/6.3.1/../../../../arm-none-eabi/lib/thumb\libc.a
END GROUP

.text           0x00000000     0x3418
 *(.VECTOR)
 .VECTOR        0x00000000       0x34 obj/asmfunc.o
                0x000002fc                . = 0x2fc
 *fill*         0x00000034      0x2c8 
 *(.CRP)
                0x00000300                . = 0x300
 *fill*         0x000002fc        0x4 
 *(.text .text.*)
 .text          0x00000300      0x31c obj/asmfunc.o
                0x00000500                Copy_un2al
                0x00000570                Copy_al2un
 .text          0x0000061c      0x1a0 obj/main.o
                0x0000061c                gpio_init
                0x0000067c                led_set
                0x00000690                led_clear
                0x000006a4                gpio_set
                0x000006dc                gpio_clear
                0x00000714                pll_init
 .text.startup  0x000007bc       0x24 obj/main.o
                0x000007bc                main
 .text          0x000007e0       0x1c obj/interrupt.o
                0x000007e0                IrqDisable
                0x000007e4                IrqEnable
                0x000007e8                ClearVector
                0x000007ec                RegisterIrq
                0x000007f0                SelectFiq
                0x000007f4                LoadFiqRegs
                0x000007f8                StoreFiqRegs
 .text          0x000007fc      0x180 obj/uart23xx.o
                0x000007fc                Isr_UART0
                0x0000086c                uart0_test
                0x00000878                uart0_getc
                0x000008b0                uart0_putc
                0x00000900                uart0_init
 .text          0x0000097c      0x3b4 obj/usart_console.o
                0x0000097c                hex_to_int
                0x0000099a                hex_to_ascii
                0x000009bc                UART0_send_byte
                0x000009f0                UART0_send
                0x00000a38                atof
                0x00000b68                process_command
 .text          0x00000d30      0x1ec obj/spi.o
                0x00000d30                SPI_ADC_data_transfers_16bit
                0x00000d9c                SPI_ADC_data_transfers_8bit
                0x00000e08                SPI_DAC_data_transfers_16bit
                0x00000e74                SPI0_send_2_byte
                0x00000e92                SPI_DAC_data_transfers_8bit
                0x00000efc                SPI0_send_1_byte
 .text          0x00000f1c      0x140 obj/adc_dac.o
                0x00000f1c                Delay
                0x00000f1e                adc_init
                0x00000fd0                dac_set_voltage
                0x00001018                adc_read_voltage
                0x00001050                adc_read_current
 .text          0x0000105c      0x554 obj/timers.o
                0x0000105c                read_volt
                0x0000109c                read_curr
                0x000010dc                timer0_set_freq
                0x00001120                timer0_init
                0x00001184                timer0_start
                0x000011a4                timer0_stop
                0x000011c4                ftoa
                0x0000127c                send_results
                0x000013a4                calculateSD
                0x00001428                process_array
                0x000014cc                Isr_TIM0
 .text.atoi     0x000015b0       0x10 c:/arm-none-eabi-gcc/bin/../lib/gcc/arm-none-eabi/6.3.1/../../../../arm-none-eabi/lib/thumb\libc.a(lib_a-atoi.o)
                0x000015b0                atoi
 .text.__itoa   0x000015c0       0x34 c:/arm-none-eabi-gcc/bin/../lib/gcc/arm-none-eabi/6.3.1/../../../../arm-none-eabi/lib/thumb\libc.a(lib_a-itoa.o)
                0x000015c0                __itoa
 .text.itoa     0x000015f4        0xc c:/arm-none-eabi-gcc/bin/../lib/gcc/arm-none-eabi/6.3.1/../../../../arm-none-eabi/lib/thumb\libc.a(lib_a-itoa.o)
                0x000015f4                itoa
 .text.memset   0x00001600       0x9c c:/arm-none-eabi-gcc/bin/../lib/gcc/arm-none-eabi/6.3.1/../../../../arm-none-eabi/lib/thumb\libc.a(lib_a-memset.o)
                0x00001600                memset
 .text.strcat   0x0000169c       0x50 c:/arm-none-eabi-gcc/bin/../lib/gcc/arm-none-eabi/6.3.1/../../../../arm-none-eabi/lib/thumb\libc.a(lib_a-strcat.o)
                0x0000169c                strcat
 .text.strcpy   0x000016ec       0x10 c:/arm-none-eabi-gcc/bin/../lib/gcc/arm-none-eabi/6.3.1/../../../../arm-none-eabi/lib/thumb\libc.a(lib_a-strcpy.o)
                0x000016ec                strcpy
 .text.strlen   0x000016fc       0x68 c:/arm-none-eabi-gcc/bin/../lib/gcc/arm-none-eabi/6.3.1/../../../../arm-none-eabi/lib/thumb\libc.a(lib_a-strlen-stub.o)
                0x000016fc                strlen
 .text.strncmp  0x00001764       0x94 c:/arm-none-eabi-gcc/bin/../lib/gcc/arm-none-eabi/6.3.1/../../../../arm-none-eabi/lib/thumb\libc.a(lib_a-strncmp.o)
                0x00001764                strncmp
 .text._strtol_l.isra.0
                0x000017f8      0x180 c:/arm-none-eabi-gcc/bin/../lib/gcc/arm-none-eabi/6.3.1/../../../../arm-none-eabi/lib/thumb\libc.a(lib_a-strtol.o)
 .text.strtol   0x00001978       0x30 c:/arm-none-eabi-gcc/bin/../lib/gcc/arm-none-eabi/6.3.1/../../../../arm-none-eabi/lib/thumb\libc.a(lib_a-strtol.o)
                0x00001978                strtol
 .text.__utoa   0x000019a8       0x90 c:/arm-none-eabi-gcc/bin/../lib/gcc/arm-none-eabi/6.3.1/../../../../arm-none-eabi/lib/thumb\libc.a(lib_a-utoa.o)
                0x000019a8                __utoa
 .text.__locale_ctype_ptr_l
                0x00001a38        0x8 c:/arm-none-eabi-gcc/bin/../lib/gcc/arm-none-eabi/6.3.1/../../../../arm-none-eabi/lib/thumb\libc.a(lib_a-locale.o)
                0x00001a38                __locale_ctype_ptr_l
 .text.__ascii_mbtowc
                0x00001a40       0x2c c:/arm-none-eabi-gcc/bin/../lib/gcc/arm-none-eabi/6.3.1/../../../../arm-none-eabi/lib/thumb\libc.a(lib_a-mbtowc_r.o)
                0x00001a40                __ascii_mbtowc
 .text.__ascii_wctomb
                0x00001a6c       0x1c c:/arm-none-eabi-gcc/bin/../lib/gcc/arm-none-eabi/6.3.1/../../../../arm-none-eabi/lib/thumb\libc.a(lib_a-wctomb_r.o)
                0x00001a6c                __ascii_wctomb
 .text          0x00001a88      0x11c c:/arm-none-eabi-gcc/bin/../lib/gcc/arm-none-eabi/6.3.1/thumb\libgcc.a(_udivsi3.o)
                0x00001a88                __aeabi_uidiv
                0x00001a88                __udivsi3
                0x00001b84                __aeabi_uidivmod
 .text          0x00001ba4        0x4 c:/arm-none-eabi-gcc/bin/../lib/gcc/arm-none-eabi/6.3.1/thumb\libgcc.a(_dvmd_tls.o)
                0x00001ba4                __aeabi_idiv0
                0x00001ba4                __aeabi_ldiv0
 .text          0x00001ba8      0x41c c:/arm-none-eabi-gcc/bin/../lib/gcc/arm-none-eabi/6.3.1/thumb\libgcc.a(_arm_addsubdf3.o)
                0x00001ba8                __aeabi_drsub
                0x00001bb0                __aeabi_dsub
                0x00001bb0                __subdf3
                0x00001bb4                __aeabi_dadd
                0x00001bb4                __adddf3
                0x00001ec4                __floatunsidf
                0x00001ec4                __aeabi_ui2d
                0x00001ee8                __floatsidf
                0x00001ee8                __aeabi_i2d
                0x00001f10                __aeabi_f2d
                0x00001f10                __extendsfdf2
                0x00001f50                __floatundidf
                0x00001f50                __aeabi_ul2d
                0x00001f64                __floatdidf
                0x00001f64                __aeabi_l2d
 .text          0x00001fc4      0x49c c:/arm-none-eabi-gcc/bin/../lib/gcc/arm-none-eabi/6.3.1/thumb\libgcc.a(_arm_muldivdf3.o)
                0x00001fc4                __aeabi_dmul
                0x00001fc4                __muldf3
                0x00002254                __divdf3
                0x00002254                __aeabi_ddiv
 .text          0x00002460       0x5c c:/arm-none-eabi-gcc/bin/../lib/gcc/arm-none-eabi/6.3.1/thumb\libgcc.a(_arm_fixdfsi.o)
                0x00002460                __aeabi_d2iz
                0x00002460                __fixdfsi
 .text          0x000024bc       0xa0 c:/arm-none-eabi-gcc/bin/../lib/gcc/arm-none-eabi/6.3.1/thumb\libgcc.a(_arm_truncdfsf2.o)
                0x000024bc                __truncdfsf2
                0x000024bc                __aeabi_d2f
 .text          0x0000255c      0x2ac c:/arm-none-eabi-gcc/bin/../lib/gcc/arm-none-eabi/6.3.1/thumb\libgcc.a(_arm_addsubsf3.o)
                0x0000255c                __aeabi_frsub
                0x00002564                __subsf3
                0x00002564                __aeabi_fsub
                0x00002568                __aeabi_fadd
                0x00002568                __addsf3
                0x00002724                __aeabi_ui2f
                0x00002724                __floatunsisf
                0x0000272c                __aeabi_i2f
                0x0000272c                __floatsisf
                0x0000274c                __aeabi_ul2f
                0x0000274c                __floatundisf
                0x0000275c                __aeabi_l2f
                0x0000275c                __floatdisf
 .text          0x00002808      0x2f8 c:/arm-none-eabi-gcc/bin/../lib/gcc/arm-none-eabi/6.3.1/thumb\libgcc.a(_arm_muldivsf3.o)
                0x00002808                __mulsf3
                0x00002808                __aeabi_fmul
                0x000029a0                __aeabi_fdiv
                0x000029a0                __divsf3
 .text          0x00002b00      0x114 c:/arm-none-eabi-gcc/bin/../lib/gcc/arm-none-eabi/6.3.1/thumb\libgcc.a(_arm_cmpsf2.o)
                0x00002b00                __gesf2
                0x00002b00                __gtsf2
                0x00002b08                __lesf2
                0x00002b08                __ltsf2
                0x00002b10                __nesf2
                0x00002b10                __eqsf2
                0x00002b10                __cmpsf2
                0x00002b74                __aeabi_cfrcmple
                0x00002b84                __aeabi_cfcmpeq
                0x00002b84                __aeabi_cfcmple
                0x00002b9c                __aeabi_fcmpeq
                0x00002bb4                __aeabi_fcmplt
                0x00002bcc                __aeabi_fcmple
                0x00002be4                __aeabi_fcmpge
                0x00002bfc                __aeabi_fcmpgt
 .text          0x00002c14       0x5c c:/arm-none-eabi-gcc/bin/../lib/gcc/arm-none-eabi/6.3.1/thumb\libgcc.a(_arm_fixsfsi.o)
                0x00002c14                __aeabi_f2iz
                0x00002c14                __fixsfsi
 .text          0x00002c70       0x54 c:/arm-none-eabi-gcc/bin/../lib/gcc/arm-none-eabi/6.3.1/thumb\libgcc.a(_arm_fixunssfsi.o)
                0x00002c70                __fixunssfsi
                0x00002c70                __aeabi_f2uiz
 .text.sqrt     0x00002cc4       0xd8 c:/arm-none-eabi-gcc/bin/../lib/gcc/arm-none-eabi/6.3.1/../../../../arm-none-eabi/lib/thumb\libm.a(lib_a-w_sqrt.o)
                0x00002cc4                sqrt
 .text.__ieee754_sqrt
                0x00002d9c      0x1a4 c:/arm-none-eabi-gcc/bin/../lib/gcc/arm-none-eabi/6.3.1/../../../../arm-none-eabi/lib/thumb\libm.a(lib_a-e_sqrt.o)
                0x00002d9c                __ieee754_sqrt
 .text.matherr  0x00002f40        0x4 c:/arm-none-eabi-gcc/bin/../lib/gcc/arm-none-eabi/6.3.1/../../../../arm-none-eabi/lib/thumb\libm.a(lib_a-s_matherr.o)
                0x00002f40                matherr
 .text          0x00002f44      0x144 c:/arm-none-eabi-gcc/bin/../lib/gcc/arm-none-eabi/6.3.1/thumb\libgcc.a(_arm_cmpdf2.o)
                0x00002f44                __gtdf2
                0x00002f44                __gedf2
                0x00002f4c                __ltdf2
                0x00002f4c                __ledf2
                0x00002f54                __nedf2
                0x00002f54                __eqdf2
                0x00002f54                __cmpdf2
                0x00002fdc                __aeabi_cdrcmple
                0x00002ff8                __aeabi_cdcmpeq
                0x00002ff8                __aeabi_cdcmple
                0x00003010                __aeabi_dcmpeq
                0x00003028                __aeabi_dcmplt
                0x00003040                __aeabi_dcmple
                0x00003058                __aeabi_dcmpge
                0x00003070                __aeabi_dcmpgt
 .text          0x00003088       0x38 c:/arm-none-eabi-gcc/bin/../lib/gcc/arm-none-eabi/6.3.1/thumb\libgcc.a(_arm_unorddf2.o)
                0x00003088                __unorddf2
                0x00003088                __aeabi_dcmpun
 .text.__errno  0x000030c0        0xc c:/arm-none-eabi-gcc/bin/../lib/gcc/arm-none-eabi/6.3.1/../../../../arm-none-eabi/lib/thumb\libg.a(lib_a-errno.o)
                0x000030c0                __errno
 *fill*         0x000030cc        0x4 
 .text.__errno.__stub
                0x000030d0       0xb4 linker stubs
 *(.gnu.linkonce.t.*)
 *(.glue_7)
 .glue_7        0x00003188        0x0 linker stubs
 *(.glue_7t)
 .glue_7t       0x00003188        0x0 linker stubs
 *(.gcc_except_table)
 *(.rodata)
 .rodata        0x00003188       0xd1 obj/usart_console.o
                0x00003188                help_msg
 *(.rodata*)
 .rodata.str1.1
                0x00003259       0x12 obj/main.o
 .rodata.str1.1
                0x0000326b       0x37 obj/usart_console.o
                                 0x3a (size before relaxing)
 .rodata.str1.1
                0x000032a2       0x32 obj/timers.o
                                 0x34 (size before relaxing)
 .rodata.__utoa.str1.4
                0x000032d4       0x25 c:/arm-none-eabi-gcc/bin/../lib/gcc/arm-none-eabi/6.3.1/../../../../arm-none-eabi/lib/thumb\libc.a(lib_a-utoa.o)
 *fill*         0x000032f9        0x3 
 .rodata._setlocale_r.str1.4
                0x000032fc        0xa c:/arm-none-eabi-gcc/bin/../lib/gcc/arm-none-eabi/6.3.1/../../../../arm-none-eabi/lib/thumb\libc.a(lib_a-locale.o)
                                  0xd (size before relaxing)
 *fill*         0x00003306        0x2 
 .rodata.str1.4
                0x00003308        0x2 c:/arm-none-eabi-gcc/bin/../lib/gcc/arm-none-eabi/6.3.1/../../../../arm-none-eabi/lib/thumb\libc.a(lib_a-locale.o)
 *fill*         0x0000330a        0x2 
 .rodata._ctype_
                0x0000330c      0x101 c:/arm-none-eabi-gcc/bin/../lib/gcc/arm-none-eabi/6.3.1/../../../../arm-none-eabi/lib/thumb\libc.a(lib_a-ctype_.o)
                0x0000330c                _ctype_
 *fill*         0x0000340d        0x3 
 .rodata.sqrt.str1.4
                0x00003410        0x8 c:/arm-none-eabi-gcc/bin/../lib/gcc/arm-none-eabi/6.3.1/../../../../arm-none-eabi/lib/thumb\libm.a(lib_a-w_sqrt.o)
                                  0x5 (size before relaxing)
 *(.gnu.linkonce.r.*)

.vfp11_veneer   0x00003418        0x0
 .vfp11_veneer  0x00003418        0x0 linker stubs

.v4_bx          0x00003418        0x0
 .v4_bx         0x00003418        0x0 linker stubs

.iplt           0x00003418        0x0
 .iplt          0x00003418        0x0 obj/asmfunc.o

.rel.dyn        0x00003418        0x0
 .rel.iplt      0x00003418        0x0 obj/asmfunc.o

.ARM.excep
 *(.ARM.exidx*)
 *(.ARM.extab*)
                0x00003418                . = ALIGN (0x4)
                0x00003418                _etext = .
                0x00003418                _sidata = .

.data           0x40000000      0x5a0 load address 0x00003418
                0x40000000                . = ALIGN (0x4)
                0x40000000                _sdata = .
 *(.data)
 .data          0x40000000        0x2 obj/main.o
                0x40000000                conv_number
                0x40000001                channel
 *(.data.*)
 *fill*         0x40000002        0x2 
 .data._impure_ptr
                0x40000004        0x4 c:/arm-none-eabi-gcc/bin/../lib/gcc/arm-none-eabi/6.3.1/../../../../arm-none-eabi/lib/thumb\libc.a(lib_a-impure.o)
                0x40000004                _impure_ptr
 .data.impure_data
                0x40000008      0x428 c:/arm-none-eabi-gcc/bin/../lib/gcc/arm-none-eabi/6.3.1/../../../../arm-none-eabi/lib/thumb\libc.a(lib_a-impure.o)
 .data.__global_locale
                0x40000430      0x16c c:/arm-none-eabi-gcc/bin/../lib/gcc/arm-none-eabi/6.3.1/../../../../arm-none-eabi/lib/thumb\libc.a(lib_a-locale.o)
                0x40000430                __global_locale
 .data.__fdlib_version
                0x4000059c        0x1 c:/arm-none-eabi-gcc/bin/../lib/gcc/arm-none-eabi/6.3.1/../../../../arm-none-eabi/lib/thumb\libm.a(lib_a-s_lib_ver.o)
                0x4000059c                __fdlib_version
 *(.gnu.linkonce.d*)
                0x400005a0                . = ALIGN (0x4)
 *fill*         0x4000059d        0x3 
                0x400005a0                _edata = .

.igot.plt       0x400005a0        0x0 load address 0x000039b8
 .igot.plt      0x400005a0        0x0 obj/asmfunc.o

.bss            0x400005a0      0x224 load address 0x000039b8
                0x400005a0                . = ALIGN (0x4)
                0x400005a0                _sbss = .
 *(.bss)
 .bss           0x400005a0        0x2 obj/main.o
                0x400005a0                getflag
                0x400005a1                native
 .bss           0x400005a2      0x110 obj/uart23xx.o
                0x400005a2                rec_len
 *(.bss.*)
 *(.gnu.linkonce.b*)
 *(COMMON)
 *fill*         0x400006b2        0x6 
 COMMON         0x400006b8       0xd8 obj/main.o
                0x400006b8                volt_array
                0x40000720                curr_big
                0x40000728                curr
                0x4000072a                curr_array
                0x4000078e                volts
 COMMON         0x40000790       0x32 obj/uart23xx.o
                0x40000790                resiever
                0x400007c4                . = ALIGN (0x4)
 *fill*         0x400007c2        0x2 
                0x400007c4                _ebss = .

.stack          0x400007c4      0xa14 load address 0x00003bdc
                0x400007c8                . = ALIGN (0x8)
 *fill*         0x400007c4        0x4 
 *(.stack)
 *(.STACK)
 .STACK         0x400007c8      0xa10 obj/asmfunc.o
                0x400011d8                _estack = .
                0x400011d8                . = ALIGN (0x4)

.usbram         0x7fd00000        0x0
 *(.usbram)
                0x7fd00000                . = ALIGN (0x4)

.etherram       0x7fe00000        0x0
 *(.etherram)
                0x7fe00000                . = ALIGN (0x4)

.batteryram     0xe0084000        0x0
 *(.batteryram)
                0xe0084000                . = ALIGN (0x4)

.stab
 *(.stab)

.stabstr
 *(.stabstr)

.stab.excl
 *(.stab.excl)

.stab.exclstr
 *(.stab.exclstr)

.stab.index
 *(.stab.index)

.stab.indexstr
 *(.stab.indexstr)

.comment        0x00000000       0x7f
 *(.comment)
 .comment       0x00000000       0x7f obj/main.o
                                 0x80 (size before relaxing)
 .comment       0x0000007f       0x80 obj/interrupt.o
 .comment       0x0000007f       0x80 obj/uart23xx.o
 .comment       0x0000007f       0x80 obj/usart_console.o
 .comment       0x0000007f       0x80 obj/spi.o
 .comment       0x0000007f       0x80 obj/adc_dac.o
 .comment       0x0000007f       0x80 obj/timers.o

.HEAP           0x00000000        0x0
 .HEAP          0x00000000        0x0 obj/asmfunc.o

.ARM.attributes
                0x00000000       0x2e
 .ARM.attributes
                0x00000000       0x22 obj/asmfunc.o
 .ARM.attributes
                0x00000022       0x32 obj/main.o
 .ARM.attributes
                0x00000054       0x32 obj/interrupt.o
 .ARM.attributes
                0x00000086       0x32 obj/uart23xx.o
 .ARM.attributes
                0x000000b8       0x32 obj/usart_console.o
 .ARM.attributes
                0x000000ea       0x32 obj/spi.o
 .ARM.attributes
                0x0000011c       0x32 obj/adc_dac.o
 .ARM.attributes
                0x0000014e       0x32 obj/timers.o
 .ARM.attributes
                0x00000180       0x30 c:/arm-none-eabi-gcc/bin/../lib/gcc/arm-none-eabi/6.3.1/../../../../arm-none-eabi/lib/thumb\libc.a(lib_a-atoi.o)
 .ARM.attributes
                0x000001b0       0x30 c:/arm-none-eabi-gcc/bin/../lib/gcc/arm-none-eabi/6.3.1/../../../../arm-none-eabi/lib/thumb\libc.a(lib_a-itoa.o)
 .ARM.attributes
                0x000001e0       0x30 c:/arm-none-eabi-gcc/bin/../lib/gcc/arm-none-eabi/6.3.1/../../../../arm-none-eabi/lib/thumb\libc.a(lib_a-memset.o)
 .ARM.attributes
                0x00000210       0x30 c:/arm-none-eabi-gcc/bin/../lib/gcc/arm-none-eabi/6.3.1/../../../../arm-none-eabi/lib/thumb\libc.a(lib_a-strcat.o)
 .ARM.attributes
                0x00000240       0x30 c:/arm-none-eabi-gcc/bin/../lib/gcc/arm-none-eabi/6.3.1/../../../../arm-none-eabi/lib/thumb\libc.a(lib_a-strcpy.o)
 .ARM.attributes
                0x00000270       0x30 c:/arm-none-eabi-gcc/bin/../lib/gcc/arm-none-eabi/6.3.1/../../../../arm-none-eabi/lib/thumb\libc.a(lib_a-strlen-stub.o)
 .ARM.attributes
                0x000002a0       0x30 c:/arm-none-eabi-gcc/bin/../lib/gcc/arm-none-eabi/6.3.1/../../../../arm-none-eabi/lib/thumb\libc.a(lib_a-strncmp.o)
 .ARM.attributes
                0x000002d0       0x30 c:/arm-none-eabi-gcc/bin/../lib/gcc/arm-none-eabi/6.3.1/../../../../arm-none-eabi/lib/thumb\libc.a(lib_a-strtol.o)
 .ARM.attributes
                0x00000300       0x30 c:/arm-none-eabi-gcc/bin/../lib/gcc/arm-none-eabi/6.3.1/../../../../arm-none-eabi/lib/thumb\libc.a(lib_a-utoa.o)
 .ARM.attributes
                0x00000330       0x30 c:/arm-none-eabi-gcc/bin/../lib/gcc/arm-none-eabi/6.3.1/../../../../arm-none-eabi/lib/thumb\libc.a(lib_a-impure.o)
 .ARM.attributes
                0x00000360       0x30 c:/arm-none-eabi-gcc/bin/../lib/gcc/arm-none-eabi/6.3.1/../../../../arm-none-eabi/lib/thumb\libc.a(lib_a-locale.o)
 .ARM.attributes
                0x00000390       0x30 c:/arm-none-eabi-gcc/bin/../lib/gcc/arm-none-eabi/6.3.1/../../../../arm-none-eabi/lib/thumb\libc.a(lib_a-mbtowc_r.o)
 .ARM.attributes
                0x000003c0       0x30 c:/arm-none-eabi-gcc/bin/../lib/gcc/arm-none-eabi/6.3.1/../../../../arm-none-eabi/lib/thumb\libc.a(lib_a-wctomb_r.o)
 .ARM.attributes
                0x000003f0       0x30 c:/arm-none-eabi-gcc/bin/../lib/gcc/arm-none-eabi/6.3.1/../../../../arm-none-eabi/lib/thumb\libc.a(lib_a-ctype_.o)
 .ARM.attributes
                0x00000420       0x18 c:/arm-none-eabi-gcc/bin/../lib/gcc/arm-none-eabi/6.3.1/thumb\libgcc.a(_udivsi3.o)
 .ARM.attributes
                0x00000438       0x16 c:/arm-none-eabi-gcc/bin/../lib/gcc/arm-none-eabi/6.3.1/thumb\libgcc.a(_dvmd_tls.o)
 .ARM.attributes
                0x0000044e       0x18 c:/arm-none-eabi-gcc/bin/../lib/gcc/arm-none-eabi/6.3.1/thumb\libgcc.a(_arm_addsubdf3.o)
 .ARM.attributes
                0x00000466       0x18 c:/arm-none-eabi-gcc/bin/../lib/gcc/arm-none-eabi/6.3.1/thumb\libgcc.a(_arm_muldivdf3.o)
 .ARM.attributes
                0x0000047e       0x18 c:/arm-none-eabi-gcc/bin/../lib/gcc/arm-none-eabi/6.3.1/thumb\libgcc.a(_arm_fixdfsi.o)
 .ARM.attributes
                0x00000496       0x18 c:/arm-none-eabi-gcc/bin/../lib/gcc/arm-none-eabi/6.3.1/thumb\libgcc.a(_arm_truncdfsf2.o)
 .ARM.attributes
                0x000004ae       0x18 c:/arm-none-eabi-gcc/bin/../lib/gcc/arm-none-eabi/6.3.1/thumb\libgcc.a(_arm_addsubsf3.o)
 .ARM.attributes
                0x000004c6       0x18 c:/arm-none-eabi-gcc/bin/../lib/gcc/arm-none-eabi/6.3.1/thumb\libgcc.a(_arm_muldivsf3.o)
 .ARM.attributes
                0x000004de       0x18 c:/arm-none-eabi-gcc/bin/../lib/gcc/arm-none-eabi/6.3.1/thumb\libgcc.a(_arm_cmpsf2.o)
 .ARM.attributes
                0x000004f6       0x18 c:/arm-none-eabi-gcc/bin/../lib/gcc/arm-none-eabi/6.3.1/thumb\libgcc.a(_arm_fixsfsi.o)
 .ARM.attributes
                0x0000050e       0x18 c:/arm-none-eabi-gcc/bin/../lib/gcc/arm-none-eabi/6.3.1/thumb\libgcc.a(_arm_fixunssfsi.o)
 .ARM.attributes
                0x00000526       0x30 c:/arm-none-eabi-gcc/bin/../lib/gcc/arm-none-eabi/6.3.1/../../../../arm-none-eabi/lib/thumb\libm.a(lib_a-w_sqrt.o)
 .ARM.attributes
                0x00000556       0x30 c:/arm-none-eabi-gcc/bin/../lib/gcc/arm-none-eabi/6.3.1/../../../../arm-none-eabi/lib/thumb\libm.a(lib_a-e_sqrt.o)
 .ARM.attributes
                0x00000586       0x30 c:/arm-none-eabi-gcc/bin/../lib/gcc/arm-none-eabi/6.3.1/../../../../arm-none-eabi/lib/thumb\libm.a(lib_a-s_lib_ver.o)
 .ARM.attributes
                0x000005b6       0x30 c:/arm-none-eabi-gcc/bin/../lib/gcc/arm-none-eabi/6.3.1/../../../../arm-none-eabi/lib/thumb\libm.a(lib_a-s_matherr.o)
 .ARM.attributes
                0x000005e6       0x18 c:/arm-none-eabi-gcc/bin/../lib/gcc/arm-none-eabi/6.3.1/thumb\libgcc.a(_arm_cmpdf2.o)
 .ARM.attributes
                0x000005fe       0x18 c:/arm-none-eabi-gcc/bin/../lib/gcc/arm-none-eabi/6.3.1/thumb\libgcc.a(_arm_unorddf2.o)
 .ARM.attributes
                0x00000616       0x30 c:/arm-none-eabi-gcc/bin/../lib/gcc/arm-none-eabi/6.3.1/../../../../arm-none-eabi/lib/thumb\libg.a(lib_a-errno.o)

.debug
 *(.debug)

.line
 *(.line)

.debug_srcinfo
 *(.debug_srcinfo)

.debug_sfnames
 *(.debug_sfnames)

.debug_aranges  0x00000000      0x110
 *(.debug_aranges)
 .debug_aranges
                0x00000000       0x28 obj/asmfunc.o
 .debug_aranges
                0x00000028       0x28 obj/main.o
 .debug_aranges
                0x00000050       0x20 obj/interrupt.o
 .debug_aranges
                0x00000070       0x20 obj/uart23xx.o
 .debug_aranges
                0x00000090       0x20 obj/usart_console.o
 .debug_aranges
                0x000000b0       0x20 obj/spi.o
 .debug_aranges
                0x000000d0       0x20 obj/adc_dac.o
 .debug_aranges
                0x000000f0       0x20 obj/timers.o

.debug_pubnames
 *(.debug_pubnames)

.debug_info     0x00000000     0x4335
 *(.debug_info .gnu.linkonce.wi.*)
 .debug_info    0x00000000       0x66 obj/asmfunc.o
 .debug_info    0x00000066      0xc86 obj/main.o
 .debug_info    0x00000cec      0x137 obj/interrupt.o
 .debug_info    0x00000e23      0xc12 obj/uart23xx.o
 .debug_info    0x00001a35     0x10e1 obj/usart_console.o
 .debug_info    0x00002b16      0x2ee obj/spi.o
 .debug_info    0x00002e04      0x2bb obj/adc_dac.o
 .debug_info    0x000030bf     0x1276 obj/timers.o

.debug_abbrev   0x00000000      0xdab
 *(.debug_abbrev)
 .debug_abbrev  0x00000000       0x12 obj/asmfunc.o
 .debug_abbrev  0x00000012      0x261 obj/main.o
 .debug_abbrev  0x00000273       0x8a obj/interrupt.o
 .debug_abbrev  0x000002fd      0x254 obj/uart23xx.o
 .debug_abbrev  0x00000551      0x2df obj/usart_console.o
 .debug_abbrev  0x00000830       0xb2 obj/spi.o
 .debug_abbrev  0x000008e2      0x131 obj/adc_dac.o
 .debug_abbrev  0x00000a13      0x398 obj/timers.o

.debug_line     0x00000000      0xc9a
 *(.debug_line)
 .debug_line    0x00000000      0x12b obj/asmfunc.o
 .debug_line    0x0000012b      0x1eb obj/main.o
 .debug_line    0x00000316       0x4f obj/interrupt.o
 .debug_line    0x00000365      0x1b1 obj/uart23xx.o
 .debug_line    0x00000516      0x25c obj/usart_console.o
 .debug_line    0x00000772      0x15a obj/spi.o
 .debug_line    0x000008cc       0xfd obj/adc_dac.o
 .debug_line    0x000009c9      0x2d1 obj/timers.o

.debug_frame    0x00000000      0xc80
 *(.debug_frame)
 .debug_frame   0x00000000       0x94 obj/main.o
 .debug_frame   0x00000094       0x80 obj/interrupt.o
 .debug_frame   0x00000114       0x7c obj/uart23xx.o
 .debug_frame   0x00000190       0xac obj/usart_console.o
 .debug_frame   0x0000023c       0xc0 obj/spi.o
 .debug_frame   0x000002fc       0x84 obj/adc_dac.o
 .debug_frame   0x00000380      0x150 obj/timers.o
 .debug_frame   0x000004d0       0x40 c:/arm-none-eabi-gcc/bin/../lib/gcc/arm-none-eabi/6.3.1/../../../../arm-none-eabi/lib/thumb\libc.a(lib_a-atoi.o)
 .debug_frame   0x00000510       0x40 c:/arm-none-eabi-gcc/bin/../lib/gcc/arm-none-eabi/6.3.1/../../../../arm-none-eabi/lib/thumb\libc.a(lib_a-itoa.o)
 .debug_frame   0x00000550       0x30 c:/arm-none-eabi-gcc/bin/../lib/gcc/arm-none-eabi/6.3.1/../../../../arm-none-eabi/lib/thumb\libc.a(lib_a-memset.o)
 .debug_frame   0x00000580       0x2c c:/arm-none-eabi-gcc/bin/../lib/gcc/arm-none-eabi/6.3.1/../../../../arm-none-eabi/lib/thumb\libc.a(lib_a-strcat.o)
 .debug_frame   0x000005ac       0x20 c:/arm-none-eabi-gcc/bin/../lib/gcc/arm-none-eabi/6.3.1/../../../../arm-none-eabi/lib/thumb\libc.a(lib_a-strcpy.o)
 .debug_frame   0x000005cc       0x28 c:/arm-none-eabi-gcc/bin/../lib/gcc/arm-none-eabi/6.3.1/../../../../arm-none-eabi/lib/thumb\libc.a(lib_a-strlen-stub.o)
 .debug_frame   0x000005f4       0x2c c:/arm-none-eabi-gcc/bin/../lib/gcc/arm-none-eabi/6.3.1/../../../../arm-none-eabi/lib/thumb\libc.a(lib_a-strncmp.o)
 .debug_frame   0x00000620       0x90 c:/arm-none-eabi-gcc/bin/../lib/gcc/arm-none-eabi/6.3.1/../../../../arm-none-eabi/lib/thumb\libc.a(lib_a-strtol.o)
 .debug_frame   0x000006b0       0x54 c:/arm-none-eabi-gcc/bin/../lib/gcc/arm-none-eabi/6.3.1/../../../../arm-none-eabi/lib/thumb\libc.a(lib_a-utoa.o)
 .debug_frame   0x00000704       0x74 c:/arm-none-eabi-gcc/bin/../lib/gcc/arm-none-eabi/6.3.1/../../../../arm-none-eabi/lib/thumb\libc.a(lib_a-locale.o)
 .debug_frame   0x00000778       0x40 c:/arm-none-eabi-gcc/bin/../lib/gcc/arm-none-eabi/6.3.1/../../../../arm-none-eabi/lib/thumb\libc.a(lib_a-mbtowc_r.o)
 .debug_frame   0x000007b8       0x3c c:/arm-none-eabi-gcc/bin/../lib/gcc/arm-none-eabi/6.3.1/../../../../arm-none-eabi/lib/thumb\libc.a(lib_a-wctomb_r.o)
 .debug_frame   0x000007f4       0x20 c:/arm-none-eabi-gcc/bin/../lib/gcc/arm-none-eabi/6.3.1/thumb\libgcc.a(_udivsi3.o)
 .debug_frame   0x00000814       0xac c:/arm-none-eabi-gcc/bin/../lib/gcc/arm-none-eabi/6.3.1/thumb\libgcc.a(_arm_addsubdf3.o)
 .debug_frame   0x000008c0       0x50 c:/arm-none-eabi-gcc/bin/../lib/gcc/arm-none-eabi/6.3.1/thumb\libgcc.a(_arm_muldivdf3.o)
 .debug_frame   0x00000910       0x24 c:/arm-none-eabi-gcc/bin/../lib/gcc/arm-none-eabi/6.3.1/thumb\libgcc.a(_arm_fixdfsi.o)
 .debug_frame   0x00000934       0x24 c:/arm-none-eabi-gcc/bin/../lib/gcc/arm-none-eabi/6.3.1/thumb\libgcc.a(_arm_truncdfsf2.o)
 .debug_frame   0x00000958       0x4c c:/arm-none-eabi-gcc/bin/../lib/gcc/arm-none-eabi/6.3.1/thumb\libgcc.a(_arm_addsubsf3.o)
 .debug_frame   0x000009a4       0x38 c:/arm-none-eabi-gcc/bin/../lib/gcc/arm-none-eabi/6.3.1/thumb\libgcc.a(_arm_muldivsf3.o)
 .debug_frame   0x000009dc       0xc8 c:/arm-none-eabi-gcc/bin/../lib/gcc/arm-none-eabi/6.3.1/thumb\libgcc.a(_arm_cmpsf2.o)
 .debug_frame   0x00000aa4       0x24 c:/arm-none-eabi-gcc/bin/../lib/gcc/arm-none-eabi/6.3.1/thumb\libgcc.a(_arm_fixsfsi.o)
 .debug_frame   0x00000ac8       0x24 c:/arm-none-eabi-gcc/bin/../lib/gcc/arm-none-eabi/6.3.1/thumb\libgcc.a(_arm_fixunssfsi.o)
 .debug_frame   0x00000aec       0x38 c:/arm-none-eabi-gcc/bin/../lib/gcc/arm-none-eabi/6.3.1/../../../../arm-none-eabi/lib/thumb\libm.a(lib_a-w_sqrt.o)
 .debug_frame   0x00000b24       0x38 c:/arm-none-eabi-gcc/bin/../lib/gcc/arm-none-eabi/6.3.1/../../../../arm-none-eabi/lib/thumb\libm.a(lib_a-e_sqrt.o)
 .debug_frame   0x00000b5c       0x20 c:/arm-none-eabi-gcc/bin/../lib/gcc/arm-none-eabi/6.3.1/../../../../arm-none-eabi/lib/thumb\libm.a(lib_a-s_matherr.o)
 .debug_frame   0x00000b7c       0xc4 c:/arm-none-eabi-gcc/bin/../lib/gcc/arm-none-eabi/6.3.1/thumb\libgcc.a(_arm_cmpdf2.o)
 .debug_frame   0x00000c40       0x20 c:/arm-none-eabi-gcc/bin/../lib/gcc/arm-none-eabi/6.3.1/thumb\libgcc.a(_arm_unorddf2.o)
 .debug_frame   0x00000c60       0x20 c:/arm-none-eabi-gcc/bin/../lib/gcc/arm-none-eabi/6.3.1/../../../../arm-none-eabi/lib/thumb\libg.a(lib_a-errno.o)

.debug_str      0x00000000      0x971
 *(.debug_str)
 .debug_str     0x00000000      0x5eb obj/main.o
                                0x671 (size before relaxing)
 .debug_str     0x000005eb       0x4b obj/interrupt.o
                                0x12f (size before relaxing)
 .debug_str     0x00000636       0x6c obj/uart23xx.o
                                0x603 (size before relaxing)
 .debug_str     0x000006a2       0xf4 obj/usart_console.o
                                0x6e9 (size before relaxing)
 .debug_str     0x00000796       0x94 obj/spi.o
                                0x232 (size before relaxing)
 .debug_str     0x0000082a       0x3c obj/adc_dac.o
                                0x1fe (size before relaxing)
 .debug_str     0x00000866      0x10b obj/timers.o
                                0x7bc (size before relaxing)

.debug_loc      0x00000000     0x1323
 *(.debug_loc)
 .debug_loc     0x00000000       0xfc obj/main.o
 .debug_loc     0x000000fc      0x114 obj/uart23xx.o
 .debug_loc     0x00000210      0x653 obj/usart_console.o
 .debug_loc     0x00000863      0x4ce obj/spi.o
 .debug_loc     0x00000d31       0xd5 obj/adc_dac.o
 .debug_loc     0x00000e06      0x51d obj/timers.o

.debug_macinfo
 *(.debug_macinfo)

.debug_weaknames
 *(.debug_weaknames)

.debug_funcnames
 *(.debug_funcnames)

.debug_typenames
 *(.debug_typenames)

.debug_varnames
 *(.debug_varnames)
OUTPUT(obj/zond_cvc.elf elf32-littlearm)

.debug_ranges   0x00000000       0x98
 .debug_ranges  0x00000000       0x20 obj/asmfunc.o
 .debug_ranges  0x00000020       0x18 obj/main.o
 .debug_ranges  0x00000038       0x48 obj/usart_console.o
 .debug_ranges  0x00000080       0x18 obj/timers.o

Cross Reference Table

Symbol                                            File
ClearVector                                       obj/interrupt.o
                                                  obj/main.o
Copy_al2un                                        obj/asmfunc.o
Copy_un2al                                        obj/asmfunc.o
Delay                                             obj/adc_dac.o
Exit_Main                                         obj/init_cpu.o
Index                                             obj/usart_console.o
Init_CPU                                          obj/init_cpu.o
Init_Clocks                                       obj/init_cpu.o
Init_MAM                                          obj/init_cpu.o
Init_Modules                                      obj/init_cpu.o
Init_Pins                                         obj/init_cpu.o
Init_Wait                                         obj/init_cpu.o
IrqDisable                                        obj/interrupt.o
IrqEnable                                         obj/interrupt.o
                                                  obj/main.o
Isr_TIM0                                          obj/timers.o
Isr_UART0                                         obj/uart23xx.o
LoadFiqRegs                                       obj/interrupt.o
RegisterIrq                                       obj/interrupt.o
                                                  obj/timers.o
                                                  obj/uart23xx.o
RxCount                                           obj/usart_console.o
SPI0_send_1_byte                                  obj/spi.o
                                                  obj/timers.o
                                                  obj/adc_dac.o
SPI0_send_2_byte                                  obj/spi.o
                                                  obj/timers.o
                                                  obj/adc_dac.o
                                                  obj/usart_console.o
SPI_ADC_data_transfers_16bit                      obj/spi.o
SPI_ADC_data_transfers_8bit                       obj/spi.o
SPI_DAC_data_transfers_16bit                      obj/spi.o
SPI_DAC_data_transfers_8bit                       obj/spi.o
SelectFiq                                         obj/interrupt.o
StoreFiqRegs                                      obj/interrupt.o
UART0_send                                        obj/usart_console.o
                                                  obj/timers.o
                                                  obj/main.o
UART0_send_byte                                   obj/usart_console.o
_PathLocale                                       c:/arm-none-eabi-gcc/bin/../lib/gcc/arm-none-eabi/6.3.1/../../../../arm-none-eabi/lib/thumb\libc.a(lib_a-locale.o)
__adddf3                                          c:/arm-none-eabi-gcc/bin/../lib/gcc/arm-none-eabi/6.3.1/thumb\libgcc.a(_arm_addsubdf3.o)
__addsf3                                          c:/arm-none-eabi-gcc/bin/../lib/gcc/arm-none-eabi/6.3.1/thumb\libgcc.a(_arm_addsubsf3.o)
__aeabi_cdcmpeq                                   c:/arm-none-eabi-gcc/bin/../lib/gcc/arm-none-eabi/6.3.1/thumb\libgcc.a(_arm_cmpdf2.o)
__aeabi_cdcmple                                   c:/arm-none-eabi-gcc/bin/../lib/gcc/arm-none-eabi/6.3.1/thumb\libgcc.a(_arm_cmpdf2.o)
__aeabi_cdrcmple                                  c:/arm-none-eabi-gcc/bin/../lib/gcc/arm-none-eabi/6.3.1/thumb\libgcc.a(_arm_cmpdf2.o)
__aeabi_cfcmpeq                                   c:/arm-none-eabi-gcc/bin/../lib/gcc/arm-none-eabi/6.3.1/thumb\libgcc.a(_arm_cmpsf2.o)
__aeabi_cfcmple                                   c:/arm-none-eabi-gcc/bin/../lib/gcc/arm-none-eabi/6.3.1/thumb\libgcc.a(_arm_cmpsf2.o)
__aeabi_cfrcmple                                  c:/arm-none-eabi-gcc/bin/../lib/gcc/arm-none-eabi/6.3.1/thumb\libgcc.a(_arm_cmpsf2.o)
__aeabi_d2f                                       c:/arm-none-eabi-gcc/bin/../lib/gcc/arm-none-eabi/6.3.1/thumb\libgcc.a(_arm_truncdfsf2.o)
                                                  obj/timers.o
__aeabi_d2iz                                      c:/arm-none-eabi-gcc/bin/../lib/gcc/arm-none-eabi/6.3.1/thumb\libgcc.a(_arm_fixdfsi.o)
                                                  obj/usart_console.o
__aeabi_dadd                                      c:/arm-none-eabi-gcc/bin/../lib/gcc/arm-none-eabi/6.3.1/thumb\libgcc.a(_arm_addsubdf3.o)
                                                  c:/arm-none-eabi-gcc/bin/../lib/gcc/arm-none-eabi/6.3.1/../../../../arm-none-eabi/lib/thumb\libm.a(lib_a-e_sqrt.o)
                                                  obj/timers.o
                                                  obj/usart_console.o
__aeabi_dcmpeq                                    c:/arm-none-eabi-gcc/bin/../lib/gcc/arm-none-eabi/6.3.1/thumb\libgcc.a(_arm_cmpdf2.o)
__aeabi_dcmpge                                    c:/arm-none-eabi-gcc/bin/../lib/gcc/arm-none-eabi/6.3.1/thumb\libgcc.a(_arm_cmpdf2.o)
__aeabi_dcmpgt                                    c:/arm-none-eabi-gcc/bin/../lib/gcc/arm-none-eabi/6.3.1/thumb\libgcc.a(_arm_cmpdf2.o)
__aeabi_dcmple                                    c:/arm-none-eabi-gcc/bin/../lib/gcc/arm-none-eabi/6.3.1/thumb\libgcc.a(_arm_cmpdf2.o)
__aeabi_dcmplt                                    c:/arm-none-eabi-gcc/bin/../lib/gcc/arm-none-eabi/6.3.1/thumb\libgcc.a(_arm_cmpdf2.o)
                                                  c:/arm-none-eabi-gcc/bin/../lib/gcc/arm-none-eabi/6.3.1/../../../../arm-none-eabi/lib/thumb\libm.a(lib_a-w_sqrt.o)
__aeabi_dcmpun                                    c:/arm-none-eabi-gcc/bin/../lib/gcc/arm-none-eabi/6.3.1/thumb\libgcc.a(_arm_unorddf2.o)
                                                  c:/arm-none-eabi-gcc/bin/../lib/gcc/arm-none-eabi/6.3.1/../../../../arm-none-eabi/lib/thumb\libm.a(lib_a-w_sqrt.o)
__aeabi_ddiv                                      c:/arm-none-eabi-gcc/bin/../lib/gcc/arm-none-eabi/6.3.1/thumb\libgcc.a(_arm_muldivdf3.o)
                                                  c:/arm-none-eabi-gcc/bin/../lib/gcc/arm-none-eabi/6.3.1/../../../../arm-none-eabi/lib/thumb\libm.a(lib_a-e_sqrt.o)
                                                  c:/arm-none-eabi-gcc/bin/../lib/gcc/arm-none-eabi/6.3.1/../../../../arm-none-eabi/lib/thumb\libm.a(lib_a-w_sqrt.o)
                                                  obj/timers.o
                                                  obj/usart_console.o
__aeabi_dmul                                      c:/arm-none-eabi-gcc/bin/../lib/gcc/arm-none-eabi/6.3.1/thumb\libgcc.a(_arm_muldivdf3.o)
                                                  c:/arm-none-eabi-gcc/bin/../lib/gcc/arm-none-eabi/6.3.1/../../../../arm-none-eabi/lib/thumb\libm.a(lib_a-e_sqrt.o)
                                                  obj/timers.o
                                                  obj/usart_console.o
__aeabi_drsub                                     c:/arm-none-eabi-gcc/bin/../lib/gcc/arm-none-eabi/6.3.1/thumb\libgcc.a(_arm_addsubdf3.o)
__aeabi_dsub                                      c:/arm-none-eabi-gcc/bin/../lib/gcc/arm-none-eabi/6.3.1/thumb\libgcc.a(_arm_addsubdf3.o)
                                                  c:/arm-none-eabi-gcc/bin/../lib/gcc/arm-none-eabi/6.3.1/../../../../arm-none-eabi/lib/thumb\libm.a(lib_a-e_sqrt.o)
__aeabi_f2d                                       c:/arm-none-eabi-gcc/bin/../lib/gcc/arm-none-eabi/6.3.1/thumb\libgcc.a(_arm_addsubdf3.o)
                                                  obj/timers.o
__aeabi_f2iz                                      c:/arm-none-eabi-gcc/bin/../lib/gcc/arm-none-eabi/6.3.1/thumb\libgcc.a(_arm_fixsfsi.o)
                                                  obj/timers.o
__aeabi_f2uiz                                     c:/arm-none-eabi-gcc/bin/../lib/gcc/arm-none-eabi/6.3.1/thumb\libgcc.a(_arm_fixunssfsi.o)
                                                  obj/timers.o
__aeabi_fadd                                      c:/arm-none-eabi-gcc/bin/../lib/gcc/arm-none-eabi/6.3.1/thumb\libgcc.a(_arm_addsubsf3.o)
                                                  obj/timers.o
__aeabi_fcmpeq                                    c:/arm-none-eabi-gcc/bin/../lib/gcc/arm-none-eabi/6.3.1/thumb\libgcc.a(_arm_cmpsf2.o)
__aeabi_fcmpge                                    c:/arm-none-eabi-gcc/bin/../lib/gcc/arm-none-eabi/6.3.1/thumb\libgcc.a(_arm_cmpsf2.o)
__aeabi_fcmpgt                                    c:/arm-none-eabi-gcc/bin/../lib/gcc/arm-none-eabi/6.3.1/thumb\libgcc.a(_arm_cmpsf2.o)
                                                  obj/timers.o
__aeabi_fcmple                                    c:/arm-none-eabi-gcc/bin/../lib/gcc/arm-none-eabi/6.3.1/thumb\libgcc.a(_arm_cmpsf2.o)
__aeabi_fcmplt                                    c:/arm-none-eabi-gcc/bin/../lib/gcc/arm-none-eabi/6.3.1/thumb\libgcc.a(_arm_cmpsf2.o)
                                                  obj/timers.o
__aeabi_fdiv                                      c:/arm-none-eabi-gcc/bin/../lib/gcc/arm-none-eabi/6.3.1/thumb\libgcc.a(_arm_muldivsf3.o)
                                                  obj/timers.o
__aeabi_fmul                                      c:/arm-none-eabi-gcc/bin/../lib/gcc/arm-none-eabi/6.3.1/thumb\libgcc.a(_arm_muldivsf3.o)
                                                  obj/timers.o
__aeabi_frsub                                     c:/arm-none-eabi-gcc/bin/../lib/gcc/arm-none-eabi/6.3.1/thumb\libgcc.a(_arm_addsubsf3.o)
__aeabi_fsub                                      c:/arm-none-eabi-gcc/bin/../lib/gcc/arm-none-eabi/6.3.1/thumb\libgcc.a(_arm_addsubsf3.o)
                                                  obj/timers.o
__aeabi_i2d                                       c:/arm-none-eabi-gcc/bin/../lib/gcc/arm-none-eabi/6.3.1/thumb\libgcc.a(_arm_addsubdf3.o)
                                                  obj/timers.o
                                                  obj/usart_console.o
__aeabi_i2f                                       c:/arm-none-eabi-gcc/bin/../lib/gcc/arm-none-eabi/6.3.1/thumb\libgcc.a(_arm_addsubsf3.o)
                                                  obj/timers.o
__aeabi_idiv0                                     c:/arm-none-eabi-gcc/bin/../lib/gcc/arm-none-eabi/6.3.1/thumb\libgcc.a(_dvmd_tls.o)
                                                  c:/arm-none-eabi-gcc/bin/../lib/gcc/arm-none-eabi/6.3.1/thumb\libgcc.a(_udivsi3.o)
__aeabi_l2d                                       c:/arm-none-eabi-gcc/bin/../lib/gcc/arm-none-eabi/6.3.1/thumb\libgcc.a(_arm_addsubdf3.o)
__aeabi_l2f                                       c:/arm-none-eabi-gcc/bin/../lib/gcc/arm-none-eabi/6.3.1/thumb\libgcc.a(_arm_addsubsf3.o)
__aeabi_ldiv0                                     c:/arm-none-eabi-gcc/bin/../lib/gcc/arm-none-eabi/6.3.1/thumb\libgcc.a(_dvmd_tls.o)
__aeabi_ui2d                                      c:/arm-none-eabi-gcc/bin/../lib/gcc/arm-none-eabi/6.3.1/thumb\libgcc.a(_arm_addsubdf3.o)
__aeabi_ui2f                                      c:/arm-none-eabi-gcc/bin/../lib/gcc/arm-none-eabi/6.3.1/thumb\libgcc.a(_arm_addsubsf3.o)
__aeabi_uidiv                                     c:/arm-none-eabi-gcc/bin/../lib/gcc/arm-none-eabi/6.3.1/thumb\libgcc.a(_udivsi3.o)
                                                  c:/arm-none-eabi-gcc/bin/../lib/gcc/arm-none-eabi/6.3.1/../../../../arm-none-eabi/lib/thumb\libc.a(lib_a-utoa.o)
                                                  c:/arm-none-eabi-gcc/bin/../lib/gcc/arm-none-eabi/6.3.1/../../../../arm-none-eabi/lib/thumb\libc.a(lib_a-strtol.o)
__aeabi_uidivmod                                  c:/arm-none-eabi-gcc/bin/../lib/gcc/arm-none-eabi/6.3.1/thumb\libgcc.a(_udivsi3.o)
                                                  c:/arm-none-eabi-gcc/bin/../lib/gcc/arm-none-eabi/6.3.1/../../../../arm-none-eabi/lib/thumb\libc.a(lib_a-utoa.o)
                                                  c:/arm-none-eabi-gcc/bin/../lib/gcc/arm-none-eabi/6.3.1/../../../../arm-none-eabi/lib/thumb\libc.a(lib_a-strtol.o)
__aeabi_ul2d                                      c:/arm-none-eabi-gcc/bin/../lib/gcc/arm-none-eabi/6.3.1/thumb\libgcc.a(_arm_addsubdf3.o)
__aeabi_ul2f                                      c:/arm-none-eabi-gcc/bin/../lib/gcc/arm-none-eabi/6.3.1/thumb\libgcc.a(_arm_addsubsf3.o)
__ascii_mbtowc                                    c:/arm-none-eabi-gcc/bin/../lib/gcc/arm-none-eabi/6.3.1/../../../../arm-none-eabi/lib/thumb\libc.a(lib_a-mbtowc_r.o)
                                                  c:/arm-none-eabi-gcc/bin/../lib/gcc/arm-none-eabi/6.3.1/../../../../arm-none-eabi/lib/thumb\libc.a(lib_a-locale.o)
__ascii_wctomb                                    c:/arm-none-eabi-gcc/bin/../lib/gcc/arm-none-eabi/6.3.1/../../../../arm-none-eabi/lib/thumb\libc.a(lib_a-wctomb_r.o)
                                                  c:/arm-none-eabi-gcc/bin/../lib/gcc/arm-none-eabi/6.3.1/../../../../arm-none-eabi/lib/thumb\libc.a(lib_a-locale.o)
__cmpdf2                                          c:/arm-none-eabi-gcc/bin/../lib/gcc/arm-none-eabi/6.3.1/thumb\libgcc.a(_arm_cmpdf2.o)
__cmpsf2                                          c:/arm-none-eabi-gcc/bin/../lib/gcc/arm-none-eabi/6.3.1/thumb\libgcc.a(_arm_cmpsf2.o)
__divdf3                                          c:/arm-none-eabi-gcc/bin/../lib/gcc/arm-none-eabi/6.3.1/thumb\libgcc.a(_arm_muldivdf3.o)
__divsf3                                          c:/arm-none-eabi-gcc/bin/../lib/gcc/arm-none-eabi/6.3.1/thumb\libgcc.a(_arm_muldivsf3.o)
__eqdf2                                           c:/arm-none-eabi-gcc/bin/../lib/gcc/arm-none-eabi/6.3.1/thumb\libgcc.a(_arm_cmpdf2.o)
__eqsf2                                           c:/arm-none-eabi-gcc/bin/../lib/gcc/arm-none-eabi/6.3.1/thumb\libgcc.a(_arm_cmpsf2.o)
__errno                                           c:/arm-none-eabi-gcc/bin/../lib/gcc/arm-none-eabi/6.3.1/../../../../arm-none-eabi/lib/thumb\libg.a(lib_a-errno.o)
                                                  c:/arm-none-eabi-gcc/bin/../lib/gcc/arm-none-eabi/6.3.1/../../../../arm-none-eabi/lib/thumb\libm.a(lib_a-w_sqrt.o)
__extendsfdf2                                     c:/arm-none-eabi-gcc/bin/../lib/gcc/arm-none-eabi/6.3.1/thumb\libgcc.a(_arm_addsubdf3.o)
__fdlib_version                                   c:/arm-none-eabi-gcc/bin/../lib/gcc/arm-none-eabi/6.3.1/../../../../arm-none-eabi/lib/thumb\libm.a(lib_a-s_lib_ver.o)
                                                  c:/arm-none-eabi-gcc/bin/../lib/gcc/arm-none-eabi/6.3.1/../../../../arm-none-eabi/lib/thumb\libm.a(lib_a-w_sqrt.o)
__fixdfsi                                         c:/arm-none-eabi-gcc/bin/../lib/gcc/arm-none-eabi/6.3.1/thumb\libgcc.a(_arm_fixdfsi.o)
__fixsfsi                                         c:/arm-none-eabi-gcc/bin/../lib/gcc/arm-none-eabi/6.3.1/thumb\libgcc.a(_arm_fixsfsi.o)
__fixunssfsi                                      c:/arm-none-eabi-gcc/bin/../lib/gcc/arm-none-eabi/6.3.1/thumb\libgcc.a(_arm_fixunssfsi.o)
__floatdidf                                       c:/arm-none-eabi-gcc/bin/../lib/gcc/arm-none-eabi/6.3.1/thumb\libgcc.a(_arm_addsubdf3.o)
__floatdisf                                       c:/arm-none-eabi-gcc/bin/../lib/gcc/arm-none-eabi/6.3.1/thumb\libgcc.a(_arm_addsubsf3.o)
__floatsidf                                       c:/arm-none-eabi-gcc/bin/../lib/gcc/arm-none-eabi/6.3.1/thumb\libgcc.a(_arm_addsubdf3.o)
__floatsisf                                       c:/arm-none-eabi-gcc/bin/../lib/gcc/arm-none-eabi/6.3.1/thumb\libgcc.a(_arm_addsubsf3.o)
__floatundidf                                     c:/arm-none-eabi-gcc/bin/../lib/gcc/arm-none-eabi/6.3.1/thumb\libgcc.a(_arm_addsubdf3.o)
__floatundisf                                     c:/arm-none-eabi-gcc/bin/../lib/gcc/arm-none-eabi/6.3.1/thumb\libgcc.a(_arm_addsubsf3.o)
__floatunsidf                                     c:/arm-none-eabi-gcc/bin/../lib/gcc/arm-none-eabi/6.3.1/thumb\libgcc.a(_arm_addsubdf3.o)
__floatunsisf                                     c:/arm-none-eabi-gcc/bin/../lib/gcc/arm-none-eabi/6.3.1/thumb\libgcc.a(_arm_addsubsf3.o)
__gedf2                                           c:/arm-none-eabi-gcc/bin/../lib/gcc/arm-none-eabi/6.3.1/thumb\libgcc.a(_arm_cmpdf2.o)
__gesf2                                           c:/arm-none-eabi-gcc/bin/../lib/gcc/arm-none-eabi/6.3.1/thumb\libgcc.a(_arm_cmpsf2.o)
__global_locale                                   c:/arm-none-eabi-gcc/bin/../lib/gcc/arm-none-eabi/6.3.1/../../../../arm-none-eabi/lib/thumb\libc.a(lib_a-locale.o)
                                                  c:/arm-none-eabi-gcc/bin/../lib/gcc/arm-none-eabi/6.3.1/../../../../arm-none-eabi/lib/thumb\libc.a(lib_a-wctomb_r.o)
                                                  c:/arm-none-eabi-gcc/bin/../lib/gcc/arm-none-eabi/6.3.1/../../../../arm-none-eabi/lib/thumb\libc.a(lib_a-mbtowc_r.o)
                                                  c:/arm-none-eabi-gcc/bin/../lib/gcc/arm-none-eabi/6.3.1/../../../../arm-none-eabi/lib/thumb\libc.a(lib_a-strtol.o)
__gtdf2                                           c:/arm-none-eabi-gcc/bin/../lib/gcc/arm-none-eabi/6.3.1/thumb\libgcc.a(_arm_cmpdf2.o)
__gtsf2                                           c:/arm-none-eabi-gcc/bin/../lib/gcc/arm-none-eabi/6.3.1/thumb\libgcc.a(_arm_cmpsf2.o)
__ieee754_sqrt                                    c:/arm-none-eabi-gcc/bin/../lib/gcc/arm-none-eabi/6.3.1/../../../../arm-none-eabi/lib/thumb\libm.a(lib_a-e_sqrt.o)
                                                  c:/arm-none-eabi-gcc/bin/../lib/gcc/arm-none-eabi/6.3.1/../../../../arm-none-eabi/lib/thumb\libm.a(lib_a-w_sqrt.o)
__itoa                                            c:/arm-none-eabi-gcc/bin/../lib/gcc/arm-none-eabi/6.3.1/../../../../arm-none-eabi/lib/thumb\libc.a(lib_a-itoa.o)
__ledf2                                           c:/arm-none-eabi-gcc/bin/../lib/gcc/arm-none-eabi/6.3.1/thumb\libgcc.a(_arm_cmpdf2.o)
__lesf2                                           c:/arm-none-eabi-gcc/bin/../lib/gcc/arm-none-eabi/6.3.1/thumb\libgcc.a(_arm_cmpsf2.o)
__locale_ctype_ptr                                c:/arm-none-eabi-gcc/bin/../lib/gcc/arm-none-eabi/6.3.1/../../../../arm-none-eabi/lib/thumb\libc.a(lib_a-locale.o)
__locale_ctype_ptr_l                              c:/arm-none-eabi-gcc/bin/../lib/gcc/arm-none-eabi/6.3.1/../../../../arm-none-eabi/lib/thumb\libc.a(lib_a-locale.o)
                                                  c:/arm-none-eabi-gcc/bin/../lib/gcc/arm-none-eabi/6.3.1/../../../../arm-none-eabi/lib/thumb\libc.a(lib_a-strtol.o)
__locale_mb_cur_max                               c:/arm-none-eabi-gcc/bin/../lib/gcc/arm-none-eabi/6.3.1/../../../../arm-none-eabi/lib/thumb\libc.a(lib_a-locale.o)
__ltdf2                                           c:/arm-none-eabi-gcc/bin/../lib/gcc/arm-none-eabi/6.3.1/thumb\libgcc.a(_arm_cmpdf2.o)
__ltsf2                                           c:/arm-none-eabi-gcc/bin/../lib/gcc/arm-none-eabi/6.3.1/thumb\libgcc.a(_arm_cmpsf2.o)
__muldf3                                          c:/arm-none-eabi-gcc/bin/../lib/gcc/arm-none-eabi/6.3.1/thumb\libgcc.a(_arm_muldivdf3.o)
__mulsf3                                          c:/arm-none-eabi-gcc/bin/../lib/gcc/arm-none-eabi/6.3.1/thumb\libgcc.a(_arm_muldivsf3.o)
__nedf2                                           c:/arm-none-eabi-gcc/bin/../lib/gcc/arm-none-eabi/6.3.1/thumb\libgcc.a(_arm_cmpdf2.o)
__nesf2                                           c:/arm-none-eabi-gcc/bin/../lib/gcc/arm-none-eabi/6.3.1/thumb\libgcc.a(_arm_cmpsf2.o)
__subdf3                                          c:/arm-none-eabi-gcc/bin/../lib/gcc/arm-none-eabi/6.3.1/thumb\libgcc.a(_arm_addsubdf3.o)
__subsf3                                          c:/arm-none-eabi-gcc/bin/../lib/gcc/arm-none-eabi/6.3.1/thumb\libgcc.a(_arm_addsubsf3.o)
__truncdfsf2                                      c:/arm-none-eabi-gcc/bin/../lib/gcc/arm-none-eabi/6.3.1/thumb\libgcc.a(_arm_truncdfsf2.o)
__udivsi3                                         c:/arm-none-eabi-gcc/bin/../lib/gcc/arm-none-eabi/6.3.1/thumb\libgcc.a(_udivsi3.o)
__unorddf2                                        c:/arm-none-eabi-gcc/bin/../lib/gcc/arm-none-eabi/6.3.1/thumb\libgcc.a(_arm_unorddf2.o)
__utoa                                            c:/arm-none-eabi-gcc/bin/../lib/gcc/arm-none-eabi/6.3.1/../../../../arm-none-eabi/lib/thumb\libc.a(lib_a-utoa.o)
                                                  c:/arm-none-eabi-gcc/bin/../lib/gcc/arm-none-eabi/6.3.1/../../../../arm-none-eabi/lib/thumb\libc.a(lib_a-itoa.o)
_atoi_r                                           c:/arm-none-eabi-gcc/bin/../lib/gcc/arm-none-eabi/6.3.1/../../../../arm-none-eabi/lib/thumb\libc.a(lib_a-atoi.o)
_ctype_                                           c:/arm-none-eabi-gcc/bin/../lib/gcc/arm-none-eabi/6.3.1/../../../../arm-none-eabi/lib/thumb\libc.a(lib_a-ctype_.o)
                                                  c:/arm-none-eabi-gcc/bin/../lib/gcc/arm-none-eabi/6.3.1/../../../../arm-none-eabi/lib/thumb\libc.a(lib_a-locale.o)
_ebss                                             obj/asmfunc.o
_edata                                            obj/asmfunc.o
_global_impure_ptr                                c:/arm-none-eabi-gcc/bin/../lib/gcc/arm-none-eabi/6.3.1/../../../../arm-none-eabi/lib/thumb\libc.a(lib_a-impure.o)
_impure_ptr                                       c:/arm-none-eabi-gcc/bin/../lib/gcc/arm-none-eabi/6.3.1/../../../../arm-none-eabi/lib/thumb\libc.a(lib_a-impure.o)
                                                  c:/arm-none-eabi-gcc/bin/../lib/gcc/arm-none-eabi/6.3.1/../../../../arm-none-eabi/lib/thumb\libg.a(lib_a-errno.o)
                                                  c:/arm-none-eabi-gcc/bin/../lib/gcc/arm-none-eabi/6.3.1/../../../../arm-none-eabi/lib/thumb\libc.a(lib_a-wctomb_r.o)
                                                  c:/arm-none-eabi-gcc/bin/../lib/gcc/arm-none-eabi/6.3.1/../../../../arm-none-eabi/lib/thumb\libc.a(lib_a-mbtowc_r.o)
                                                  c:/arm-none-eabi-gcc/bin/../lib/gcc/arm-none-eabi/6.3.1/../../../../arm-none-eabi/lib/thumb\libc.a(lib_a-locale.o)
                                                  c:/arm-none-eabi-gcc/bin/../lib/gcc/arm-none-eabi/6.3.1/../../../../arm-none-eabi/lib/thumb\libc.a(lib_a-strtol.o)
_mbtowc_r                                         c:/arm-none-eabi-gcc/bin/../lib/gcc/arm-none-eabi/6.3.1/../../../../arm-none-eabi/lib/thumb\libc.a(lib_a-mbtowc_r.o)
_sbss                                             obj/asmfunc.o
_sdata                                            obj/asmfunc.o
_setlocale_r                                      c:/arm-none-eabi-gcc/bin/../lib/gcc/arm-none-eabi/6.3.1/../../../../arm-none-eabi/lib/thumb\libc.a(lib_a-locale.o)
_sidata                                           obj/asmfunc.o
_strtol_r                                         c:/arm-none-eabi-gcc/bin/../lib/gcc/arm-none-eabi/6.3.1/../../../../arm-none-eabi/lib/thumb\libc.a(lib_a-strtol.o)
                                                  c:/arm-none-eabi-gcc/bin/../lib/gcc/arm-none-eabi/6.3.1/../../../../arm-none-eabi/lib/thumb\libc.a(lib_a-atoi.o)
_wctomb_r                                         c:/arm-none-eabi-gcc/bin/../lib/gcc/arm-none-eabi/6.3.1/../../../../arm-none-eabi/lib/thumb\libc.a(lib_a-wctomb_r.o)
adc_init                                          obj/adc_dac.o
                                                  obj/usart_console.o
                                                  obj/main.o
adc_read_current                                  obj/adc_dac.o
                                                  obj/timers.o
adc_read_voltage                                  obj/adc_dac.o
                                                  obj/timers.o
atof                                              obj/usart_console.o
atoi                                              c:/arm-none-eabi-gcc/bin/../lib/gcc/arm-none-eabi/6.3.1/../../../../arm-none-eabi/lib/thumb\libc.a(lib_a-atoi.o)
                                                  obj/usart_console.o
calculateSD                                       obj/timers.o
channel                                           obj/main.o
conv_number                                       obj/main.o
                                                  obj/timers.o
curr                                              obj/main.o
                                                  obj/timers.o
curr_array                                        obj/main.o
                                                  obj/timers.o
curr_big                                          obj/main.o
                                                  obj/timers.o
dac_set_voltage                                   obj/adc_dac.o
                                                  obj/usart_console.o
ftoa                                              obj/timers.o
getflag                                           obj/main.o
                                                  obj/timers.o
                                                  obj/usart_console.o
gpio_clear                                        obj/main.o
                                                  obj/timers.o
                                                  obj/usart_console.o
gpio_init                                         obj/main.o
gpio_set                                          obj/main.o
                                                  obj/timers.o
                                                  obj/usart_console.o
help_msg                                          obj/usart_console.o
hex_to_ascii                                      obj/usart_console.o
hex_to_int                                        obj/usart_console.o
itoa                                              c:/arm-none-eabi-gcc/bin/../lib/gcc/arm-none-eabi/6.3.1/../../../../arm-none-eabi/lib/thumb\libc.a(lib_a-itoa.o)
                                                  obj/timers.o
led_clear                                         obj/main.o
                                                  obj/timers.o
                                                  obj/usart_console.o
led_set                                           obj/main.o
                                                  obj/usart_console.o
main                                              obj/main.o
                                                  obj/asmfunc.o
matherr                                           c:/arm-none-eabi-gcc/bin/../lib/gcc/arm-none-eabi/6.3.1/../../../../arm-none-eabi/lib/thumb\libm.a(lib_a-s_matherr.o)
                                                  c:/arm-none-eabi-gcc/bin/../lib/gcc/arm-none-eabi/6.3.1/../../../../arm-none-eabi/lib/thumb\libm.a(lib_a-w_sqrt.o)
memset                                            c:/arm-none-eabi-gcc/bin/../lib/gcc/arm-none-eabi/6.3.1/../../../../arm-none-eabi/lib/thumb\libc.a(lib_a-memset.o)
                                                  obj/timers.o
native                                            obj/main.o
                                                  obj/timers.o
                                                  obj/usart_console.o
pll_init                                          obj/main.o
process_array                                     obj/timers.o
process_command                                   obj/usart_console.o
                                                  obj/uart23xx.o
read_curr                                         obj/timers.o
                                                  obj/adc_dac.o
read_volt                                         obj/timers.o
rec_len                                           obj/uart23xx.o
resiever                                          obj/uart23xx.o
send_results                                      obj/timers.o
setlocale                                         c:/arm-none-eabi-gcc/bin/../lib/gcc/arm-none-eabi/6.3.1/../../../../arm-none-eabi/lib/thumb\libc.a(lib_a-locale.o)
sqrt                                              c:/arm-none-eabi-gcc/bin/../lib/gcc/arm-none-eabi/6.3.1/../../../../arm-none-eabi/lib/thumb\libm.a(lib_a-w_sqrt.o)
                                                  obj/timers.o
strcat                                            c:/arm-none-eabi-gcc/bin/../lib/gcc/arm-none-eabi/6.3.1/../../../../arm-none-eabi/lib/thumb\libc.a(lib_a-strcat.o)
                                                  obj/timers.o
strcmp                                            c:/arm-none-eabi-gcc/bin/../lib/gcc/arm-none-eabi/6.3.1/../../../../arm-none-eabi/lib/thumb\libc.a(lib_a-strcmp.o)
                                                  c:/arm-none-eabi-gcc/bin/../lib/gcc/arm-none-eabi/6.3.1/../../../../arm-none-eabi/lib/thumb\libc.a(lib_a-locale.o)
strcpy                                            c:/arm-none-eabi-gcc/bin/../lib/gcc/arm-none-eabi/6.3.1/../../../../arm-none-eabi/lib/thumb\libc.a(lib_a-strcpy.o)
                                                  c:/arm-none-eabi-gcc/bin/../lib/gcc/arm-none-eabi/6.3.1/../../../../arm-none-eabi/lib/thumb\libc.a(lib_a-strcat.o)
strlen                                            c:/arm-none-eabi-gcc/bin/../lib/gcc/arm-none-eabi/6.3.1/../../../../arm-none-eabi/lib/thumb\libc.a(lib_a-strlen-stub.o)
                                                  obj/timers.o
strncmp                                           c:/arm-none-eabi-gcc/bin/../lib/gcc/arm-none-eabi/6.3.1/../../../../arm-none-eabi/lib/thumb\libc.a(lib_a-strncmp.o)
                                                  obj/usart_console.o
strtol                                            c:/arm-none-eabi-gcc/bin/../lib/gcc/arm-none-eabi/6.3.1/../../../../arm-none-eabi/lib/thumb\libc.a(lib_a-strtol.o)
                                                  c:/arm-none-eabi-gcc/bin/../lib/gcc/arm-none-eabi/6.3.1/../../../../arm-none-eabi/lib/thumb\libc.a(lib_a-atoi.o)
strtol_l                                          c:/arm-none-eabi-gcc/bin/../lib/gcc/arm-none-eabi/6.3.1/../../../../arm-none-eabi/lib/thumb\libc.a(lib_a-strtol.o)
timer0_init                                       obj/timers.o
                                                  obj/main.o
timer0_set_freq                                   obj/timers.o
                                                  obj/usart_console.o
timer0_start                                      obj/timers.o
                                                  obj/usart_console.o
timer0_stop                                       obj/timers.o
                                                  obj/usart_console.o
uart0_getc                                        obj/uart23xx.o
uart0_init                                        obj/uart23xx.o
                                                  obj/main.o
uart0_putc                                        obj/uart23xx.o
uart0_test                                        obj/uart23xx.o
utoa                                              c:/arm-none-eabi-gcc/bin/../lib/gcc/arm-none-eabi/6.3.1/../../../../arm-none-eabi/lib/thumb\libc.a(lib_a-utoa.o)
volt_array                                        obj/main.o
                                                  obj/timers.o
volts                                             obj/main.o
                                                  obj/timers.o
