Archive member included to satisfy reference by file (symbol)

/usr/lib/gcc/arm-none-eabi/4.9.3/../../../arm-none-eabi/lib/thumb/libc.a(lib_a-atoi.o)
                              obj/usart_console.o (atoi)
/usr/lib/gcc/arm-none-eabi/4.9.3/../../../arm-none-eabi/lib/thumb/libc.a(lib_a-itoa.o)
                              obj/timers.o (itoa)
/usr/lib/gcc/arm-none-eabi/4.9.3/../../../arm-none-eabi/lib/thumb/libc.a(lib_a-memset.o)
                              obj/timers.o (memset)
/usr/lib/gcc/arm-none-eabi/4.9.3/../../../arm-none-eabi/lib/thumb/libc.a(lib_a-strcat.o)
                              obj/timers.o (strcat)
/usr/lib/gcc/arm-none-eabi/4.9.3/../../../arm-none-eabi/lib/thumb/libc.a(lib_a-strcpy.o)
                              /usr/lib/gcc/arm-none-eabi/4.9.3/../../../arm-none-eabi/lib/thumb/libc.a(lib_a-strcat.o) (strcpy)
/usr/lib/gcc/arm-none-eabi/4.9.3/../../../arm-none-eabi/lib/thumb/libc.a(lib_a-strlen.o)
                              obj/timers.o (strlen)
/usr/lib/gcc/arm-none-eabi/4.9.3/../../../arm-none-eabi/lib/thumb/libc.a(lib_a-strncmp.o)
                              obj/usart_console.o (strncmp)
/usr/lib/gcc/arm-none-eabi/4.9.3/../../../arm-none-eabi/lib/thumb/libc.a(lib_a-strtol.o)
                              /usr/lib/gcc/arm-none-eabi/4.9.3/../../../arm-none-eabi/lib/thumb/libc.a(lib_a-atoi.o) (_strtol_r)
/usr/lib/gcc/arm-none-eabi/4.9.3/../../../arm-none-eabi/lib/thumb/libc.a(lib_a-utoa.o)
                              /usr/lib/gcc/arm-none-eabi/4.9.3/../../../arm-none-eabi/lib/thumb/libc.a(lib_a-itoa.o) (__utoa)
/usr/lib/gcc/arm-none-eabi/4.9.3/../../../arm-none-eabi/lib/thumb/libc.a(lib_a-ctype_.o)
                              /usr/lib/gcc/arm-none-eabi/4.9.3/../../../arm-none-eabi/lib/thumb/libc.a(lib_a-strtol.o) (__ctype_ptr__)
/usr/lib/gcc/arm-none-eabi/4.9.3/../../../arm-none-eabi/lib/thumb/libc.a(lib_a-impure.o)
                              /usr/lib/gcc/arm-none-eabi/4.9.3/../../../arm-none-eabi/lib/thumb/libc.a(lib_a-strtol.o) (_impure_ptr)
/usr/lib/gcc/arm-none-eabi/4.9.3/thumb/libgcc.a(_udivsi3.o)
                              /usr/lib/gcc/arm-none-eabi/4.9.3/../../../arm-none-eabi/lib/thumb/libc.a(lib_a-strtol.o) (__aeabi_uidiv)
/usr/lib/gcc/arm-none-eabi/4.9.3/thumb/libgcc.a(_dvmd_tls.o)
                              /usr/lib/gcc/arm-none-eabi/4.9.3/thumb/libgcc.a(_udivsi3.o) (__aeabi_idiv0)
/usr/lib/gcc/arm-none-eabi/4.9.3/thumb/libgcc.a(_arm_addsubdf3.o)
                              obj/timers.o (__aeabi_i2d)
/usr/lib/gcc/arm-none-eabi/4.9.3/thumb/libgcc.a(_arm_muldivdf3.o)
                              obj/timers.o (__aeabi_ddiv)
/usr/lib/gcc/arm-none-eabi/4.9.3/thumb/libgcc.a(_arm_truncdfsf2.o)
                              obj/timers.o (__aeabi_d2f)
/usr/lib/gcc/arm-none-eabi/4.9.3/thumb/libgcc.a(_arm_addsubsf3.o)
                              obj/timers.o (__aeabi_fsub)
/usr/lib/gcc/arm-none-eabi/4.9.3/thumb/libgcc.a(_arm_muldivsf3.o)
                              obj/timers.o (__aeabi_fmul)
/usr/lib/gcc/arm-none-eabi/4.9.3/thumb/libgcc.a(_arm_fixsfsi.o)
                              obj/timers.o (__aeabi_f2iz)

Allocating common symbols
Common symbol       size              file

Index               0x1               obj/usart_console.o
RxCount             0x1               obj/usart_console.o
curr                0x2               obj/main.o
volts               0x2               obj/main.o
resiever            0x32              obj/uart23xx.o

Discarded input sections

 .data          0x0000000000000000        0x0 obj/asmfunc.o
 .bss           0x0000000000000000        0x0 obj/asmfunc.o
 .data          0x0000000000000000        0x0 obj/interrupt.o
 .bss           0x0000000000000000        0x0 obj/interrupt.o
 .data          0x0000000000000000        0x0 obj/uart23xx.o
 .text          0x0000000000000000       0xcc obj/init_cpu.o
 .data          0x0000000000000000        0x0 obj/init_cpu.o
 .bss           0x0000000000000000        0x0 obj/init_cpu.o
 .debug_info    0x0000000000000000       0xba obj/init_cpu.o
 .debug_abbrev  0x0000000000000000       0x44 obj/init_cpu.o
 .debug_loc     0x0000000000000000       0x20 obj/init_cpu.o
 .debug_aranges
                0x0000000000000000       0x20 obj/init_cpu.o
 .debug_line    0x0000000000000000       0x89 obj/init_cpu.o
 .debug_str     0x0000000000000000       0xe0 obj/init_cpu.o
 .comment       0x0000000000000000       0x39 obj/init_cpu.o
 .debug_frame   0x0000000000000000       0x8c obj/init_cpu.o
 .ARM.attributes
                0x0000000000000000       0x32 obj/init_cpu.o
 .data          0x0000000000000000        0x0 obj/usart_console.o
 .bss           0x0000000000000000        0x0 obj/usart_console.o
 COMMON         0x0000000000000000        0x2 obj/usart_console.o
 .data          0x0000000000000000        0x0 obj/spi.o
 .bss           0x0000000000000000        0x0 obj/spi.o
 .data          0x0000000000000000        0x0 obj/adc_dac.o
 .bss           0x0000000000000000        0x0 obj/adc_dac.o
 .data          0x0000000000000000        0x0 obj/timers.o
 .bss           0x0000000000000000        0x0 obj/timers.o
 .text          0x0000000000000000        0x0 /usr/lib/gcc/arm-none-eabi/4.9.3/../../../arm-none-eabi/lib/thumb/libc.a(lib_a-atoi.o)
 .data          0x0000000000000000        0x0 /usr/lib/gcc/arm-none-eabi/4.9.3/../../../arm-none-eabi/lib/thumb/libc.a(lib_a-atoi.o)
 .bss           0x0000000000000000        0x0 /usr/lib/gcc/arm-none-eabi/4.9.3/../../../arm-none-eabi/lib/thumb/libc.a(lib_a-atoi.o)
 .text._atoi_r  0x0000000000000000       0x10 /usr/lib/gcc/arm-none-eabi/4.9.3/../../../arm-none-eabi/lib/thumb/libc.a(lib_a-atoi.o)
 .text          0x0000000000000000        0x0 /usr/lib/gcc/arm-none-eabi/4.9.3/../../../arm-none-eabi/lib/thumb/libc.a(lib_a-itoa.o)
 .data          0x0000000000000000        0x0 /usr/lib/gcc/arm-none-eabi/4.9.3/../../../arm-none-eabi/lib/thumb/libc.a(lib_a-itoa.o)
 .bss           0x0000000000000000        0x0 /usr/lib/gcc/arm-none-eabi/4.9.3/../../../arm-none-eabi/lib/thumb/libc.a(lib_a-itoa.o)
 .text          0x0000000000000000        0x0 /usr/lib/gcc/arm-none-eabi/4.9.3/../../../arm-none-eabi/lib/thumb/libc.a(lib_a-memset.o)
 .data          0x0000000000000000        0x0 /usr/lib/gcc/arm-none-eabi/4.9.3/../../../arm-none-eabi/lib/thumb/libc.a(lib_a-memset.o)
 .bss           0x0000000000000000        0x0 /usr/lib/gcc/arm-none-eabi/4.9.3/../../../arm-none-eabi/lib/thumb/libc.a(lib_a-memset.o)
 .text          0x0000000000000000        0x0 /usr/lib/gcc/arm-none-eabi/4.9.3/../../../arm-none-eabi/lib/thumb/libc.a(lib_a-strcat.o)
 .data          0x0000000000000000        0x0 /usr/lib/gcc/arm-none-eabi/4.9.3/../../../arm-none-eabi/lib/thumb/libc.a(lib_a-strcat.o)
 .bss           0x0000000000000000        0x0 /usr/lib/gcc/arm-none-eabi/4.9.3/../../../arm-none-eabi/lib/thumb/libc.a(lib_a-strcat.o)
 .text          0x0000000000000000        0x0 /usr/lib/gcc/arm-none-eabi/4.9.3/../../../arm-none-eabi/lib/thumb/libc.a(lib_a-strcpy.o)
 .data          0x0000000000000000        0x0 /usr/lib/gcc/arm-none-eabi/4.9.3/../../../arm-none-eabi/lib/thumb/libc.a(lib_a-strcpy.o)
 .bss           0x0000000000000000        0x0 /usr/lib/gcc/arm-none-eabi/4.9.3/../../../arm-none-eabi/lib/thumb/libc.a(lib_a-strcpy.o)
 .text          0x0000000000000000        0x0 /usr/lib/gcc/arm-none-eabi/4.9.3/../../../arm-none-eabi/lib/thumb/libc.a(lib_a-strlen.o)
 .data          0x0000000000000000        0x0 /usr/lib/gcc/arm-none-eabi/4.9.3/../../../arm-none-eabi/lib/thumb/libc.a(lib_a-strlen.o)
 .bss           0x0000000000000000        0x0 /usr/lib/gcc/arm-none-eabi/4.9.3/../../../arm-none-eabi/lib/thumb/libc.a(lib_a-strlen.o)
 .text          0x0000000000000000        0x0 /usr/lib/gcc/arm-none-eabi/4.9.3/../../../arm-none-eabi/lib/thumb/libc.a(lib_a-strncmp.o)
 .data          0x0000000000000000        0x0 /usr/lib/gcc/arm-none-eabi/4.9.3/../../../arm-none-eabi/lib/thumb/libc.a(lib_a-strncmp.o)
 .bss           0x0000000000000000        0x0 /usr/lib/gcc/arm-none-eabi/4.9.3/../../../arm-none-eabi/lib/thumb/libc.a(lib_a-strncmp.o)
 .text          0x0000000000000000        0x0 /usr/lib/gcc/arm-none-eabi/4.9.3/../../../arm-none-eabi/lib/thumb/libc.a(lib_a-strtol.o)
 .data          0x0000000000000000        0x0 /usr/lib/gcc/arm-none-eabi/4.9.3/../../../arm-none-eabi/lib/thumb/libc.a(lib_a-strtol.o)
 .bss           0x0000000000000000        0x0 /usr/lib/gcc/arm-none-eabi/4.9.3/../../../arm-none-eabi/lib/thumb/libc.a(lib_a-strtol.o)
 .text          0x0000000000000000        0x0 /usr/lib/gcc/arm-none-eabi/4.9.3/../../../arm-none-eabi/lib/thumb/libc.a(lib_a-utoa.o)
 .data          0x0000000000000000        0x0 /usr/lib/gcc/arm-none-eabi/4.9.3/../../../arm-none-eabi/lib/thumb/libc.a(lib_a-utoa.o)
 .bss           0x0000000000000000        0x0 /usr/lib/gcc/arm-none-eabi/4.9.3/../../../arm-none-eabi/lib/thumb/libc.a(lib_a-utoa.o)
 .text.utoa     0x0000000000000000        0xc /usr/lib/gcc/arm-none-eabi/4.9.3/../../../arm-none-eabi/lib/thumb/libc.a(lib_a-utoa.o)
 .text          0x0000000000000000        0x0 /usr/lib/gcc/arm-none-eabi/4.9.3/../../../arm-none-eabi/lib/thumb/libc.a(lib_a-ctype_.o)
 .data          0x0000000000000000        0x0 /usr/lib/gcc/arm-none-eabi/4.9.3/../../../arm-none-eabi/lib/thumb/libc.a(lib_a-ctype_.o)
 .bss           0x0000000000000000        0x0 /usr/lib/gcc/arm-none-eabi/4.9.3/../../../arm-none-eabi/lib/thumb/libc.a(lib_a-ctype_.o)
 .text          0x0000000000000000        0x0 /usr/lib/gcc/arm-none-eabi/4.9.3/../../../arm-none-eabi/lib/thumb/libc.a(lib_a-impure.o)
 .data          0x0000000000000000        0x0 /usr/lib/gcc/arm-none-eabi/4.9.3/../../../arm-none-eabi/lib/thumb/libc.a(lib_a-impure.o)
 .bss           0x0000000000000000        0x0 /usr/lib/gcc/arm-none-eabi/4.9.3/../../../arm-none-eabi/lib/thumb/libc.a(lib_a-impure.o)
 .rodata._global_impure_ptr
                0x0000000000000000        0x4 /usr/lib/gcc/arm-none-eabi/4.9.3/../../../arm-none-eabi/lib/thumb/libc.a(lib_a-impure.o)
 .data          0x0000000000000000        0x0 /usr/lib/gcc/arm-none-eabi/4.9.3/thumb/libgcc.a(_udivsi3.o)
 .bss           0x0000000000000000        0x0 /usr/lib/gcc/arm-none-eabi/4.9.3/thumb/libgcc.a(_udivsi3.o)
 .data          0x0000000000000000        0x0 /usr/lib/gcc/arm-none-eabi/4.9.3/thumb/libgcc.a(_dvmd_tls.o)
 .bss           0x0000000000000000        0x0 /usr/lib/gcc/arm-none-eabi/4.9.3/thumb/libgcc.a(_dvmd_tls.o)
 .data          0x0000000000000000        0x0 /usr/lib/gcc/arm-none-eabi/4.9.3/thumb/libgcc.a(_arm_addsubdf3.o)
 .bss           0x0000000000000000        0x0 /usr/lib/gcc/arm-none-eabi/4.9.3/thumb/libgcc.a(_arm_addsubdf3.o)
 .data          0x0000000000000000        0x0 /usr/lib/gcc/arm-none-eabi/4.9.3/thumb/libgcc.a(_arm_muldivdf3.o)
 .bss           0x0000000000000000        0x0 /usr/lib/gcc/arm-none-eabi/4.9.3/thumb/libgcc.a(_arm_muldivdf3.o)
 .data          0x0000000000000000        0x0 /usr/lib/gcc/arm-none-eabi/4.9.3/thumb/libgcc.a(_arm_truncdfsf2.o)
 .bss           0x0000000000000000        0x0 /usr/lib/gcc/arm-none-eabi/4.9.3/thumb/libgcc.a(_arm_truncdfsf2.o)
 .data          0x0000000000000000        0x0 /usr/lib/gcc/arm-none-eabi/4.9.3/thumb/libgcc.a(_arm_addsubsf3.o)
 .bss           0x0000000000000000        0x0 /usr/lib/gcc/arm-none-eabi/4.9.3/thumb/libgcc.a(_arm_addsubsf3.o)
 .data          0x0000000000000000        0x0 /usr/lib/gcc/arm-none-eabi/4.9.3/thumb/libgcc.a(_arm_muldivsf3.o)
 .bss           0x0000000000000000        0x0 /usr/lib/gcc/arm-none-eabi/4.9.3/thumb/libgcc.a(_arm_muldivsf3.o)
 .data          0x0000000000000000        0x0 /usr/lib/gcc/arm-none-eabi/4.9.3/thumb/libgcc.a(_arm_fixsfsi.o)
 .bss           0x0000000000000000        0x0 /usr/lib/gcc/arm-none-eabi/4.9.3/thumb/libgcc.a(_arm_fixsfsi.o)

Memory Configuration

Name             Origin             Length             Attributes
ROM              0x0000000000000000 0x000000000007e000
RAM              0x0000000040000000 0x000000000000ffe0
URAM             0x000000007fd00000 0x0000000000004000
ERAM             0x000000007fe00000 0x0000000000004000
BRAM             0x00000000e0084000 0x0000000000000800
*default*        0x0000000000000000 0xffffffffffffffff

Linker script and memory map

LOAD obj/asmfunc.o
LOAD obj/main.o
LOAD obj/interrupt.o
LOAD obj/uart23xx.o
LOAD obj/init_cpu.o
LOAD obj/usart_console.o
LOAD obj/spi.o
LOAD obj/adc_dac.o
LOAD obj/timers.o
LOAD /usr/lib/gcc/arm-none-eabi/4.9.3/../../../arm-none-eabi/lib/thumb/libc.a
LOAD /usr/lib/gcc/arm-none-eabi/4.9.3/thumb/libgcc.a
LOAD /usr/lib/gcc/arm-none-eabi/4.9.3/../../../arm-none-eabi/lib/thumb/libm.a
START GROUP
LOAD /usr/lib/gcc/arm-none-eabi/4.9.3/thumb/libgcc.a
LOAD /usr/lib/gcc/arm-none-eabi/4.9.3/../../../arm-none-eabi/lib/thumb/libg.a
LOAD /usr/lib/gcc/arm-none-eabi/4.9.3/../../../arm-none-eabi/lib/thumb/libc.a
END GROUP

.text           0x0000000000000000     0x2954
 *(.VECTOR)
 .VECTOR        0x0000000000000000       0x34 obj/asmfunc.o
                0x00000000000002fc                . = 0x2fc
 *fill*         0x0000000000000034      0x2c8 
 *(.CRP)
                0x0000000000000300                . = 0x300
 *fill*         0x00000000000002fc        0x4 
 *(.text .text.*)
 .text          0x0000000000000300      0x31c obj/asmfunc.o
                0x0000000000000500                Copy_un2al
                0x0000000000000570                Copy_al2un
 .text          0x000000000000061c      0x1b0 obj/main.o
                0x000000000000061c                gpio_init
                0x000000000000067c                led_set
                0x0000000000000690                led_clear
                0x00000000000006a4                gpio_set
                0x00000000000006e8                gpio_clear
                0x000000000000072c                pll_init
 .text.startup  0x00000000000007cc       0x24 obj/main.o
                0x00000000000007cc                main
 .text          0x00000000000007f0       0x1c obj/interrupt.o
                0x00000000000007f0                IrqDisable
                0x00000000000007f4                IrqEnable
                0x00000000000007f8                ClearVector
                0x00000000000007fc                RegisterIrq
                0x0000000000000800                SelectFiq
                0x0000000000000804                LoadFiqRegs
                0x0000000000000808                StoreFiqRegs
 .text          0x000000000000080c      0x180 obj/uart23xx.o
                0x000000000000080c                Isr_UART0
                0x000000000000087c                uart0_test
                0x0000000000000888                uart0_getc
                0x00000000000008c0                uart0_putc
                0x0000000000000910                uart0_init
 .text          0x000000000000098c      0x1c0 obj/usart_console.o
                0x000000000000098c                hex_to_int
                0x00000000000009aa                hex_to_ascii
                0x00000000000009cc                UART0_send_byte
                0x00000000000009f8                UART0_send
                0x0000000000000a3c                process_command
 .text          0x0000000000000b4c      0x1c4 obj/spi.o
                0x0000000000000b4c                SPI_ADC_data_transfers_16bit
                0x0000000000000bac                SPI_ADC_data_transfers_8bit
                0x0000000000000c0c                SPI_DAC_data_transfers_16bit
                0x0000000000000c70                SPI0_send_2_byte
                0x0000000000000c8e                SPI_DAC_data_transfers_8bit
                0x0000000000000cf0                SPI0_send_1_byte
 .text          0x0000000000000d10      0x194 obj/adc_dac.o
                0x0000000000000d10                Delay
                0x0000000000000d12                adc_init
                0x0000000000000dc4                dac_set_voltage
                0x0000000000000df4                adc_read_current
                0x0000000000000e4c                adc_read_voltage
 .text          0x0000000000000ea4      0x2f4 obj/timers.o
                0x0000000000000ea4                timer0_init
                0x0000000000000f08                timer0_start
                0x0000000000000f28                timer0_stop
                0x0000000000000f48                ftoa
                0x0000000000000fd0                Isr_TIM0
 .text.atoi     0x0000000000001198       0x10 /usr/lib/gcc/arm-none-eabi/4.9.3/../../../arm-none-eabi/lib/thumb/libc.a(lib_a-atoi.o)
                0x0000000000001198                atoi
 .text.__itoa   0x00000000000011a8       0x34 /usr/lib/gcc/arm-none-eabi/4.9.3/../../../arm-none-eabi/lib/thumb/libc.a(lib_a-itoa.o)
                0x00000000000011a8                __itoa
 .text.itoa     0x00000000000011dc        0xc /usr/lib/gcc/arm-none-eabi/4.9.3/../../../arm-none-eabi/lib/thumb/libc.a(lib_a-itoa.o)
                0x00000000000011dc                itoa
 .text.memset   0x00000000000011e8       0x94 /usr/lib/gcc/arm-none-eabi/4.9.3/../../../arm-none-eabi/lib/thumb/libc.a(lib_a-memset.o)
                0x00000000000011e8                memset
 .text.strcat   0x000000000000127c       0x54 /usr/lib/gcc/arm-none-eabi/4.9.3/../../../arm-none-eabi/lib/thumb/libc.a(lib_a-strcat.o)
                0x000000000000127c                strcat
 .text.strcpy   0x00000000000012d0       0x10 /usr/lib/gcc/arm-none-eabi/4.9.3/../../../arm-none-eabi/lib/thumb/libc.a(lib_a-strcpy.o)
                0x00000000000012d0                strcpy
 .text.strlen   0x00000000000012e0       0x6c /usr/lib/gcc/arm-none-eabi/4.9.3/../../../arm-none-eabi/lib/thumb/libc.a(lib_a-strlen.o)
                0x00000000000012e0                strlen
 .text.strncmp  0x000000000000134c       0x98 /usr/lib/gcc/arm-none-eabi/4.9.3/../../../arm-none-eabi/lib/thumb/libc.a(lib_a-strncmp.o)
                0x000000000000134c                strncmp
 .text._strtol_r
                0x00000000000013e4      0x178 /usr/lib/gcc/arm-none-eabi/4.9.3/../../../arm-none-eabi/lib/thumb/libc.a(lib_a-strtol.o)
                0x00000000000013e4                _strtol_r
 .text.strtol   0x000000000000155c       0x20 /usr/lib/gcc/arm-none-eabi/4.9.3/../../../arm-none-eabi/lib/thumb/libc.a(lib_a-strtol.o)
                0x000000000000155c                strtol
 .text.__utoa   0x000000000000157c       0x90 /usr/lib/gcc/arm-none-eabi/4.9.3/../../../arm-none-eabi/lib/thumb/libc.a(lib_a-utoa.o)
                0x000000000000157c                __utoa
 .text          0x000000000000160c      0x11c /usr/lib/gcc/arm-none-eabi/4.9.3/thumb/libgcc.a(_udivsi3.o)
                0x000000000000160c                __udivsi3
                0x000000000000160c                __aeabi_uidiv
                0x0000000000001708                __aeabi_uidivmod
 .text          0x0000000000001728        0x4 /usr/lib/gcc/arm-none-eabi/4.9.3/thumb/libgcc.a(_dvmd_tls.o)
                0x0000000000001728                __aeabi_ldiv0
                0x0000000000001728                __aeabi_idiv0
 .text          0x000000000000172c      0x41c /usr/lib/gcc/arm-none-eabi/4.9.3/thumb/libgcc.a(_arm_addsubdf3.o)
                0x000000000000172c                __aeabi_drsub
                0x0000000000001734                __aeabi_dsub
                0x0000000000001734                __subdf3
                0x0000000000001738                __adddf3
                0x0000000000001738                __aeabi_dadd
                0x0000000000001a48                __aeabi_ui2d
                0x0000000000001a48                __floatunsidf
                0x0000000000001a6c                __floatsidf
                0x0000000000001a6c                __aeabi_i2d
                0x0000000000001a94                __extendsfdf2
                0x0000000000001a94                __aeabi_f2d
                0x0000000000001ad4                __aeabi_ul2d
                0x0000000000001ad4                __floatundidf
                0x0000000000001ae8                __floatdidf
                0x0000000000001ae8                __aeabi_l2d
 .text          0x0000000000001b48      0x49c /usr/lib/gcc/arm-none-eabi/4.9.3/thumb/libgcc.a(_arm_muldivdf3.o)
                0x0000000000001b48                __aeabi_dmul
                0x0000000000001b48                __muldf3
                0x0000000000001dd8                __aeabi_ddiv
                0x0000000000001dd8                __divdf3
 .text          0x0000000000001fe4       0xa0 /usr/lib/gcc/arm-none-eabi/4.9.3/thumb/libgcc.a(_arm_truncdfsf2.o)
                0x0000000000001fe4                __aeabi_d2f
                0x0000000000001fe4                __truncdfsf2
 .text          0x0000000000002084      0x2ac /usr/lib/gcc/arm-none-eabi/4.9.3/thumb/libgcc.a(_arm_addsubsf3.o)
                0x0000000000002084                __aeabi_frsub
                0x000000000000208c                __subsf3
                0x000000000000208c                __aeabi_fsub
                0x0000000000002090                __aeabi_fadd
                0x0000000000002090                __addsf3
                0x000000000000224c                __aeabi_ui2f
                0x000000000000224c                __floatunsisf
                0x0000000000002254                __aeabi_i2f
                0x0000000000002254                __floatsisf
                0x0000000000002274                __floatundisf
                0x0000000000002274                __aeabi_ul2f
                0x0000000000002284                __floatdisf
                0x0000000000002284                __aeabi_l2f
 .text          0x0000000000002330      0x2f8 /usr/lib/gcc/arm-none-eabi/4.9.3/thumb/libgcc.a(_arm_muldivsf3.o)
                0x0000000000002330                __mulsf3
                0x0000000000002330                __aeabi_fmul
                0x00000000000024c8                __divsf3
                0x00000000000024c8                __aeabi_fdiv
 .text          0x0000000000002628       0x5c /usr/lib/gcc/arm-none-eabi/4.9.3/thumb/libgcc.a(_arm_fixsfsi.o)
                0x0000000000002628                __fixsfsi
                0x0000000000002628                __aeabi_f2iz
 *fill*         0x0000000000002684        0x4 
 .text.__stub   0x0000000000002688       0x54 linker stubs
 *(.gnu.linkonce.t.*)
 *(.glue_7)
 .glue_7        0x00000000000026e0        0x0 linker stubs
 *(.glue_7t)
 .glue_7t       0x00000000000026e0        0x0 linker stubs
 *(.gcc_except_table)
 *(.rodata)
 .rodata        0x00000000000026e0       0xd1 obj/usart_console.o
                0x00000000000026e0                help_msg
 *(.rodata*)
 .rodata.str1.1
                0x00000000000027b1       0x12 obj/main.o
 .rodata.str1.1
                0x00000000000027c3       0x3a obj/usart_console.o
 .rodata.str1.1
                0x00000000000027fd       0x25 obj/timers.o
 *fill*         0x0000000000002822        0x2 
 .rodata.str1.4
                0x0000000000002824       0x25 /usr/lib/gcc/arm-none-eabi/4.9.3/../../../arm-none-eabi/lib/thumb/libc.a(lib_a-utoa.o)
                                         0x28 (size before relaxing)
 *fill*         0x0000000000002849        0x3 
 .rodata._ctype_
                0x000000000000284c      0x104 /usr/lib/gcc/arm-none-eabi/4.9.3/../../../arm-none-eabi/lib/thumb/libc.a(lib_a-ctype_.o)
                0x000000000000284c                _ctype_
 .rodata.str1.4
                0x0000000000002950        0x4 /usr/lib/gcc/arm-none-eabi/4.9.3/../../../arm-none-eabi/lib/thumb/libc.a(lib_a-impure.o)
 *(.gnu.linkonce.r.*)

.vfp11_veneer   0x0000000000002954        0x0
 .vfp11_veneer  0x0000000000002954        0x0 linker stubs

.v4_bx          0x0000000000002954        0x0
 .v4_bx         0x0000000000002954        0x0 linker stubs

.iplt           0x0000000000002954        0x0
 .iplt          0x0000000000002954        0x0 obj/asmfunc.o

.rel.dyn        0x0000000000002954        0x0
 .rel.iplt      0x0000000000002954        0x0 obj/asmfunc.o

.ARM.excep
 *(.ARM.exidx*)
 *(.ARM.extab*)
                0x0000000000002954                . = ALIGN (0x4)
                0x0000000000002954                _etext = .
                0x0000000000002954                _sidata = .

.data           0x0000000040000000      0x434 load address 0x0000000000002954
                0x0000000040000000                . = ALIGN (0x4)
                0x0000000040000000                _sdata = .
 *(.data)
 .data          0x0000000040000000        0x1 obj/main.o
                0x0000000040000000                channel
 *(.data.*)
 *fill*         0x0000000040000001        0x3 
 .data.__ctype_ptr__
                0x0000000040000004        0x4 /usr/lib/gcc/arm-none-eabi/4.9.3/../../../arm-none-eabi/lib/thumb/libc.a(lib_a-ctype_.o)
                0x0000000040000004                __ctype_ptr__
 .data.impure_data
                0x0000000040000008      0x428 /usr/lib/gcc/arm-none-eabi/4.9.3/../../../arm-none-eabi/lib/thumb/libc.a(lib_a-impure.o)
 .data._impure_ptr
                0x0000000040000430        0x4 /usr/lib/gcc/arm-none-eabi/4.9.3/../../../arm-none-eabi/lib/thumb/libc.a(lib_a-impure.o)
                0x0000000040000430                _impure_ptr
 *(.gnu.linkonce.d*)
                0x0000000040000434                . = ALIGN (0x4)
                0x0000000040000434                _edata = .

.igot.plt       0x0000000040000434        0x0 load address 0x0000000000002d88
 .igot.plt      0x0000000040000434        0x0 obj/asmfunc.o

.bss            0x0000000040000434      0x148 load address 0x0000000000002d88
                0x0000000040000434                . = ALIGN (0x4)
                0x0000000040000434                _sbss = .
 *(.bss)
 .bss           0x0000000040000434        0x1 obj/main.o
                0x0000000040000434                native
 *fill*         0x0000000040000435        0x1 
 .bss           0x0000000040000436      0x110 obj/uart23xx.o
                0x0000000040000436                rec_len
 *(.bss.*)
 *(.gnu.linkonce.b*)
 *(COMMON)
 COMMON         0x0000000040000546        0x4 obj/main.o
                0x0000000040000546                curr
                0x0000000040000548                volts
 COMMON         0x000000004000054a       0x32 obj/uart23xx.o
                0x000000004000054a                resiever
                0x000000004000057c                . = ALIGN (0x4)
                0x000000004000057c                _ebss = .

.stack          0x000000004000057c      0xa14 load address 0x0000000000002ed0
                0x0000000040000580                . = ALIGN (0x8)
 *fill*         0x000000004000057c        0x4 
 *(.stack)
 *(.STACK)
 .STACK         0x0000000040000580      0xa10 obj/asmfunc.o
                0x0000000040000f90                _estack = .
                0x0000000040000f90                . = ALIGN (0x4)

.usbram         0x000000007fd00000        0x0
 *(.usbram)
                0x000000007fd00000                . = ALIGN (0x4)

.etherram       0x000000007fe00000        0x0
 *(.etherram)
                0x000000007fe00000                . = ALIGN (0x4)

.batteryram     0x00000000e0084000        0x0
 *(.batteryram)
                0x00000000e0084000                . = ALIGN (0x4)

.stab
 *(.stab)

.stabstr
 *(.stabstr)

.stab.excl
 *(.stab.excl)

.stab.exclstr
 *(.stab.exclstr)

.stab.index
 *(.stab.index)

.stab.indexstr
 *(.stab.indexstr)

.comment        0x0000000000000000       0x70
 *(.comment)
 .comment       0x0000000000000000       0x38 obj/main.o
                                         0x39 (size before relaxing)
 .comment       0x0000000000000038       0x39 obj/interrupt.o
 .comment       0x0000000000000038       0x39 obj/uart23xx.o
 .comment       0x0000000000000038       0x39 obj/usart_console.o
 .comment       0x0000000000000038       0x39 obj/spi.o
 .comment       0x0000000000000038       0x39 obj/adc_dac.o
 .comment       0x0000000000000038       0x39 obj/timers.o
 .comment       0x0000000000000038       0x38 /usr/lib/gcc/arm-none-eabi/4.9.3/../../../arm-none-eabi/lib/thumb/libc.a(lib_a-atoi.o)
                                         0x39 (size before relaxing)
 .comment       0x0000000000000070       0x39 /usr/lib/gcc/arm-none-eabi/4.9.3/../../../arm-none-eabi/lib/thumb/libc.a(lib_a-itoa.o)
 .comment       0x0000000000000070       0x39 /usr/lib/gcc/arm-none-eabi/4.9.3/../../../arm-none-eabi/lib/thumb/libc.a(lib_a-memset.o)
 .comment       0x0000000000000070       0x39 /usr/lib/gcc/arm-none-eabi/4.9.3/../../../arm-none-eabi/lib/thumb/libc.a(lib_a-strcat.o)
 .comment       0x0000000000000070       0x39 /usr/lib/gcc/arm-none-eabi/4.9.3/../../../arm-none-eabi/lib/thumb/libc.a(lib_a-strcpy.o)
 .comment       0x0000000000000070       0x39 /usr/lib/gcc/arm-none-eabi/4.9.3/../../../arm-none-eabi/lib/thumb/libc.a(lib_a-strlen.o)
 .comment       0x0000000000000070       0x39 /usr/lib/gcc/arm-none-eabi/4.9.3/../../../arm-none-eabi/lib/thumb/libc.a(lib_a-strncmp.o)
 .comment       0x0000000000000070       0x39 /usr/lib/gcc/arm-none-eabi/4.9.3/../../../arm-none-eabi/lib/thumb/libc.a(lib_a-strtol.o)
 .comment       0x0000000000000070       0x39 /usr/lib/gcc/arm-none-eabi/4.9.3/../../../arm-none-eabi/lib/thumb/libc.a(lib_a-utoa.o)
 .comment       0x0000000000000070       0x39 /usr/lib/gcc/arm-none-eabi/4.9.3/../../../arm-none-eabi/lib/thumb/libc.a(lib_a-ctype_.o)
 .comment       0x0000000000000070       0x39 /usr/lib/gcc/arm-none-eabi/4.9.3/../../../arm-none-eabi/lib/thumb/libc.a(lib_a-impure.o)

.HEAP           0x0000000000000000        0x0
 .HEAP          0x0000000000000000        0x0 obj/asmfunc.o

.ARM.attributes
                0x0000000000000000       0x2e
 .ARM.attributes
                0x0000000000000000       0x22 obj/asmfunc.o
 .ARM.attributes
                0x0000000000000022       0x32 obj/main.o
 .ARM.attributes
                0x0000000000000054       0x32 obj/interrupt.o
 .ARM.attributes
                0x0000000000000086       0x32 obj/uart23xx.o
 .ARM.attributes
                0x00000000000000b8       0x32 obj/usart_console.o
 .ARM.attributes
                0x00000000000000ea       0x32 obj/spi.o
 .ARM.attributes
                0x000000000000011c       0x32 obj/adc_dac.o
 .ARM.attributes
                0x000000000000014e       0x32 obj/timers.o
 .ARM.attributes
                0x0000000000000180       0x30 /usr/lib/gcc/arm-none-eabi/4.9.3/../../../arm-none-eabi/lib/thumb/libc.a(lib_a-atoi.o)
 .ARM.attributes
                0x00000000000001b0       0x30 /usr/lib/gcc/arm-none-eabi/4.9.3/../../../arm-none-eabi/lib/thumb/libc.a(lib_a-itoa.o)
 .ARM.attributes
                0x00000000000001e0       0x30 /usr/lib/gcc/arm-none-eabi/4.9.3/../../../arm-none-eabi/lib/thumb/libc.a(lib_a-memset.o)
 .ARM.attributes
                0x0000000000000210       0x30 /usr/lib/gcc/arm-none-eabi/4.9.3/../../../arm-none-eabi/lib/thumb/libc.a(lib_a-strcat.o)
 .ARM.attributes
                0x0000000000000240       0x30 /usr/lib/gcc/arm-none-eabi/4.9.3/../../../arm-none-eabi/lib/thumb/libc.a(lib_a-strcpy.o)
 .ARM.attributes
                0x0000000000000270       0x30 /usr/lib/gcc/arm-none-eabi/4.9.3/../../../arm-none-eabi/lib/thumb/libc.a(lib_a-strlen.o)
 .ARM.attributes
                0x00000000000002a0       0x30 /usr/lib/gcc/arm-none-eabi/4.9.3/../../../arm-none-eabi/lib/thumb/libc.a(lib_a-strncmp.o)
 .ARM.attributes
                0x00000000000002d0       0x30 /usr/lib/gcc/arm-none-eabi/4.9.3/../../../arm-none-eabi/lib/thumb/libc.a(lib_a-strtol.o)
 .ARM.attributes
                0x0000000000000300       0x30 /usr/lib/gcc/arm-none-eabi/4.9.3/../../../arm-none-eabi/lib/thumb/libc.a(lib_a-utoa.o)
 .ARM.attributes
                0x0000000000000330       0x30 /usr/lib/gcc/arm-none-eabi/4.9.3/../../../arm-none-eabi/lib/thumb/libc.a(lib_a-ctype_.o)
 .ARM.attributes
                0x0000000000000360       0x30 /usr/lib/gcc/arm-none-eabi/4.9.3/../../../arm-none-eabi/lib/thumb/libc.a(lib_a-impure.o)
 .ARM.attributes
                0x0000000000000390       0x18 /usr/lib/gcc/arm-none-eabi/4.9.3/thumb/libgcc.a(_udivsi3.o)
 .ARM.attributes
                0x00000000000003a8       0x16 /usr/lib/gcc/arm-none-eabi/4.9.3/thumb/libgcc.a(_dvmd_tls.o)
 .ARM.attributes
                0x00000000000003be       0x18 /usr/lib/gcc/arm-none-eabi/4.9.3/thumb/libgcc.a(_arm_addsubdf3.o)
 .ARM.attributes
                0x00000000000003d6       0x18 /usr/lib/gcc/arm-none-eabi/4.9.3/thumb/libgcc.a(_arm_muldivdf3.o)
 .ARM.attributes
                0x00000000000003ee       0x18 /usr/lib/gcc/arm-none-eabi/4.9.3/thumb/libgcc.a(_arm_truncdfsf2.o)
 .ARM.attributes
                0x0000000000000406       0x18 /usr/lib/gcc/arm-none-eabi/4.9.3/thumb/libgcc.a(_arm_addsubsf3.o)
 .ARM.attributes
                0x000000000000041e       0x18 /usr/lib/gcc/arm-none-eabi/4.9.3/thumb/libgcc.a(_arm_muldivsf3.o)
 .ARM.attributes
                0x0000000000000436       0x18 /usr/lib/gcc/arm-none-eabi/4.9.3/thumb/libgcc.a(_arm_fixsfsi.o)

.debug
 *(.debug)

.line
 *(.line)

.debug_srcinfo
 *(.debug_srcinfo)

.debug_sfnames
 *(.debug_sfnames)

.debug_aranges  0x0000000000000000      0x380
 *(.debug_aranges)
 .debug_aranges
                0x0000000000000000       0x28 obj/asmfunc.o
 .debug_aranges
                0x0000000000000028       0x28 obj/main.o
 .debug_aranges
                0x0000000000000050       0x20 obj/interrupt.o
 .debug_aranges
                0x0000000000000070       0x20 obj/uart23xx.o
 .debug_aranges
                0x0000000000000090       0x20 obj/usart_console.o
 .debug_aranges
                0x00000000000000b0       0x20 obj/spi.o
 .debug_aranges
                0x00000000000000d0       0x20 obj/adc_dac.o
 .debug_aranges
                0x00000000000000f0       0x20 obj/timers.o
 .debug_aranges
                0x0000000000000110       0x28 /usr/lib/gcc/arm-none-eabi/4.9.3/../../../arm-none-eabi/lib/thumb/libc.a(lib_a-atoi.o)
 .debug_aranges
                0x0000000000000138       0x28 /usr/lib/gcc/arm-none-eabi/4.9.3/../../../arm-none-eabi/lib/thumb/libc.a(lib_a-itoa.o)
 .debug_aranges
                0x0000000000000160       0x20 /usr/lib/gcc/arm-none-eabi/4.9.3/../../../arm-none-eabi/lib/thumb/libc.a(lib_a-memset.o)
 .debug_aranges
                0x0000000000000180       0x20 /usr/lib/gcc/arm-none-eabi/4.9.3/../../../arm-none-eabi/lib/thumb/libc.a(lib_a-strcat.o)
 .debug_aranges
                0x00000000000001a0       0x20 /usr/lib/gcc/arm-none-eabi/4.9.3/../../../arm-none-eabi/lib/thumb/libc.a(lib_a-strcpy.o)
 .debug_aranges
                0x00000000000001c0       0x20 /usr/lib/gcc/arm-none-eabi/4.9.3/../../../arm-none-eabi/lib/thumb/libc.a(lib_a-strlen.o)
 .debug_aranges
                0x00000000000001e0       0x20 /usr/lib/gcc/arm-none-eabi/4.9.3/../../../arm-none-eabi/lib/thumb/libc.a(lib_a-strncmp.o)
 .debug_aranges
                0x0000000000000200       0x28 /usr/lib/gcc/arm-none-eabi/4.9.3/../../../arm-none-eabi/lib/thumb/libc.a(lib_a-strtol.o)
 .debug_aranges
                0x0000000000000228       0x28 /usr/lib/gcc/arm-none-eabi/4.9.3/../../../arm-none-eabi/lib/thumb/libc.a(lib_a-utoa.o)
 .debug_aranges
                0x0000000000000250       0x18 /usr/lib/gcc/arm-none-eabi/4.9.3/../../../arm-none-eabi/lib/thumb/libc.a(lib_a-ctype_.o)
 .debug_aranges
                0x0000000000000268       0x18 /usr/lib/gcc/arm-none-eabi/4.9.3/../../../arm-none-eabi/lib/thumb/libc.a(lib_a-impure.o)
 .debug_aranges
                0x0000000000000280       0x20 /usr/lib/gcc/arm-none-eabi/4.9.3/thumb/libgcc.a(_udivsi3.o)
 .debug_aranges
                0x00000000000002a0       0x20 /usr/lib/gcc/arm-none-eabi/4.9.3/thumb/libgcc.a(_dvmd_tls.o)
 .debug_aranges
                0x00000000000002c0       0x20 /usr/lib/gcc/arm-none-eabi/4.9.3/thumb/libgcc.a(_arm_addsubdf3.o)
 .debug_aranges
                0x00000000000002e0       0x20 /usr/lib/gcc/arm-none-eabi/4.9.3/thumb/libgcc.a(_arm_muldivdf3.o)
 .debug_aranges
                0x0000000000000300       0x20 /usr/lib/gcc/arm-none-eabi/4.9.3/thumb/libgcc.a(_arm_truncdfsf2.o)
 .debug_aranges
                0x0000000000000320       0x20 /usr/lib/gcc/arm-none-eabi/4.9.3/thumb/libgcc.a(_arm_addsubsf3.o)
 .debug_aranges
                0x0000000000000340       0x20 /usr/lib/gcc/arm-none-eabi/4.9.3/thumb/libgcc.a(_arm_muldivsf3.o)
 .debug_aranges
                0x0000000000000360       0x20 /usr/lib/gcc/arm-none-eabi/4.9.3/thumb/libgcc.a(_arm_fixsfsi.o)

.debug_pubnames
 *(.debug_pubnames)

.debug_info     0x0000000000000000     0x438a
 *(.debug_info .gnu.linkonce.wi.*)
 .debug_info    0x0000000000000000       0x52 obj/asmfunc.o
 .debug_info    0x0000000000000052      0x2d8 obj/main.o
 .debug_info    0x000000000000032a      0x133 obj/interrupt.o
 .debug_info    0x000000000000045d      0x301 obj/uart23xx.o
 .debug_info    0x000000000000075e      0x5e2 obj/usart_console.o
 .debug_info    0x0000000000000d40      0x2e0 obj/spi.o
 .debug_info    0x0000000000001020      0x3af obj/adc_dac.o
 .debug_info    0x00000000000013cf      0x670 obj/timers.o
 .debug_info    0x0000000000001a3f      0x941 /usr/lib/gcc/arm-none-eabi/4.9.3/../../../arm-none-eabi/lib/thumb/libc.a(lib_a-atoi.o)
 .debug_info    0x0000000000002380      0x16d /usr/lib/gcc/arm-none-eabi/4.9.3/../../../arm-none-eabi/lib/thumb/libc.a(lib_a-itoa.o)
 .debug_info    0x00000000000024ed      0x117 /usr/lib/gcc/arm-none-eabi/4.9.3/../../../arm-none-eabi/lib/thumb/libc.a(lib_a-memset.o)
 .debug_info    0x0000000000002604      0x10c /usr/lib/gcc/arm-none-eabi/4.9.3/../../../arm-none-eabi/lib/thumb/libc.a(lib_a-strcat.o)
 .debug_info    0x0000000000002710       0xbd /usr/lib/gcc/arm-none-eabi/4.9.3/../../../arm-none-eabi/lib/thumb/libc.a(lib_a-strcpy.o)
 .debug_info    0x00000000000027cd       0xdd /usr/lib/gcc/arm-none-eabi/4.9.3/../../../arm-none-eabi/lib/thumb/libc.a(lib_a-strlen.o)
 .debug_info    0x00000000000028aa       0xf5 /usr/lib/gcc/arm-none-eabi/4.9.3/../../../arm-none-eabi/lib/thumb/libc.a(lib_a-strncmp.o)
 .debug_info    0x000000000000299f      0x9a7 /usr/lib/gcc/arm-none-eabi/4.9.3/../../../arm-none-eabi/lib/thumb/libc.a(lib_a-strtol.o)
 .debug_info    0x0000000000003346      0x183 /usr/lib/gcc/arm-none-eabi/4.9.3/../../../arm-none-eabi/lib/thumb/libc.a(lib_a-utoa.o)
 .debug_info    0x00000000000034c9       0x6f /usr/lib/gcc/arm-none-eabi/4.9.3/../../../arm-none-eabi/lib/thumb/libc.a(lib_a-ctype_.o)
 .debug_info    0x0000000000003538      0x894 /usr/lib/gcc/arm-none-eabi/4.9.3/../../../arm-none-eabi/lib/thumb/libc.a(lib_a-impure.o)
 .debug_info    0x0000000000003dcc       0xb7 /usr/lib/gcc/arm-none-eabi/4.9.3/thumb/libgcc.a(_udivsi3.o)
 .debug_info    0x0000000000003e83       0xb7 /usr/lib/gcc/arm-none-eabi/4.9.3/thumb/libgcc.a(_dvmd_tls.o)
 .debug_info    0x0000000000003f3a       0xb8 /usr/lib/gcc/arm-none-eabi/4.9.3/thumb/libgcc.a(_arm_addsubdf3.o)
 .debug_info    0x0000000000003ff2       0xb8 /usr/lib/gcc/arm-none-eabi/4.9.3/thumb/libgcc.a(_arm_muldivdf3.o)
 .debug_info    0x00000000000040aa       0xb8 /usr/lib/gcc/arm-none-eabi/4.9.3/thumb/libgcc.a(_arm_truncdfsf2.o)
 .debug_info    0x0000000000004162       0xb8 /usr/lib/gcc/arm-none-eabi/4.9.3/thumb/libgcc.a(_arm_addsubsf3.o)
 .debug_info    0x000000000000421a       0xb8 /usr/lib/gcc/arm-none-eabi/4.9.3/thumb/libgcc.a(_arm_muldivsf3.o)
 .debug_info    0x00000000000042d2       0xb8 /usr/lib/gcc/arm-none-eabi/4.9.3/thumb/libgcc.a(_arm_fixsfsi.o)

.debug_abbrev   0x0000000000000000     0x139f
 *(.debug_abbrev)
 .debug_abbrev  0x0000000000000000       0x12 obj/asmfunc.o
 .debug_abbrev  0x0000000000000012      0x14d obj/main.o
 .debug_abbrev  0x000000000000015f       0xa2 obj/interrupt.o
 .debug_abbrev  0x0000000000000201      0x177 obj/uart23xx.o
 .debug_abbrev  0x0000000000000378      0x1d1 obj/usart_console.o
 .debug_abbrev  0x0000000000000549       0xd0 obj/spi.o
 .debug_abbrev  0x0000000000000619      0x139 obj/adc_dac.o
 .debug_abbrev  0x0000000000000752      0x191 obj/timers.o
 .debug_abbrev  0x00000000000008e3      0x1ce /usr/lib/gcc/arm-none-eabi/4.9.3/../../../arm-none-eabi/lib/thumb/libc.a(lib_a-atoi.o)
 .debug_abbrev  0x0000000000000ab1       0xc7 /usr/lib/gcc/arm-none-eabi/4.9.3/../../../arm-none-eabi/lib/thumb/libc.a(lib_a-itoa.o)
 .debug_abbrev  0x0000000000000b78       0x9f /usr/lib/gcc/arm-none-eabi/4.9.3/../../../arm-none-eabi/lib/thumb/libc.a(lib_a-memset.o)
 .debug_abbrev  0x0000000000000c17       0xb1 /usr/lib/gcc/arm-none-eabi/4.9.3/../../../arm-none-eabi/lib/thumb/libc.a(lib_a-strcat.o)
 .debug_abbrev  0x0000000000000cc8       0x72 /usr/lib/gcc/arm-none-eabi/4.9.3/../../../arm-none-eabi/lib/thumb/libc.a(lib_a-strcpy.o)
 .debug_abbrev  0x0000000000000d3a       0x81 /usr/lib/gcc/arm-none-eabi/4.9.3/../../../arm-none-eabi/lib/thumb/libc.a(lib_a-strlen.o)
 .debug_abbrev  0x0000000000000dbb       0x81 /usr/lib/gcc/arm-none-eabi/4.9.3/../../../arm-none-eabi/lib/thumb/libc.a(lib_a-strncmp.o)
 .debug_abbrev  0x0000000000000e3c      0x211 /usr/lib/gcc/arm-none-eabi/4.9.3/../../../arm-none-eabi/lib/thumb/libc.a(lib_a-strtol.o)
 .debug_abbrev  0x000000000000104d       0xe4 /usr/lib/gcc/arm-none-eabi/4.9.3/../../../arm-none-eabi/lib/thumb/libc.a(lib_a-utoa.o)
 .debug_abbrev  0x0000000000001131       0x4e /usr/lib/gcc/arm-none-eabi/4.9.3/../../../arm-none-eabi/lib/thumb/libc.a(lib_a-ctype_.o)
 .debug_abbrev  0x000000000000117f      0x180 /usr/lib/gcc/arm-none-eabi/4.9.3/../../../arm-none-eabi/lib/thumb/libc.a(lib_a-impure.o)
 .debug_abbrev  0x00000000000012ff       0x14 /usr/lib/gcc/arm-none-eabi/4.9.3/thumb/libgcc.a(_udivsi3.o)
 .debug_abbrev  0x0000000000001313       0x14 /usr/lib/gcc/arm-none-eabi/4.9.3/thumb/libgcc.a(_dvmd_tls.o)
 .debug_abbrev  0x0000000000001327       0x14 /usr/lib/gcc/arm-none-eabi/4.9.3/thumb/libgcc.a(_arm_addsubdf3.o)
 .debug_abbrev  0x000000000000133b       0x14 /usr/lib/gcc/arm-none-eabi/4.9.3/thumb/libgcc.a(_arm_muldivdf3.o)
 .debug_abbrev  0x000000000000134f       0x14 /usr/lib/gcc/arm-none-eabi/4.9.3/thumb/libgcc.a(_arm_truncdfsf2.o)
 .debug_abbrev  0x0000000000001363       0x14 /usr/lib/gcc/arm-none-eabi/4.9.3/thumb/libgcc.a(_arm_addsubsf3.o)
 .debug_abbrev  0x0000000000001377       0x14 /usr/lib/gcc/arm-none-eabi/4.9.3/thumb/libgcc.a(_arm_muldivsf3.o)
 .debug_abbrev  0x000000000000138b       0x14 /usr/lib/gcc/arm-none-eabi/4.9.3/thumb/libgcc.a(_arm_fixsfsi.o)

.debug_line     0x0000000000000000     0x1ad4
 *(.debug_line)
 .debug_line    0x0000000000000000      0x12b obj/asmfunc.o
 .debug_line    0x000000000000012b      0x144 obj/main.o
 .debug_line    0x000000000000026f       0x4f obj/interrupt.o
 .debug_line    0x00000000000002be       0xfd obj/uart23xx.o
 .debug_line    0x00000000000003bb      0x14e obj/usart_console.o
 .debug_line    0x0000000000000509      0x108 obj/spi.o
 .debug_line    0x0000000000000611       0xcc obj/adc_dac.o
 .debug_line    0x00000000000006dd      0x1a9 obj/timers.o
 .debug_line    0x0000000000000886      0x16a /usr/lib/gcc/arm-none-eabi/4.9.3/../../../arm-none-eabi/lib/thumb/libc.a(lib_a-atoi.o)
 .debug_line    0x00000000000009f0       0xd4 /usr/lib/gcc/arm-none-eabi/4.9.3/../../../arm-none-eabi/lib/thumb/libc.a(lib_a-itoa.o)
 .debug_line    0x0000000000000ac4      0x10f /usr/lib/gcc/arm-none-eabi/4.9.3/../../../arm-none-eabi/lib/thumb/libc.a(lib_a-memset.o)
 .debug_line    0x0000000000000bd3       0xc6 /usr/lib/gcc/arm-none-eabi/4.9.3/../../../arm-none-eabi/lib/thumb/libc.a(lib_a-strcat.o)
 .debug_line    0x0000000000000c99       0xbc /usr/lib/gcc/arm-none-eabi/4.9.3/../../../arm-none-eabi/lib/thumb/libc.a(lib_a-strcpy.o)
 .debug_line    0x0000000000000d55      0x100 /usr/lib/gcc/arm-none-eabi/4.9.3/../../../arm-none-eabi/lib/thumb/libc.a(lib_a-strlen.o)
 .debug_line    0x0000000000000e55      0x124 /usr/lib/gcc/arm-none-eabi/4.9.3/../../../arm-none-eabi/lib/thumb/libc.a(lib_a-strncmp.o)
 .debug_line    0x0000000000000f79      0x1f4 /usr/lib/gcc/arm-none-eabi/4.9.3/../../../arm-none-eabi/lib/thumb/libc.a(lib_a-strtol.o)
 .debug_line    0x000000000000116d      0x11e /usr/lib/gcc/arm-none-eabi/4.9.3/../../../arm-none-eabi/lib/thumb/libc.a(lib_a-utoa.o)
 .debug_line    0x000000000000128b       0x72 /usr/lib/gcc/arm-none-eabi/4.9.3/../../../arm-none-eabi/lib/thumb/libc.a(lib_a-ctype_.o)
 .debug_line    0x00000000000012fd       0xf1 /usr/lib/gcc/arm-none-eabi/4.9.3/../../../arm-none-eabi/lib/thumb/libc.a(lib_a-impure.o)
 .debug_line    0x00000000000013ee       0x7b /usr/lib/gcc/arm-none-eabi/4.9.3/thumb/libgcc.a(_udivsi3.o)
 .debug_line    0x0000000000001469       0x5e /usr/lib/gcc/arm-none-eabi/4.9.3/thumb/libgcc.a(_dvmd_tls.o)
 .debug_line    0x00000000000014c7      0x161 /usr/lib/gcc/arm-none-eabi/4.9.3/thumb/libgcc.a(_arm_addsubdf3.o)
 .debug_line    0x0000000000001628      0x17d /usr/lib/gcc/arm-none-eabi/4.9.3/thumb/libgcc.a(_arm_muldivdf3.o)
 .debug_line    0x00000000000017a5       0x86 /usr/lib/gcc/arm-none-eabi/4.9.3/thumb/libgcc.a(_arm_truncdfsf2.o)
 .debug_line    0x000000000000182b      0x114 /usr/lib/gcc/arm-none-eabi/4.9.3/thumb/libgcc.a(_arm_addsubsf3.o)
 .debug_line    0x000000000000193f      0x120 /usr/lib/gcc/arm-none-eabi/4.9.3/thumb/libgcc.a(_arm_muldivsf3.o)
 .debug_line    0x0000000000001a5f       0x75 /usr/lib/gcc/arm-none-eabi/4.9.3/thumb/libgcc.a(_arm_fixsfsi.o)

.debug_frame    0x0000000000000000      0x610
 *(.debug_frame)
 .debug_frame   0x0000000000000000       0xa4 obj/main.o
 .debug_frame   0x00000000000000a4       0x80 obj/interrupt.o
 .debug_frame   0x0000000000000124       0x7c obj/uart23xx.o
 .debug_frame   0x00000000000001a0       0x80 obj/usart_console.o
 .debug_frame   0x0000000000000220       0xb0 obj/spi.o
 .debug_frame   0x00000000000002d0       0x8c obj/adc_dac.o
 .debug_frame   0x000000000000035c       0x9c obj/timers.o
 .debug_frame   0x00000000000003f8       0x40 /usr/lib/gcc/arm-none-eabi/4.9.3/../../../arm-none-eabi/lib/thumb/libc.a(lib_a-atoi.o)
 .debug_frame   0x0000000000000438       0x40 /usr/lib/gcc/arm-none-eabi/4.9.3/../../../arm-none-eabi/lib/thumb/libc.a(lib_a-itoa.o)
 .debug_frame   0x0000000000000478       0x2c /usr/lib/gcc/arm-none-eabi/4.9.3/../../../arm-none-eabi/lib/thumb/libc.a(lib_a-memset.o)
 .debug_frame   0x00000000000004a4       0x2c /usr/lib/gcc/arm-none-eabi/4.9.3/../../../arm-none-eabi/lib/thumb/libc.a(lib_a-strcat.o)
 .debug_frame   0x00000000000004d0       0x20 /usr/lib/gcc/arm-none-eabi/4.9.3/../../../arm-none-eabi/lib/thumb/libc.a(lib_a-strcpy.o)
 .debug_frame   0x00000000000004f0       0x28 /usr/lib/gcc/arm-none-eabi/4.9.3/../../../arm-none-eabi/lib/thumb/libc.a(lib_a-strlen.o)
 .debug_frame   0x0000000000000518       0x2c /usr/lib/gcc/arm-none-eabi/4.9.3/../../../arm-none-eabi/lib/thumb/libc.a(lib_a-strncmp.o)
 .debug_frame   0x0000000000000544       0x58 /usr/lib/gcc/arm-none-eabi/4.9.3/../../../arm-none-eabi/lib/thumb/libc.a(lib_a-strtol.o)
 .debug_frame   0x000000000000059c       0x54 /usr/lib/gcc/arm-none-eabi/4.9.3/../../../arm-none-eabi/lib/thumb/libc.a(lib_a-utoa.o)
 .debug_frame   0x00000000000005f0       0x20 /usr/lib/gcc/arm-none-eabi/4.9.3/thumb/libgcc.a(_udivsi3.o)

.debug_str      0x0000000000000000      0xd3c
 *(.debug_str)
 .debug_str     0x0000000000000000      0x1a4 obj/main.o
                                        0x202 (size before relaxing)
 .debug_str     0x00000000000001a4       0x4b obj/interrupt.o
                                         0xf6 (size before relaxing)
 .debug_str     0x00000000000001ef       0x6c obj/uart23xx.o
                                        0x1db (size before relaxing)
 .debug_str     0x000000000000025b       0xc6 obj/usart_console.o
                                        0x272 (size before relaxing)
 .debug_str     0x0000000000000321       0x94 obj/spi.o
                                        0x1f9 (size before relaxing)
 .debug_str     0x00000000000003b5       0x32 obj/adc_dac.o
                                        0x1d5 (size before relaxing)
 .debug_str     0x00000000000003e7       0xa2 obj/timers.o
                                        0x2c1 (size before relaxing)
 .debug_str     0x0000000000000489      0x4b5 /usr/lib/gcc/arm-none-eabi/4.9.3/../../../arm-none-eabi/lib/thumb/libc.a(lib_a-atoi.o)
                                        0x55f (size before relaxing)
 .debug_str     0x000000000000093e       0x41 /usr/lib/gcc/arm-none-eabi/4.9.3/../../../arm-none-eabi/lib/thumb/libc.a(lib_a-itoa.o)
                                        0x1b0 (size before relaxing)
 .debug_str     0x000000000000097f       0xa5 /usr/lib/gcc/arm-none-eabi/4.9.3/../../../arm-none-eabi/lib/thumb/libc.a(lib_a-memset.o)
                                        0x1af (size before relaxing)
 .debug_str     0x0000000000000a24       0x40 /usr/lib/gcc/arm-none-eabi/4.9.3/../../../arm-none-eabi/lib/thumb/libc.a(lib_a-strcat.o)
                                        0x1a6 (size before relaxing)
 .debug_str     0x0000000000000a64       0x9e /usr/lib/gcc/arm-none-eabi/4.9.3/../../../arm-none-eabi/lib/thumb/libc.a(lib_a-strcpy.o)
                                        0x1a1 (size before relaxing)
 .debug_str     0x0000000000000b02       0x2e /usr/lib/gcc/arm-none-eabi/4.9.3/../../../arm-none-eabi/lib/thumb/libc.a(lib_a-strlen.o)
                                        0x1ae (size before relaxing)
 .debug_str     0x0000000000000b30       0x2f /usr/lib/gcc/arm-none-eabi/4.9.3/../../../arm-none-eabi/lib/thumb/libc.a(lib_a-strncmp.o)
                                        0x19d (size before relaxing)
 .debug_str     0x0000000000000b5f       0x5b /usr/lib/gcc/arm-none-eabi/4.9.3/../../../arm-none-eabi/lib/thumb/libc.a(lib_a-strtol.o)
                                        0x592 (size before relaxing)
 .debug_str     0x0000000000000bba       0x3d /usr/lib/gcc/arm-none-eabi/4.9.3/../../../arm-none-eabi/lib/thumb/libc.a(lib_a-utoa.o)
                                        0x1b3 (size before relaxing)
 .debug_str     0x0000000000000bf7       0x97 /usr/lib/gcc/arm-none-eabi/4.9.3/../../../arm-none-eabi/lib/thumb/libc.a(lib_a-ctype_.o)
                                        0x11d (size before relaxing)
 .debug_str     0x0000000000000c8e       0xae /usr/lib/gcc/arm-none-eabi/4.9.3/../../../arm-none-eabi/lib/thumb/libc.a(lib_a-impure.o)
                                        0x56c (size before relaxing)

.debug_loc      0x0000000000000000     0x1817
 *(.debug_loc)
 .debug_loc     0x0000000000000000      0x168 obj/main.o
 .debug_loc     0x0000000000000168      0x12e obj/uart23xx.o
 .debug_loc     0x0000000000000296      0x1d0 obj/usart_console.o
 .debug_loc     0x0000000000000466      0x3c4 obj/spi.o
 .debug_loc     0x000000000000082a       0xdf obj/adc_dac.o
 .debug_loc     0x0000000000000909      0x260 obj/timers.o
 .debug_loc     0x0000000000000b69       0x63 /usr/lib/gcc/arm-none-eabi/4.9.3/../../../arm-none-eabi/lib/thumb/libc.a(lib_a-atoi.o)
 .debug_loc     0x0000000000000bcc      0x163 /usr/lib/gcc/arm-none-eabi/4.9.3/../../../arm-none-eabi/lib/thumb/libc.a(lib_a-itoa.o)
 .debug_loc     0x0000000000000d2f      0x1d0 /usr/lib/gcc/arm-none-eabi/4.9.3/../../../arm-none-eabi/lib/thumb/libc.a(lib_a-memset.o)
 .debug_loc     0x0000000000000eff       0xbd /usr/lib/gcc/arm-none-eabi/4.9.3/../../../arm-none-eabi/lib/thumb/libc.a(lib_a-strcat.o)
 .debug_loc     0x0000000000000fbc       0x21 /usr/lib/gcc/arm-none-eabi/4.9.3/../../../arm-none-eabi/lib/thumb/libc.a(lib_a-strcpy.o)
 .debug_loc     0x0000000000000fdd       0x8f /usr/lib/gcc/arm-none-eabi/4.9.3/../../../arm-none-eabi/lib/thumb/libc.a(lib_a-strlen.o)
 .debug_loc     0x000000000000106c       0xbd /usr/lib/gcc/arm-none-eabi/4.9.3/../../../arm-none-eabi/lib/thumb/libc.a(lib_a-strncmp.o)
 .debug_loc     0x0000000000001129      0x53f /usr/lib/gcc/arm-none-eabi/4.9.3/../../../arm-none-eabi/lib/thumb/libc.a(lib_a-strtol.o)
 .debug_loc     0x0000000000001668      0x1af /usr/lib/gcc/arm-none-eabi/4.9.3/../../../arm-none-eabi/lib/thumb/libc.a(lib_a-utoa.o)

.debug_macinfo
 *(.debug_macinfo)

.debug_weaknames
 *(.debug_weaknames)

.debug_funcnames
 *(.debug_funcnames)

.debug_typenames
 *(.debug_typenames)

.debug_varnames
 *(.debug_varnames)
OUTPUT(obj/zond_cvc.elf elf32-littlearm)

.debug_ranges   0x0000000000000000      0x100
 .debug_ranges  0x0000000000000000       0x20 obj/asmfunc.o
 .debug_ranges  0x0000000000000020       0x18 obj/main.o
 .debug_ranges  0x0000000000000038       0x18 /usr/lib/gcc/arm-none-eabi/4.9.3/../../../arm-none-eabi/lib/thumb/libc.a(lib_a-atoi.o)
 .debug_ranges  0x0000000000000050       0x18 /usr/lib/gcc/arm-none-eabi/4.9.3/../../../arm-none-eabi/lib/thumb/libc.a(lib_a-itoa.o)
 .debug_ranges  0x0000000000000068       0x10 /usr/lib/gcc/arm-none-eabi/4.9.3/../../../arm-none-eabi/lib/thumb/libc.a(lib_a-memset.o)
 .debug_ranges  0x0000000000000078       0x28 /usr/lib/gcc/arm-none-eabi/4.9.3/../../../arm-none-eabi/lib/thumb/libc.a(lib_a-strcat.o)
 .debug_ranges  0x00000000000000a0       0x10 /usr/lib/gcc/arm-none-eabi/4.9.3/../../../arm-none-eabi/lib/thumb/libc.a(lib_a-strcpy.o)
 .debug_ranges  0x00000000000000b0       0x10 /usr/lib/gcc/arm-none-eabi/4.9.3/../../../arm-none-eabi/lib/thumb/libc.a(lib_a-strlen.o)
 .debug_ranges  0x00000000000000c0       0x10 /usr/lib/gcc/arm-none-eabi/4.9.3/../../../arm-none-eabi/lib/thumb/libc.a(lib_a-strncmp.o)
 .debug_ranges  0x00000000000000d0       0x18 /usr/lib/gcc/arm-none-eabi/4.9.3/../../../arm-none-eabi/lib/thumb/libc.a(lib_a-strtol.o)
 .debug_ranges  0x00000000000000e8       0x18 /usr/lib/gcc/arm-none-eabi/4.9.3/../../../arm-none-eabi/lib/thumb/libc.a(lib_a-utoa.o)

Cross Reference Table

Symbol                                            File
ClearVector                                       obj/interrupt.o
                                                  obj/main.o
Copy_al2un                                        obj/asmfunc.o
Copy_un2al                                        obj/asmfunc.o
Delay                                             obj/adc_dac.o
Exit_Main                                         obj/init_cpu.o
Index                                             obj/usart_console.o
Init_CPU                                          obj/init_cpu.o
Init_Clocks                                       obj/init_cpu.o
Init_MAM                                          obj/init_cpu.o
Init_Modules                                      obj/init_cpu.o
Init_Pins                                         obj/init_cpu.o
Init_Wait                                         obj/init_cpu.o
IrqDisable                                        obj/interrupt.o
IrqEnable                                         obj/interrupt.o
                                                  obj/main.o
Isr_TIM0                                          obj/timers.o
Isr_UART0                                         obj/uart23xx.o
LoadFiqRegs                                       obj/interrupt.o
RegisterIrq                                       obj/interrupt.o
                                                  obj/timers.o
                                                  obj/uart23xx.o
RxCount                                           obj/usart_console.o
SPI0_send_1_byte                                  obj/spi.o
                                                  obj/timers.o
                                                  obj/adc_dac.o
SPI0_send_2_byte                                  obj/spi.o
                                                  obj/timers.o
                                                  obj/adc_dac.o
                                                  obj/usart_console.o
SPI_ADC_data_transfers_16bit                      obj/spi.o
SPI_ADC_data_transfers_8bit                       obj/spi.o
SPI_DAC_data_transfers_16bit                      obj/spi.o
SPI_DAC_data_transfers_8bit                       obj/spi.o
SelectFiq                                         obj/interrupt.o
StoreFiqRegs                                      obj/interrupt.o
UART0_send                                        obj/usart_console.o
                                                  obj/timers.o
                                                  obj/main.o
UART0_send_byte                                   obj/usart_console.o
__adddf3                                          /usr/lib/gcc/arm-none-eabi/4.9.3/thumb/libgcc.a(_arm_addsubdf3.o)
__addsf3                                          /usr/lib/gcc/arm-none-eabi/4.9.3/thumb/libgcc.a(_arm_addsubsf3.o)
__aeabi_d2f                                       /usr/lib/gcc/arm-none-eabi/4.9.3/thumb/libgcc.a(_arm_truncdfsf2.o)
                                                  obj/timers.o
__aeabi_dadd                                      /usr/lib/gcc/arm-none-eabi/4.9.3/thumb/libgcc.a(_arm_addsubdf3.o)
__aeabi_ddiv                                      /usr/lib/gcc/arm-none-eabi/4.9.3/thumb/libgcc.a(_arm_muldivdf3.o)
                                                  obj/timers.o
__aeabi_dmul                                      /usr/lib/gcc/arm-none-eabi/4.9.3/thumb/libgcc.a(_arm_muldivdf3.o)
__aeabi_drsub                                     /usr/lib/gcc/arm-none-eabi/4.9.3/thumb/libgcc.a(_arm_addsubdf3.o)
__aeabi_dsub                                      /usr/lib/gcc/arm-none-eabi/4.9.3/thumb/libgcc.a(_arm_addsubdf3.o)
__aeabi_f2d                                       /usr/lib/gcc/arm-none-eabi/4.9.3/thumb/libgcc.a(_arm_addsubdf3.o)
__aeabi_f2iz                                      /usr/lib/gcc/arm-none-eabi/4.9.3/thumb/libgcc.a(_arm_fixsfsi.o)
                                                  obj/timers.o
__aeabi_fadd                                      /usr/lib/gcc/arm-none-eabi/4.9.3/thumb/libgcc.a(_arm_addsubsf3.o)
__aeabi_fdiv                                      /usr/lib/gcc/arm-none-eabi/4.9.3/thumb/libgcc.a(_arm_muldivsf3.o)
__aeabi_fmul                                      /usr/lib/gcc/arm-none-eabi/4.9.3/thumb/libgcc.a(_arm_muldivsf3.o)
                                                  obj/timers.o
__aeabi_frsub                                     /usr/lib/gcc/arm-none-eabi/4.9.3/thumb/libgcc.a(_arm_addsubsf3.o)
__aeabi_fsub                                      /usr/lib/gcc/arm-none-eabi/4.9.3/thumb/libgcc.a(_arm_addsubsf3.o)
                                                  obj/timers.o
__aeabi_i2d                                       /usr/lib/gcc/arm-none-eabi/4.9.3/thumb/libgcc.a(_arm_addsubdf3.o)
                                                  obj/timers.o
__aeabi_i2f                                       /usr/lib/gcc/arm-none-eabi/4.9.3/thumb/libgcc.a(_arm_addsubsf3.o)
                                                  obj/timers.o
__aeabi_idiv0                                     /usr/lib/gcc/arm-none-eabi/4.9.3/thumb/libgcc.a(_dvmd_tls.o)
                                                  /usr/lib/gcc/arm-none-eabi/4.9.3/thumb/libgcc.a(_udivsi3.o)
__aeabi_l2d                                       /usr/lib/gcc/arm-none-eabi/4.9.3/thumb/libgcc.a(_arm_addsubdf3.o)
__aeabi_l2f                                       /usr/lib/gcc/arm-none-eabi/4.9.3/thumb/libgcc.a(_arm_addsubsf3.o)
__aeabi_ldiv0                                     /usr/lib/gcc/arm-none-eabi/4.9.3/thumb/libgcc.a(_dvmd_tls.o)
__aeabi_ui2d                                      /usr/lib/gcc/arm-none-eabi/4.9.3/thumb/libgcc.a(_arm_addsubdf3.o)
__aeabi_ui2f                                      /usr/lib/gcc/arm-none-eabi/4.9.3/thumb/libgcc.a(_arm_addsubsf3.o)
__aeabi_uidiv                                     /usr/lib/gcc/arm-none-eabi/4.9.3/thumb/libgcc.a(_udivsi3.o)
                                                  /usr/lib/gcc/arm-none-eabi/4.9.3/../../../arm-none-eabi/lib/thumb/libc.a(lib_a-utoa.o)
                                                  /usr/lib/gcc/arm-none-eabi/4.9.3/../../../arm-none-eabi/lib/thumb/libc.a(lib_a-strtol.o)
__aeabi_uidivmod                                  /usr/lib/gcc/arm-none-eabi/4.9.3/thumb/libgcc.a(_udivsi3.o)
                                                  /usr/lib/gcc/arm-none-eabi/4.9.3/../../../arm-none-eabi/lib/thumb/libc.a(lib_a-utoa.o)
                                                  /usr/lib/gcc/arm-none-eabi/4.9.3/../../../arm-none-eabi/lib/thumb/libc.a(lib_a-strtol.o)
__aeabi_ul2d                                      /usr/lib/gcc/arm-none-eabi/4.9.3/thumb/libgcc.a(_arm_addsubdf3.o)
__aeabi_ul2f                                      /usr/lib/gcc/arm-none-eabi/4.9.3/thumb/libgcc.a(_arm_addsubsf3.o)
__ctype_ptr__                                     /usr/lib/gcc/arm-none-eabi/4.9.3/../../../arm-none-eabi/lib/thumb/libc.a(lib_a-ctype_.o)
                                                  /usr/lib/gcc/arm-none-eabi/4.9.3/../../../arm-none-eabi/lib/thumb/libc.a(lib_a-strtol.o)
__divdf3                                          /usr/lib/gcc/arm-none-eabi/4.9.3/thumb/libgcc.a(_arm_muldivdf3.o)
__divsf3                                          /usr/lib/gcc/arm-none-eabi/4.9.3/thumb/libgcc.a(_arm_muldivsf3.o)
__extendsfdf2                                     /usr/lib/gcc/arm-none-eabi/4.9.3/thumb/libgcc.a(_arm_addsubdf3.o)
__fixsfsi                                         /usr/lib/gcc/arm-none-eabi/4.9.3/thumb/libgcc.a(_arm_fixsfsi.o)
__floatdidf                                       /usr/lib/gcc/arm-none-eabi/4.9.3/thumb/libgcc.a(_arm_addsubdf3.o)
__floatdisf                                       /usr/lib/gcc/arm-none-eabi/4.9.3/thumb/libgcc.a(_arm_addsubsf3.o)
__floatsidf                                       /usr/lib/gcc/arm-none-eabi/4.9.3/thumb/libgcc.a(_arm_addsubdf3.o)
__floatsisf                                       /usr/lib/gcc/arm-none-eabi/4.9.3/thumb/libgcc.a(_arm_addsubsf3.o)
__floatundidf                                     /usr/lib/gcc/arm-none-eabi/4.9.3/thumb/libgcc.a(_arm_addsubdf3.o)
__floatundisf                                     /usr/lib/gcc/arm-none-eabi/4.9.3/thumb/libgcc.a(_arm_addsubsf3.o)
__floatunsidf                                     /usr/lib/gcc/arm-none-eabi/4.9.3/thumb/libgcc.a(_arm_addsubdf3.o)
__floatunsisf                                     /usr/lib/gcc/arm-none-eabi/4.9.3/thumb/libgcc.a(_arm_addsubsf3.o)
__itoa                                            /usr/lib/gcc/arm-none-eabi/4.9.3/../../../arm-none-eabi/lib/thumb/libc.a(lib_a-itoa.o)
__muldf3                                          /usr/lib/gcc/arm-none-eabi/4.9.3/thumb/libgcc.a(_arm_muldivdf3.o)
__mulsf3                                          /usr/lib/gcc/arm-none-eabi/4.9.3/thumb/libgcc.a(_arm_muldivsf3.o)
__subdf3                                          /usr/lib/gcc/arm-none-eabi/4.9.3/thumb/libgcc.a(_arm_addsubdf3.o)
__subsf3                                          /usr/lib/gcc/arm-none-eabi/4.9.3/thumb/libgcc.a(_arm_addsubsf3.o)
__truncdfsf2                                      /usr/lib/gcc/arm-none-eabi/4.9.3/thumb/libgcc.a(_arm_truncdfsf2.o)
__udivsi3                                         /usr/lib/gcc/arm-none-eabi/4.9.3/thumb/libgcc.a(_udivsi3.o)
__utoa                                            /usr/lib/gcc/arm-none-eabi/4.9.3/../../../arm-none-eabi/lib/thumb/libc.a(lib_a-utoa.o)
                                                  /usr/lib/gcc/arm-none-eabi/4.9.3/../../../arm-none-eabi/lib/thumb/libc.a(lib_a-itoa.o)
_atoi_r                                           /usr/lib/gcc/arm-none-eabi/4.9.3/../../../arm-none-eabi/lib/thumb/libc.a(lib_a-atoi.o)
_ctype_                                           /usr/lib/gcc/arm-none-eabi/4.9.3/../../../arm-none-eabi/lib/thumb/libc.a(lib_a-ctype_.o)
_ebss                                             obj/asmfunc.o
_edata                                            obj/asmfunc.o
_global_impure_ptr                                /usr/lib/gcc/arm-none-eabi/4.9.3/../../../arm-none-eabi/lib/thumb/libc.a(lib_a-impure.o)
_impure_ptr                                       /usr/lib/gcc/arm-none-eabi/4.9.3/../../../arm-none-eabi/lib/thumb/libc.a(lib_a-impure.o)
                                                  /usr/lib/gcc/arm-none-eabi/4.9.3/../../../arm-none-eabi/lib/thumb/libc.a(lib_a-strtol.o)
_sbss                                             obj/asmfunc.o
_sdata                                            obj/asmfunc.o
_sidata                                           obj/asmfunc.o
_strtol_r                                         /usr/lib/gcc/arm-none-eabi/4.9.3/../../../arm-none-eabi/lib/thumb/libc.a(lib_a-strtol.o)
                                                  /usr/lib/gcc/arm-none-eabi/4.9.3/../../../arm-none-eabi/lib/thumb/libc.a(lib_a-atoi.o)
adc_init                                          obj/adc_dac.o
                                                  obj/main.o
adc_read_current                                  obj/adc_dac.o
                                                  obj/timers.o
adc_read_voltage                                  obj/adc_dac.o
                                                  obj/timers.o
atoi                                              /usr/lib/gcc/arm-none-eabi/4.9.3/../../../arm-none-eabi/lib/thumb/libc.a(lib_a-atoi.o)
                                                  obj/usart_console.o
channel                                           obj/main.o
                                                  obj/timers.o
curr                                              obj/main.o
                                                  obj/timers.o
dac_set_voltage                                   obj/adc_dac.o
                                                  obj/usart_console.o
ftoa                                              obj/timers.o
gpio_clear                                        obj/main.o
                                                  obj/timers.o
                                                  obj/usart_console.o
gpio_init                                         obj/main.o
gpio_set                                          obj/main.o
                                                  obj/timers.o
                                                  obj/usart_console.o
help_msg                                          obj/usart_console.o
hex_to_ascii                                      obj/usart_console.o
hex_to_int                                        obj/usart_console.o
itoa                                              /usr/lib/gcc/arm-none-eabi/4.9.3/../../../arm-none-eabi/lib/thumb/libc.a(lib_a-itoa.o)
                                                  obj/timers.o
led_clear                                         obj/main.o
                                                  obj/usart_console.o
led_set                                           obj/main.o
                                                  obj/adc_dac.o
                                                  obj/usart_console.o
main                                              obj/main.o
                                                  obj/asmfunc.o
memset                                            /usr/lib/gcc/arm-none-eabi/4.9.3/../../../arm-none-eabi/lib/thumb/libc.a(lib_a-memset.o)
                                                  obj/timers.o
native                                            obj/main.o
                                                  obj/timers.o
                                                  obj/usart_console.o
pll_init                                          obj/main.o
process_command                                   obj/usart_console.o
                                                  obj/uart23xx.o
rec_len                                           obj/uart23xx.o
resiever                                          obj/uart23xx.o
strcat                                            /usr/lib/gcc/arm-none-eabi/4.9.3/../../../arm-none-eabi/lib/thumb/libc.a(lib_a-strcat.o)
                                                  obj/timers.o
strcpy                                            /usr/lib/gcc/arm-none-eabi/4.9.3/../../../arm-none-eabi/lib/thumb/libc.a(lib_a-strcpy.o)
                                                  /usr/lib/gcc/arm-none-eabi/4.9.3/../../../arm-none-eabi/lib/thumb/libc.a(lib_a-strcat.o)
strlen                                            /usr/lib/gcc/arm-none-eabi/4.9.3/../../../arm-none-eabi/lib/thumb/libc.a(lib_a-strlen.o)
                                                  obj/timers.o
strncmp                                           /usr/lib/gcc/arm-none-eabi/4.9.3/../../../arm-none-eabi/lib/thumb/libc.a(lib_a-strncmp.o)
                                                  obj/usart_console.o
strtol                                            /usr/lib/gcc/arm-none-eabi/4.9.3/../../../arm-none-eabi/lib/thumb/libc.a(lib_a-strtol.o)
                                                  /usr/lib/gcc/arm-none-eabi/4.9.3/../../../arm-none-eabi/lib/thumb/libc.a(lib_a-atoi.o)
timer0_init                                       obj/timers.o
                                                  obj/main.o
timer0_start                                      obj/timers.o
                                                  obj/usart_console.o
timer0_stop                                       obj/timers.o
                                                  obj/usart_console.o
uart0_getc                                        obj/uart23xx.o
uart0_init                                        obj/uart23xx.o
                                                  obj/main.o
uart0_putc                                        obj/uart23xx.o
uart0_test                                        obj/uart23xx.o
utoa                                              /usr/lib/gcc/arm-none-eabi/4.9.3/../../../arm-none-eabi/lib/thumb/libc.a(lib_a-utoa.o)
volts                                             obj/main.o
                                                  obj/timers.o
