Archive member included to satisfy reference by file (symbol)

/usr/lib/gcc/arm-none-eabi/4.9.3/../../../arm-none-eabi/lib/thumb/libc.a(lib_a-strncmp.o)
                              obj/usart_console.o (strncmp)

Allocating common symbols
Common symbol       size              file

Index               0x1               obj/usart_console.o
RxCount             0x1               obj/usart_console.o
resiever            0x32              obj/uart23xx.o

Discarded input sections

 .data          0x0000000000000000        0x0 obj/asmfunc.o
 .bss           0x0000000000000000        0x0 obj/asmfunc.o
 .data          0x0000000000000000        0x0 obj/main.o
 .bss           0x0000000000000000        0x0 obj/main.o
 .data          0x0000000000000000        0x0 obj/interrupt.o
 .bss           0x0000000000000000        0x0 obj/interrupt.o
 .data          0x0000000000000000        0x0 obj/uart23xx.o
 .text          0x0000000000000000       0xcc obj/init_cpu.o
 .data          0x0000000000000000        0x0 obj/init_cpu.o
 .bss           0x0000000000000000        0x0 obj/init_cpu.o
 .debug_info    0x0000000000000000       0xba obj/init_cpu.o
 .debug_abbrev  0x0000000000000000       0x44 obj/init_cpu.o
 .debug_loc     0x0000000000000000       0x20 obj/init_cpu.o
 .debug_aranges
                0x0000000000000000       0x20 obj/init_cpu.o
 .debug_line    0x0000000000000000       0x89 obj/init_cpu.o
 .debug_str     0x0000000000000000       0xe0 obj/init_cpu.o
 .comment       0x0000000000000000       0x39 obj/init_cpu.o
 .debug_frame   0x0000000000000000       0x8c obj/init_cpu.o
 .ARM.attributes
                0x0000000000000000       0x32 obj/init_cpu.o
 .data          0x0000000000000000        0x0 obj/usart_console.o
 .bss           0x0000000000000000        0x0 obj/usart_console.o
 COMMON         0x0000000000000000        0x2 obj/usart_console.o
 .data          0x0000000000000000        0x0 obj/spi.o
 .bss           0x0000000000000000        0x0 obj/spi.o
 .data          0x0000000000000000        0x0 obj/adc_dac.o
 .bss           0x0000000000000000        0x0 obj/adc_dac.o
 .data          0x0000000000000000        0x0 obj/timers.o
 .bss           0x0000000000000000        0x0 obj/timers.o
 .text          0x0000000000000000        0x0 /usr/lib/gcc/arm-none-eabi/4.9.3/../../../arm-none-eabi/lib/thumb/libc.a(lib_a-strncmp.o)
 .data          0x0000000000000000        0x0 /usr/lib/gcc/arm-none-eabi/4.9.3/../../../arm-none-eabi/lib/thumb/libc.a(lib_a-strncmp.o)
 .bss           0x0000000000000000        0x0 /usr/lib/gcc/arm-none-eabi/4.9.3/../../../arm-none-eabi/lib/thumb/libc.a(lib_a-strncmp.o)

Memory Configuration

Name             Origin             Length             Attributes
ROM              0x0000000000000000 0x000000000007e000
RAM              0x0000000040000000 0x000000000000ffe0
URAM             0x000000007fd00000 0x0000000000004000
ERAM             0x000000007fe00000 0x0000000000004000
BRAM             0x00000000e0084000 0x0000000000000800
*default*        0x0000000000000000 0xffffffffffffffff

Linker script and memory map

LOAD obj/asmfunc.o
LOAD obj/main.o
LOAD obj/interrupt.o
LOAD obj/uart23xx.o
LOAD obj/init_cpu.o
LOAD obj/usart_console.o
LOAD obj/spi.o
LOAD obj/adc_dac.o
LOAD obj/timers.o
LOAD /usr/lib/gcc/arm-none-eabi/4.9.3/../../../arm-none-eabi/lib/thumb/libc.a
LOAD /usr/lib/gcc/arm-none-eabi/4.9.3/thumb/libgcc.a
LOAD /usr/lib/gcc/arm-none-eabi/4.9.3/../../../arm-none-eabi/lib/thumb/libm.a
START GROUP
LOAD /usr/lib/gcc/arm-none-eabi/4.9.3/thumb/libgcc.a
LOAD /usr/lib/gcc/arm-none-eabi/4.9.3/../../../arm-none-eabi/lib/thumb/libg.a
LOAD /usr/lib/gcc/arm-none-eabi/4.9.3/../../../arm-none-eabi/lib/thumb/libc.a
END GROUP

.text           0x0000000000000000      0xea6
 *(.VECTOR)
 .VECTOR        0x0000000000000000       0x34 obj/asmfunc.o
                0x00000000000002fc                . = 0x2fc
 *fill*         0x0000000000000034      0x2c8 
 *(.CRP)
                0x0000000000000300                . = 0x300
 *fill*         0x00000000000002fc        0x4 
 *(.text .text.*)
 .text          0x0000000000000300      0x31c obj/asmfunc.o
                0x0000000000000500                Copy_un2al
                0x0000000000000570                Copy_al2un
 .text          0x000000000000061c      0x1a0 obj/main.o
                0x000000000000061c                GPIOInit
                0x000000000000066c                led_set
                0x0000000000000680                led_clear
                0x0000000000000694                gpio_set
                0x00000000000006d8                gpio_clear
                0x000000000000071c                IoInit
 .text.startup  0x00000000000007bc       0x28 obj/main.o
                0x00000000000007bc                main
 .text          0x00000000000007e4       0x1c obj/interrupt.o
                0x00000000000007e4                IrqDisable
                0x00000000000007e8                IrqEnable
                0x00000000000007ec                ClearVector
                0x00000000000007f0                RegisterIrq
                0x00000000000007f4                SelectFiq
                0x00000000000007f8                LoadFiqRegs
                0x00000000000007fc                StoreFiqRegs
 .text          0x0000000000000800      0x178 obj/uart23xx.o
                0x0000000000000800                Isr_UART0
                0x0000000000000868                uart0_test
                0x0000000000000874                uart0_getc
                0x00000000000008ac                uart0_putc
                0x00000000000008fc                uart0_init
 .text          0x0000000000000978       0xcc obj/usart_console.o
                0x0000000000000978                UART0_send
                0x00000000000009bc                process_command
 .text          0x0000000000000a44      0x198 obj/spi.o
                0x0000000000000a44                SPI0_send_1_byte
                0x0000000000000a84                SPI0_send_2_byte
                0x0000000000000ad4                SPI0_init
                0x0000000000000b30                SPI0_read_1_byte
                0x0000000000000b7c                SPI0_read_2_byte
 .text          0x0000000000000bdc       0xa8 obj/adc_dac.o
                0x0000000000000bdc                adc_init
                0x0000000000000c1c                dac_set_voltage
                0x0000000000000c30                adc_read_current
                0x0000000000000c5a                adc_read_voltage
 .text          0x0000000000000c84       0xd8 obj/timers.o
                0x0000000000000c84                Isr_TIM0
                0x0000000000000cac                timer0_init
                0x0000000000000d1c                timer0_start
                0x0000000000000d3c                timer0_stop
 .text.strncmp  0x0000000000000d5c       0x98 /usr/lib/gcc/arm-none-eabi/4.9.3/../../../arm-none-eabi/lib/thumb/libc.a(lib_a-strncmp.o)
                0x0000000000000d5c                strncmp
 *(.gnu.linkonce.t.*)
 *(.glue_7)
 .glue_7        0x0000000000000df4        0x0 linker stubs
 *(.glue_7t)
 .glue_7t       0x0000000000000df4        0x0 linker stubs
 *(.gcc_except_table)
 *(.rodata)
 .rodata        0x0000000000000df4       0x87 obj/usart_console.o
                0x0000000000000df4                help_msg
 *(.rodata*)
 .rodata.str1.1
                0x0000000000000e7b       0x11 obj/main.o
 .rodata.str1.1
                0x0000000000000e8c       0x14 obj/usart_console.o
 .rodata.str1.1
                0x0000000000000ea0        0x6 obj/timers.o
 *(.gnu.linkonce.r.*)

.vfp11_veneer   0x0000000000000ea8        0x0
 .vfp11_veneer  0x0000000000000ea8        0x0 linker stubs

.v4_bx          0x0000000000000ea8        0x0
 .v4_bx         0x0000000000000ea8        0x0 linker stubs

.iplt           0x0000000000000ea8        0x0
 .iplt          0x0000000000000ea8        0x0 obj/asmfunc.o

.rel.dyn        0x0000000000000ea8        0x0
 .rel.iplt      0x0000000000000ea8        0x0 obj/asmfunc.o

.ARM.excep
 *(.ARM.exidx*)
 *(.ARM.extab*)
                0x0000000000000ea8                . = ALIGN (0x4)
                0x0000000000000ea8                _etext = .
                0x0000000000000ea8                _sidata = .

.data           0x0000000040000000        0x0 load address 0x0000000000000ea8
                0x0000000040000000                . = ALIGN (0x4)
                0x0000000040000000                _sdata = .
 *(.data)
 *(.data.*)
 *(.gnu.linkonce.d*)
                0x0000000040000000                . = ALIGN (0x4)
                0x0000000040000000                _edata = .

.igot.plt       0x0000000040000000        0x0
 .igot.plt      0x0000000040000000        0x0 obj/asmfunc.o

.bss            0x0000000040000000      0x144
                0x0000000040000000                . = ALIGN (0x4)
                0x0000000040000000                _sbss = .
 *(.bss)
 .bss           0x0000000040000000      0x110 obj/uart23xx.o
                0x0000000040000000                rec_len
 *(.bss.*)
 *(.gnu.linkonce.b*)
 *(COMMON)
 COMMON         0x0000000040000110       0x32 obj/uart23xx.o
                0x0000000040000110                resiever
                0x0000000040000144                . = ALIGN (0x4)
 *fill*         0x0000000040000142        0x2 
                0x0000000040000144                _ebss = .

.stack          0x0000000040000144      0xa14
                0x0000000040000148                . = ALIGN (0x8)
 *fill*         0x0000000040000144        0x4 
 *(.stack)
 *(.STACK)
 .STACK         0x0000000040000148      0xa10 obj/asmfunc.o
                0x0000000040000b58                _estack = .
                0x0000000040000b58                . = ALIGN (0x4)

.usbram         0x000000007fd00000        0x0
 *(.usbram)
                0x000000007fd00000                . = ALIGN (0x4)

.etherram       0x000000007fe00000        0x0
 *(.etherram)
                0x000000007fe00000                . = ALIGN (0x4)

.batteryram     0x00000000e0084000        0x0
 *(.batteryram)
                0x00000000e0084000                . = ALIGN (0x4)

.stab
 *(.stab)

.stabstr
 *(.stabstr)

.stab.excl
 *(.stab.excl)

.stab.exclstr
 *(.stab.exclstr)

.stab.index
 *(.stab.index)

.stab.indexstr
 *(.stab.indexstr)

.comment        0x0000000000000000       0x70
 *(.comment)
 .comment       0x0000000000000000       0x38 obj/main.o
                                         0x39 (size before relaxing)
 .comment       0x0000000000000038       0x39 obj/interrupt.o
 .comment       0x0000000000000038       0x39 obj/uart23xx.o
 .comment       0x0000000000000038       0x39 obj/usart_console.o
 .comment       0x0000000000000038       0x39 obj/spi.o
 .comment       0x0000000000000038       0x39 obj/adc_dac.o
 .comment       0x0000000000000038       0x39 obj/timers.o
 .comment       0x0000000000000038       0x38 /usr/lib/gcc/arm-none-eabi/4.9.3/../../../arm-none-eabi/lib/thumb/libc.a(lib_a-strncmp.o)
                                         0x39 (size before relaxing)

.HEAP           0x0000000000000000        0x0
 .HEAP          0x0000000000000000        0x0 obj/asmfunc.o

.ARM.attributes
                0x0000000000000000       0x2e
 .ARM.attributes
                0x0000000000000000       0x22 obj/asmfunc.o
 .ARM.attributes
                0x0000000000000022       0x32 obj/main.o
 .ARM.attributes
                0x0000000000000054       0x32 obj/interrupt.o
 .ARM.attributes
                0x0000000000000086       0x32 obj/uart23xx.o
 .ARM.attributes
                0x00000000000000b8       0x32 obj/usart_console.o
 .ARM.attributes
                0x00000000000000ea       0x32 obj/spi.o
 .ARM.attributes
                0x000000000000011c       0x32 obj/adc_dac.o
 .ARM.attributes
                0x000000000000014e       0x32 obj/timers.o
 .ARM.attributes
                0x0000000000000180       0x30 /usr/lib/gcc/arm-none-eabi/4.9.3/../../../arm-none-eabi/lib/thumb/libc.a(lib_a-strncmp.o)

.debug
 *(.debug)

.line
 *(.line)

.debug_srcinfo
 *(.debug_srcinfo)

.debug_sfnames
 *(.debug_sfnames)

.debug_aranges  0x0000000000000000      0x130
 *(.debug_aranges)
 .debug_aranges
                0x0000000000000000       0x28 obj/asmfunc.o
 .debug_aranges
                0x0000000000000028       0x28 obj/main.o
 .debug_aranges
                0x0000000000000050       0x20 obj/interrupt.o
 .debug_aranges
                0x0000000000000070       0x20 obj/uart23xx.o
 .debug_aranges
                0x0000000000000090       0x20 obj/usart_console.o
 .debug_aranges
                0x00000000000000b0       0x20 obj/spi.o
 .debug_aranges
                0x00000000000000d0       0x20 obj/adc_dac.o
 .debug_aranges
                0x00000000000000f0       0x20 obj/timers.o
 .debug_aranges
                0x0000000000000110       0x20 /usr/lib/gcc/arm-none-eabi/4.9.3/../../../arm-none-eabi/lib/thumb/libc.a(lib_a-strncmp.o)

.debug_pubnames
 *(.debug_pubnames)

.debug_info     0x0000000000000000     0x132f
 *(.debug_info .gnu.linkonce.wi.*)
 .debug_info    0x0000000000000000       0x52 obj/asmfunc.o
 .debug_info    0x0000000000000052      0x28f obj/main.o
 .debug_info    0x00000000000002e1      0x133 obj/interrupt.o
 .debug_info    0x0000000000000414      0x301 obj/uart23xx.o
 .debug_info    0x0000000000000715      0x3cf obj/usart_console.o
 .debug_info    0x0000000000000ae4      0x1a5 obj/spi.o
 .debug_info    0x0000000000000c89      0x353 obj/adc_dac.o
 .debug_info    0x0000000000000fdc      0x25e obj/timers.o
 .debug_info    0x000000000000123a       0xf5 /usr/lib/gcc/arm-none-eabi/4.9.3/../../../arm-none-eabi/lib/thumb/libc.a(lib_a-strncmp.o)

.debug_abbrev   0x0000000000000000      0x798
 *(.debug_abbrev)
 .debug_abbrev  0x0000000000000000       0x12 obj/asmfunc.o
 .debug_abbrev  0x0000000000000012      0x12f obj/main.o
 .debug_abbrev  0x0000000000000141       0xa2 obj/interrupt.o
 .debug_abbrev  0x00000000000001e3      0x177 obj/uart23xx.o
 .debug_abbrev  0x000000000000035a      0x11b obj/usart_console.o
 .debug_abbrev  0x0000000000000475       0xf5 obj/spi.o
 .debug_abbrev  0x000000000000056a       0xd8 obj/adc_dac.o
 .debug_abbrev  0x0000000000000642       0xd5 obj/timers.o
 .debug_abbrev  0x0000000000000717       0x81 /usr/lib/gcc/arm-none-eabi/4.9.3/../../../arm-none-eabi/lib/thumb/libc.a(lib_a-strncmp.o)

.debug_line     0x0000000000000000      0x828
 *(.debug_line)
 .debug_line    0x0000000000000000      0x12b obj/asmfunc.o
 .debug_line    0x000000000000012b      0x13f obj/main.o
 .debug_line    0x000000000000026a       0x4f obj/interrupt.o
 .debug_line    0x00000000000002b9      0x100 obj/uart23xx.o
 .debug_line    0x00000000000003b9      0x109 obj/usart_console.o
 .debug_line    0x00000000000004c2       0xd5 obj/spi.o
 .debug_line    0x0000000000000597       0xa4 obj/adc_dac.o
 .debug_line    0x000000000000063b       0xc9 obj/timers.o
 .debug_line    0x0000000000000704      0x124 /usr/lib/gcc/arm-none-eabi/4.9.3/../../../arm-none-eabi/lib/thumb/libc.a(lib_a-strncmp.o)

.debug_frame    0x0000000000000000      0x35c
 *(.debug_frame)
 .debug_frame   0x0000000000000000       0xa4 obj/main.o
 .debug_frame   0x00000000000000a4       0x80 obj/interrupt.o
 .debug_frame   0x0000000000000124       0x78 obj/uart23xx.o
 .debug_frame   0x000000000000019c       0x44 obj/usart_console.o
 .debug_frame   0x00000000000001e0       0x70 obj/spi.o
 .debug_frame   0x0000000000000250       0x70 obj/adc_dac.o
 .debug_frame   0x00000000000002c0       0x70 obj/timers.o
 .debug_frame   0x0000000000000330       0x2c /usr/lib/gcc/arm-none-eabi/4.9.3/../../../arm-none-eabi/lib/thumb/libc.a(lib_a-strncmp.o)

.debug_str      0x0000000000000000      0x45f
 *(.debug_str)
 .debug_str     0x0000000000000000      0x19b obj/main.o
                                        0x1ee (size before relaxing)
 .debug_str     0x000000000000019b       0x4b obj/interrupt.o
                                         0xf6 (size before relaxing)
 .debug_str     0x00000000000001e6       0x6c obj/uart23xx.o
                                        0x1db (size before relaxing)
 .debug_str     0x0000000000000252       0x6a obj/usart_console.o
                                        0x1e0 (size before relaxing)
 .debug_str     0x00000000000002bc       0x55 obj/spi.o
                                        0x1a9 (size before relaxing)
 .debug_str     0x0000000000000311       0x35 obj/adc_dac.o
                                        0x1ac (size before relaxing)
 .debug_str     0x0000000000000346       0x1d obj/timers.o
                                        0x1c4 (size before relaxing)
 .debug_str     0x0000000000000363       0xfc /usr/lib/gcc/arm-none-eabi/4.9.3/../../../arm-none-eabi/lib/thumb/libc.a(lib_a-strncmp.o)
                                        0x19d (size before relaxing)

.debug_loc      0x0000000000000000      0x6a9
 *(.debug_loc)
 .debug_loc     0x0000000000000000      0x168 obj/main.o
 .debug_loc     0x0000000000000168      0x12e obj/uart23xx.o
 .debug_loc     0x0000000000000296       0xa8 obj/usart_console.o
 .debug_loc     0x000000000000033e      0x167 obj/spi.o
 .debug_loc     0x00000000000004a5       0xc7 obj/adc_dac.o
 .debug_loc     0x000000000000056c       0x80 obj/timers.o
 .debug_loc     0x00000000000005ec       0xbd /usr/lib/gcc/arm-none-eabi/4.9.3/../../../arm-none-eabi/lib/thumb/libc.a(lib_a-strncmp.o)

.debug_macinfo
 *(.debug_macinfo)

.debug_weaknames
 *(.debug_weaknames)

.debug_funcnames
 *(.debug_funcnames)

.debug_typenames
 *(.debug_typenames)

.debug_varnames
 *(.debug_varnames)
OUTPUT(obj/zond_cvc.elf elf32-littlearm)

.debug_ranges   0x0000000000000000       0x48
 .debug_ranges  0x0000000000000000       0x20 obj/asmfunc.o
 .debug_ranges  0x0000000000000020       0x18 obj/main.o
 .debug_ranges  0x0000000000000038       0x10 /usr/lib/gcc/arm-none-eabi/4.9.3/../../../arm-none-eabi/lib/thumb/libc.a(lib_a-strncmp.o)

Cross Reference Table

Symbol                                            File
ClearVector                                       obj/interrupt.o
                                                  obj/main.o
Copy_al2un                                        obj/asmfunc.o
Copy_un2al                                        obj/asmfunc.o
Exit_Main                                         obj/init_cpu.o
GPIOInit                                          obj/main.o
Index                                             obj/usart_console.o
Init_CPU                                          obj/init_cpu.o
Init_Clocks                                       obj/init_cpu.o
Init_MAM                                          obj/init_cpu.o
Init_Modules                                      obj/init_cpu.o
Init_Pins                                         obj/init_cpu.o
Init_Wait                                         obj/init_cpu.o
IoInit                                            obj/main.o
IrqDisable                                        obj/interrupt.o
IrqEnable                                         obj/interrupt.o
                                                  obj/main.o
Isr_TIM0                                          obj/timers.o
Isr_UART0                                         obj/uart23xx.o
LoadFiqRegs                                       obj/interrupt.o
RegisterIrq                                       obj/interrupt.o
                                                  obj/timers.o
                                                  obj/uart23xx.o
RxCount                                           obj/usart_console.o
SPI0_init                                         obj/spi.o
                                                  obj/main.o
SPI0_read_1_byte                                  obj/spi.o
SPI0_read_2_byte                                  obj/spi.o
                                                  obj/adc_dac.o
SPI0_send_1_byte                                  obj/spi.o
                                                  obj/adc_dac.o
SPI0_send_2_byte                                  obj/spi.o
                                                  obj/adc_dac.o
SelectFiq                                         obj/interrupt.o
StoreFiqRegs                                      obj/interrupt.o
UART0_send                                        obj/usart_console.o
                                                  obj/timers.o
                                                  obj/main.o
_ebss                                             obj/asmfunc.o
_edata                                            obj/asmfunc.o
_sbss                                             obj/asmfunc.o
_sdata                                            obj/asmfunc.o
_sidata                                           obj/asmfunc.o
adc_init                                          obj/adc_dac.o
adc_read_current                                  obj/adc_dac.o
adc_read_voltage                                  obj/adc_dac.o
dac_set_voltage                                   obj/adc_dac.o
                                                  obj/usart_console.o
gpio_clear                                        obj/main.o
                                                  obj/timers.o
                                                  obj/usart_console.o
gpio_set                                          obj/main.o
                                                  obj/timers.o
                                                  obj/usart_console.o
help_msg                                          obj/usart_console.o
led_clear                                         obj/main.o
led_set                                           obj/main.o
                                                  obj/timers.o
                                                  obj/usart_console.o
main                                              obj/main.o
                                                  obj/asmfunc.o
process_command                                   obj/usart_console.o
                                                  obj/uart23xx.o
rec_len                                           obj/uart23xx.o
resiever                                          obj/uart23xx.o
strncmp                                           /usr/lib/gcc/arm-none-eabi/4.9.3/../../../arm-none-eabi/lib/thumb/libc.a(lib_a-strncmp.o)
                                                  obj/usart_console.o
timer0_init                                       obj/timers.o
                                                  obj/main.o
timer0_start                                      obj/timers.o
                                                  obj/usart_console.o
                                                  obj/main.o
timer0_stop                                       obj/timers.o
                                                  obj/usart_console.o
uart0_getc                                        obj/uart23xx.o
uart0_init                                        obj/uart23xx.o
                                                  obj/main.o
uart0_putc                                        obj/uart23xx.o
uart0_test                                        obj/uart23xx.o
