Archive member included to satisfy reference by file (symbol)

/usr/lib/gcc/arm-none-eabi/4.9.3/../../../arm-none-eabi/lib/thumb/libc.a(lib_a-strncmp.o)
                              obj/usart_console.o (strncmp)

Allocating common symbols
Common symbol       size              file

Index               0x1               obj/usart_console.o
RxCount             0x1               obj/usart_console.o
resiever            0x32              obj/uart23xx.o

Discarded input sections

 .data          0x0000000000000000        0x0 obj/asmfunc.o
 .bss           0x0000000000000000        0x0 obj/asmfunc.o
 .data          0x0000000000000000        0x0 obj/main.o
 .bss           0x0000000000000000        0x0 obj/main.o
 .data          0x0000000000000000        0x0 obj/interrupt.o
 .bss           0x0000000000000000        0x0 obj/interrupt.o
 .data          0x0000000000000000        0x0 obj/uart23xx.o
 .text          0x0000000000000000       0xcc obj/init_cpu.o
 .data          0x0000000000000000        0x0 obj/init_cpu.o
 .bss           0x0000000000000000        0x0 obj/init_cpu.o
 .debug_info    0x0000000000000000       0xba obj/init_cpu.o
 .debug_abbrev  0x0000000000000000       0x44 obj/init_cpu.o
 .debug_loc     0x0000000000000000       0x20 obj/init_cpu.o
 .debug_aranges
                0x0000000000000000       0x20 obj/init_cpu.o
 .debug_line    0x0000000000000000       0x89 obj/init_cpu.o
 .debug_str     0x0000000000000000       0xe0 obj/init_cpu.o
 .comment       0x0000000000000000       0x39 obj/init_cpu.o
 .debug_frame   0x0000000000000000       0x8c obj/init_cpu.o
 .ARM.attributes
                0x0000000000000000       0x32 obj/init_cpu.o
 .data          0x0000000000000000        0x0 obj/usart_console.o
 .bss           0x0000000000000000        0x0 obj/usart_console.o
 COMMON         0x0000000000000000        0x2 obj/usart_console.o
 .data          0x0000000000000000        0x0 obj/spi.o
 .bss           0x0000000000000000        0x0 obj/spi.o
 .data          0x0000000000000000        0x0 obj/adc_dac.o
 .bss           0x0000000000000000        0x0 obj/adc_dac.o
 .data          0x0000000000000000        0x0 obj/timers.o
 .bss           0x0000000000000000        0x0 obj/timers.o
 .text          0x0000000000000000        0x0 /usr/lib/gcc/arm-none-eabi/4.9.3/../../../arm-none-eabi/lib/thumb/libc.a(lib_a-strncmp.o)
 .data          0x0000000000000000        0x0 /usr/lib/gcc/arm-none-eabi/4.9.3/../../../arm-none-eabi/lib/thumb/libc.a(lib_a-strncmp.o)
 .bss           0x0000000000000000        0x0 /usr/lib/gcc/arm-none-eabi/4.9.3/../../../arm-none-eabi/lib/thumb/libc.a(lib_a-strncmp.o)

Memory Configuration

Name             Origin             Length             Attributes
ROM              0x0000000000000000 0x000000000007e000
RAM              0x0000000040000000 0x000000000000ffe0
URAM             0x000000007fd00000 0x0000000000004000
ERAM             0x000000007fe00000 0x0000000000004000
BRAM             0x00000000e0084000 0x0000000000000800
*default*        0x0000000000000000 0xffffffffffffffff

Linker script and memory map

LOAD obj/asmfunc.o
LOAD obj/main.o
LOAD obj/interrupt.o
LOAD obj/uart23xx.o
LOAD obj/init_cpu.o
LOAD obj/usart_console.o
LOAD obj/spi.o
LOAD obj/adc_dac.o
LOAD obj/timers.o
LOAD /usr/lib/gcc/arm-none-eabi/4.9.3/../../../arm-none-eabi/lib/thumb/libc.a
LOAD /usr/lib/gcc/arm-none-eabi/4.9.3/thumb/libgcc.a
LOAD /usr/lib/gcc/arm-none-eabi/4.9.3/../../../arm-none-eabi/lib/thumb/libm.a
START GROUP
LOAD /usr/lib/gcc/arm-none-eabi/4.9.3/thumb/libgcc.a
LOAD /usr/lib/gcc/arm-none-eabi/4.9.3/../../../arm-none-eabi/lib/thumb/libg.a
LOAD /usr/lib/gcc/arm-none-eabi/4.9.3/../../../arm-none-eabi/lib/thumb/libc.a
END GROUP

.text           0x0000000000000000     0x1056
 *(.VECTOR)
 .VECTOR        0x0000000000000000       0x34 obj/asmfunc.o
                0x00000000000002fc                . = 0x2fc
 *fill*         0x0000000000000034      0x2c8 
 *(.CRP)
                0x0000000000000300                . = 0x300
 *fill*         0x00000000000002fc        0x4 
 *(.text .text.*)
 .text          0x0000000000000300      0x31c obj/asmfunc.o
                0x0000000000000500                Copy_un2al
                0x0000000000000570                Copy_al2un
 .text          0x000000000000061c      0x1b0 obj/main.o
                0x000000000000061c                gpio_init
                0x000000000000067c                led_set
                0x0000000000000690                led_clear
                0x00000000000006a4                gpio_set
                0x00000000000006e8                gpio_clear
                0x000000000000072c                pll_init
 .text.startup  0x00000000000007cc       0x98 obj/main.o
                0x00000000000007cc                main
 .text          0x0000000000000864       0x1c obj/interrupt.o
                0x0000000000000864                IrqDisable
                0x0000000000000868                IrqEnable
                0x000000000000086c                ClearVector
                0x0000000000000870                RegisterIrq
                0x0000000000000874                SelectFiq
                0x0000000000000878                LoadFiqRegs
                0x000000000000087c                StoreFiqRegs
 .text          0x0000000000000880      0x178 obj/uart23xx.o
                0x0000000000000880                Isr_UART0
                0x00000000000008e8                uart0_test
                0x00000000000008f4                uart0_getc
                0x000000000000092c                uart0_putc
                0x000000000000097c                uart0_init
 .text          0x00000000000009f8      0x150 obj/usart_console.o
                0x00000000000009f8                hex_to_int
                0x0000000000000a16                hex_to_ascii
                0x0000000000000a38                UART0_send_byte
                0x0000000000000a64                UART0_send
                0x0000000000000aa8                process_command
 .text          0x0000000000000b48      0x140 obj/spi.o
                0x0000000000000b48                SPI0_init
                0x0000000000000b94                SPI_ADC_data_transfers_16bit
                0x0000000000000bf8                SPI0_send_2_byte
                0x0000000000000c04                SPI_ADC_data_transfers_8bit
                0x0000000000000c64                SPI0_send_1_byte
                0x0000000000000c70                spi_readStatus
 .text          0x0000000000000c88      0x140 obj/adc_dac.o
                0x0000000000000c88                Delay
                0x0000000000000c8a                adc_init
                0x0000000000000d08                dac_set_voltage
                0x0000000000000d30                adc_read_current
                0x0000000000000d7c                adc_read_voltage
 .text          0x0000000000000dc8      0x108 obj/timers.o
                0x0000000000000dc8                Isr_TIM0
                0x0000000000000e2c                timer0_init
                0x0000000000000e90                timer0_start
                0x0000000000000eb0                timer0_stop
 .text.strncmp  0x0000000000000ed0       0x98 /usr/lib/gcc/arm-none-eabi/4.9.3/../../../arm-none-eabi/lib/thumb/libc.a(lib_a-strncmp.o)
                0x0000000000000ed0                strncmp
 *(.gnu.linkonce.t.*)
 *(.glue_7)
 .glue_7        0x0000000000000f68        0x0 linker stubs
 *(.glue_7t)
 .glue_7t       0x0000000000000f68        0x0 linker stubs
 *(.gcc_except_table)
 *(.rodata)
 .rodata        0x0000000000000f68       0x87 obj/usart_console.o
                0x0000000000000f68                help_msg
 *(.rodata*)
 .rodata.str1.1
                0x0000000000000fef       0x12 obj/main.o
 .rodata.str1.1
                0x0000000000001001       0x28 obj/usart_console.o
 .rodata.str1.1
                0x0000000000001029       0x10 obj/adc_dac.o
 .rodata.str1.1
                0x0000000000001039       0x1d obj/timers.o
 *(.gnu.linkonce.r.*)

.vfp11_veneer   0x0000000000001058        0x0
 .vfp11_veneer  0x0000000000001058        0x0 linker stubs

.v4_bx          0x0000000000001058        0x0
 .v4_bx         0x0000000000001058        0x0 linker stubs

.iplt           0x0000000000001058        0x0
 .iplt          0x0000000000001058        0x0 obj/asmfunc.o

.rel.dyn        0x0000000000001058        0x0
 .rel.iplt      0x0000000000001058        0x0 obj/asmfunc.o

.ARM.excep
 *(.ARM.exidx*)
 *(.ARM.extab*)
                0x0000000000001058                . = ALIGN (0x4)
                0x0000000000001058                _etext = .
                0x0000000000001058                _sidata = .

.data           0x0000000040000000        0x0 load address 0x0000000000001058
                0x0000000040000000                . = ALIGN (0x4)
                0x0000000040000000                _sdata = .
 *(.data)
 *(.data.*)
 *(.gnu.linkonce.d*)
                0x0000000040000000                . = ALIGN (0x4)
                0x0000000040000000                _edata = .

.igot.plt       0x0000000040000000        0x0
 .igot.plt      0x0000000040000000        0x0 obj/asmfunc.o

.bss            0x0000000040000000      0x144
                0x0000000040000000                . = ALIGN (0x4)
                0x0000000040000000                _sbss = .
 *(.bss)
 .bss           0x0000000040000000      0x110 obj/uart23xx.o
                0x0000000040000000                rec_len
 *(.bss.*)
 *(.gnu.linkonce.b*)
 *(COMMON)
 COMMON         0x0000000040000110       0x32 obj/uart23xx.o
                0x0000000040000110                resiever
                0x0000000040000144                . = ALIGN (0x4)
 *fill*         0x0000000040000142        0x2 
                0x0000000040000144                _ebss = .

.stack          0x0000000040000144      0xa14
                0x0000000040000148                . = ALIGN (0x8)
 *fill*         0x0000000040000144        0x4 
 *(.stack)
 *(.STACK)
 .STACK         0x0000000040000148      0xa10 obj/asmfunc.o
                0x0000000040000b58                _estack = .
                0x0000000040000b58                . = ALIGN (0x4)

.usbram         0x000000007fd00000        0x0
 *(.usbram)
                0x000000007fd00000                . = ALIGN (0x4)

.etherram       0x000000007fe00000        0x0
 *(.etherram)
                0x000000007fe00000                . = ALIGN (0x4)

.batteryram     0x00000000e0084000        0x0
 *(.batteryram)
                0x00000000e0084000                . = ALIGN (0x4)

.stab
 *(.stab)

.stabstr
 *(.stabstr)

.stab.excl
 *(.stab.excl)

.stab.exclstr
 *(.stab.exclstr)

.stab.index
 *(.stab.index)

.stab.indexstr
 *(.stab.indexstr)

.comment        0x0000000000000000       0x70
 *(.comment)
 .comment       0x0000000000000000       0x38 obj/main.o
                                         0x39 (size before relaxing)
 .comment       0x0000000000000038       0x39 obj/interrupt.o
 .comment       0x0000000000000038       0x39 obj/uart23xx.o
 .comment       0x0000000000000038       0x39 obj/usart_console.o
 .comment       0x0000000000000038       0x39 obj/spi.o
 .comment       0x0000000000000038       0x39 obj/adc_dac.o
 .comment       0x0000000000000038       0x39 obj/timers.o
 .comment       0x0000000000000038       0x38 /usr/lib/gcc/arm-none-eabi/4.9.3/../../../arm-none-eabi/lib/thumb/libc.a(lib_a-strncmp.o)
                                         0x39 (size before relaxing)

.HEAP           0x0000000000000000        0x0
 .HEAP          0x0000000000000000        0x0 obj/asmfunc.o

.ARM.attributes
                0x0000000000000000       0x2e
 .ARM.attributes
                0x0000000000000000       0x22 obj/asmfunc.o
 .ARM.attributes
                0x0000000000000022       0x32 obj/main.o
 .ARM.attributes
                0x0000000000000054       0x32 obj/interrupt.o
 .ARM.attributes
                0x0000000000000086       0x32 obj/uart23xx.o
 .ARM.attributes
                0x00000000000000b8       0x32 obj/usart_console.o
 .ARM.attributes
                0x00000000000000ea       0x32 obj/spi.o
 .ARM.attributes
                0x000000000000011c       0x32 obj/adc_dac.o
 .ARM.attributes
                0x000000000000014e       0x32 obj/timers.o
 .ARM.attributes
                0x0000000000000180       0x30 /usr/lib/gcc/arm-none-eabi/4.9.3/../../../arm-none-eabi/lib/thumb/libc.a(lib_a-strncmp.o)

.debug
 *(.debug)

.line
 *(.line)

.debug_srcinfo
 *(.debug_srcinfo)

.debug_sfnames
 *(.debug_sfnames)

.debug_aranges  0x0000000000000000      0x130
 *(.debug_aranges)
 .debug_aranges
                0x0000000000000000       0x28 obj/asmfunc.o
 .debug_aranges
                0x0000000000000028       0x28 obj/main.o
 .debug_aranges
                0x0000000000000050       0x20 obj/interrupt.o
 .debug_aranges
                0x0000000000000070       0x20 obj/uart23xx.o
 .debug_aranges
                0x0000000000000090       0x20 obj/usart_console.o
 .debug_aranges
                0x00000000000000b0       0x20 obj/spi.o
 .debug_aranges
                0x00000000000000d0       0x20 obj/adc_dac.o
 .debug_aranges
                0x00000000000000f0       0x20 obj/timers.o
 .debug_aranges
                0x0000000000000110       0x20 /usr/lib/gcc/arm-none-eabi/4.9.3/../../../arm-none-eabi/lib/thumb/libc.a(lib_a-strncmp.o)

.debug_pubnames
 *(.debug_pubnames)

.debug_info     0x0000000000000000     0x15fc
 *(.debug_info .gnu.linkonce.wi.*)
 .debug_info    0x0000000000000000       0x52 obj/asmfunc.o
 .debug_info    0x0000000000000052      0x2dc obj/main.o
 .debug_info    0x000000000000032e      0x133 obj/interrupt.o
 .debug_info    0x0000000000000461      0x301 obj/uart23xx.o
 .debug_info    0x0000000000000762      0x505 obj/usart_console.o
 .debug_info    0x0000000000000c67      0x25c obj/spi.o
 .debug_info    0x0000000000000ec3      0x36b obj/adc_dac.o
 .debug_info    0x000000000000122e      0x2d9 obj/timers.o
 .debug_info    0x0000000000001507       0xf5 /usr/lib/gcc/arm-none-eabi/4.9.3/../../../arm-none-eabi/lib/thumb/libc.a(lib_a-strncmp.o)

.debug_abbrev   0x0000000000000000      0x8d1
 *(.debug_abbrev)
 .debug_abbrev  0x0000000000000000       0x12 obj/asmfunc.o
 .debug_abbrev  0x0000000000000012      0x162 obj/main.o
 .debug_abbrev  0x0000000000000174       0xa2 obj/interrupt.o
 .debug_abbrev  0x0000000000000216      0x177 obj/uart23xx.o
 .debug_abbrev  0x000000000000038d      0x1ab obj/usart_console.o
 .debug_abbrev  0x0000000000000538       0xcc obj/spi.o
 .debug_abbrev  0x0000000000000604      0x16f obj/adc_dac.o
 .debug_abbrev  0x0000000000000773       0xdd obj/timers.o
 .debug_abbrev  0x0000000000000850       0x81 /usr/lib/gcc/arm-none-eabi/4.9.3/../../../arm-none-eabi/lib/thumb/libc.a(lib_a-strncmp.o)

.debug_line     0x0000000000000000      0x8d9
 *(.debug_line)
 .debug_line    0x0000000000000000      0x12b obj/asmfunc.o
 .debug_line    0x000000000000012b      0x15e obj/main.o
 .debug_line    0x0000000000000289       0x4f obj/interrupt.o
 .debug_line    0x00000000000002d8      0x100 obj/uart23xx.o
 .debug_line    0x00000000000003d8      0x13a obj/usart_console.o
 .debug_line    0x0000000000000512       0xe4 obj/spi.o
 .debug_line    0x00000000000005f6       0xd7 obj/adc_dac.o
 .debug_line    0x00000000000006cd       0xe8 obj/timers.o
 .debug_line    0x00000000000007b5      0x124 /usr/lib/gcc/arm-none-eabi/4.9.3/../../../arm-none-eabi/lib/thumb/libc.a(lib_a-strncmp.o)

.debug_frame    0x0000000000000000      0x3e8
 *(.debug_frame)
 .debug_frame   0x0000000000000000       0xac obj/main.o
 .debug_frame   0x00000000000000ac       0x80 obj/interrupt.o
 .debug_frame   0x000000000000012c       0x78 obj/uart23xx.o
 .debug_frame   0x00000000000001a4       0x7c obj/usart_console.o
 .debug_frame   0x0000000000000220       0x98 obj/spi.o
 .debug_frame   0x00000000000002b8       0x90 obj/adc_dac.o
 .debug_frame   0x0000000000000348       0x74 obj/timers.o
 .debug_frame   0x00000000000003bc       0x2c /usr/lib/gcc/arm-none-eabi/4.9.3/../../../arm-none-eabi/lib/thumb/libc.a(lib_a-strncmp.o)

.debug_str      0x0000000000000000      0x4fc
 *(.debug_str)
 .debug_str     0x0000000000000000      0x1a6 obj/main.o
                                        0x1f9 (size before relaxing)
 .debug_str     0x00000000000001a6       0x4b obj/interrupt.o
                                         0xf6 (size before relaxing)
 .debug_str     0x00000000000001f1       0x6c obj/uart23xx.o
                                        0x1db (size before relaxing)
 .debug_str     0x000000000000025d       0xb8 obj/usart_console.o
                                        0x256 (size before relaxing)
 .debug_str     0x0000000000000315       0x96 obj/spi.o
                                        0x1f6 (size before relaxing)
 .debug_str     0x00000000000003ab       0x38 obj/adc_dac.o
                                        0x1f0 (size before relaxing)
 .debug_str     0x00000000000003e3       0x1d obj/timers.o
                                        0x1ee (size before relaxing)
 .debug_str     0x0000000000000400       0xfc /usr/lib/gcc/arm-none-eabi/4.9.3/../../../arm-none-eabi/lib/thumb/libc.a(lib_a-strncmp.o)
                                        0x19d (size before relaxing)

.debug_loc      0x0000000000000000      0x9ac
 *(.debug_loc)
 .debug_loc     0x0000000000000000      0x1f6 obj/main.o
 .debug_loc     0x00000000000001f6      0x12e obj/uart23xx.o
 .debug_loc     0x0000000000000324      0x1bd obj/usart_console.o
 .debug_loc     0x00000000000004e1      0x26c obj/spi.o
 .debug_loc     0x000000000000074d       0xc0 obj/adc_dac.o
 .debug_loc     0x000000000000080d       0xe2 obj/timers.o
 .debug_loc     0x00000000000008ef       0xbd /usr/lib/gcc/arm-none-eabi/4.9.3/../../../arm-none-eabi/lib/thumb/libc.a(lib_a-strncmp.o)

.debug_macinfo
 *(.debug_macinfo)

.debug_weaknames
 *(.debug_weaknames)

.debug_funcnames
 *(.debug_funcnames)

.debug_typenames
 *(.debug_typenames)

.debug_varnames
 *(.debug_varnames)
OUTPUT(obj/zond_cvc.elf elf32-littlearm)

.debug_ranges   0x0000000000000000       0x48
 .debug_ranges  0x0000000000000000       0x20 obj/asmfunc.o
 .debug_ranges  0x0000000000000020       0x18 obj/main.o
 .debug_ranges  0x0000000000000038       0x10 /usr/lib/gcc/arm-none-eabi/4.9.3/../../../arm-none-eabi/lib/thumb/libc.a(lib_a-strncmp.o)

Cross Reference Table

Symbol                                            File
ClearVector                                       obj/interrupt.o
                                                  obj/main.o
Copy_al2un                                        obj/asmfunc.o
Copy_un2al                                        obj/asmfunc.o
Delay                                             obj/adc_dac.o
Exit_Main                                         obj/init_cpu.o
Index                                             obj/usart_console.o
Init_CPU                                          obj/init_cpu.o
Init_Clocks                                       obj/init_cpu.o
Init_MAM                                          obj/init_cpu.o
Init_Modules                                      obj/init_cpu.o
Init_Pins                                         obj/init_cpu.o
Init_Wait                                         obj/init_cpu.o
IrqDisable                                        obj/interrupt.o
IrqEnable                                         obj/interrupt.o
                                                  obj/main.o
Isr_TIM0                                          obj/timers.o
Isr_UART0                                         obj/uart23xx.o
LoadFiqRegs                                       obj/interrupt.o
RegisterIrq                                       obj/interrupt.o
                                                  obj/timers.o
                                                  obj/uart23xx.o
RxCount                                           obj/usart_console.o
SPI0_init                                         obj/spi.o
SPI0_send_1_byte                                  obj/spi.o
                                                  obj/adc_dac.o
SPI0_send_2_byte                                  obj/spi.o
                                                  obj/adc_dac.o
                                                  obj/main.o
SPI_ADC_data_transfers_16bit                      obj/spi.o
SPI_ADC_data_transfers_8bit                       obj/spi.o
SelectFiq                                         obj/interrupt.o
StoreFiqRegs                                      obj/interrupt.o
UART0_send                                        obj/usart_console.o
                                                  obj/timers.o
                                                  obj/adc_dac.o
                                                  obj/main.o
UART0_send_byte                                   obj/usart_console.o
                                                  obj/timers.o
                                                  obj/adc_dac.o
_ebss                                             obj/asmfunc.o
_edata                                            obj/asmfunc.o
_sbss                                             obj/asmfunc.o
_sdata                                            obj/asmfunc.o
_sidata                                           obj/asmfunc.o
adc_init                                          obj/adc_dac.o
                                                  obj/main.o
adc_read_current                                  obj/adc_dac.o
                                                  obj/timers.o
adc_read_voltage                                  obj/adc_dac.o
                                                  obj/timers.o
dac_set_voltage                                   obj/adc_dac.o
                                                  obj/usart_console.o
gpio_clear                                        obj/main.o
                                                  obj/timers.o
                                                  obj/usart_console.o
gpio_init                                         obj/main.o
gpio_set                                          obj/main.o
                                                  obj/timers.o
                                                  obj/usart_console.o
help_msg                                          obj/usart_console.o
hex_to_ascii                                      obj/usart_console.o
hex_to_int                                        obj/usart_console.o
led_clear                                         obj/main.o
                                                  obj/usart_console.o
led_set                                           obj/main.o
                                                  obj/adc_dac.o
                                                  obj/usart_console.o
main                                              obj/main.o
                                                  obj/asmfunc.o
pll_init                                          obj/main.o
process_command                                   obj/usart_console.o
                                                  obj/uart23xx.o
rec_len                                           obj/uart23xx.o
resiever                                          obj/uart23xx.o
spi_readStatus                                    obj/spi.o
strncmp                                           /usr/lib/gcc/arm-none-eabi/4.9.3/../../../arm-none-eabi/lib/thumb/libc.a(lib_a-strncmp.o)
                                                  obj/usart_console.o
timer0_init                                       obj/timers.o
                                                  obj/main.o
timer0_start                                      obj/timers.o
                                                  obj/usart_console.o
timer0_stop                                       obj/timers.o
                                                  obj/usart_console.o
uart0_getc                                        obj/uart23xx.o
uart0_init                                        obj/uart23xx.o
                                                  obj/main.o
uart0_putc                                        obj/uart23xx.o
uart0_test                                        obj/uart23xx.o
