Archive member included to satisfy reference by file (symbol)

/usr/lib/gcc/arm-none-eabi/4.9.3/../../../arm-none-eabi/lib/thumb/libc.a(lib_a-strncmp.o)
                              obj/uart23xx.o (strncmp)
/usr/lib/gcc/arm-none-eabi/4.9.3/thumb/libgcc.a(_udivsi3.o)
                              obj/xprintf.o (__aeabi_uidiv)
/usr/lib/gcc/arm-none-eabi/4.9.3/thumb/libgcc.a(_dvmd_tls.o)
                              /usr/lib/gcc/arm-none-eabi/4.9.3/thumb/libgcc.a(_udivsi3.o) (__aeabi_idiv0)

Allocating common symbols
Common symbol       size              file

UART0Str            0x8               obj/main.o
Index               0x1               obj/main.o
RxMessage_CRC       0x2               obj/main.o
xfunc_in            0x4               obj/xprintf.o
RxMessage_Dev_ID    0x1               obj/main.o
xfunc_out           0x4               obj/xprintf.o
UART0Buffer         0x10              obj/main.o
RxCount             0x1               obj/main.o
RxMessage_Data      0x2               obj/main.o
UART_TxStr          0x8               obj/main.o
RxMessage_Command   0x1               obj/main.o
RxMessage_Addr      0x2               obj/main.o

Discarded input sections

 .data          0x0000000000000000        0x0 obj/asmfunc.o
 .bss           0x0000000000000000        0x0 obj/asmfunc.o
 COMMON         0x0000000000000000       0x2c obj/main.o
 .text          0x0000000000000000       0x1c obj/interrupt.o
 .data          0x0000000000000000        0x0 obj/interrupt.o
 .bss           0x0000000000000000        0x0 obj/interrupt.o
 .debug_info    0x0000000000000000      0x133 obj/interrupt.o
 .debug_abbrev  0x0000000000000000       0xa2 obj/interrupt.o
 .debug_aranges
                0x0000000000000000       0x20 obj/interrupt.o
 .debug_line    0x0000000000000000       0x4f obj/interrupt.o
 .debug_str     0x0000000000000000       0xf6 obj/interrupt.o
 .comment       0x0000000000000000       0x39 obj/interrupt.o
 .debug_frame   0x0000000000000000       0x80 obj/interrupt.o
 .ARM.attributes
                0x0000000000000000       0x32 obj/interrupt.o
 .text          0x0000000000000000      0x1bc obj/uart23xx.o
 .data          0x0000000000000000        0x0 obj/uart23xx.o
 .bss           0x0000000000000000      0x10e obj/uart23xx.o
 .rodata.str1.1
                0x0000000000000000       0x8d obj/uart23xx.o
 .debug_info    0x0000000000000000      0x399 obj/uart23xx.o
 .debug_abbrev  0x0000000000000000      0x1cd obj/uart23xx.o
 .debug_loc     0x0000000000000000      0x1aa obj/uart23xx.o
 .debug_aranges
                0x0000000000000000       0x20 obj/uart23xx.o
 .debug_line    0x0000000000000000      0x162 obj/uart23xx.o
 .debug_str     0x0000000000000000      0x1de obj/uart23xx.o
 .comment       0x0000000000000000       0x39 obj/uart23xx.o
 .debug_frame   0x0000000000000000       0x98 obj/uart23xx.o
 .ARM.attributes
                0x0000000000000000       0x32 obj/uart23xx.o
 .text          0x0000000000000000      0x484 obj/xprintf.o
 .data          0x0000000000000000        0x0 obj/xprintf.o
 .bss           0x0000000000000000        0x4 obj/xprintf.o
 .rodata.str1.1
                0x0000000000000000       0x1a obj/xprintf.o
 .debug_info    0x0000000000000000      0x720 obj/xprintf.o
 .debug_abbrev  0x0000000000000000      0x25b obj/xprintf.o
 .debug_loc     0x0000000000000000      0xac9 obj/xprintf.o
 .debug_aranges
                0x0000000000000000       0x20 obj/xprintf.o
 .debug_line    0x0000000000000000      0x235 obj/xprintf.o
 .debug_str     0x0000000000000000      0x194 obj/xprintf.o
 .comment       0x0000000000000000       0x39 obj/xprintf.o
 .debug_frame   0x0000000000000000      0x154 obj/xprintf.o
 .ARM.attributes
                0x0000000000000000       0x32 obj/xprintf.o
 COMMON         0x0000000000000000        0x8 obj/xprintf.o
 .text          0x0000000000000000       0xcc obj/init_cpu.o
 .data          0x0000000000000000        0x0 obj/init_cpu.o
 .bss           0x0000000000000000        0x0 obj/init_cpu.o
 .debug_info    0x0000000000000000       0xba obj/init_cpu.o
 .debug_abbrev  0x0000000000000000       0x44 obj/init_cpu.o
 .debug_loc     0x0000000000000000       0x20 obj/init_cpu.o
 .debug_aranges
                0x0000000000000000       0x20 obj/init_cpu.o
 .debug_line    0x0000000000000000       0x89 obj/init_cpu.o
 .debug_str     0x0000000000000000       0xe0 obj/init_cpu.o
 .comment       0x0000000000000000       0x39 obj/init_cpu.o
 .debug_frame   0x0000000000000000       0x8c obj/init_cpu.o
 .ARM.attributes
                0x0000000000000000       0x32 obj/init_cpu.o
 .text          0x0000000000000000        0x0 /usr/lib/gcc/arm-none-eabi/4.9.3/../../../arm-none-eabi/lib/thumb/libc.a(lib_a-strncmp.o)
 .data          0x0000000000000000        0x0 /usr/lib/gcc/arm-none-eabi/4.9.3/../../../arm-none-eabi/lib/thumb/libc.a(lib_a-strncmp.o)
 .bss           0x0000000000000000        0x0 /usr/lib/gcc/arm-none-eabi/4.9.3/../../../arm-none-eabi/lib/thumb/libc.a(lib_a-strncmp.o)
 .text.strncmp  0x0000000000000000       0x98 /usr/lib/gcc/arm-none-eabi/4.9.3/../../../arm-none-eabi/lib/thumb/libc.a(lib_a-strncmp.o)
 .debug_info    0x0000000000000000       0xf5 /usr/lib/gcc/arm-none-eabi/4.9.3/../../../arm-none-eabi/lib/thumb/libc.a(lib_a-strncmp.o)
 .debug_abbrev  0x0000000000000000       0x81 /usr/lib/gcc/arm-none-eabi/4.9.3/../../../arm-none-eabi/lib/thumb/libc.a(lib_a-strncmp.o)
 .debug_loc     0x0000000000000000       0xbd /usr/lib/gcc/arm-none-eabi/4.9.3/../../../arm-none-eabi/lib/thumb/libc.a(lib_a-strncmp.o)
 .debug_aranges
                0x0000000000000000       0x20 /usr/lib/gcc/arm-none-eabi/4.9.3/../../../arm-none-eabi/lib/thumb/libc.a(lib_a-strncmp.o)
 .debug_ranges  0x0000000000000000       0x10 /usr/lib/gcc/arm-none-eabi/4.9.3/../../../arm-none-eabi/lib/thumb/libc.a(lib_a-strncmp.o)
 .debug_line    0x0000000000000000      0x124 /usr/lib/gcc/arm-none-eabi/4.9.3/../../../arm-none-eabi/lib/thumb/libc.a(lib_a-strncmp.o)
 .debug_str     0x0000000000000000      0x19d /usr/lib/gcc/arm-none-eabi/4.9.3/../../../arm-none-eabi/lib/thumb/libc.a(lib_a-strncmp.o)
 .comment       0x0000000000000000       0x39 /usr/lib/gcc/arm-none-eabi/4.9.3/../../../arm-none-eabi/lib/thumb/libc.a(lib_a-strncmp.o)
 .debug_frame   0x0000000000000000       0x2c /usr/lib/gcc/arm-none-eabi/4.9.3/../../../arm-none-eabi/lib/thumb/libc.a(lib_a-strncmp.o)
 .ARM.attributes
                0x0000000000000000       0x30 /usr/lib/gcc/arm-none-eabi/4.9.3/../../../arm-none-eabi/lib/thumb/libc.a(lib_a-strncmp.o)
 .text          0x0000000000000000      0x11c /usr/lib/gcc/arm-none-eabi/4.9.3/thumb/libgcc.a(_udivsi3.o)
 .data          0x0000000000000000        0x0 /usr/lib/gcc/arm-none-eabi/4.9.3/thumb/libgcc.a(_udivsi3.o)
 .bss           0x0000000000000000        0x0 /usr/lib/gcc/arm-none-eabi/4.9.3/thumb/libgcc.a(_udivsi3.o)
 .debug_frame   0x0000000000000000       0x20 /usr/lib/gcc/arm-none-eabi/4.9.3/thumb/libgcc.a(_udivsi3.o)
 .debug_line    0x0000000000000000       0x7b /usr/lib/gcc/arm-none-eabi/4.9.3/thumb/libgcc.a(_udivsi3.o)
 .debug_info    0x0000000000000000       0xb7 /usr/lib/gcc/arm-none-eabi/4.9.3/thumb/libgcc.a(_udivsi3.o)
 .debug_abbrev  0x0000000000000000       0x14 /usr/lib/gcc/arm-none-eabi/4.9.3/thumb/libgcc.a(_udivsi3.o)
 .debug_aranges
                0x0000000000000000       0x20 /usr/lib/gcc/arm-none-eabi/4.9.3/thumb/libgcc.a(_udivsi3.o)
 .ARM.attributes
                0x0000000000000000       0x18 /usr/lib/gcc/arm-none-eabi/4.9.3/thumb/libgcc.a(_udivsi3.o)
 .text          0x0000000000000000        0x4 /usr/lib/gcc/arm-none-eabi/4.9.3/thumb/libgcc.a(_dvmd_tls.o)
 .data          0x0000000000000000        0x0 /usr/lib/gcc/arm-none-eabi/4.9.3/thumb/libgcc.a(_dvmd_tls.o)
 .bss           0x0000000000000000        0x0 /usr/lib/gcc/arm-none-eabi/4.9.3/thumb/libgcc.a(_dvmd_tls.o)
 .debug_line    0x0000000000000000       0x5e /usr/lib/gcc/arm-none-eabi/4.9.3/thumb/libgcc.a(_dvmd_tls.o)
 .debug_info    0x0000000000000000       0xb7 /usr/lib/gcc/arm-none-eabi/4.9.3/thumb/libgcc.a(_dvmd_tls.o)
 .debug_abbrev  0x0000000000000000       0x14 /usr/lib/gcc/arm-none-eabi/4.9.3/thumb/libgcc.a(_dvmd_tls.o)
 .debug_aranges
                0x0000000000000000       0x20 /usr/lib/gcc/arm-none-eabi/4.9.3/thumb/libgcc.a(_dvmd_tls.o)
 .ARM.attributes
                0x0000000000000000       0x16 /usr/lib/gcc/arm-none-eabi/4.9.3/thumb/libgcc.a(_dvmd_tls.o)

Memory Configuration

Name             Origin             Length             Attributes
ROM              0x0000000000000000 0x000000000007e000
RAM              0x0000000040000000 0x000000000000ffe0
URAM             0x000000007fd00000 0x0000000000004000
ERAM             0x000000007fe00000 0x0000000000004000
BRAM             0x00000000e0084000 0x0000000000000800
*default*        0x0000000000000000 0xffffffffffffffff

Linker script and memory map

LOAD obj/asmfunc.o
LOAD obj/main.o
LOAD obj/interrupt.o
LOAD obj/uart23xx.o
LOAD obj/xprintf.o
LOAD obj/init_cpu.o
LOAD /usr/lib/gcc/arm-none-eabi/4.9.3/../../../arm-none-eabi/lib/thumb/libc.a
LOAD /usr/lib/gcc/arm-none-eabi/4.9.3/thumb/libgcc.a
LOAD /usr/lib/gcc/arm-none-eabi/4.9.3/../../../arm-none-eabi/lib/thumb/libm.a
START GROUP
LOAD /usr/lib/gcc/arm-none-eabi/4.9.3/thumb/libgcc.a
LOAD /usr/lib/gcc/arm-none-eabi/4.9.3/../../../arm-none-eabi/lib/thumb/libg.a
LOAD /usr/lib/gcc/arm-none-eabi/4.9.3/../../../arm-none-eabi/lib/thumb/libc.a
END GROUP

.text           0x0000000000000000      0x7d5
 *(.VECTOR)
 .VECTOR        0x0000000000000000       0x34 obj/asmfunc.o
                0x00000000000002fc                . = 0x2fc
 *fill*         0x0000000000000034      0x2c8 
 *(.CRP)
                0x0000000000000300                . = 0x300
 *fill*         0x00000000000002fc        0x4 
 *(.text .text.*)
 .text          0x0000000000000300      0x31c obj/asmfunc.o
                0x0000000000000500                Copy_un2al
                0x0000000000000570                Copy_al2un
 .text          0x000000000000061c      0x18c obj/main.o
                0x000000000000061c                Isr_TIMER0
                0x0000000000000628                GPIOInit
                0x0000000000000650                UARTSend
                0x00000000000006a4                InitUART0
                0x0000000000000710                IoInit1
 .text.startup  0x00000000000007a8       0x1c obj/main.o
                0x00000000000007a8                main
 *(.gnu.linkonce.t.*)
 *(.glue_7)
 .glue_7        0x00000000000007c4        0x0 linker stubs
 *(.glue_7t)
 .glue_7t       0x00000000000007c4        0x0 linker stubs
 *(.gcc_except_table)
 *(.rodata)
 *(.rodata*)
 .rodata.str1.1
                0x00000000000007c4       0x11 obj/main.o
 *(.gnu.linkonce.r.*)

.vfp11_veneer   0x00000000000007d8        0x0
 .vfp11_veneer  0x00000000000007d8        0x0 linker stubs

.v4_bx          0x00000000000007d8        0x0
 .v4_bx         0x00000000000007d8        0x0 linker stubs

.iplt           0x00000000000007d8        0x0
 .iplt          0x00000000000007d8        0x0 obj/asmfunc.o

.rel.dyn        0x00000000000007d8        0x0
 .rel.iplt      0x00000000000007d8        0x0 obj/asmfunc.o

.ARM.excep
 *(.ARM.exidx*)
 *(.ARM.extab*)
                0x00000000000007d8                . = ALIGN (0x4)
                0x00000000000007d8                _etext = .
                0x00000000000007d8                _sidata = .

.data           0x0000000040000000        0xc load address 0x00000000000007d8
                0x0000000040000000                . = ALIGN (0x4)
                0x0000000040000000                _sdata = .
 *(.data)
 .data          0x0000000040000000        0xa obj/main.o
                0x0000000040000000                UART0TxEmpty
                0x0000000040000002                TxMessage_CRC
                0x0000000040000004                TxMessage_Data
                0x0000000040000006                TxMessage_Addr
                0x0000000040000008                TxMessage_Command
                0x0000000040000009                TxMessage_Dev_ID
 *(.data.*)
 *(.gnu.linkonce.d*)
                0x000000004000000c                . = ALIGN (0x4)
 *fill*         0x000000004000000a        0x2 
                0x000000004000000c                _edata = .

.igot.plt       0x000000004000000c        0x0 load address 0x00000000000007e4
 .igot.plt      0x000000004000000c        0x0 obj/asmfunc.o

.bss            0x000000004000000c        0x4 load address 0x00000000000007e4
                0x000000004000000c                . = ALIGN (0x4)
                0x000000004000000c                _sbss = .
 *(.bss)
 .bss           0x000000004000000c        0x1 obj/main.o
                0x000000004000000c                UART0Count
 *(.bss.*)
 *(.gnu.linkonce.b*)
 *(COMMON)
                0x0000000040000010                . = ALIGN (0x4)
 *fill*         0x000000004000000d        0x3 
                0x0000000040000010                _ebss = .

.stack          0x0000000040000010      0xa10
                0x0000000040000010                . = ALIGN (0x8)
 *(.stack)
 *(.STACK)
 .STACK         0x0000000040000010      0xa10 obj/asmfunc.o
                0x0000000040000a20                _estack = .
                0x0000000040000a20                . = ALIGN (0x4)

.usbram         0x000000007fd00000        0x0
 *(.usbram)
                0x000000007fd00000                . = ALIGN (0x4)

.etherram       0x000000007fe00000        0x0
 *(.etherram)
                0x000000007fe00000                . = ALIGN (0x4)

.batteryram     0x00000000e0084000        0x0
 *(.batteryram)
                0x00000000e0084000                . = ALIGN (0x4)

.stab
 *(.stab)

.stabstr
 *(.stabstr)

.stab.excl
 *(.stab.excl)

.stab.exclstr
 *(.stab.exclstr)

.stab.index
 *(.stab.index)

.stab.indexstr
 *(.stab.indexstr)

.comment        0x0000000000000000       0x38
 *(.comment)
 .comment       0x0000000000000000       0x38 obj/main.o
                                         0x39 (size before relaxing)

.HEAP           0x0000000000000000        0x0
 .HEAP          0x0000000000000000        0x0 obj/asmfunc.o

.ARM.attributes
                0x0000000000000000       0x2e
 .ARM.attributes
                0x0000000000000000       0x22 obj/asmfunc.o
 .ARM.attributes
                0x0000000000000022       0x32 obj/main.o

.debug
 *(.debug)

.line
 *(.line)

.debug_srcinfo
 *(.debug_srcinfo)

.debug_sfnames
 *(.debug_sfnames)

.debug_aranges  0x0000000000000000       0x50
 *(.debug_aranges)
 .debug_aranges
                0x0000000000000000       0x28 obj/asmfunc.o
 .debug_aranges
                0x0000000000000028       0x28 obj/main.o

.debug_pubnames
 *(.debug_pubnames)

.debug_info     0x0000000000000000      0x336
 *(.debug_info .gnu.linkonce.wi.*)
 .debug_info    0x0000000000000000       0x52 obj/asmfunc.o
 .debug_info    0x0000000000000052      0x2e4 obj/main.o

.debug_abbrev   0x0000000000000000      0x10e
 *(.debug_abbrev)
 .debug_abbrev  0x0000000000000000       0x12 obj/asmfunc.o
 .debug_abbrev  0x0000000000000012       0xfc obj/main.o

.debug_line     0x0000000000000000      0x24b
 *(.debug_line)
 .debug_line    0x0000000000000000      0x12b obj/asmfunc.o
 .debug_line    0x000000000000012b      0x120 obj/main.o

.debug_frame    0x0000000000000000       0x94
 *(.debug_frame)
 .debug_frame   0x0000000000000000       0x94 obj/main.o

.debug_str      0x0000000000000000      0x22a
 *(.debug_str)
 .debug_str     0x0000000000000000      0x22a obj/main.o
                                        0x274 (size before relaxing)

.debug_loc      0x0000000000000000       0xbc
 *(.debug_loc)
 .debug_loc     0x0000000000000000       0xbc obj/main.o

.debug_macinfo
 *(.debug_macinfo)

.debug_weaknames
 *(.debug_weaknames)

.debug_funcnames
 *(.debug_funcnames)

.debug_typenames
 *(.debug_typenames)

.debug_varnames
 *(.debug_varnames)
OUTPUT(obj/zond_cvc.elf elf32-littlearm)

.debug_ranges   0x0000000000000000       0x38
 .debug_ranges  0x0000000000000000       0x20 obj/asmfunc.o
 .debug_ranges  0x0000000000000020       0x18 obj/main.o

Cross Reference Table

Symbol                                            File
ClearVector                                       obj/interrupt.o
Copy_al2un                                        obj/asmfunc.o
Copy_un2al                                        obj/asmfunc.o
Exit_Main                                         obj/init_cpu.o
GPIOInit                                          obj/main.o
Index                                             obj/main.o
InitUART0                                         obj/main.o
Init_CPU                                          obj/init_cpu.o
Init_Clocks                                       obj/init_cpu.o
Init_MAM                                          obj/init_cpu.o
Init_Modules                                      obj/init_cpu.o
Init_Pins                                         obj/init_cpu.o
Init_Wait                                         obj/init_cpu.o
IoInit1                                           obj/main.o
IrqDisable                                        obj/interrupt.o
IrqEnable                                         obj/interrupt.o
Isr_TIMER0                                        obj/main.o
Isr_UART0                                         obj/uart23xx.o
LoadFiqRegs                                       obj/interrupt.o
RegisterIrq                                       obj/interrupt.o
                                                  obj/uart23xx.o
RxCount                                           obj/main.o
RxMessage_Addr                                    obj/main.o
RxMessage_CRC                                     obj/main.o
RxMessage_Command                                 obj/main.o
RxMessage_Data                                    obj/main.o
RxMessage_Dev_ID                                  obj/main.o
SelectFiq                                         obj/interrupt.o
StoreFiqRegs                                      obj/interrupt.o
TxMessage_Addr                                    obj/main.o
TxMessage_CRC                                     obj/main.o
TxMessage_Command                                 obj/main.o
TxMessage_Data                                    obj/main.o
TxMessage_Dev_ID                                  obj/main.o
UART0Buffer                                       obj/main.o
UART0Count                                        obj/main.o
UART0Str                                          obj/main.o
UART0TxEmpty                                      obj/main.o
UARTSend                                          obj/main.o
UART_TxStr                                        obj/main.o
__aeabi_idiv0                                     /usr/lib/gcc/arm-none-eabi/4.9.3/thumb/libgcc.a(_dvmd_tls.o)
                                                  /usr/lib/gcc/arm-none-eabi/4.9.3/thumb/libgcc.a(_udivsi3.o)
__aeabi_ldiv0                                     /usr/lib/gcc/arm-none-eabi/4.9.3/thumb/libgcc.a(_dvmd_tls.o)
__aeabi_uidiv                                     /usr/lib/gcc/arm-none-eabi/4.9.3/thumb/libgcc.a(_udivsi3.o)
                                                  obj/xprintf.o
__aeabi_uidivmod                                  /usr/lib/gcc/arm-none-eabi/4.9.3/thumb/libgcc.a(_udivsi3.o)
                                                  obj/xprintf.o
__udivsi3                                         /usr/lib/gcc/arm-none-eabi/4.9.3/thumb/libgcc.a(_udivsi3.o)
_ebss                                             obj/asmfunc.o
_edata                                            obj/asmfunc.o
_sbss                                             obj/asmfunc.o
_sdata                                            obj/asmfunc.o
_sidata                                           obj/asmfunc.o
main                                              obj/main.o
                                                  obj/asmfunc.o
processCommand                                    obj/uart23xx.o
put_dump                                          obj/xprintf.o
strncmp                                           /usr/lib/gcc/arm-none-eabi/4.9.3/../../../arm-none-eabi/lib/thumb/libc.a(lib_a-strncmp.o)
                                                  obj/uart23xx.o
uart0_getc                                        obj/uart23xx.o
uart0_init                                        obj/uart23xx.o
uart0_putc                                        obj/uart23xx.o
uart0_test                                        obj/uart23xx.o
xatoi                                             obj/xprintf.o
xfgets                                            obj/xprintf.o
xfprintf                                          obj/xprintf.o
xfputs                                            obj/xprintf.o
xfunc_in                                          obj/xprintf.o
xfunc_out                                         obj/xprintf.o
xgets                                             obj/xprintf.o
xprintf                                           obj/xprintf.o
xputc                                             obj/xprintf.o
xputs                                             obj/xprintf.o
                                                  obj/uart23xx.o
xsprintf                                          obj/xprintf.o
