Archive member included to satisfy reference by file (symbol)

c:/arm-none-eabi-gcc/bin/../lib/gcc/arm-none-eabi/6.3.1/../../../../arm-none-eabi/lib/thumb\libc.a(lib_a-atoi.o)
                              obj/usart_console.o (atoi)
c:/arm-none-eabi-gcc/bin/../lib/gcc/arm-none-eabi/6.3.1/../../../../arm-none-eabi/lib/thumb\libc.a(lib_a-itoa.o)
                              obj/timers.o (itoa)
c:/arm-none-eabi-gcc/bin/../lib/gcc/arm-none-eabi/6.3.1/../../../../arm-none-eabi/lib/thumb\libc.a(lib_a-memset.o)
                              obj/timers.o (memset)
c:/arm-none-eabi-gcc/bin/../lib/gcc/arm-none-eabi/6.3.1/../../../../arm-none-eabi/lib/thumb\libc.a(lib_a-strcat.o)
                              obj/timers.o (strcat)
c:/arm-none-eabi-gcc/bin/../lib/gcc/arm-none-eabi/6.3.1/../../../../arm-none-eabi/lib/thumb\libc.a(lib_a-strcpy.o)
                              c:/arm-none-eabi-gcc/bin/../lib/gcc/arm-none-eabi/6.3.1/../../../../arm-none-eabi/lib/thumb\libc.a(lib_a-strcat.o) (strcpy)
c:/arm-none-eabi-gcc/bin/../lib/gcc/arm-none-eabi/6.3.1/../../../../arm-none-eabi/lib/thumb\libc.a(lib_a-strlen-stub.o)
                              obj/timers.o (strlen)
c:/arm-none-eabi-gcc/bin/../lib/gcc/arm-none-eabi/6.3.1/../../../../arm-none-eabi/lib/thumb\libc.a(lib_a-strncmp.o)
                              obj/usart_console.o (strncmp)
c:/arm-none-eabi-gcc/bin/../lib/gcc/arm-none-eabi/6.3.1/../../../../arm-none-eabi/lib/thumb\libc.a(lib_a-strtol.o)
                              c:/arm-none-eabi-gcc/bin/../lib/gcc/arm-none-eabi/6.3.1/../../../../arm-none-eabi/lib/thumb\libc.a(lib_a-atoi.o) (_strtol_r)
c:/arm-none-eabi-gcc/bin/../lib/gcc/arm-none-eabi/6.3.1/../../../../arm-none-eabi/lib/thumb\libc.a(lib_a-utoa.o)
                              c:/arm-none-eabi-gcc/bin/../lib/gcc/arm-none-eabi/6.3.1/../../../../arm-none-eabi/lib/thumb\libc.a(lib_a-itoa.o) (__utoa)
c:/arm-none-eabi-gcc/bin/../lib/gcc/arm-none-eabi/6.3.1/../../../../arm-none-eabi/lib/thumb\libc.a(lib_a-impure.o)
                              c:/arm-none-eabi-gcc/bin/../lib/gcc/arm-none-eabi/6.3.1/../../../../arm-none-eabi/lib/thumb\libc.a(lib_a-strtol.o) (_impure_ptr)
c:/arm-none-eabi-gcc/bin/../lib/gcc/arm-none-eabi/6.3.1/../../../../arm-none-eabi/lib/thumb\libc.a(lib_a-locale.o)
                              c:/arm-none-eabi-gcc/bin/../lib/gcc/arm-none-eabi/6.3.1/../../../../arm-none-eabi/lib/thumb\libc.a(lib_a-strtol.o) (__locale_ctype_ptr_l)
c:/arm-none-eabi-gcc/bin/../lib/gcc/arm-none-eabi/6.3.1/../../../../arm-none-eabi/lib/thumb\libc.a(lib_a-mbtowc_r.o)
                              c:/arm-none-eabi-gcc/bin/../lib/gcc/arm-none-eabi/6.3.1/../../../../arm-none-eabi/lib/thumb\libc.a(lib_a-locale.o) (__ascii_mbtowc)
c:/arm-none-eabi-gcc/bin/../lib/gcc/arm-none-eabi/6.3.1/../../../../arm-none-eabi/lib/thumb\libc.a(lib_a-strcmp.o)
                              c:/arm-none-eabi-gcc/bin/../lib/gcc/arm-none-eabi/6.3.1/../../../../arm-none-eabi/lib/thumb\libc.a(lib_a-locale.o) (strcmp)
c:/arm-none-eabi-gcc/bin/../lib/gcc/arm-none-eabi/6.3.1/../../../../arm-none-eabi/lib/thumb\libc.a(lib_a-wctomb_r.o)
                              c:/arm-none-eabi-gcc/bin/../lib/gcc/arm-none-eabi/6.3.1/../../../../arm-none-eabi/lib/thumb\libc.a(lib_a-locale.o) (__ascii_wctomb)
c:/arm-none-eabi-gcc/bin/../lib/gcc/arm-none-eabi/6.3.1/../../../../arm-none-eabi/lib/thumb\libc.a(lib_a-ctype_.o)
                              c:/arm-none-eabi-gcc/bin/../lib/gcc/arm-none-eabi/6.3.1/../../../../arm-none-eabi/lib/thumb\libc.a(lib_a-locale.o) (_ctype_)
c:/arm-none-eabi-gcc/bin/../lib/gcc/arm-none-eabi/6.3.1/thumb\libgcc.a(_udivsi3.o)
                              c:/arm-none-eabi-gcc/bin/../lib/gcc/arm-none-eabi/6.3.1/../../../../arm-none-eabi/lib/thumb\libc.a(lib_a-strtol.o) (__aeabi_uidiv)
c:/arm-none-eabi-gcc/bin/../lib/gcc/arm-none-eabi/6.3.1/thumb\libgcc.a(_dvmd_tls.o)
                              c:/arm-none-eabi-gcc/bin/../lib/gcc/arm-none-eabi/6.3.1/thumb\libgcc.a(_udivsi3.o) (__aeabi_idiv0)
c:/arm-none-eabi-gcc/bin/../lib/gcc/arm-none-eabi/6.3.1/thumb\libgcc.a(_arm_addsubdf3.o)
                              obj/usart_console.o (__aeabi_dadd)
c:/arm-none-eabi-gcc/bin/../lib/gcc/arm-none-eabi/6.3.1/thumb\libgcc.a(_arm_muldivdf3.o)
                              obj/usart_console.o (__aeabi_dmul)
c:/arm-none-eabi-gcc/bin/../lib/gcc/arm-none-eabi/6.3.1/thumb\libgcc.a(_arm_fixdfsi.o)
                              obj/usart_console.o (__aeabi_d2iz)
c:/arm-none-eabi-gcc/bin/../lib/gcc/arm-none-eabi/6.3.1/thumb\libgcc.a(_arm_truncdfsf2.o)
                              obj/timers.o (__aeabi_d2f)
c:/arm-none-eabi-gcc/bin/../lib/gcc/arm-none-eabi/6.3.1/thumb\libgcc.a(_arm_addsubsf3.o)
                              obj/timers.o (__aeabi_fsub)
c:/arm-none-eabi-gcc/bin/../lib/gcc/arm-none-eabi/6.3.1/thumb\libgcc.a(_arm_muldivsf3.o)
                              obj/timers.o (__aeabi_fmul)
c:/arm-none-eabi-gcc/bin/../lib/gcc/arm-none-eabi/6.3.1/thumb\libgcc.a(_arm_cmpsf2.o)
                              obj/timers.o (__aeabi_fcmplt)
c:/arm-none-eabi-gcc/bin/../lib/gcc/arm-none-eabi/6.3.1/thumb\libgcc.a(_arm_fixsfsi.o)
                              obj/timers.o (__aeabi_f2iz)
c:/arm-none-eabi-gcc/bin/../lib/gcc/arm-none-eabi/6.3.1/thumb\libgcc.a(_aeabi_uldivmod.o)
                              obj/timers.o (__aeabi_uldivmod)
c:/arm-none-eabi-gcc/bin/../lib/gcc/arm-none-eabi/6.3.1/thumb\libgcc.a(_udivmoddi4.o)
                              c:/arm-none-eabi-gcc/bin/../lib/gcc/arm-none-eabi/6.3.1/thumb\libgcc.a(_aeabi_uldivmod.o) (__udivmoddi4)
c:/arm-none-eabi-gcc/bin/../lib/gcc/arm-none-eabi/6.3.1/thumb\libgcc.a(_clzdi2.o)
                              c:/arm-none-eabi-gcc/bin/../lib/gcc/arm-none-eabi/6.3.1/thumb\libgcc.a(_udivmoddi4.o) (__clzdi2)
c:/arm-none-eabi-gcc/bin/../lib/gcc/arm-none-eabi/6.3.1/thumb\libgcc.a(_clzsi2.o)
                              c:/arm-none-eabi-gcc/bin/../lib/gcc/arm-none-eabi/6.3.1/thumb\libgcc.a(_clzdi2.o) (__clzsi2)

Allocating common symbols
Common symbol       size              file

Index               0x1               obj/usart_console.o
curr_big            0x8               obj/main.o
RxCount             0x1               obj/usart_console.o
curr                0x2               obj/main.o
volts               0x2               obj/main.o
resiever            0x32              obj/uart23xx.o

Discarded input sections

 .data          0x00000000        0x0 obj/asmfunc.o
 .bss           0x00000000        0x0 obj/asmfunc.o
 .data          0x00000000        0x0 obj/interrupt.o
 .bss           0x00000000        0x0 obj/interrupt.o
 .data          0x00000000        0x0 obj/uart23xx.o
 .text          0x00000000       0xcc obj/init_cpu.o
 .data          0x00000000        0x0 obj/init_cpu.o
 .bss           0x00000000        0x0 obj/init_cpu.o
 .debug_info    0x00000000       0xba obj/init_cpu.o
 .debug_abbrev  0x00000000       0x44 obj/init_cpu.o
 .debug_loc     0x00000000       0x20 obj/init_cpu.o
 .debug_aranges
                0x00000000       0x20 obj/init_cpu.o
 .debug_line    0x00000000       0x89 obj/init_cpu.o
 .debug_str     0x00000000       0xe0 obj/init_cpu.o
 .comment       0x00000000       0x39 obj/init_cpu.o
 .debug_frame   0x00000000       0x8c obj/init_cpu.o
 .ARM.attributes
                0x00000000       0x32 obj/init_cpu.o
 .data          0x00000000        0x0 obj/usart_console.o
 .bss           0x00000000        0x0 obj/usart_console.o
 COMMON         0x00000000        0x2 obj/usart_console.o
 .data          0x00000000        0x0 obj/spi.o
 .bss           0x00000000        0x0 obj/spi.o
 .data          0x00000000        0x0 obj/adc_dac.o
 .bss           0x00000000        0x0 obj/adc_dac.o
 .data          0x00000000        0x0 obj/timers.o
 .bss           0x00000000        0x0 obj/timers.o
 .text          0x00000000        0x0 c:/arm-none-eabi-gcc/bin/../lib/gcc/arm-none-eabi/6.3.1/../../../../arm-none-eabi/lib/thumb\libc.a(lib_a-atoi.o)
 .data          0x00000000        0x0 c:/arm-none-eabi-gcc/bin/../lib/gcc/arm-none-eabi/6.3.1/../../../../arm-none-eabi/lib/thumb\libc.a(lib_a-atoi.o)
 .bss           0x00000000        0x0 c:/arm-none-eabi-gcc/bin/../lib/gcc/arm-none-eabi/6.3.1/../../../../arm-none-eabi/lib/thumb\libc.a(lib_a-atoi.o)
 .text._atoi_r  0x00000000       0x10 c:/arm-none-eabi-gcc/bin/../lib/gcc/arm-none-eabi/6.3.1/../../../../arm-none-eabi/lib/thumb\libc.a(lib_a-atoi.o)
 .text          0x00000000        0x0 c:/arm-none-eabi-gcc/bin/../lib/gcc/arm-none-eabi/6.3.1/../../../../arm-none-eabi/lib/thumb\libc.a(lib_a-itoa.o)
 .data          0x00000000        0x0 c:/arm-none-eabi-gcc/bin/../lib/gcc/arm-none-eabi/6.3.1/../../../../arm-none-eabi/lib/thumb\libc.a(lib_a-itoa.o)
 .bss           0x00000000        0x0 c:/arm-none-eabi-gcc/bin/../lib/gcc/arm-none-eabi/6.3.1/../../../../arm-none-eabi/lib/thumb\libc.a(lib_a-itoa.o)
 .text          0x00000000        0x0 c:/arm-none-eabi-gcc/bin/../lib/gcc/arm-none-eabi/6.3.1/../../../../arm-none-eabi/lib/thumb\libc.a(lib_a-memset.o)
 .data          0x00000000        0x0 c:/arm-none-eabi-gcc/bin/../lib/gcc/arm-none-eabi/6.3.1/../../../../arm-none-eabi/lib/thumb\libc.a(lib_a-memset.o)
 .bss           0x00000000        0x0 c:/arm-none-eabi-gcc/bin/../lib/gcc/arm-none-eabi/6.3.1/../../../../arm-none-eabi/lib/thumb\libc.a(lib_a-memset.o)
 .text          0x00000000        0x0 c:/arm-none-eabi-gcc/bin/../lib/gcc/arm-none-eabi/6.3.1/../../../../arm-none-eabi/lib/thumb\libc.a(lib_a-strcat.o)
 .data          0x00000000        0x0 c:/arm-none-eabi-gcc/bin/../lib/gcc/arm-none-eabi/6.3.1/../../../../arm-none-eabi/lib/thumb\libc.a(lib_a-strcat.o)
 .bss           0x00000000        0x0 c:/arm-none-eabi-gcc/bin/../lib/gcc/arm-none-eabi/6.3.1/../../../../arm-none-eabi/lib/thumb\libc.a(lib_a-strcat.o)
 .text          0x00000000        0x0 c:/arm-none-eabi-gcc/bin/../lib/gcc/arm-none-eabi/6.3.1/../../../../arm-none-eabi/lib/thumb\libc.a(lib_a-strcpy.o)
 .data          0x00000000        0x0 c:/arm-none-eabi-gcc/bin/../lib/gcc/arm-none-eabi/6.3.1/../../../../arm-none-eabi/lib/thumb\libc.a(lib_a-strcpy.o)
 .bss           0x00000000        0x0 c:/arm-none-eabi-gcc/bin/../lib/gcc/arm-none-eabi/6.3.1/../../../../arm-none-eabi/lib/thumb\libc.a(lib_a-strcpy.o)
 .text          0x00000000        0x0 c:/arm-none-eabi-gcc/bin/../lib/gcc/arm-none-eabi/6.3.1/../../../../arm-none-eabi/lib/thumb\libc.a(lib_a-strlen-stub.o)
 .data          0x00000000        0x0 c:/arm-none-eabi-gcc/bin/../lib/gcc/arm-none-eabi/6.3.1/../../../../arm-none-eabi/lib/thumb\libc.a(lib_a-strlen-stub.o)
 .bss           0x00000000        0x0 c:/arm-none-eabi-gcc/bin/../lib/gcc/arm-none-eabi/6.3.1/../../../../arm-none-eabi/lib/thumb\libc.a(lib_a-strlen-stub.o)
 .text          0x00000000        0x0 c:/arm-none-eabi-gcc/bin/../lib/gcc/arm-none-eabi/6.3.1/../../../../arm-none-eabi/lib/thumb\libc.a(lib_a-strncmp.o)
 .data          0x00000000        0x0 c:/arm-none-eabi-gcc/bin/../lib/gcc/arm-none-eabi/6.3.1/../../../../arm-none-eabi/lib/thumb\libc.a(lib_a-strncmp.o)
 .bss           0x00000000        0x0 c:/arm-none-eabi-gcc/bin/../lib/gcc/arm-none-eabi/6.3.1/../../../../arm-none-eabi/lib/thumb\libc.a(lib_a-strncmp.o)
 .text          0x00000000        0x0 c:/arm-none-eabi-gcc/bin/../lib/gcc/arm-none-eabi/6.3.1/../../../../arm-none-eabi/lib/thumb\libc.a(lib_a-strtol.o)
 .data          0x00000000        0x0 c:/arm-none-eabi-gcc/bin/../lib/gcc/arm-none-eabi/6.3.1/../../../../arm-none-eabi/lib/thumb\libc.a(lib_a-strtol.o)
 .bss           0x00000000        0x0 c:/arm-none-eabi-gcc/bin/../lib/gcc/arm-none-eabi/6.3.1/../../../../arm-none-eabi/lib/thumb\libc.a(lib_a-strtol.o)
 .text._strtol_r
                0x00000000       0x28 c:/arm-none-eabi-gcc/bin/../lib/gcc/arm-none-eabi/6.3.1/../../../../arm-none-eabi/lib/thumb\libc.a(lib_a-strtol.o)
 .text.strtol_l
                0x00000000       0x24 c:/arm-none-eabi-gcc/bin/../lib/gcc/arm-none-eabi/6.3.1/../../../../arm-none-eabi/lib/thumb\libc.a(lib_a-strtol.o)
 .text          0x00000000        0x0 c:/arm-none-eabi-gcc/bin/../lib/gcc/arm-none-eabi/6.3.1/../../../../arm-none-eabi/lib/thumb\libc.a(lib_a-utoa.o)
 .data          0x00000000        0x0 c:/arm-none-eabi-gcc/bin/../lib/gcc/arm-none-eabi/6.3.1/../../../../arm-none-eabi/lib/thumb\libc.a(lib_a-utoa.o)
 .bss           0x00000000        0x0 c:/arm-none-eabi-gcc/bin/../lib/gcc/arm-none-eabi/6.3.1/../../../../arm-none-eabi/lib/thumb\libc.a(lib_a-utoa.o)
 .text.utoa     0x00000000        0xc c:/arm-none-eabi-gcc/bin/../lib/gcc/arm-none-eabi/6.3.1/../../../../arm-none-eabi/lib/thumb\libc.a(lib_a-utoa.o)
 .text          0x00000000        0x0 c:/arm-none-eabi-gcc/bin/../lib/gcc/arm-none-eabi/6.3.1/../../../../arm-none-eabi/lib/thumb\libc.a(lib_a-impure.o)
 .data          0x00000000        0x0 c:/arm-none-eabi-gcc/bin/../lib/gcc/arm-none-eabi/6.3.1/../../../../arm-none-eabi/lib/thumb\libc.a(lib_a-impure.o)
 .bss           0x00000000        0x0 c:/arm-none-eabi-gcc/bin/../lib/gcc/arm-none-eabi/6.3.1/../../../../arm-none-eabi/lib/thumb\libc.a(lib_a-impure.o)
 .rodata._global_impure_ptr
                0x00000000        0x4 c:/arm-none-eabi-gcc/bin/../lib/gcc/arm-none-eabi/6.3.1/../../../../arm-none-eabi/lib/thumb\libc.a(lib_a-impure.o)
 .text          0x00000000        0x0 c:/arm-none-eabi-gcc/bin/../lib/gcc/arm-none-eabi/6.3.1/../../../../arm-none-eabi/lib/thumb\libc.a(lib_a-locale.o)
 .data          0x00000000        0x0 c:/arm-none-eabi-gcc/bin/../lib/gcc/arm-none-eabi/6.3.1/../../../../arm-none-eabi/lib/thumb\libc.a(lib_a-locale.o)
 .bss           0x00000000        0x0 c:/arm-none-eabi-gcc/bin/../lib/gcc/arm-none-eabi/6.3.1/../../../../arm-none-eabi/lib/thumb\libc.a(lib_a-locale.o)
 .text._setlocale_r
                0x00000000       0x48 c:/arm-none-eabi-gcc/bin/../lib/gcc/arm-none-eabi/6.3.1/../../../../arm-none-eabi/lib/thumb\libc.a(lib_a-locale.o)
 .text.__locale_mb_cur_max
                0x00000000       0x20 c:/arm-none-eabi-gcc/bin/../lib/gcc/arm-none-eabi/6.3.1/../../../../arm-none-eabi/lib/thumb\libc.a(lib_a-locale.o)
 .text.__locale_ctype_ptr
                0x00000000       0x1c c:/arm-none-eabi-gcc/bin/../lib/gcc/arm-none-eabi/6.3.1/../../../../arm-none-eabi/lib/thumb\libc.a(lib_a-locale.o)
 .text.setlocale
                0x00000000       0x1c c:/arm-none-eabi-gcc/bin/../lib/gcc/arm-none-eabi/6.3.1/../../../../arm-none-eabi/lib/thumb\libc.a(lib_a-locale.o)
 .bss._PathLocale
                0x00000000        0x4 c:/arm-none-eabi-gcc/bin/../lib/gcc/arm-none-eabi/6.3.1/../../../../arm-none-eabi/lib/thumb\libc.a(lib_a-locale.o)
 .text          0x00000000        0x0 c:/arm-none-eabi-gcc/bin/../lib/gcc/arm-none-eabi/6.3.1/../../../../arm-none-eabi/lib/thumb\libc.a(lib_a-mbtowc_r.o)
 .data          0x00000000        0x0 c:/arm-none-eabi-gcc/bin/../lib/gcc/arm-none-eabi/6.3.1/../../../../arm-none-eabi/lib/thumb\libc.a(lib_a-mbtowc_r.o)
 .bss           0x00000000        0x0 c:/arm-none-eabi-gcc/bin/../lib/gcc/arm-none-eabi/6.3.1/../../../../arm-none-eabi/lib/thumb\libc.a(lib_a-mbtowc_r.o)
 .text._mbtowc_r
                0x00000000       0x34 c:/arm-none-eabi-gcc/bin/../lib/gcc/arm-none-eabi/6.3.1/../../../../arm-none-eabi/lib/thumb\libc.a(lib_a-mbtowc_r.o)
 .text          0x00000000      0x224 c:/arm-none-eabi-gcc/bin/../lib/gcc/arm-none-eabi/6.3.1/../../../../arm-none-eabi/lib/thumb\libc.a(lib_a-strcmp.o)
 .data          0x00000000        0x0 c:/arm-none-eabi-gcc/bin/../lib/gcc/arm-none-eabi/6.3.1/../../../../arm-none-eabi/lib/thumb\libc.a(lib_a-strcmp.o)
 .bss           0x00000000        0x0 c:/arm-none-eabi-gcc/bin/../lib/gcc/arm-none-eabi/6.3.1/../../../../arm-none-eabi/lib/thumb\libc.a(lib_a-strcmp.o)
 .debug_frame   0x00000000       0x40 c:/arm-none-eabi-gcc/bin/../lib/gcc/arm-none-eabi/6.3.1/../../../../arm-none-eabi/lib/thumb\libc.a(lib_a-strcmp.o)
 .ARM.attributes
                0x00000000       0x16 c:/arm-none-eabi-gcc/bin/../lib/gcc/arm-none-eabi/6.3.1/../../../../arm-none-eabi/lib/thumb\libc.a(lib_a-strcmp.o)
 .text          0x00000000        0x0 c:/arm-none-eabi-gcc/bin/../lib/gcc/arm-none-eabi/6.3.1/../../../../arm-none-eabi/lib/thumb\libc.a(lib_a-wctomb_r.o)
 .data          0x00000000        0x0 c:/arm-none-eabi-gcc/bin/../lib/gcc/arm-none-eabi/6.3.1/../../../../arm-none-eabi/lib/thumb\libc.a(lib_a-wctomb_r.o)
 .bss           0x00000000        0x0 c:/arm-none-eabi-gcc/bin/../lib/gcc/arm-none-eabi/6.3.1/../../../../arm-none-eabi/lib/thumb\libc.a(lib_a-wctomb_r.o)
 .text._wctomb_r
                0x00000000       0x2c c:/arm-none-eabi-gcc/bin/../lib/gcc/arm-none-eabi/6.3.1/../../../../arm-none-eabi/lib/thumb\libc.a(lib_a-wctomb_r.o)
 .text          0x00000000        0x0 c:/arm-none-eabi-gcc/bin/../lib/gcc/arm-none-eabi/6.3.1/../../../../arm-none-eabi/lib/thumb\libc.a(lib_a-ctype_.o)
 .data          0x00000000        0x0 c:/arm-none-eabi-gcc/bin/../lib/gcc/arm-none-eabi/6.3.1/../../../../arm-none-eabi/lib/thumb\libc.a(lib_a-ctype_.o)
 .bss           0x00000000        0x0 c:/arm-none-eabi-gcc/bin/../lib/gcc/arm-none-eabi/6.3.1/../../../../arm-none-eabi/lib/thumb\libc.a(lib_a-ctype_.o)
 .data          0x00000000        0x0 c:/arm-none-eabi-gcc/bin/../lib/gcc/arm-none-eabi/6.3.1/thumb\libgcc.a(_udivsi3.o)
 .bss           0x00000000        0x0 c:/arm-none-eabi-gcc/bin/../lib/gcc/arm-none-eabi/6.3.1/thumb\libgcc.a(_udivsi3.o)
 .data          0x00000000        0x0 c:/arm-none-eabi-gcc/bin/../lib/gcc/arm-none-eabi/6.3.1/thumb\libgcc.a(_dvmd_tls.o)
 .bss           0x00000000        0x0 c:/arm-none-eabi-gcc/bin/../lib/gcc/arm-none-eabi/6.3.1/thumb\libgcc.a(_dvmd_tls.o)
 .data          0x00000000        0x0 c:/arm-none-eabi-gcc/bin/../lib/gcc/arm-none-eabi/6.3.1/thumb\libgcc.a(_arm_addsubdf3.o)
 .bss           0x00000000        0x0 c:/arm-none-eabi-gcc/bin/../lib/gcc/arm-none-eabi/6.3.1/thumb\libgcc.a(_arm_addsubdf3.o)
 .data          0x00000000        0x0 c:/arm-none-eabi-gcc/bin/../lib/gcc/arm-none-eabi/6.3.1/thumb\libgcc.a(_arm_muldivdf3.o)
 .bss           0x00000000        0x0 c:/arm-none-eabi-gcc/bin/../lib/gcc/arm-none-eabi/6.3.1/thumb\libgcc.a(_arm_muldivdf3.o)
 .data          0x00000000        0x0 c:/arm-none-eabi-gcc/bin/../lib/gcc/arm-none-eabi/6.3.1/thumb\libgcc.a(_arm_fixdfsi.o)
 .bss           0x00000000        0x0 c:/arm-none-eabi-gcc/bin/../lib/gcc/arm-none-eabi/6.3.1/thumb\libgcc.a(_arm_fixdfsi.o)
 .data          0x00000000        0x0 c:/arm-none-eabi-gcc/bin/../lib/gcc/arm-none-eabi/6.3.1/thumb\libgcc.a(_arm_truncdfsf2.o)
 .bss           0x00000000        0x0 c:/arm-none-eabi-gcc/bin/../lib/gcc/arm-none-eabi/6.3.1/thumb\libgcc.a(_arm_truncdfsf2.o)
 .data          0x00000000        0x0 c:/arm-none-eabi-gcc/bin/../lib/gcc/arm-none-eabi/6.3.1/thumb\libgcc.a(_arm_addsubsf3.o)
 .bss           0x00000000        0x0 c:/arm-none-eabi-gcc/bin/../lib/gcc/arm-none-eabi/6.3.1/thumb\libgcc.a(_arm_addsubsf3.o)
 .data          0x00000000        0x0 c:/arm-none-eabi-gcc/bin/../lib/gcc/arm-none-eabi/6.3.1/thumb\libgcc.a(_arm_muldivsf3.o)
 .bss           0x00000000        0x0 c:/arm-none-eabi-gcc/bin/../lib/gcc/arm-none-eabi/6.3.1/thumb\libgcc.a(_arm_muldivsf3.o)
 .data          0x00000000        0x0 c:/arm-none-eabi-gcc/bin/../lib/gcc/arm-none-eabi/6.3.1/thumb\libgcc.a(_arm_cmpsf2.o)
 .bss           0x00000000        0x0 c:/arm-none-eabi-gcc/bin/../lib/gcc/arm-none-eabi/6.3.1/thumb\libgcc.a(_arm_cmpsf2.o)
 .data          0x00000000        0x0 c:/arm-none-eabi-gcc/bin/../lib/gcc/arm-none-eabi/6.3.1/thumb\libgcc.a(_arm_fixsfsi.o)
 .bss           0x00000000        0x0 c:/arm-none-eabi-gcc/bin/../lib/gcc/arm-none-eabi/6.3.1/thumb\libgcc.a(_arm_fixsfsi.o)
 .data          0x00000000        0x0 c:/arm-none-eabi-gcc/bin/../lib/gcc/arm-none-eabi/6.3.1/thumb\libgcc.a(_aeabi_uldivmod.o)
 .bss           0x00000000        0x0 c:/arm-none-eabi-gcc/bin/../lib/gcc/arm-none-eabi/6.3.1/thumb\libgcc.a(_aeabi_uldivmod.o)
 .data          0x00000000        0x0 c:/arm-none-eabi-gcc/bin/../lib/gcc/arm-none-eabi/6.3.1/thumb\libgcc.a(_udivmoddi4.o)
 .bss           0x00000000        0x0 c:/arm-none-eabi-gcc/bin/../lib/gcc/arm-none-eabi/6.3.1/thumb\libgcc.a(_udivmoddi4.o)
 .ARM.extab     0x00000000        0x0 c:/arm-none-eabi-gcc/bin/../lib/gcc/arm-none-eabi/6.3.1/thumb\libgcc.a(_udivmoddi4.o)
 .data          0x00000000        0x0 c:/arm-none-eabi-gcc/bin/../lib/gcc/arm-none-eabi/6.3.1/thumb\libgcc.a(_clzdi2.o)
 .bss           0x00000000        0x0 c:/arm-none-eabi-gcc/bin/../lib/gcc/arm-none-eabi/6.3.1/thumb\libgcc.a(_clzdi2.o)
 .data          0x00000000        0x0 c:/arm-none-eabi-gcc/bin/../lib/gcc/arm-none-eabi/6.3.1/thumb\libgcc.a(_clzsi2.o)
 .bss           0x00000000        0x0 c:/arm-none-eabi-gcc/bin/../lib/gcc/arm-none-eabi/6.3.1/thumb\libgcc.a(_clzsi2.o)

Memory Configuration

Name             Origin             Length             Attributes
ROM              0x00000000         0x0007e000
RAM              0x40000000         0x0000ffe0
URAM             0x7fd00000         0x00004000
ERAM             0x7fe00000         0x00004000
BRAM             0xe0084000         0x00000800
*default*        0x00000000         0xffffffff

Linker script and memory map

LOAD obj/asmfunc.o
LOAD obj/main.o
LOAD obj/interrupt.o
LOAD obj/uart23xx.o
LOAD obj/init_cpu.o
LOAD obj/usart_console.o
LOAD obj/spi.o
LOAD obj/adc_dac.o
LOAD obj/timers.o
LOAD c:/arm-none-eabi-gcc/bin/../lib/gcc/arm-none-eabi/6.3.1/../../../../arm-none-eabi/lib/thumb\libc.a
LOAD c:/arm-none-eabi-gcc/bin/../lib/gcc/arm-none-eabi/6.3.1/thumb\libgcc.a
LOAD c:/arm-none-eabi-gcc/bin/../lib/gcc/arm-none-eabi/6.3.1/../../../../arm-none-eabi/lib/thumb\libm.a
START GROUP
LOAD c:/arm-none-eabi-gcc/bin/../lib/gcc/arm-none-eabi/6.3.1/thumb\libgcc.a
LOAD c:/arm-none-eabi-gcc/bin/../lib/gcc/arm-none-eabi/6.3.1/../../../../arm-none-eabi/lib/thumb\libg.a
LOAD c:/arm-none-eabi-gcc/bin/../lib/gcc/arm-none-eabi/6.3.1/../../../../arm-none-eabi/lib/thumb\libc.a
END GROUP

.text           0x00000000     0x3121
 *(.VECTOR)
 .VECTOR        0x00000000       0x34 obj/asmfunc.o
                0x000002fc                . = 0x2fc
 *fill*         0x00000034      0x2c8 
 *(.CRP)
                0x00000300                . = 0x300
 *fill*         0x000002fc        0x4 
 *(.text .text.*)
 .text          0x00000300      0x31c obj/asmfunc.o
                0x00000500                Copy_un2al
                0x00000570                Copy_al2un
 .text          0x0000061c      0x1a0 obj/main.o
                0x0000061c                gpio_init
                0x0000067c                led_set
                0x00000690                led_clear
                0x000006a4                gpio_set
                0x000006dc                gpio_clear
                0x00000714                pll_init
 .text.startup  0x000007bc       0x24 obj/main.o
                0x000007bc                main
 .text          0x000007e0       0x1c obj/interrupt.o
                0x000007e0                IrqDisable
                0x000007e4                IrqEnable
                0x000007e8                ClearVector
                0x000007ec                RegisterIrq
                0x000007f0                SelectFiq
                0x000007f4                LoadFiqRegs
                0x000007f8                StoreFiqRegs
 .text          0x000007fc      0x180 obj/uart23xx.o
                0x000007fc                Isr_UART0
                0x0000086c                uart0_test
                0x00000878                uart0_getc
                0x000008b0                uart0_putc
                0x00000900                uart0_init
 .text          0x0000097c      0x3ac obj/usart_console.o
                0x0000097c                hex_to_int
                0x0000099a                hex_to_ascii
                0x000009bc                UART0_send_byte
                0x000009f0                UART0_send
                0x00000a38                atof
                0x00000b68                process_command
 .text          0x00000d28      0x1ec obj/spi.o
                0x00000d28                SPI_ADC_data_transfers_16bit
                0x00000d94                SPI_ADC_data_transfers_8bit
                0x00000e00                SPI_DAC_data_transfers_16bit
                0x00000e6c                SPI0_send_2_byte
                0x00000e8a                SPI_DAC_data_transfers_8bit
                0x00000ef4                SPI0_send_1_byte
 .text          0x00000f14      0x190 obj/adc_dac.o
                0x00000f14                Delay
                0x00000f16                adc_init
                0x00000fc4                dac_set_voltage
                0x00000ff4                adc_read_current
                0x0000104c                adc_read_voltage
 .text          0x000010a4      0x45c obj/timers.o
                0x000010a4                read_volt
                0x000010e8                read_curr
                0x0000112c                timer0_set_freq
                0x00001150                timer0_init
                0x000011b4                timer0_start
                0x000011d4                timer0_stop
                0x000011f4                ftoa
                0x000012ac                send_results
                0x000013d8                Isr_TIM0
 .text.atoi     0x00001500       0x10 c:/arm-none-eabi-gcc/bin/../lib/gcc/arm-none-eabi/6.3.1/../../../../arm-none-eabi/lib/thumb\libc.a(lib_a-atoi.o)
                0x00001500                atoi
 .text.__itoa   0x00001510       0x34 c:/arm-none-eabi-gcc/bin/../lib/gcc/arm-none-eabi/6.3.1/../../../../arm-none-eabi/lib/thumb\libc.a(lib_a-itoa.o)
                0x00001510                __itoa
 .text.itoa     0x00001544        0xc c:/arm-none-eabi-gcc/bin/../lib/gcc/arm-none-eabi/6.3.1/../../../../arm-none-eabi/lib/thumb\libc.a(lib_a-itoa.o)
                0x00001544                itoa
 .text.memset   0x00001550       0x9c c:/arm-none-eabi-gcc/bin/../lib/gcc/arm-none-eabi/6.3.1/../../../../arm-none-eabi/lib/thumb\libc.a(lib_a-memset.o)
                0x00001550                memset
 .text.strcat   0x000015ec       0x50 c:/arm-none-eabi-gcc/bin/../lib/gcc/arm-none-eabi/6.3.1/../../../../arm-none-eabi/lib/thumb\libc.a(lib_a-strcat.o)
                0x000015ec                strcat
 .text.strcpy   0x0000163c       0x10 c:/arm-none-eabi-gcc/bin/../lib/gcc/arm-none-eabi/6.3.1/../../../../arm-none-eabi/lib/thumb\libc.a(lib_a-strcpy.o)
                0x0000163c                strcpy
 .text.strlen   0x0000164c       0x68 c:/arm-none-eabi-gcc/bin/../lib/gcc/arm-none-eabi/6.3.1/../../../../arm-none-eabi/lib/thumb\libc.a(lib_a-strlen-stub.o)
                0x0000164c                strlen
 .text.strncmp  0x000016b4       0x94 c:/arm-none-eabi-gcc/bin/../lib/gcc/arm-none-eabi/6.3.1/../../../../arm-none-eabi/lib/thumb\libc.a(lib_a-strncmp.o)
                0x000016b4                strncmp
 .text._strtol_l.isra.0
                0x00001748      0x180 c:/arm-none-eabi-gcc/bin/../lib/gcc/arm-none-eabi/6.3.1/../../../../arm-none-eabi/lib/thumb\libc.a(lib_a-strtol.o)
 .text.strtol   0x000018c8       0x30 c:/arm-none-eabi-gcc/bin/../lib/gcc/arm-none-eabi/6.3.1/../../../../arm-none-eabi/lib/thumb\libc.a(lib_a-strtol.o)
                0x000018c8                strtol
 .text.__utoa   0x000018f8       0x90 c:/arm-none-eabi-gcc/bin/../lib/gcc/arm-none-eabi/6.3.1/../../../../arm-none-eabi/lib/thumb\libc.a(lib_a-utoa.o)
                0x000018f8                __utoa
 .text.__locale_ctype_ptr_l
                0x00001988        0x8 c:/arm-none-eabi-gcc/bin/../lib/gcc/arm-none-eabi/6.3.1/../../../../arm-none-eabi/lib/thumb\libc.a(lib_a-locale.o)
                0x00001988                __locale_ctype_ptr_l
 .text.__ascii_mbtowc
                0x00001990       0x2c c:/arm-none-eabi-gcc/bin/../lib/gcc/arm-none-eabi/6.3.1/../../../../arm-none-eabi/lib/thumb\libc.a(lib_a-mbtowc_r.o)
                0x00001990                __ascii_mbtowc
 .text.__ascii_wctomb
                0x000019bc       0x1c c:/arm-none-eabi-gcc/bin/../lib/gcc/arm-none-eabi/6.3.1/../../../../arm-none-eabi/lib/thumb\libc.a(lib_a-wctomb_r.o)
                0x000019bc                __ascii_wctomb
 .text          0x000019d8      0x11c c:/arm-none-eabi-gcc/bin/../lib/gcc/arm-none-eabi/6.3.1/thumb\libgcc.a(_udivsi3.o)
                0x000019d8                __aeabi_uidiv
                0x000019d8                __udivsi3
                0x00001ad4                __aeabi_uidivmod
 .text          0x00001af4        0x4 c:/arm-none-eabi-gcc/bin/../lib/gcc/arm-none-eabi/6.3.1/thumb\libgcc.a(_dvmd_tls.o)
                0x00001af4                __aeabi_idiv0
                0x00001af4                __aeabi_ldiv0
 .text          0x00001af8      0x41c c:/arm-none-eabi-gcc/bin/../lib/gcc/arm-none-eabi/6.3.1/thumb\libgcc.a(_arm_addsubdf3.o)
                0x00001af8                __aeabi_drsub
                0x00001b00                __aeabi_dsub
                0x00001b00                __subdf3
                0x00001b04                __aeabi_dadd
                0x00001b04                __adddf3
                0x00001e14                __floatunsidf
                0x00001e14                __aeabi_ui2d
                0x00001e38                __floatsidf
                0x00001e38                __aeabi_i2d
                0x00001e60                __aeabi_f2d
                0x00001e60                __extendsfdf2
                0x00001ea0                __floatundidf
                0x00001ea0                __aeabi_ul2d
                0x00001eb4                __floatdidf
                0x00001eb4                __aeabi_l2d
 .text          0x00001f14      0x49c c:/arm-none-eabi-gcc/bin/../lib/gcc/arm-none-eabi/6.3.1/thumb\libgcc.a(_arm_muldivdf3.o)
                0x00001f14                __aeabi_dmul
                0x00001f14                __muldf3
                0x000021a4                __divdf3
                0x000021a4                __aeabi_ddiv
 .text          0x000023b0       0x5c c:/arm-none-eabi-gcc/bin/../lib/gcc/arm-none-eabi/6.3.1/thumb\libgcc.a(_arm_fixdfsi.o)
                0x000023b0                __aeabi_d2iz
                0x000023b0                __fixdfsi
 .text          0x0000240c       0xa0 c:/arm-none-eabi-gcc/bin/../lib/gcc/arm-none-eabi/6.3.1/thumb\libgcc.a(_arm_truncdfsf2.o)
                0x0000240c                __truncdfsf2
                0x0000240c                __aeabi_d2f
 .text          0x000024ac      0x2ac c:/arm-none-eabi-gcc/bin/../lib/gcc/arm-none-eabi/6.3.1/thumb\libgcc.a(_arm_addsubsf3.o)
                0x000024ac                __aeabi_frsub
                0x000024b4                __subsf3
                0x000024b4                __aeabi_fsub
                0x000024b8                __aeabi_fadd
                0x000024b8                __addsf3
                0x00002674                __aeabi_ui2f
                0x00002674                __floatunsisf
                0x0000267c                __aeabi_i2f
                0x0000267c                __floatsisf
                0x0000269c                __aeabi_ul2f
                0x0000269c                __floatundisf
                0x000026ac                __aeabi_l2f
                0x000026ac                __floatdisf
 .text          0x00002758      0x2f8 c:/arm-none-eabi-gcc/bin/../lib/gcc/arm-none-eabi/6.3.1/thumb\libgcc.a(_arm_muldivsf3.o)
                0x00002758                __mulsf3
                0x00002758                __aeabi_fmul
                0x000028f0                __aeabi_fdiv
                0x000028f0                __divsf3
 .text          0x00002a50      0x114 c:/arm-none-eabi-gcc/bin/../lib/gcc/arm-none-eabi/6.3.1/thumb\libgcc.a(_arm_cmpsf2.o)
                0x00002a50                __gesf2
                0x00002a50                __gtsf2
                0x00002a58                __lesf2
                0x00002a58                __ltsf2
                0x00002a60                __nesf2
                0x00002a60                __eqsf2
                0x00002a60                __cmpsf2
                0x00002ac4                __aeabi_cfrcmple
                0x00002ad4                __aeabi_cfcmpeq
                0x00002ad4                __aeabi_cfcmple
                0x00002aec                __aeabi_fcmpeq
                0x00002b04                __aeabi_fcmplt
                0x00002b1c                __aeabi_fcmple
                0x00002b34                __aeabi_fcmpge
                0x00002b4c                __aeabi_fcmpgt
 .text          0x00002b64       0x5c c:/arm-none-eabi-gcc/bin/../lib/gcc/arm-none-eabi/6.3.1/thumb\libgcc.a(_arm_fixsfsi.o)
                0x00002b64                __aeabi_f2iz
                0x00002b64                __fixsfsi
 .text          0x00002bc0       0x3c c:/arm-none-eabi-gcc/bin/../lib/gcc/arm-none-eabi/6.3.1/thumb\libgcc.a(_aeabi_uldivmod.o)
                0x00002bc0                __aeabi_uldivmod
 .text          0x00002bfc      0x184 c:/arm-none-eabi-gcc/bin/../lib/gcc/arm-none-eabi/6.3.1/thumb\libgcc.a(_udivmoddi4.o)
                0x00002bfc                __udivmoddi4
 .text          0x00002d80       0x28 c:/arm-none-eabi-gcc/bin/../lib/gcc/arm-none-eabi/6.3.1/thumb\libgcc.a(_clzdi2.o)
                0x00002d80                __clzdi2
 .text          0x00002da8       0x48 c:/arm-none-eabi-gcc/bin/../lib/gcc/arm-none-eabi/6.3.1/thumb\libgcc.a(_clzsi2.o)
                0x00002da8                __clzsi2
 .text.__stub   0x00002df0       0xa4 linker stubs
 *(.gnu.linkonce.t.*)
 *(.glue_7)
 .glue_7        0x00002ea0        0x0 linker stubs
 *(.glue_7t)
 .glue_7t       0x00002ea0        0x0 linker stubs
 *(.gcc_except_table)
 *(.rodata)
 .rodata        0x00002ea0       0xd1 obj/usart_console.o
                0x00002ea0                help_msg
 *(.rodata*)
 .rodata.str1.1
                0x00002f71       0x12 obj/main.o
 .rodata.str1.1
                0x00002f83       0x3a obj/usart_console.o
 .rodata.str1.1
                0x00002fbd       0x2b obj/timers.o
                                 0x2d (size before relaxing)
 .rodata.__utoa.str1.4
                0x00002fe8       0x25 c:/arm-none-eabi-gcc/bin/../lib/gcc/arm-none-eabi/6.3.1/../../../../arm-none-eabi/lib/thumb\libc.a(lib_a-utoa.o)
 *fill*         0x0000300d        0x3 
 .rodata._setlocale_r.str1.4
                0x00003010        0xa c:/arm-none-eabi-gcc/bin/../lib/gcc/arm-none-eabi/6.3.1/../../../../arm-none-eabi/lib/thumb\libc.a(lib_a-locale.o)
                                  0xd (size before relaxing)
 *fill*         0x0000301a        0x2 
 .rodata.str1.4
                0x0000301c        0x4 c:/arm-none-eabi-gcc/bin/../lib/gcc/arm-none-eabi/6.3.1/../../../../arm-none-eabi/lib/thumb\libc.a(lib_a-locale.o)
                                  0x2 (size before relaxing)
 .rodata._ctype_
                0x00003020      0x101 c:/arm-none-eabi-gcc/bin/../lib/gcc/arm-none-eabi/6.3.1/../../../../arm-none-eabi/lib/thumb\libc.a(lib_a-ctype_.o)
                0x00003020                _ctype_
 *(.gnu.linkonce.r.*)

.vfp11_veneer   0x00003124        0x0
 .vfp11_veneer  0x00003124        0x0 linker stubs

.v4_bx          0x00003124        0x0
 .v4_bx         0x00003124        0x0 linker stubs

.iplt           0x00003124        0x0
 .iplt          0x00003124        0x0 obj/asmfunc.o

.ARM.excep      0x00003124        0x8
 *(.ARM.exidx*)
 .ARM.exidx     0x00003124        0x8 c:/arm-none-eabi-gcc/bin/../lib/gcc/arm-none-eabi/6.3.1/thumb\libgcc.a(_udivmoddi4.o)
 *(.ARM.extab*)

.rel.dyn        0x0000312c        0x0
 .rel.iplt      0x0000312c        0x0 obj/asmfunc.o
                0x0000312c                . = ALIGN (0x4)
                0x0000312c                _etext = .
                0x0000312c                _sidata = .

.data           0x40000000      0x59c load address 0x0000312c
                0x40000000                . = ALIGN (0x4)
                0x40000000                _sdata = .
 *(.data)
 .data          0x40000000        0x2 obj/main.o
                0x40000000                conv_number
                0x40000001                channel
 *(.data.*)
 *fill*         0x40000002        0x2 
 .data._impure_ptr
                0x40000004        0x4 c:/arm-none-eabi-gcc/bin/../lib/gcc/arm-none-eabi/6.3.1/../../../../arm-none-eabi/lib/thumb\libc.a(lib_a-impure.o)
                0x40000004                _impure_ptr
 .data.impure_data
                0x40000008      0x428 c:/arm-none-eabi-gcc/bin/../lib/gcc/arm-none-eabi/6.3.1/../../../../arm-none-eabi/lib/thumb\libc.a(lib_a-impure.o)
 .data.__global_locale
                0x40000430      0x16c c:/arm-none-eabi-gcc/bin/../lib/gcc/arm-none-eabi/6.3.1/../../../../arm-none-eabi/lib/thumb\libc.a(lib_a-locale.o)
                0x40000430                __global_locale
 *(.gnu.linkonce.d*)
                0x4000059c                . = ALIGN (0x4)
                0x4000059c                _edata = .

.igot.plt       0x4000059c        0x0 load address 0x000036c8
 .igot.plt      0x4000059c        0x0 obj/asmfunc.o

.bss            0x400005a0      0x158 load address 0x000036d0
                0x400005a0                . = ALIGN (0x4)
                0x400005a0                _sbss = .
 *(.bss)
 .bss           0x400005a0        0x2 obj/main.o
                0x400005a0                getflag
                0x400005a1                native
 .bss           0x400005a2      0x110 obj/uart23xx.o
                0x400005a2                rec_len
 *(.bss.*)
 *(.gnu.linkonce.b*)
 *(COMMON)
 *fill*         0x400006b2        0x6 
 COMMON         0x400006b8        0xc obj/main.o
                0x400006b8                curr_big
                0x400006c0                curr
                0x400006c2                volts
 COMMON         0x400006c4       0x32 obj/uart23xx.o
                0x400006c4                resiever
                0x400006f8                . = ALIGN (0x4)
 *fill*         0x400006f6        0x2 
                0x400006f8                _ebss = .

.stack          0x400006f8      0xa10
                0x400006f8                . = ALIGN (0x8)
 *(.stack)
 *(.STACK)
 .STACK         0x400006f8      0xa10 obj/asmfunc.o
                0x40001108                _estack = .
                0x40001108                . = ALIGN (0x4)

.usbram         0x7fd00000        0x0
 *(.usbram)
                0x7fd00000                . = ALIGN (0x4)

.etherram       0x7fe00000        0x0
 *(.etherram)
                0x7fe00000                . = ALIGN (0x4)

.batteryram     0xe0084000        0x0
 *(.batteryram)
                0xe0084000                . = ALIGN (0x4)

.stab
 *(.stab)

.stabstr
 *(.stabstr)

.stab.excl
 *(.stab.excl)

.stab.exclstr
 *(.stab.exclstr)

.stab.index
 *(.stab.index)

.stab.indexstr
 *(.stab.indexstr)

.comment        0x00000000       0xb7
 *(.comment)
 .comment       0x00000000       0x7f obj/main.o
                                 0x80 (size before relaxing)
 .comment       0x0000007f       0x38 obj/interrupt.o
                                 0x39 (size before relaxing)
 .comment       0x000000b7       0x80 obj/uart23xx.o
 .comment       0x000000b7       0x80 obj/usart_console.o
 .comment       0x000000b7       0x80 obj/spi.o
 .comment       0x000000b7       0x80 obj/adc_dac.o
 .comment       0x000000b7       0x80 obj/timers.o

.HEAP           0x00000000        0x0
 .HEAP          0x00000000        0x0 obj/asmfunc.o

.ARM.attributes
                0x00000000       0x2e
 .ARM.attributes
                0x00000000       0x22 obj/asmfunc.o
 .ARM.attributes
                0x00000022       0x32 obj/main.o
 .ARM.attributes
                0x00000054       0x32 obj/interrupt.o
 .ARM.attributes
                0x00000086       0x32 obj/uart23xx.o
 .ARM.attributes
                0x000000b8       0x32 obj/usart_console.o
 .ARM.attributes
                0x000000ea       0x32 obj/spi.o
 .ARM.attributes
                0x0000011c       0x32 obj/adc_dac.o
 .ARM.attributes
                0x0000014e       0x32 obj/timers.o
 .ARM.attributes
                0x00000180       0x30 c:/arm-none-eabi-gcc/bin/../lib/gcc/arm-none-eabi/6.3.1/../../../../arm-none-eabi/lib/thumb\libc.a(lib_a-atoi.o)
 .ARM.attributes
                0x000001b0       0x30 c:/arm-none-eabi-gcc/bin/../lib/gcc/arm-none-eabi/6.3.1/../../../../arm-none-eabi/lib/thumb\libc.a(lib_a-itoa.o)
 .ARM.attributes
                0x000001e0       0x30 c:/arm-none-eabi-gcc/bin/../lib/gcc/arm-none-eabi/6.3.1/../../../../arm-none-eabi/lib/thumb\libc.a(lib_a-memset.o)
 .ARM.attributes
                0x00000210       0x30 c:/arm-none-eabi-gcc/bin/../lib/gcc/arm-none-eabi/6.3.1/../../../../arm-none-eabi/lib/thumb\libc.a(lib_a-strcat.o)
 .ARM.attributes
                0x00000240       0x30 c:/arm-none-eabi-gcc/bin/../lib/gcc/arm-none-eabi/6.3.1/../../../../arm-none-eabi/lib/thumb\libc.a(lib_a-strcpy.o)
 .ARM.attributes
                0x00000270       0x30 c:/arm-none-eabi-gcc/bin/../lib/gcc/arm-none-eabi/6.3.1/../../../../arm-none-eabi/lib/thumb\libc.a(lib_a-strlen-stub.o)
 .ARM.attributes
                0x000002a0       0x30 c:/arm-none-eabi-gcc/bin/../lib/gcc/arm-none-eabi/6.3.1/../../../../arm-none-eabi/lib/thumb\libc.a(lib_a-strncmp.o)
 .ARM.attributes
                0x000002d0       0x30 c:/arm-none-eabi-gcc/bin/../lib/gcc/arm-none-eabi/6.3.1/../../../../arm-none-eabi/lib/thumb\libc.a(lib_a-strtol.o)
 .ARM.attributes
                0x00000300       0x30 c:/arm-none-eabi-gcc/bin/../lib/gcc/arm-none-eabi/6.3.1/../../../../arm-none-eabi/lib/thumb\libc.a(lib_a-utoa.o)
 .ARM.attributes
                0x00000330       0x30 c:/arm-none-eabi-gcc/bin/../lib/gcc/arm-none-eabi/6.3.1/../../../../arm-none-eabi/lib/thumb\libc.a(lib_a-impure.o)
 .ARM.attributes
                0x00000360       0x30 c:/arm-none-eabi-gcc/bin/../lib/gcc/arm-none-eabi/6.3.1/../../../../arm-none-eabi/lib/thumb\libc.a(lib_a-locale.o)
 .ARM.attributes
                0x00000390       0x30 c:/arm-none-eabi-gcc/bin/../lib/gcc/arm-none-eabi/6.3.1/../../../../arm-none-eabi/lib/thumb\libc.a(lib_a-mbtowc_r.o)
 .ARM.attributes
                0x000003c0       0x30 c:/arm-none-eabi-gcc/bin/../lib/gcc/arm-none-eabi/6.3.1/../../../../arm-none-eabi/lib/thumb\libc.a(lib_a-wctomb_r.o)
 .ARM.attributes
                0x000003f0       0x30 c:/arm-none-eabi-gcc/bin/../lib/gcc/arm-none-eabi/6.3.1/../../../../arm-none-eabi/lib/thumb\libc.a(lib_a-ctype_.o)
 .ARM.attributes
                0x00000420       0x18 c:/arm-none-eabi-gcc/bin/../lib/gcc/arm-none-eabi/6.3.1/thumb\libgcc.a(_udivsi3.o)
 .ARM.attributes
                0x00000438       0x16 c:/arm-none-eabi-gcc/bin/../lib/gcc/arm-none-eabi/6.3.1/thumb\libgcc.a(_dvmd_tls.o)
 .ARM.attributes
                0x0000044e       0x18 c:/arm-none-eabi-gcc/bin/../lib/gcc/arm-none-eabi/6.3.1/thumb\libgcc.a(_arm_addsubdf3.o)
 .ARM.attributes
                0x00000466       0x18 c:/arm-none-eabi-gcc/bin/../lib/gcc/arm-none-eabi/6.3.1/thumb\libgcc.a(_arm_muldivdf3.o)
 .ARM.attributes
                0x0000047e       0x18 c:/arm-none-eabi-gcc/bin/../lib/gcc/arm-none-eabi/6.3.1/thumb\libgcc.a(_arm_fixdfsi.o)
 .ARM.attributes
                0x00000496       0x18 c:/arm-none-eabi-gcc/bin/../lib/gcc/arm-none-eabi/6.3.1/thumb\libgcc.a(_arm_truncdfsf2.o)
 .ARM.attributes
                0x000004ae       0x18 c:/arm-none-eabi-gcc/bin/../lib/gcc/arm-none-eabi/6.3.1/thumb\libgcc.a(_arm_addsubsf3.o)
 .ARM.attributes
                0x000004c6       0x18 c:/arm-none-eabi-gcc/bin/../lib/gcc/arm-none-eabi/6.3.1/thumb\libgcc.a(_arm_muldivsf3.o)
 .ARM.attributes
                0x000004de       0x18 c:/arm-none-eabi-gcc/bin/../lib/gcc/arm-none-eabi/6.3.1/thumb\libgcc.a(_arm_cmpsf2.o)
 .ARM.attributes
                0x000004f6       0x18 c:/arm-none-eabi-gcc/bin/../lib/gcc/arm-none-eabi/6.3.1/thumb\libgcc.a(_arm_fixsfsi.o)
 .ARM.attributes
                0x0000050e       0x18 c:/arm-none-eabi-gcc/bin/../lib/gcc/arm-none-eabi/6.3.1/thumb\libgcc.a(_aeabi_uldivmod.o)
 .ARM.attributes
                0x00000526       0x30 c:/arm-none-eabi-gcc/bin/../lib/gcc/arm-none-eabi/6.3.1/thumb\libgcc.a(_udivmoddi4.o)
 .ARM.attributes
                0x00000556       0x18 c:/arm-none-eabi-gcc/bin/../lib/gcc/arm-none-eabi/6.3.1/thumb\libgcc.a(_clzdi2.o)
 .ARM.attributes
                0x0000056e       0x18 c:/arm-none-eabi-gcc/bin/../lib/gcc/arm-none-eabi/6.3.1/thumb\libgcc.a(_clzsi2.o)

.debug
 *(.debug)

.line
 *(.line)

.debug_srcinfo
 *(.debug_srcinfo)

.debug_sfnames
 *(.debug_sfnames)

.debug_aranges  0x00000000      0x110
 *(.debug_aranges)
 .debug_aranges
                0x00000000       0x28 obj/asmfunc.o
 .debug_aranges
                0x00000028       0x28 obj/main.o
 .debug_aranges
                0x00000050       0x20 obj/interrupt.o
 .debug_aranges
                0x00000070       0x20 obj/uart23xx.o
 .debug_aranges
                0x00000090       0x20 obj/usart_console.o
 .debug_aranges
                0x000000b0       0x20 obj/spi.o
 .debug_aranges
                0x000000d0       0x20 obj/adc_dac.o
 .debug_aranges
                0x000000f0       0x20 obj/timers.o

.debug_pubnames
 *(.debug_pubnames)

.debug_info     0x00000000     0x41bf
 *(.debug_info .gnu.linkonce.wi.*)
 .debug_info    0x00000000       0x52 obj/asmfunc.o
 .debug_info    0x00000052      0xc52 obj/main.o
 .debug_info    0x00000ca4      0x133 obj/interrupt.o
 .debug_info    0x00000dd7      0xc12 obj/uart23xx.o
 .debug_info    0x000019e9     0x10a1 obj/usart_console.o
 .debug_info    0x00002a8a      0x2ee obj/spi.o
 .debug_info    0x00002d78      0x344 obj/adc_dac.o
 .debug_info    0x000030bc     0x1103 obj/timers.o

.debug_abbrev   0x00000000      0xcf8
 *(.debug_abbrev)
 .debug_abbrev  0x00000000       0x12 obj/asmfunc.o
 .debug_abbrev  0x00000012      0x261 obj/main.o
 .debug_abbrev  0x00000273       0xa2 obj/interrupt.o
 .debug_abbrev  0x00000315      0x254 obj/uart23xx.o
 .debug_abbrev  0x00000569      0x2df obj/usart_console.o
 .debug_abbrev  0x00000848       0xb2 obj/spi.o
 .debug_abbrev  0x000008fa      0x106 obj/adc_dac.o
 .debug_abbrev  0x00000a00      0x2f8 obj/timers.o

.debug_line     0x00000000      0xc30
 *(.debug_line)
 .debug_line    0x00000000      0x12b obj/asmfunc.o
 .debug_line    0x0000012b      0x1eb obj/main.o
 .debug_line    0x00000316       0x4f obj/interrupt.o
 .debug_line    0x00000365      0x1b1 obj/uart23xx.o
 .debug_line    0x00000516      0x25a obj/usart_console.o
 .debug_line    0x00000770      0x15a obj/spi.o
 .debug_line    0x000008ca       0xfa obj/adc_dac.o
 .debug_line    0x000009c4      0x26c obj/timers.o

.debug_frame    0x00000000      0xae4
 *(.debug_frame)
 .debug_frame   0x00000000       0x94 obj/main.o
 .debug_frame   0x00000094       0x80 obj/interrupt.o
 .debug_frame   0x00000114       0x7c obj/uart23xx.o
 .debug_frame   0x00000190       0xac obj/usart_console.o
 .debug_frame   0x0000023c       0xc0 obj/spi.o
 .debug_frame   0x000002fc       0x8c obj/adc_dac.o
 .debug_frame   0x00000388       0xfc obj/timers.o
 .debug_frame   0x00000484       0x40 c:/arm-none-eabi-gcc/bin/../lib/gcc/arm-none-eabi/6.3.1/../../../../arm-none-eabi/lib/thumb\libc.a(lib_a-atoi.o)
 .debug_frame   0x000004c4       0x40 c:/arm-none-eabi-gcc/bin/../lib/gcc/arm-none-eabi/6.3.1/../../../../arm-none-eabi/lib/thumb\libc.a(lib_a-itoa.o)
 .debug_frame   0x00000504       0x30 c:/arm-none-eabi-gcc/bin/../lib/gcc/arm-none-eabi/6.3.1/../../../../arm-none-eabi/lib/thumb\libc.a(lib_a-memset.o)
 .debug_frame   0x00000534       0x2c c:/arm-none-eabi-gcc/bin/../lib/gcc/arm-none-eabi/6.3.1/../../../../arm-none-eabi/lib/thumb\libc.a(lib_a-strcat.o)
 .debug_frame   0x00000560       0x20 c:/arm-none-eabi-gcc/bin/../lib/gcc/arm-none-eabi/6.3.1/../../../../arm-none-eabi/lib/thumb\libc.a(lib_a-strcpy.o)
 .debug_frame   0x00000580       0x28 c:/arm-none-eabi-gcc/bin/../lib/gcc/arm-none-eabi/6.3.1/../../../../arm-none-eabi/lib/thumb\libc.a(lib_a-strlen-stub.o)
 .debug_frame   0x000005a8       0x2c c:/arm-none-eabi-gcc/bin/../lib/gcc/arm-none-eabi/6.3.1/../../../../arm-none-eabi/lib/thumb\libc.a(lib_a-strncmp.o)
 .debug_frame   0x000005d4       0x90 c:/arm-none-eabi-gcc/bin/../lib/gcc/arm-none-eabi/6.3.1/../../../../arm-none-eabi/lib/thumb\libc.a(lib_a-strtol.o)
 .debug_frame   0x00000664       0x54 c:/arm-none-eabi-gcc/bin/../lib/gcc/arm-none-eabi/6.3.1/../../../../arm-none-eabi/lib/thumb\libc.a(lib_a-utoa.o)
 .debug_frame   0x000006b8       0x74 c:/arm-none-eabi-gcc/bin/../lib/gcc/arm-none-eabi/6.3.1/../../../../arm-none-eabi/lib/thumb\libc.a(lib_a-locale.o)
 .debug_frame   0x0000072c       0x40 c:/arm-none-eabi-gcc/bin/../lib/gcc/arm-none-eabi/6.3.1/../../../../arm-none-eabi/lib/thumb\libc.a(lib_a-mbtowc_r.o)
 .debug_frame   0x0000076c       0x3c c:/arm-none-eabi-gcc/bin/../lib/gcc/arm-none-eabi/6.3.1/../../../../arm-none-eabi/lib/thumb\libc.a(lib_a-wctomb_r.o)
 .debug_frame   0x000007a8       0x20 c:/arm-none-eabi-gcc/bin/../lib/gcc/arm-none-eabi/6.3.1/thumb\libgcc.a(_udivsi3.o)
 .debug_frame   0x000007c8       0xac c:/arm-none-eabi-gcc/bin/../lib/gcc/arm-none-eabi/6.3.1/thumb\libgcc.a(_arm_addsubdf3.o)
 .debug_frame   0x00000874       0x50 c:/arm-none-eabi-gcc/bin/../lib/gcc/arm-none-eabi/6.3.1/thumb\libgcc.a(_arm_muldivdf3.o)
 .debug_frame   0x000008c4       0x24 c:/arm-none-eabi-gcc/bin/../lib/gcc/arm-none-eabi/6.3.1/thumb\libgcc.a(_arm_fixdfsi.o)
 .debug_frame   0x000008e8       0x24 c:/arm-none-eabi-gcc/bin/../lib/gcc/arm-none-eabi/6.3.1/thumb\libgcc.a(_arm_truncdfsf2.o)
 .debug_frame   0x0000090c       0x4c c:/arm-none-eabi-gcc/bin/../lib/gcc/arm-none-eabi/6.3.1/thumb\libgcc.a(_arm_addsubsf3.o)
 .debug_frame   0x00000958       0x38 c:/arm-none-eabi-gcc/bin/../lib/gcc/arm-none-eabi/6.3.1/thumb\libgcc.a(_arm_muldivsf3.o)
 .debug_frame   0x00000990       0xc8 c:/arm-none-eabi-gcc/bin/../lib/gcc/arm-none-eabi/6.3.1/thumb\libgcc.a(_arm_cmpsf2.o)
 .debug_frame   0x00000a58       0x24 c:/arm-none-eabi-gcc/bin/../lib/gcc/arm-none-eabi/6.3.1/thumb\libgcc.a(_arm_fixsfsi.o)
 .debug_frame   0x00000a7c       0x2c c:/arm-none-eabi-gcc/bin/../lib/gcc/arm-none-eabi/6.3.1/thumb\libgcc.a(_aeabi_uldivmod.o)
 .debug_frame   0x00000aa8       0x3c c:/arm-none-eabi-gcc/bin/../lib/gcc/arm-none-eabi/6.3.1/thumb\libgcc.a(_udivmoddi4.o)

.debug_str      0x00000000      0x981
 *(.debug_str)
 .debug_str     0x00000000      0x5bc obj/main.o
                                0x642 (size before relaxing)
 .debug_str     0x000005bc       0xd7 obj/interrupt.o
                                 0xf6 (size before relaxing)
 .debug_str     0x00000693       0x6c obj/uart23xx.o
                                0x5ea (size before relaxing)
 .debug_str     0x000006ff       0xf4 obj/usart_console.o
                                0x6c7 (size before relaxing)
 .debug_str     0x000007f3       0x94 obj/spi.o
                                0x219 (size before relaxing)
 .debug_str     0x00000887       0x32 obj/adc_dac.o
                                0x1db (size before relaxing)
 .debug_str     0x000008b9       0xc8 obj/timers.o
                                0x72c (size before relaxing)

.debug_loc      0x00000000     0x1082
 *(.debug_loc)
 .debug_loc     0x00000000       0xfc obj/main.o
 .debug_loc     0x000000fc      0x114 obj/uart23xx.o
 .debug_loc     0x00000210      0x653 obj/usart_console.o
 .debug_loc     0x00000863      0x4ce obj/spi.o
 .debug_loc     0x00000d31       0xdf obj/adc_dac.o
 .debug_loc     0x00000e10      0x272 obj/timers.o

.debug_macinfo
 *(.debug_macinfo)

.debug_weaknames
 *(.debug_weaknames)

.debug_funcnames
 *(.debug_funcnames)

.debug_typenames
 *(.debug_typenames)

.debug_varnames
 *(.debug_varnames)
OUTPUT(obj/zond_cvc.elf elf32-littlearm)

.debug_ranges   0x00000000       0x98
 .debug_ranges  0x00000000       0x20 obj/asmfunc.o
 .debug_ranges  0x00000020       0x18 obj/main.o
 .debug_ranges  0x00000038       0x48 obj/usart_console.o
 .debug_ranges  0x00000080       0x18 obj/timers.o

Cross Reference Table

Symbol                                            File
ClearVector                                       obj/interrupt.o
                                                  obj/main.o
Copy_al2un                                        obj/asmfunc.o
Copy_un2al                                        obj/asmfunc.o
Delay                                             obj/adc_dac.o
Exit_Main                                         obj/init_cpu.o
Index                                             obj/usart_console.o
Init_CPU                                          obj/init_cpu.o
Init_Clocks                                       obj/init_cpu.o
Init_MAM                                          obj/init_cpu.o
Init_Modules                                      obj/init_cpu.o
Init_Pins                                         obj/init_cpu.o
Init_Wait                                         obj/init_cpu.o
IrqDisable                                        obj/interrupt.o
IrqEnable                                         obj/interrupt.o
                                                  obj/main.o
Isr_TIM0                                          obj/timers.o
Isr_UART0                                         obj/uart23xx.o
LoadFiqRegs                                       obj/interrupt.o
RegisterIrq                                       obj/interrupt.o
                                                  obj/timers.o
                                                  obj/uart23xx.o
RxCount                                           obj/usart_console.o
SPI0_send_1_byte                                  obj/spi.o
                                                  obj/timers.o
                                                  obj/adc_dac.o
SPI0_send_2_byte                                  obj/spi.o
                                                  obj/timers.o
                                                  obj/adc_dac.o
                                                  obj/usart_console.o
SPI_ADC_data_transfers_16bit                      obj/spi.o
SPI_ADC_data_transfers_8bit                       obj/spi.o
SPI_DAC_data_transfers_16bit                      obj/spi.o
SPI_DAC_data_transfers_8bit                       obj/spi.o
SelectFiq                                         obj/interrupt.o
StoreFiqRegs                                      obj/interrupt.o
UART0_send                                        obj/usart_console.o
                                                  obj/timers.o
                                                  obj/main.o
UART0_send_byte                                   obj/usart_console.o
_PathLocale                                       c:/arm-none-eabi-gcc/bin/../lib/gcc/arm-none-eabi/6.3.1/../../../../arm-none-eabi/lib/thumb\libc.a(lib_a-locale.o)
__adddf3                                          c:/arm-none-eabi-gcc/bin/../lib/gcc/arm-none-eabi/6.3.1/thumb\libgcc.a(_arm_addsubdf3.o)
__addsf3                                          c:/arm-none-eabi-gcc/bin/../lib/gcc/arm-none-eabi/6.3.1/thumb\libgcc.a(_arm_addsubsf3.o)
__aeabi_cfcmpeq                                   c:/arm-none-eabi-gcc/bin/../lib/gcc/arm-none-eabi/6.3.1/thumb\libgcc.a(_arm_cmpsf2.o)
__aeabi_cfcmple                                   c:/arm-none-eabi-gcc/bin/../lib/gcc/arm-none-eabi/6.3.1/thumb\libgcc.a(_arm_cmpsf2.o)
__aeabi_cfrcmple                                  c:/arm-none-eabi-gcc/bin/../lib/gcc/arm-none-eabi/6.3.1/thumb\libgcc.a(_arm_cmpsf2.o)
__aeabi_d2f                                       c:/arm-none-eabi-gcc/bin/../lib/gcc/arm-none-eabi/6.3.1/thumb\libgcc.a(_arm_truncdfsf2.o)
                                                  obj/timers.o
__aeabi_d2iz                                      c:/arm-none-eabi-gcc/bin/../lib/gcc/arm-none-eabi/6.3.1/thumb\libgcc.a(_arm_fixdfsi.o)
                                                  obj/usart_console.o
__aeabi_dadd                                      c:/arm-none-eabi-gcc/bin/../lib/gcc/arm-none-eabi/6.3.1/thumb\libgcc.a(_arm_addsubdf3.o)
                                                  obj/usart_console.o
__aeabi_ddiv                                      c:/arm-none-eabi-gcc/bin/../lib/gcc/arm-none-eabi/6.3.1/thumb\libgcc.a(_arm_muldivdf3.o)
                                                  obj/timers.o
                                                  obj/usart_console.o
__aeabi_dmul                                      c:/arm-none-eabi-gcc/bin/../lib/gcc/arm-none-eabi/6.3.1/thumb\libgcc.a(_arm_muldivdf3.o)
                                                  obj/usart_console.o
__aeabi_drsub                                     c:/arm-none-eabi-gcc/bin/../lib/gcc/arm-none-eabi/6.3.1/thumb\libgcc.a(_arm_addsubdf3.o)
__aeabi_dsub                                      c:/arm-none-eabi-gcc/bin/../lib/gcc/arm-none-eabi/6.3.1/thumb\libgcc.a(_arm_addsubdf3.o)
__aeabi_f2d                                       c:/arm-none-eabi-gcc/bin/../lib/gcc/arm-none-eabi/6.3.1/thumb\libgcc.a(_arm_addsubdf3.o)
__aeabi_f2iz                                      c:/arm-none-eabi-gcc/bin/../lib/gcc/arm-none-eabi/6.3.1/thumb\libgcc.a(_arm_fixsfsi.o)
                                                  obj/timers.o
__aeabi_fadd                                      c:/arm-none-eabi-gcc/bin/../lib/gcc/arm-none-eabi/6.3.1/thumb\libgcc.a(_arm_addsubsf3.o)
__aeabi_fcmpeq                                    c:/arm-none-eabi-gcc/bin/../lib/gcc/arm-none-eabi/6.3.1/thumb\libgcc.a(_arm_cmpsf2.o)
__aeabi_fcmpge                                    c:/arm-none-eabi-gcc/bin/../lib/gcc/arm-none-eabi/6.3.1/thumb\libgcc.a(_arm_cmpsf2.o)
__aeabi_fcmpgt                                    c:/arm-none-eabi-gcc/bin/../lib/gcc/arm-none-eabi/6.3.1/thumb\libgcc.a(_arm_cmpsf2.o)
                                                  obj/timers.o
__aeabi_fcmple                                    c:/arm-none-eabi-gcc/bin/../lib/gcc/arm-none-eabi/6.3.1/thumb\libgcc.a(_arm_cmpsf2.o)
__aeabi_fcmplt                                    c:/arm-none-eabi-gcc/bin/../lib/gcc/arm-none-eabi/6.3.1/thumb\libgcc.a(_arm_cmpsf2.o)
                                                  obj/timers.o
__aeabi_fdiv                                      c:/arm-none-eabi-gcc/bin/../lib/gcc/arm-none-eabi/6.3.1/thumb\libgcc.a(_arm_muldivsf3.o)
__aeabi_fmul                                      c:/arm-none-eabi-gcc/bin/../lib/gcc/arm-none-eabi/6.3.1/thumb\libgcc.a(_arm_muldivsf3.o)
                                                  obj/timers.o
__aeabi_frsub                                     c:/arm-none-eabi-gcc/bin/../lib/gcc/arm-none-eabi/6.3.1/thumb\libgcc.a(_arm_addsubsf3.o)
__aeabi_fsub                                      c:/arm-none-eabi-gcc/bin/../lib/gcc/arm-none-eabi/6.3.1/thumb\libgcc.a(_arm_addsubsf3.o)
                                                  obj/timers.o
__aeabi_i2d                                       c:/arm-none-eabi-gcc/bin/../lib/gcc/arm-none-eabi/6.3.1/thumb\libgcc.a(_arm_addsubdf3.o)
                                                  obj/timers.o
                                                  obj/usart_console.o
__aeabi_i2f                                       c:/arm-none-eabi-gcc/bin/../lib/gcc/arm-none-eabi/6.3.1/thumb\libgcc.a(_arm_addsubsf3.o)
                                                  obj/timers.o
__aeabi_idiv0                                     c:/arm-none-eabi-gcc/bin/../lib/gcc/arm-none-eabi/6.3.1/thumb\libgcc.a(_dvmd_tls.o)
                                                  c:/arm-none-eabi-gcc/bin/../lib/gcc/arm-none-eabi/6.3.1/thumb\libgcc.a(_udivsi3.o)
__aeabi_l2d                                       c:/arm-none-eabi-gcc/bin/../lib/gcc/arm-none-eabi/6.3.1/thumb\libgcc.a(_arm_addsubdf3.o)
__aeabi_l2f                                       c:/arm-none-eabi-gcc/bin/../lib/gcc/arm-none-eabi/6.3.1/thumb\libgcc.a(_arm_addsubsf3.o)
__aeabi_ldiv0                                     c:/arm-none-eabi-gcc/bin/../lib/gcc/arm-none-eabi/6.3.1/thumb\libgcc.a(_dvmd_tls.o)
                                                  c:/arm-none-eabi-gcc/bin/../lib/gcc/arm-none-eabi/6.3.1/thumb\libgcc.a(_aeabi_uldivmod.o)
__aeabi_ui2d                                      c:/arm-none-eabi-gcc/bin/../lib/gcc/arm-none-eabi/6.3.1/thumb\libgcc.a(_arm_addsubdf3.o)
__aeabi_ui2f                                      c:/arm-none-eabi-gcc/bin/../lib/gcc/arm-none-eabi/6.3.1/thumb\libgcc.a(_arm_addsubsf3.o)
__aeabi_uidiv                                     c:/arm-none-eabi-gcc/bin/../lib/gcc/arm-none-eabi/6.3.1/thumb\libgcc.a(_udivsi3.o)
                                                  c:/arm-none-eabi-gcc/bin/../lib/gcc/arm-none-eabi/6.3.1/../../../../arm-none-eabi/lib/thumb\libc.a(lib_a-utoa.o)
                                                  c:/arm-none-eabi-gcc/bin/../lib/gcc/arm-none-eabi/6.3.1/../../../../arm-none-eabi/lib/thumb\libc.a(lib_a-strtol.o)
__aeabi_uidivmod                                  c:/arm-none-eabi-gcc/bin/../lib/gcc/arm-none-eabi/6.3.1/thumb\libgcc.a(_udivsi3.o)
                                                  c:/arm-none-eabi-gcc/bin/../lib/gcc/arm-none-eabi/6.3.1/../../../../arm-none-eabi/lib/thumb\libc.a(lib_a-utoa.o)
                                                  c:/arm-none-eabi-gcc/bin/../lib/gcc/arm-none-eabi/6.3.1/../../../../arm-none-eabi/lib/thumb\libc.a(lib_a-strtol.o)
__aeabi_ul2d                                      c:/arm-none-eabi-gcc/bin/../lib/gcc/arm-none-eabi/6.3.1/thumb\libgcc.a(_arm_addsubdf3.o)
__aeabi_ul2f                                      c:/arm-none-eabi-gcc/bin/../lib/gcc/arm-none-eabi/6.3.1/thumb\libgcc.a(_arm_addsubsf3.o)
__aeabi_uldivmod                                  c:/arm-none-eabi-gcc/bin/../lib/gcc/arm-none-eabi/6.3.1/thumb\libgcc.a(_aeabi_uldivmod.o)
                                                  obj/timers.o
__ascii_mbtowc                                    c:/arm-none-eabi-gcc/bin/../lib/gcc/arm-none-eabi/6.3.1/../../../../arm-none-eabi/lib/thumb\libc.a(lib_a-mbtowc_r.o)
                                                  c:/arm-none-eabi-gcc/bin/../lib/gcc/arm-none-eabi/6.3.1/../../../../arm-none-eabi/lib/thumb\libc.a(lib_a-locale.o)
__ascii_wctomb                                    c:/arm-none-eabi-gcc/bin/../lib/gcc/arm-none-eabi/6.3.1/../../../../arm-none-eabi/lib/thumb\libc.a(lib_a-wctomb_r.o)
                                                  c:/arm-none-eabi-gcc/bin/../lib/gcc/arm-none-eabi/6.3.1/../../../../arm-none-eabi/lib/thumb\libc.a(lib_a-locale.o)
__clzdi2                                          c:/arm-none-eabi-gcc/bin/../lib/gcc/arm-none-eabi/6.3.1/thumb\libgcc.a(_clzdi2.o)
                                                  c:/arm-none-eabi-gcc/bin/../lib/gcc/arm-none-eabi/6.3.1/thumb\libgcc.a(_udivmoddi4.o)
__clzsi2                                          c:/arm-none-eabi-gcc/bin/../lib/gcc/arm-none-eabi/6.3.1/thumb\libgcc.a(_clzsi2.o)
                                                  c:/arm-none-eabi-gcc/bin/../lib/gcc/arm-none-eabi/6.3.1/thumb\libgcc.a(_clzdi2.o)
__cmpsf2                                          c:/arm-none-eabi-gcc/bin/../lib/gcc/arm-none-eabi/6.3.1/thumb\libgcc.a(_arm_cmpsf2.o)
__divdf3                                          c:/arm-none-eabi-gcc/bin/../lib/gcc/arm-none-eabi/6.3.1/thumb\libgcc.a(_arm_muldivdf3.o)
__divsf3                                          c:/arm-none-eabi-gcc/bin/../lib/gcc/arm-none-eabi/6.3.1/thumb\libgcc.a(_arm_muldivsf3.o)
__eqsf2                                           c:/arm-none-eabi-gcc/bin/../lib/gcc/arm-none-eabi/6.3.1/thumb\libgcc.a(_arm_cmpsf2.o)
__extendsfdf2                                     c:/arm-none-eabi-gcc/bin/../lib/gcc/arm-none-eabi/6.3.1/thumb\libgcc.a(_arm_addsubdf3.o)
__fixdfsi                                         c:/arm-none-eabi-gcc/bin/../lib/gcc/arm-none-eabi/6.3.1/thumb\libgcc.a(_arm_fixdfsi.o)
__fixsfsi                                         c:/arm-none-eabi-gcc/bin/../lib/gcc/arm-none-eabi/6.3.1/thumb\libgcc.a(_arm_fixsfsi.o)
__floatdidf                                       c:/arm-none-eabi-gcc/bin/../lib/gcc/arm-none-eabi/6.3.1/thumb\libgcc.a(_arm_addsubdf3.o)
__floatdisf                                       c:/arm-none-eabi-gcc/bin/../lib/gcc/arm-none-eabi/6.3.1/thumb\libgcc.a(_arm_addsubsf3.o)
__floatsidf                                       c:/arm-none-eabi-gcc/bin/../lib/gcc/arm-none-eabi/6.3.1/thumb\libgcc.a(_arm_addsubdf3.o)
__floatsisf                                       c:/arm-none-eabi-gcc/bin/../lib/gcc/arm-none-eabi/6.3.1/thumb\libgcc.a(_arm_addsubsf3.o)
__floatundidf                                     c:/arm-none-eabi-gcc/bin/../lib/gcc/arm-none-eabi/6.3.1/thumb\libgcc.a(_arm_addsubdf3.o)
__floatundisf                                     c:/arm-none-eabi-gcc/bin/../lib/gcc/arm-none-eabi/6.3.1/thumb\libgcc.a(_arm_addsubsf3.o)
__floatunsidf                                     c:/arm-none-eabi-gcc/bin/../lib/gcc/arm-none-eabi/6.3.1/thumb\libgcc.a(_arm_addsubdf3.o)
__floatunsisf                                     c:/arm-none-eabi-gcc/bin/../lib/gcc/arm-none-eabi/6.3.1/thumb\libgcc.a(_arm_addsubsf3.o)
__gesf2                                           c:/arm-none-eabi-gcc/bin/../lib/gcc/arm-none-eabi/6.3.1/thumb\libgcc.a(_arm_cmpsf2.o)
__global_locale                                   c:/arm-none-eabi-gcc/bin/../lib/gcc/arm-none-eabi/6.3.1/../../../../arm-none-eabi/lib/thumb\libc.a(lib_a-locale.o)
                                                  c:/arm-none-eabi-gcc/bin/../lib/gcc/arm-none-eabi/6.3.1/../../../../arm-none-eabi/lib/thumb\libc.a(lib_a-wctomb_r.o)
                                                  c:/arm-none-eabi-gcc/bin/../lib/gcc/arm-none-eabi/6.3.1/../../../../arm-none-eabi/lib/thumb\libc.a(lib_a-mbtowc_r.o)
                                                  c:/arm-none-eabi-gcc/bin/../lib/gcc/arm-none-eabi/6.3.1/../../../../arm-none-eabi/lib/thumb\libc.a(lib_a-strtol.o)
__gtsf2                                           c:/arm-none-eabi-gcc/bin/../lib/gcc/arm-none-eabi/6.3.1/thumb\libgcc.a(_arm_cmpsf2.o)
__itoa                                            c:/arm-none-eabi-gcc/bin/../lib/gcc/arm-none-eabi/6.3.1/../../../../arm-none-eabi/lib/thumb\libc.a(lib_a-itoa.o)
__lesf2                                           c:/arm-none-eabi-gcc/bin/../lib/gcc/arm-none-eabi/6.3.1/thumb\libgcc.a(_arm_cmpsf2.o)
__locale_ctype_ptr                                c:/arm-none-eabi-gcc/bin/../lib/gcc/arm-none-eabi/6.3.1/../../../../arm-none-eabi/lib/thumb\libc.a(lib_a-locale.o)
__locale_ctype_ptr_l                              c:/arm-none-eabi-gcc/bin/../lib/gcc/arm-none-eabi/6.3.1/../../../../arm-none-eabi/lib/thumb\libc.a(lib_a-locale.o)
                                                  c:/arm-none-eabi-gcc/bin/../lib/gcc/arm-none-eabi/6.3.1/../../../../arm-none-eabi/lib/thumb\libc.a(lib_a-strtol.o)
__locale_mb_cur_max                               c:/arm-none-eabi-gcc/bin/../lib/gcc/arm-none-eabi/6.3.1/../../../../arm-none-eabi/lib/thumb\libc.a(lib_a-locale.o)
__ltsf2                                           c:/arm-none-eabi-gcc/bin/../lib/gcc/arm-none-eabi/6.3.1/thumb\libgcc.a(_arm_cmpsf2.o)
__muldf3                                          c:/arm-none-eabi-gcc/bin/../lib/gcc/arm-none-eabi/6.3.1/thumb\libgcc.a(_arm_muldivdf3.o)
__mulsf3                                          c:/arm-none-eabi-gcc/bin/../lib/gcc/arm-none-eabi/6.3.1/thumb\libgcc.a(_arm_muldivsf3.o)
__nesf2                                           c:/arm-none-eabi-gcc/bin/../lib/gcc/arm-none-eabi/6.3.1/thumb\libgcc.a(_arm_cmpsf2.o)
__subdf3                                          c:/arm-none-eabi-gcc/bin/../lib/gcc/arm-none-eabi/6.3.1/thumb\libgcc.a(_arm_addsubdf3.o)
__subsf3                                          c:/arm-none-eabi-gcc/bin/../lib/gcc/arm-none-eabi/6.3.1/thumb\libgcc.a(_arm_addsubsf3.o)
__truncdfsf2                                      c:/arm-none-eabi-gcc/bin/../lib/gcc/arm-none-eabi/6.3.1/thumb\libgcc.a(_arm_truncdfsf2.o)
__udivmoddi4                                      c:/arm-none-eabi-gcc/bin/../lib/gcc/arm-none-eabi/6.3.1/thumb\libgcc.a(_udivmoddi4.o)
                                                  c:/arm-none-eabi-gcc/bin/../lib/gcc/arm-none-eabi/6.3.1/thumb\libgcc.a(_aeabi_uldivmod.o)
__udivsi3                                         c:/arm-none-eabi-gcc/bin/../lib/gcc/arm-none-eabi/6.3.1/thumb\libgcc.a(_udivsi3.o)
__utoa                                            c:/arm-none-eabi-gcc/bin/../lib/gcc/arm-none-eabi/6.3.1/../../../../arm-none-eabi/lib/thumb\libc.a(lib_a-utoa.o)
                                                  c:/arm-none-eabi-gcc/bin/../lib/gcc/arm-none-eabi/6.3.1/../../../../arm-none-eabi/lib/thumb\libc.a(lib_a-itoa.o)
_atoi_r                                           c:/arm-none-eabi-gcc/bin/../lib/gcc/arm-none-eabi/6.3.1/../../../../arm-none-eabi/lib/thumb\libc.a(lib_a-atoi.o)
_ctype_                                           c:/arm-none-eabi-gcc/bin/../lib/gcc/arm-none-eabi/6.3.1/../../../../arm-none-eabi/lib/thumb\libc.a(lib_a-ctype_.o)
                                                  c:/arm-none-eabi-gcc/bin/../lib/gcc/arm-none-eabi/6.3.1/../../../../arm-none-eabi/lib/thumb\libc.a(lib_a-locale.o)
_ebss                                             obj/asmfunc.o
_edata                                            obj/asmfunc.o
_global_impure_ptr                                c:/arm-none-eabi-gcc/bin/../lib/gcc/arm-none-eabi/6.3.1/../../../../arm-none-eabi/lib/thumb\libc.a(lib_a-impure.o)
_impure_ptr                                       c:/arm-none-eabi-gcc/bin/../lib/gcc/arm-none-eabi/6.3.1/../../../../arm-none-eabi/lib/thumb\libc.a(lib_a-impure.o)
                                                  c:/arm-none-eabi-gcc/bin/../lib/gcc/arm-none-eabi/6.3.1/../../../../arm-none-eabi/lib/thumb\libc.a(lib_a-wctomb_r.o)
                                                  c:/arm-none-eabi-gcc/bin/../lib/gcc/arm-none-eabi/6.3.1/../../../../arm-none-eabi/lib/thumb\libc.a(lib_a-mbtowc_r.o)
                                                  c:/arm-none-eabi-gcc/bin/../lib/gcc/arm-none-eabi/6.3.1/../../../../arm-none-eabi/lib/thumb\libc.a(lib_a-locale.o)
                                                  c:/arm-none-eabi-gcc/bin/../lib/gcc/arm-none-eabi/6.3.1/../../../../arm-none-eabi/lib/thumb\libc.a(lib_a-strtol.o)
_mbtowc_r                                         c:/arm-none-eabi-gcc/bin/../lib/gcc/arm-none-eabi/6.3.1/../../../../arm-none-eabi/lib/thumb\libc.a(lib_a-mbtowc_r.o)
_sbss                                             obj/asmfunc.o
_sdata                                            obj/asmfunc.o
_setlocale_r                                      c:/arm-none-eabi-gcc/bin/../lib/gcc/arm-none-eabi/6.3.1/../../../../arm-none-eabi/lib/thumb\libc.a(lib_a-locale.o)
_sidata                                           obj/asmfunc.o
_strtol_r                                         c:/arm-none-eabi-gcc/bin/../lib/gcc/arm-none-eabi/6.3.1/../../../../arm-none-eabi/lib/thumb\libc.a(lib_a-strtol.o)
                                                  c:/arm-none-eabi-gcc/bin/../lib/gcc/arm-none-eabi/6.3.1/../../../../arm-none-eabi/lib/thumb\libc.a(lib_a-atoi.o)
_wctomb_r                                         c:/arm-none-eabi-gcc/bin/../lib/gcc/arm-none-eabi/6.3.1/../../../../arm-none-eabi/lib/thumb\libc.a(lib_a-wctomb_r.o)
adc_init                                          obj/adc_dac.o
                                                  obj/main.o
adc_read_current                                  obj/adc_dac.o
                                                  obj/timers.o
adc_read_voltage                                  obj/adc_dac.o
                                                  obj/timers.o
atof                                              obj/usart_console.o
atoi                                              c:/arm-none-eabi-gcc/bin/../lib/gcc/arm-none-eabi/6.3.1/../../../../arm-none-eabi/lib/thumb\libc.a(lib_a-atoi.o)
                                                  obj/usart_console.o
channel                                           obj/main.o
                                                  obj/timers.o
conv_number                                       obj/main.o
                                                  obj/timers.o
curr                                              obj/main.o
                                                  obj/timers.o
curr_big                                          obj/main.o
                                                  obj/timers.o
dac_set_voltage                                   obj/adc_dac.o
                                                  obj/usart_console.o
ftoa                                              obj/timers.o
getflag                                           obj/main.o
                                                  obj/timers.o
                                                  obj/usart_console.o
gpio_clear                                        obj/main.o
                                                  obj/timers.o
                                                  obj/usart_console.o
gpio_init                                         obj/main.o
gpio_set                                          obj/main.o
                                                  obj/timers.o
                                                  obj/usart_console.o
help_msg                                          obj/usart_console.o
hex_to_ascii                                      obj/usart_console.o
hex_to_int                                        obj/usart_console.o
itoa                                              c:/arm-none-eabi-gcc/bin/../lib/gcc/arm-none-eabi/6.3.1/../../../../arm-none-eabi/lib/thumb\libc.a(lib_a-itoa.o)
                                                  obj/timers.o
led_clear                                         obj/main.o
                                                  obj/timers.o
                                                  obj/usart_console.o
led_set                                           obj/main.o
                                                  obj/usart_console.o
main                                              obj/main.o
                                                  obj/asmfunc.o
memset                                            c:/arm-none-eabi-gcc/bin/../lib/gcc/arm-none-eabi/6.3.1/../../../../arm-none-eabi/lib/thumb\libc.a(lib_a-memset.o)
                                                  obj/timers.o
native                                            obj/main.o
                                                  obj/timers.o
                                                  obj/usart_console.o
pll_init                                          obj/main.o
process_command                                   obj/usart_console.o
                                                  obj/uart23xx.o
read_curr                                         obj/timers.o
read_volt                                         obj/timers.o
rec_len                                           obj/uart23xx.o
resiever                                          obj/uart23xx.o
send_results                                      obj/timers.o
setlocale                                         c:/arm-none-eabi-gcc/bin/../lib/gcc/arm-none-eabi/6.3.1/../../../../arm-none-eabi/lib/thumb\libc.a(lib_a-locale.o)
strcat                                            c:/arm-none-eabi-gcc/bin/../lib/gcc/arm-none-eabi/6.3.1/../../../../arm-none-eabi/lib/thumb\libc.a(lib_a-strcat.o)
                                                  obj/timers.o
strcmp                                            c:/arm-none-eabi-gcc/bin/../lib/gcc/arm-none-eabi/6.3.1/../../../../arm-none-eabi/lib/thumb\libc.a(lib_a-strcmp.o)
                                                  c:/arm-none-eabi-gcc/bin/../lib/gcc/arm-none-eabi/6.3.1/../../../../arm-none-eabi/lib/thumb\libc.a(lib_a-locale.o)
strcpy                                            c:/arm-none-eabi-gcc/bin/../lib/gcc/arm-none-eabi/6.3.1/../../../../arm-none-eabi/lib/thumb\libc.a(lib_a-strcpy.o)
                                                  c:/arm-none-eabi-gcc/bin/../lib/gcc/arm-none-eabi/6.3.1/../../../../arm-none-eabi/lib/thumb\libc.a(lib_a-strcat.o)
strlen                                            c:/arm-none-eabi-gcc/bin/../lib/gcc/arm-none-eabi/6.3.1/../../../../arm-none-eabi/lib/thumb\libc.a(lib_a-strlen-stub.o)
                                                  obj/timers.o
strncmp                                           c:/arm-none-eabi-gcc/bin/../lib/gcc/arm-none-eabi/6.3.1/../../../../arm-none-eabi/lib/thumb\libc.a(lib_a-strncmp.o)
                                                  obj/usart_console.o
strtol                                            c:/arm-none-eabi-gcc/bin/../lib/gcc/arm-none-eabi/6.3.1/../../../../arm-none-eabi/lib/thumb\libc.a(lib_a-strtol.o)
                                                  c:/arm-none-eabi-gcc/bin/../lib/gcc/arm-none-eabi/6.3.1/../../../../arm-none-eabi/lib/thumb\libc.a(lib_a-atoi.o)
strtol_l                                          c:/arm-none-eabi-gcc/bin/../lib/gcc/arm-none-eabi/6.3.1/../../../../arm-none-eabi/lib/thumb\libc.a(lib_a-strtol.o)
timer0_init                                       obj/timers.o
                                                  obj/main.o
timer0_set_freq                                   obj/timers.o
                                                  obj/usart_console.o
timer0_start                                      obj/timers.o
                                                  obj/usart_console.o
timer0_stop                                       obj/timers.o
                                                  obj/usart_console.o
uart0_getc                                        obj/uart23xx.o
uart0_init                                        obj/uart23xx.o
                                                  obj/main.o
uart0_putc                                        obj/uart23xx.o
uart0_test                                        obj/uart23xx.o
utoa                                              c:/arm-none-eabi-gcc/bin/../lib/gcc/arm-none-eabi/6.3.1/../../../../arm-none-eabi/lib/thumb\libc.a(lib_a-utoa.o)
volts                                             obj/main.o
                                                  obj/timers.o
