Archive member included to satisfy reference by file (symbol)

/usr/lib/gcc/arm-none-eabi/4.9.3/../../../arm-none-eabi/lib/thumb/libc.a(lib_a-atoi.o)
                              obj/usart_console.o (atoi)
/usr/lib/gcc/arm-none-eabi/4.9.3/../../../arm-none-eabi/lib/thumb/libc.a(lib_a-itoa.o)
                              obj/timers.o (itoa)
/usr/lib/gcc/arm-none-eabi/4.9.3/../../../arm-none-eabi/lib/thumb/libc.a(lib_a-strncmp.o)
                              obj/usart_console.o (strncmp)
/usr/lib/gcc/arm-none-eabi/4.9.3/../../../arm-none-eabi/lib/thumb/libc.a(lib_a-strtol.o)
                              /usr/lib/gcc/arm-none-eabi/4.9.3/../../../arm-none-eabi/lib/thumb/libc.a(lib_a-atoi.o) (_strtol_r)
/usr/lib/gcc/arm-none-eabi/4.9.3/../../../arm-none-eabi/lib/thumb/libc.a(lib_a-utoa.o)
                              /usr/lib/gcc/arm-none-eabi/4.9.3/../../../arm-none-eabi/lib/thumb/libc.a(lib_a-itoa.o) (__utoa)
/usr/lib/gcc/arm-none-eabi/4.9.3/../../../arm-none-eabi/lib/thumb/libc.a(lib_a-ctype_.o)
                              /usr/lib/gcc/arm-none-eabi/4.9.3/../../../arm-none-eabi/lib/thumb/libc.a(lib_a-strtol.o) (__ctype_ptr__)
/usr/lib/gcc/arm-none-eabi/4.9.3/../../../arm-none-eabi/lib/thumb/libc.a(lib_a-impure.o)
                              /usr/lib/gcc/arm-none-eabi/4.9.3/../../../arm-none-eabi/lib/thumb/libc.a(lib_a-strtol.o) (_impure_ptr)
/usr/lib/gcc/arm-none-eabi/4.9.3/thumb/libgcc.a(_udivsi3.o)
                              /usr/lib/gcc/arm-none-eabi/4.9.3/../../../arm-none-eabi/lib/thumb/libc.a(lib_a-strtol.o) (__aeabi_uidiv)
/usr/lib/gcc/arm-none-eabi/4.9.3/thumb/libgcc.a(_dvmd_tls.o)
                              /usr/lib/gcc/arm-none-eabi/4.9.3/thumb/libgcc.a(_udivsi3.o) (__aeabi_idiv0)

Allocating common symbols
Common symbol       size              file

Index               0x1               obj/usart_console.o
RxCount             0x1               obj/usart_console.o
curr                0x2               obj/main.o
volts               0x2               obj/main.o
resiever            0x32              obj/uart23xx.o

Discarded input sections

 .data          0x0000000000000000        0x0 obj/asmfunc.o
 .bss           0x0000000000000000        0x0 obj/asmfunc.o
 .bss           0x0000000000000000        0x0 obj/main.o
 .data          0x0000000000000000        0x0 obj/interrupt.o
 .bss           0x0000000000000000        0x0 obj/interrupt.o
 .data          0x0000000000000000        0x0 obj/uart23xx.o
 .text          0x0000000000000000       0xcc obj/init_cpu.o
 .data          0x0000000000000000        0x0 obj/init_cpu.o
 .bss           0x0000000000000000        0x0 obj/init_cpu.o
 .debug_info    0x0000000000000000       0xba obj/init_cpu.o
 .debug_abbrev  0x0000000000000000       0x44 obj/init_cpu.o
 .debug_loc     0x0000000000000000       0x20 obj/init_cpu.o
 .debug_aranges
                0x0000000000000000       0x20 obj/init_cpu.o
 .debug_line    0x0000000000000000       0x89 obj/init_cpu.o
 .debug_str     0x0000000000000000       0xe0 obj/init_cpu.o
 .comment       0x0000000000000000       0x39 obj/init_cpu.o
 .debug_frame   0x0000000000000000       0x8c obj/init_cpu.o
 .ARM.attributes
                0x0000000000000000       0x32 obj/init_cpu.o
 .data          0x0000000000000000        0x0 obj/usart_console.o
 .bss           0x0000000000000000        0x0 obj/usart_console.o
 COMMON         0x0000000000000000        0x2 obj/usart_console.o
 .data          0x0000000000000000        0x0 obj/spi.o
 .bss           0x0000000000000000        0x0 obj/spi.o
 .data          0x0000000000000000        0x0 obj/adc_dac.o
 .bss           0x0000000000000000        0x0 obj/adc_dac.o
 .data          0x0000000000000000        0x0 obj/timers.o
 .bss           0x0000000000000000        0x0 obj/timers.o
 .text          0x0000000000000000        0x0 /usr/lib/gcc/arm-none-eabi/4.9.3/../../../arm-none-eabi/lib/thumb/libc.a(lib_a-atoi.o)
 .data          0x0000000000000000        0x0 /usr/lib/gcc/arm-none-eabi/4.9.3/../../../arm-none-eabi/lib/thumb/libc.a(lib_a-atoi.o)
 .bss           0x0000000000000000        0x0 /usr/lib/gcc/arm-none-eabi/4.9.3/../../../arm-none-eabi/lib/thumb/libc.a(lib_a-atoi.o)
 .text._atoi_r  0x0000000000000000       0x10 /usr/lib/gcc/arm-none-eabi/4.9.3/../../../arm-none-eabi/lib/thumb/libc.a(lib_a-atoi.o)
 .text          0x0000000000000000        0x0 /usr/lib/gcc/arm-none-eabi/4.9.3/../../../arm-none-eabi/lib/thumb/libc.a(lib_a-itoa.o)
 .data          0x0000000000000000        0x0 /usr/lib/gcc/arm-none-eabi/4.9.3/../../../arm-none-eabi/lib/thumb/libc.a(lib_a-itoa.o)
 .bss           0x0000000000000000        0x0 /usr/lib/gcc/arm-none-eabi/4.9.3/../../../arm-none-eabi/lib/thumb/libc.a(lib_a-itoa.o)
 .text          0x0000000000000000        0x0 /usr/lib/gcc/arm-none-eabi/4.9.3/../../../arm-none-eabi/lib/thumb/libc.a(lib_a-strncmp.o)
 .data          0x0000000000000000        0x0 /usr/lib/gcc/arm-none-eabi/4.9.3/../../../arm-none-eabi/lib/thumb/libc.a(lib_a-strncmp.o)
 .bss           0x0000000000000000        0x0 /usr/lib/gcc/arm-none-eabi/4.9.3/../../../arm-none-eabi/lib/thumb/libc.a(lib_a-strncmp.o)
 .text          0x0000000000000000        0x0 /usr/lib/gcc/arm-none-eabi/4.9.3/../../../arm-none-eabi/lib/thumb/libc.a(lib_a-strtol.o)
 .data          0x0000000000000000        0x0 /usr/lib/gcc/arm-none-eabi/4.9.3/../../../arm-none-eabi/lib/thumb/libc.a(lib_a-strtol.o)
 .bss           0x0000000000000000        0x0 /usr/lib/gcc/arm-none-eabi/4.9.3/../../../arm-none-eabi/lib/thumb/libc.a(lib_a-strtol.o)
 .text          0x0000000000000000        0x0 /usr/lib/gcc/arm-none-eabi/4.9.3/../../../arm-none-eabi/lib/thumb/libc.a(lib_a-utoa.o)
 .data          0x0000000000000000        0x0 /usr/lib/gcc/arm-none-eabi/4.9.3/../../../arm-none-eabi/lib/thumb/libc.a(lib_a-utoa.o)
 .bss           0x0000000000000000        0x0 /usr/lib/gcc/arm-none-eabi/4.9.3/../../../arm-none-eabi/lib/thumb/libc.a(lib_a-utoa.o)
 .text.utoa     0x0000000000000000        0xc /usr/lib/gcc/arm-none-eabi/4.9.3/../../../arm-none-eabi/lib/thumb/libc.a(lib_a-utoa.o)
 .text          0x0000000000000000        0x0 /usr/lib/gcc/arm-none-eabi/4.9.3/../../../arm-none-eabi/lib/thumb/libc.a(lib_a-ctype_.o)
 .data          0x0000000000000000        0x0 /usr/lib/gcc/arm-none-eabi/4.9.3/../../../arm-none-eabi/lib/thumb/libc.a(lib_a-ctype_.o)
 .bss           0x0000000000000000        0x0 /usr/lib/gcc/arm-none-eabi/4.9.3/../../../arm-none-eabi/lib/thumb/libc.a(lib_a-ctype_.o)
 .text          0x0000000000000000        0x0 /usr/lib/gcc/arm-none-eabi/4.9.3/../../../arm-none-eabi/lib/thumb/libc.a(lib_a-impure.o)
 .data          0x0000000000000000        0x0 /usr/lib/gcc/arm-none-eabi/4.9.3/../../../arm-none-eabi/lib/thumb/libc.a(lib_a-impure.o)
 .bss           0x0000000000000000        0x0 /usr/lib/gcc/arm-none-eabi/4.9.3/../../../arm-none-eabi/lib/thumb/libc.a(lib_a-impure.o)
 .rodata._global_impure_ptr
                0x0000000000000000        0x4 /usr/lib/gcc/arm-none-eabi/4.9.3/../../../arm-none-eabi/lib/thumb/libc.a(lib_a-impure.o)
 .data          0x0000000000000000        0x0 /usr/lib/gcc/arm-none-eabi/4.9.3/thumb/libgcc.a(_udivsi3.o)
 .bss           0x0000000000000000        0x0 /usr/lib/gcc/arm-none-eabi/4.9.3/thumb/libgcc.a(_udivsi3.o)
 .data          0x0000000000000000        0x0 /usr/lib/gcc/arm-none-eabi/4.9.3/thumb/libgcc.a(_dvmd_tls.o)
 .bss           0x0000000000000000        0x0 /usr/lib/gcc/arm-none-eabi/4.9.3/thumb/libgcc.a(_dvmd_tls.o)

Memory Configuration

Name             Origin             Length             Attributes
ROM              0x0000000000000000 0x000000000007e000
RAM              0x0000000040000000 0x000000000000ffe0
URAM             0x000000007fd00000 0x0000000000004000
ERAM             0x000000007fe00000 0x0000000000004000
BRAM             0x00000000e0084000 0x0000000000000800
*default*        0x0000000000000000 0xffffffffffffffff

Linker script and memory map

LOAD obj/asmfunc.o
LOAD obj/main.o
LOAD obj/interrupt.o
LOAD obj/uart23xx.o
LOAD obj/init_cpu.o
LOAD obj/usart_console.o
LOAD obj/spi.o
LOAD obj/adc_dac.o
LOAD obj/timers.o
LOAD /usr/lib/gcc/arm-none-eabi/4.9.3/../../../arm-none-eabi/lib/thumb/libc.a
LOAD /usr/lib/gcc/arm-none-eabi/4.9.3/thumb/libgcc.a
LOAD /usr/lib/gcc/arm-none-eabi/4.9.3/../../../arm-none-eabi/lib/thumb/libm.a
START GROUP
LOAD /usr/lib/gcc/arm-none-eabi/4.9.3/thumb/libgcc.a
LOAD /usr/lib/gcc/arm-none-eabi/4.9.3/../../../arm-none-eabi/lib/thumb/libg.a
LOAD /usr/lib/gcc/arm-none-eabi/4.9.3/../../../arm-none-eabi/lib/thumb/libc.a
END GROUP

.text           0x0000000000000000     0x1684
 *(.VECTOR)
 .VECTOR        0x0000000000000000       0x34 obj/asmfunc.o
                0x00000000000002fc                . = 0x2fc
 *fill*         0x0000000000000034      0x2c8 
 *(.CRP)
                0x0000000000000300                . = 0x300
 *fill*         0x00000000000002fc        0x4 
 *(.text .text.*)
 .text          0x0000000000000300      0x31c obj/asmfunc.o
                0x0000000000000500                Copy_un2al
                0x0000000000000570                Copy_al2un
 .text          0x000000000000061c      0x1b0 obj/main.o
                0x000000000000061c                gpio_init
                0x000000000000067c                led_set
                0x0000000000000690                led_clear
                0x00000000000006a4                gpio_set
                0x00000000000006e8                gpio_clear
                0x000000000000072c                pll_init
 .text.startup  0x00000000000007cc       0x24 obj/main.o
                0x00000000000007cc                main
 .text          0x00000000000007f0       0x1c obj/interrupt.o
                0x00000000000007f0                IrqDisable
                0x00000000000007f4                IrqEnable
                0x00000000000007f8                ClearVector
                0x00000000000007fc                RegisterIrq
                0x0000000000000800                SelectFiq
                0x0000000000000804                LoadFiqRegs
                0x0000000000000808                StoreFiqRegs
 .text          0x000000000000080c      0x180 obj/uart23xx.o
                0x000000000000080c                Isr_UART0
                0x000000000000087c                uart0_test
                0x0000000000000888                uart0_getc
                0x00000000000008c0                uart0_putc
                0x0000000000000910                uart0_init
 .text          0x000000000000098c      0x164 obj/usart_console.o
                0x000000000000098c                hex_to_int
                0x00000000000009aa                hex_to_ascii
                0x00000000000009cc                UART0_send_byte
                0x00000000000009f8                UART0_send
                0x0000000000000a3c                process_command
 .text          0x0000000000000af0      0x1c4 obj/spi.o
                0x0000000000000af0                SPI_ADC_data_transfers_16bit
                0x0000000000000b50                SPI_ADC_data_transfers_8bit
                0x0000000000000bb0                SPI_DAC_data_transfers_16bit
                0x0000000000000c14                SPI0_send_2_byte
                0x0000000000000c32                SPI_DAC_data_transfers_8bit
                0x0000000000000c94                SPI0_send_1_byte
 .text          0x0000000000000cb4      0x194 obj/adc_dac.o
                0x0000000000000cb4                Delay
                0x0000000000000cb6                adc_init
                0x0000000000000d68                dac_set_voltage
                0x0000000000000d98                adc_read_current
                0x0000000000000df0                adc_read_voltage
 .text          0x0000000000000e48      0x1d8 obj/timers.o
                0x0000000000000e48                Isr_TIM0
                0x0000000000000f7c                timer0_init
                0x0000000000000fe0                timer0_start
                0x0000000000001000                timer0_stop
 .text.atoi     0x0000000000001020       0x10 /usr/lib/gcc/arm-none-eabi/4.9.3/../../../arm-none-eabi/lib/thumb/libc.a(lib_a-atoi.o)
                0x0000000000001020                atoi
 .text.__itoa   0x0000000000001030       0x34 /usr/lib/gcc/arm-none-eabi/4.9.3/../../../arm-none-eabi/lib/thumb/libc.a(lib_a-itoa.o)
                0x0000000000001030                __itoa
 .text.itoa     0x0000000000001064        0xc /usr/lib/gcc/arm-none-eabi/4.9.3/../../../arm-none-eabi/lib/thumb/libc.a(lib_a-itoa.o)
                0x0000000000001064                itoa
 .text.strncmp  0x0000000000001070       0x98 /usr/lib/gcc/arm-none-eabi/4.9.3/../../../arm-none-eabi/lib/thumb/libc.a(lib_a-strncmp.o)
                0x0000000000001070                strncmp
 .text._strtol_r
                0x0000000000001108      0x178 /usr/lib/gcc/arm-none-eabi/4.9.3/../../../arm-none-eabi/lib/thumb/libc.a(lib_a-strtol.o)
                0x0000000000001108                _strtol_r
 .text.strtol   0x0000000000001280       0x20 /usr/lib/gcc/arm-none-eabi/4.9.3/../../../arm-none-eabi/lib/thumb/libc.a(lib_a-strtol.o)
                0x0000000000001280                strtol
 .text.__utoa   0x00000000000012a0       0x90 /usr/lib/gcc/arm-none-eabi/4.9.3/../../../arm-none-eabi/lib/thumb/libc.a(lib_a-utoa.o)
                0x00000000000012a0                __utoa
 .text          0x0000000000001330      0x11c /usr/lib/gcc/arm-none-eabi/4.9.3/thumb/libgcc.a(_udivsi3.o)
                0x0000000000001330                __udivsi3
                0x0000000000001330                __aeabi_uidiv
                0x000000000000142c                __aeabi_uidivmod
 .text          0x000000000000144c        0x4 /usr/lib/gcc/arm-none-eabi/4.9.3/thumb/libgcc.a(_dvmd_tls.o)
                0x000000000000144c                __aeabi_ldiv0
                0x000000000000144c                __aeabi_idiv0
 .text.__stub   0x0000000000001450       0x1c linker stubs
 *(.gnu.linkonce.t.*)
 *(.glue_7)
 .glue_7        0x0000000000001470        0x0 linker stubs
 *(.glue_7t)
 .glue_7t       0x0000000000001470        0x0 linker stubs
 *(.gcc_except_table)
 *(.rodata)
 .rodata        0x0000000000001470       0x87 obj/usart_console.o
                0x0000000000001470                help_msg
 *(.rodata*)
 .rodata.str1.1
                0x00000000000014f7       0x12 obj/main.o
 .rodata.str1.1
                0x0000000000001509       0x2d obj/usart_console.o
 .rodata.str1.1
                0x0000000000001536       0x1d obj/timers.o
 *fill*         0x0000000000001553        0x1 
 .rodata.str1.4
                0x0000000000001554       0x25 /usr/lib/gcc/arm-none-eabi/4.9.3/../../../arm-none-eabi/lib/thumb/libc.a(lib_a-utoa.o)
                                         0x28 (size before relaxing)
 *fill*         0x0000000000001579        0x3 
 .rodata._ctype_
                0x000000000000157c      0x104 /usr/lib/gcc/arm-none-eabi/4.9.3/../../../arm-none-eabi/lib/thumb/libc.a(lib_a-ctype_.o)
                0x000000000000157c                _ctype_
 .rodata.str1.4
                0x0000000000001680        0x4 /usr/lib/gcc/arm-none-eabi/4.9.3/../../../arm-none-eabi/lib/thumb/libc.a(lib_a-impure.o)
 *(.gnu.linkonce.r.*)

.vfp11_veneer   0x0000000000001684        0x0
 .vfp11_veneer  0x0000000000001684        0x0 linker stubs

.v4_bx          0x0000000000001684        0x0
 .v4_bx         0x0000000000001684        0x0 linker stubs

.iplt           0x0000000000001684        0x0
 .iplt          0x0000000000001684        0x0 obj/asmfunc.o

.rel.dyn        0x0000000000001684        0x0
 .rel.iplt      0x0000000000001684        0x0 obj/asmfunc.o

.ARM.excep
 *(.ARM.exidx*)
 *(.ARM.extab*)
                0x0000000000001684                . = ALIGN (0x4)
                0x0000000000001684                _etext = .
                0x0000000000001684                _sidata = .

.data           0x0000000040000000      0x434 load address 0x0000000000001684
                0x0000000040000000                . = ALIGN (0x4)
                0x0000000040000000                _sdata = .
 *(.data)
 .data          0x0000000040000000        0x1 obj/main.o
                0x0000000040000000                channel
 *(.data.*)
 *fill*         0x0000000040000001        0x3 
 .data.__ctype_ptr__
                0x0000000040000004        0x4 /usr/lib/gcc/arm-none-eabi/4.9.3/../../../arm-none-eabi/lib/thumb/libc.a(lib_a-ctype_.o)
                0x0000000040000004                __ctype_ptr__
 .data.impure_data
                0x0000000040000008      0x428 /usr/lib/gcc/arm-none-eabi/4.9.3/../../../arm-none-eabi/lib/thumb/libc.a(lib_a-impure.o)
 .data._impure_ptr
                0x0000000040000430        0x4 /usr/lib/gcc/arm-none-eabi/4.9.3/../../../arm-none-eabi/lib/thumb/libc.a(lib_a-impure.o)
                0x0000000040000430                _impure_ptr
 *(.gnu.linkonce.d*)
                0x0000000040000434                . = ALIGN (0x4)
                0x0000000040000434                _edata = .

.igot.plt       0x0000000040000434        0x0 load address 0x0000000000001ab8
 .igot.plt      0x0000000040000434        0x0 obj/asmfunc.o

.bss            0x0000000040000434      0x148 load address 0x0000000000001ab8
                0x0000000040000434                . = ALIGN (0x4)
                0x0000000040000434                _sbss = .
 *(.bss)
 .bss           0x0000000040000434      0x110 obj/uart23xx.o
                0x0000000040000434                rec_len
 *(.bss.*)
 *(.gnu.linkonce.b*)
 *(COMMON)
 COMMON         0x0000000040000544        0x4 obj/main.o
                0x0000000040000544                curr
                0x0000000040000546                volts
 COMMON         0x0000000040000548       0x32 obj/uart23xx.o
                0x0000000040000548                resiever
                0x000000004000057c                . = ALIGN (0x4)
 *fill*         0x000000004000057a        0x2 
                0x000000004000057c                _ebss = .

.stack          0x000000004000057c      0xa14 load address 0x0000000000001c00
                0x0000000040000580                . = ALIGN (0x8)
 *fill*         0x000000004000057c        0x4 
 *(.stack)
 *(.STACK)
 .STACK         0x0000000040000580      0xa10 obj/asmfunc.o
                0x0000000040000f90                _estack = .
                0x0000000040000f90                . = ALIGN (0x4)

.usbram         0x000000007fd00000        0x0
 *(.usbram)
                0x000000007fd00000                . = ALIGN (0x4)

.etherram       0x000000007fe00000        0x0
 *(.etherram)
                0x000000007fe00000                . = ALIGN (0x4)

.batteryram     0x00000000e0084000        0x0
 *(.batteryram)
                0x00000000e0084000                . = ALIGN (0x4)

.stab
 *(.stab)

.stabstr
 *(.stabstr)

.stab.excl
 *(.stab.excl)

.stab.exclstr
 *(.stab.exclstr)

.stab.index
 *(.stab.index)

.stab.indexstr
 *(.stab.indexstr)

.comment        0x0000000000000000       0x70
 *(.comment)
 .comment       0x0000000000000000       0x38 obj/main.o
                                         0x39 (size before relaxing)
 .comment       0x0000000000000038       0x39 obj/interrupt.o
 .comment       0x0000000000000038       0x39 obj/uart23xx.o
 .comment       0x0000000000000038       0x39 obj/usart_console.o
 .comment       0x0000000000000038       0x39 obj/spi.o
 .comment       0x0000000000000038       0x39 obj/adc_dac.o
 .comment       0x0000000000000038       0x39 obj/timers.o
 .comment       0x0000000000000038       0x38 /usr/lib/gcc/arm-none-eabi/4.9.3/../../../arm-none-eabi/lib/thumb/libc.a(lib_a-atoi.o)
                                         0x39 (size before relaxing)
 .comment       0x0000000000000070       0x39 /usr/lib/gcc/arm-none-eabi/4.9.3/../../../arm-none-eabi/lib/thumb/libc.a(lib_a-itoa.o)
 .comment       0x0000000000000070       0x39 /usr/lib/gcc/arm-none-eabi/4.9.3/../../../arm-none-eabi/lib/thumb/libc.a(lib_a-strncmp.o)
 .comment       0x0000000000000070       0x39 /usr/lib/gcc/arm-none-eabi/4.9.3/../../../arm-none-eabi/lib/thumb/libc.a(lib_a-strtol.o)
 .comment       0x0000000000000070       0x39 /usr/lib/gcc/arm-none-eabi/4.9.3/../../../arm-none-eabi/lib/thumb/libc.a(lib_a-utoa.o)
 .comment       0x0000000000000070       0x39 /usr/lib/gcc/arm-none-eabi/4.9.3/../../../arm-none-eabi/lib/thumb/libc.a(lib_a-ctype_.o)
 .comment       0x0000000000000070       0x39 /usr/lib/gcc/arm-none-eabi/4.9.3/../../../arm-none-eabi/lib/thumb/libc.a(lib_a-impure.o)

.HEAP           0x0000000000000000        0x0
 .HEAP          0x0000000000000000        0x0 obj/asmfunc.o

.ARM.attributes
                0x0000000000000000       0x2e
 .ARM.attributes
                0x0000000000000000       0x22 obj/asmfunc.o
 .ARM.attributes
                0x0000000000000022       0x32 obj/main.o
 .ARM.attributes
                0x0000000000000054       0x32 obj/interrupt.o
 .ARM.attributes
                0x0000000000000086       0x32 obj/uart23xx.o
 .ARM.attributes
                0x00000000000000b8       0x32 obj/usart_console.o
 .ARM.attributes
                0x00000000000000ea       0x32 obj/spi.o
 .ARM.attributes
                0x000000000000011c       0x32 obj/adc_dac.o
 .ARM.attributes
                0x000000000000014e       0x32 obj/timers.o
 .ARM.attributes
                0x0000000000000180       0x30 /usr/lib/gcc/arm-none-eabi/4.9.3/../../../arm-none-eabi/lib/thumb/libc.a(lib_a-atoi.o)
 .ARM.attributes
                0x00000000000001b0       0x30 /usr/lib/gcc/arm-none-eabi/4.9.3/../../../arm-none-eabi/lib/thumb/libc.a(lib_a-itoa.o)
 .ARM.attributes
                0x00000000000001e0       0x30 /usr/lib/gcc/arm-none-eabi/4.9.3/../../../arm-none-eabi/lib/thumb/libc.a(lib_a-strncmp.o)
 .ARM.attributes
                0x0000000000000210       0x30 /usr/lib/gcc/arm-none-eabi/4.9.3/../../../arm-none-eabi/lib/thumb/libc.a(lib_a-strtol.o)
 .ARM.attributes
                0x0000000000000240       0x30 /usr/lib/gcc/arm-none-eabi/4.9.3/../../../arm-none-eabi/lib/thumb/libc.a(lib_a-utoa.o)
 .ARM.attributes
                0x0000000000000270       0x30 /usr/lib/gcc/arm-none-eabi/4.9.3/../../../arm-none-eabi/lib/thumb/libc.a(lib_a-ctype_.o)
 .ARM.attributes
                0x00000000000002a0       0x30 /usr/lib/gcc/arm-none-eabi/4.9.3/../../../arm-none-eabi/lib/thumb/libc.a(lib_a-impure.o)
 .ARM.attributes
                0x00000000000002d0       0x18 /usr/lib/gcc/arm-none-eabi/4.9.3/thumb/libgcc.a(_udivsi3.o)
 .ARM.attributes
                0x00000000000002e8       0x16 /usr/lib/gcc/arm-none-eabi/4.9.3/thumb/libgcc.a(_dvmd_tls.o)

.debug
 *(.debug)

.line
 *(.line)

.debug_srcinfo
 *(.debug_srcinfo)

.debug_sfnames
 *(.debug_sfnames)

.debug_aranges  0x0000000000000000      0x240
 *(.debug_aranges)
 .debug_aranges
                0x0000000000000000       0x28 obj/asmfunc.o
 .debug_aranges
                0x0000000000000028       0x28 obj/main.o
 .debug_aranges
                0x0000000000000050       0x20 obj/interrupt.o
 .debug_aranges
                0x0000000000000070       0x20 obj/uart23xx.o
 .debug_aranges
                0x0000000000000090       0x20 obj/usart_console.o
 .debug_aranges
                0x00000000000000b0       0x20 obj/spi.o
 .debug_aranges
                0x00000000000000d0       0x20 obj/adc_dac.o
 .debug_aranges
                0x00000000000000f0       0x20 obj/timers.o
 .debug_aranges
                0x0000000000000110       0x28 /usr/lib/gcc/arm-none-eabi/4.9.3/../../../arm-none-eabi/lib/thumb/libc.a(lib_a-atoi.o)
 .debug_aranges
                0x0000000000000138       0x28 /usr/lib/gcc/arm-none-eabi/4.9.3/../../../arm-none-eabi/lib/thumb/libc.a(lib_a-itoa.o)
 .debug_aranges
                0x0000000000000160       0x20 /usr/lib/gcc/arm-none-eabi/4.9.3/../../../arm-none-eabi/lib/thumb/libc.a(lib_a-strncmp.o)
 .debug_aranges
                0x0000000000000180       0x28 /usr/lib/gcc/arm-none-eabi/4.9.3/../../../arm-none-eabi/lib/thumb/libc.a(lib_a-strtol.o)
 .debug_aranges
                0x00000000000001a8       0x28 /usr/lib/gcc/arm-none-eabi/4.9.3/../../../arm-none-eabi/lib/thumb/libc.a(lib_a-utoa.o)
 .debug_aranges
                0x00000000000001d0       0x18 /usr/lib/gcc/arm-none-eabi/4.9.3/../../../arm-none-eabi/lib/thumb/libc.a(lib_a-ctype_.o)
 .debug_aranges
                0x00000000000001e8       0x18 /usr/lib/gcc/arm-none-eabi/4.9.3/../../../arm-none-eabi/lib/thumb/libc.a(lib_a-impure.o)
 .debug_aranges
                0x0000000000000200       0x20 /usr/lib/gcc/arm-none-eabi/4.9.3/thumb/libgcc.a(_udivsi3.o)
 .debug_aranges
                0x0000000000000220       0x20 /usr/lib/gcc/arm-none-eabi/4.9.3/thumb/libgcc.a(_dvmd_tls.o)

.debug_pubnames
 *(.debug_pubnames)

.debug_info     0x0000000000000000     0x3838
 *(.debug_info .gnu.linkonce.wi.*)
 .debug_info    0x0000000000000000       0x52 obj/asmfunc.o
 .debug_info    0x0000000000000052      0x2c6 obj/main.o
 .debug_info    0x0000000000000318      0x133 obj/interrupt.o
 .debug_info    0x000000000000044b      0x301 obj/uart23xx.o
 .debug_info    0x000000000000074c      0x55e obj/usart_console.o
 .debug_info    0x0000000000000caa      0x2e0 obj/spi.o
 .debug_info    0x0000000000000f8a      0x3af obj/adc_dac.o
 .debug_info    0x0000000000001339      0x3c1 obj/timers.o
 .debug_info    0x00000000000016fa      0x941 /usr/lib/gcc/arm-none-eabi/4.9.3/../../../arm-none-eabi/lib/thumb/libc.a(lib_a-atoi.o)
 .debug_info    0x000000000000203b      0x16d /usr/lib/gcc/arm-none-eabi/4.9.3/../../../arm-none-eabi/lib/thumb/libc.a(lib_a-itoa.o)
 .debug_info    0x00000000000021a8       0xf5 /usr/lib/gcc/arm-none-eabi/4.9.3/../../../arm-none-eabi/lib/thumb/libc.a(lib_a-strncmp.o)
 .debug_info    0x000000000000229d      0x9a7 /usr/lib/gcc/arm-none-eabi/4.9.3/../../../arm-none-eabi/lib/thumb/libc.a(lib_a-strtol.o)
 .debug_info    0x0000000000002c44      0x183 /usr/lib/gcc/arm-none-eabi/4.9.3/../../../arm-none-eabi/lib/thumb/libc.a(lib_a-utoa.o)
 .debug_info    0x0000000000002dc7       0x6f /usr/lib/gcc/arm-none-eabi/4.9.3/../../../arm-none-eabi/lib/thumb/libc.a(lib_a-ctype_.o)
 .debug_info    0x0000000000002e36      0x894 /usr/lib/gcc/arm-none-eabi/4.9.3/../../../arm-none-eabi/lib/thumb/libc.a(lib_a-impure.o)
 .debug_info    0x00000000000036ca       0xb7 /usr/lib/gcc/arm-none-eabi/4.9.3/thumb/libgcc.a(_udivsi3.o)
 .debug_info    0x0000000000003781       0xb7 /usr/lib/gcc/arm-none-eabi/4.9.3/thumb/libgcc.a(_dvmd_tls.o)

.debug_abbrev   0x0000000000000000     0x106b
 *(.debug_abbrev)
 .debug_abbrev  0x0000000000000000       0x12 obj/asmfunc.o
 .debug_abbrev  0x0000000000000012      0x14d obj/main.o
 .debug_abbrev  0x000000000000015f       0xa2 obj/interrupt.o
 .debug_abbrev  0x0000000000000201      0x177 obj/uart23xx.o
 .debug_abbrev  0x0000000000000378      0x1ab obj/usart_console.o
 .debug_abbrev  0x0000000000000523       0xd0 obj/spi.o
 .debug_abbrev  0x00000000000005f3      0x139 obj/adc_dac.o
 .debug_abbrev  0x000000000000072c      0x13e obj/timers.o
 .debug_abbrev  0x000000000000086a      0x1ce /usr/lib/gcc/arm-none-eabi/4.9.3/../../../arm-none-eabi/lib/thumb/libc.a(lib_a-atoi.o)
 .debug_abbrev  0x0000000000000a38       0xc7 /usr/lib/gcc/arm-none-eabi/4.9.3/../../../arm-none-eabi/lib/thumb/libc.a(lib_a-itoa.o)
 .debug_abbrev  0x0000000000000aff       0x81 /usr/lib/gcc/arm-none-eabi/4.9.3/../../../arm-none-eabi/lib/thumb/libc.a(lib_a-strncmp.o)
 .debug_abbrev  0x0000000000000b80      0x211 /usr/lib/gcc/arm-none-eabi/4.9.3/../../../arm-none-eabi/lib/thumb/libc.a(lib_a-strtol.o)
 .debug_abbrev  0x0000000000000d91       0xe4 /usr/lib/gcc/arm-none-eabi/4.9.3/../../../arm-none-eabi/lib/thumb/libc.a(lib_a-utoa.o)
 .debug_abbrev  0x0000000000000e75       0x4e /usr/lib/gcc/arm-none-eabi/4.9.3/../../../arm-none-eabi/lib/thumb/libc.a(lib_a-ctype_.o)
 .debug_abbrev  0x0000000000000ec3      0x180 /usr/lib/gcc/arm-none-eabi/4.9.3/../../../arm-none-eabi/lib/thumb/libc.a(lib_a-impure.o)
 .debug_abbrev  0x0000000000001043       0x14 /usr/lib/gcc/arm-none-eabi/4.9.3/thumb/libgcc.a(_udivsi3.o)
 .debug_abbrev  0x0000000000001057       0x14 /usr/lib/gcc/arm-none-eabi/4.9.3/thumb/libgcc.a(_dvmd_tls.o)

.debug_line     0x0000000000000000     0x10b6
 *(.debug_line)
 .debug_line    0x0000000000000000      0x12b obj/asmfunc.o
 .debug_line    0x000000000000012b      0x144 obj/main.o
 .debug_line    0x000000000000026f       0x4f obj/interrupt.o
 .debug_line    0x00000000000002be       0xfd obj/uart23xx.o
 .debug_line    0x00000000000003bb      0x13f obj/usart_console.o
 .debug_line    0x00000000000004fa      0x108 obj/spi.o
 .debug_line    0x0000000000000602       0xcc obj/adc_dac.o
 .debug_line    0x00000000000006ce      0x138 obj/timers.o
 .debug_line    0x0000000000000806      0x16a /usr/lib/gcc/arm-none-eabi/4.9.3/../../../arm-none-eabi/lib/thumb/libc.a(lib_a-atoi.o)
 .debug_line    0x0000000000000970       0xd4 /usr/lib/gcc/arm-none-eabi/4.9.3/../../../arm-none-eabi/lib/thumb/libc.a(lib_a-itoa.o)
 .debug_line    0x0000000000000a44      0x124 /usr/lib/gcc/arm-none-eabi/4.9.3/../../../arm-none-eabi/lib/thumb/libc.a(lib_a-strncmp.o)
 .debug_line    0x0000000000000b68      0x1f4 /usr/lib/gcc/arm-none-eabi/4.9.3/../../../arm-none-eabi/lib/thumb/libc.a(lib_a-strtol.o)
 .debug_line    0x0000000000000d5c      0x11e /usr/lib/gcc/arm-none-eabi/4.9.3/../../../arm-none-eabi/lib/thumb/libc.a(lib_a-utoa.o)
 .debug_line    0x0000000000000e7a       0x72 /usr/lib/gcc/arm-none-eabi/4.9.3/../../../arm-none-eabi/lib/thumb/libc.a(lib_a-ctype_.o)
 .debug_line    0x0000000000000eec       0xf1 /usr/lib/gcc/arm-none-eabi/4.9.3/../../../arm-none-eabi/lib/thumb/libc.a(lib_a-impure.o)
 .debug_line    0x0000000000000fdd       0x7b /usr/lib/gcc/arm-none-eabi/4.9.3/thumb/libgcc.a(_udivsi3.o)
 .debug_line    0x0000000000001058       0x5e /usr/lib/gcc/arm-none-eabi/4.9.3/thumb/libgcc.a(_dvmd_tls.o)

.debug_frame    0x0000000000000000      0x54c
 *(.debug_frame)
 .debug_frame   0x0000000000000000       0xa4 obj/main.o
 .debug_frame   0x00000000000000a4       0x80 obj/interrupt.o
 .debug_frame   0x0000000000000124       0x7c obj/uart23xx.o
 .debug_frame   0x00000000000001a0       0x80 obj/usart_console.o
 .debug_frame   0x0000000000000220       0xb0 obj/spi.o
 .debug_frame   0x00000000000002d0       0x8c obj/adc_dac.o
 .debug_frame   0x000000000000035c       0x78 obj/timers.o
 .debug_frame   0x00000000000003d4       0x40 /usr/lib/gcc/arm-none-eabi/4.9.3/../../../arm-none-eabi/lib/thumb/libc.a(lib_a-atoi.o)
 .debug_frame   0x0000000000000414       0x40 /usr/lib/gcc/arm-none-eabi/4.9.3/../../../arm-none-eabi/lib/thumb/libc.a(lib_a-itoa.o)
 .debug_frame   0x0000000000000454       0x2c /usr/lib/gcc/arm-none-eabi/4.9.3/../../../arm-none-eabi/lib/thumb/libc.a(lib_a-strncmp.o)
 .debug_frame   0x0000000000000480       0x58 /usr/lib/gcc/arm-none-eabi/4.9.3/../../../arm-none-eabi/lib/thumb/libc.a(lib_a-strtol.o)
 .debug_frame   0x00000000000004d8       0x54 /usr/lib/gcc/arm-none-eabi/4.9.3/../../../arm-none-eabi/lib/thumb/libc.a(lib_a-utoa.o)
 .debug_frame   0x000000000000052c       0x20 /usr/lib/gcc/arm-none-eabi/4.9.3/thumb/libgcc.a(_udivsi3.o)

.debug_str      0x0000000000000000      0xb78
 *(.debug_str)
 .debug_str     0x0000000000000000      0x1a8 obj/main.o
                                        0x1fb (size before relaxing)
 .debug_str     0x00000000000001a8       0x4b obj/interrupt.o
                                         0xf6 (size before relaxing)
 .debug_str     0x00000000000001f3       0x6c obj/uart23xx.o
                                        0x1db (size before relaxing)
 .debug_str     0x000000000000025f       0xb5 obj/usart_console.o
                                        0x25a (size before relaxing)
 .debug_str     0x0000000000000314       0xa5 obj/spi.o
                                        0x1f9 (size before relaxing)
 .debug_str     0x00000000000003b9       0x32 obj/adc_dac.o
                                        0x1d5 (size before relaxing)
 .debug_str     0x00000000000003eb       0x28 obj/timers.o
                                        0x231 (size before relaxing)
 .debug_str     0x0000000000000413      0x4b5 /usr/lib/gcc/arm-none-eabi/4.9.3/../../../arm-none-eabi/lib/thumb/libc.a(lib_a-atoi.o)
                                        0x55f (size before relaxing)
 .debug_str     0x00000000000008c8       0x41 /usr/lib/gcc/arm-none-eabi/4.9.3/../../../arm-none-eabi/lib/thumb/libc.a(lib_a-itoa.o)
                                        0x1b0 (size before relaxing)
 .debug_str     0x0000000000000909       0x92 /usr/lib/gcc/arm-none-eabi/4.9.3/../../../arm-none-eabi/lib/thumb/libc.a(lib_a-strncmp.o)
                                        0x19d (size before relaxing)
 .debug_str     0x000000000000099b       0x5b /usr/lib/gcc/arm-none-eabi/4.9.3/../../../arm-none-eabi/lib/thumb/libc.a(lib_a-strtol.o)
                                        0x592 (size before relaxing)
 .debug_str     0x00000000000009f6       0x3d /usr/lib/gcc/arm-none-eabi/4.9.3/../../../arm-none-eabi/lib/thumb/libc.a(lib_a-utoa.o)
                                        0x1b3 (size before relaxing)
 .debug_str     0x0000000000000a33       0x97 /usr/lib/gcc/arm-none-eabi/4.9.3/../../../arm-none-eabi/lib/thumb/libc.a(lib_a-ctype_.o)
                                        0x11d (size before relaxing)
 .debug_str     0x0000000000000aca       0xae /usr/lib/gcc/arm-none-eabi/4.9.3/../../../arm-none-eabi/lib/thumb/libc.a(lib_a-impure.o)
                                        0x56c (size before relaxing)

.debug_loc      0x0000000000000000     0x1384
 *(.debug_loc)
 .debug_loc     0x0000000000000000      0x168 obj/main.o
 .debug_loc     0x0000000000000168      0x12e obj/uart23xx.o
 .debug_loc     0x0000000000000296      0x1d0 obj/usart_console.o
 .debug_loc     0x0000000000000466      0x3c4 obj/spi.o
 .debug_loc     0x000000000000082a       0xdf obj/adc_dac.o
 .debug_loc     0x0000000000000909      0x10a obj/timers.o
 .debug_loc     0x0000000000000a13       0x63 /usr/lib/gcc/arm-none-eabi/4.9.3/../../../arm-none-eabi/lib/thumb/libc.a(lib_a-atoi.o)
 .debug_loc     0x0000000000000a76      0x163 /usr/lib/gcc/arm-none-eabi/4.9.3/../../../arm-none-eabi/lib/thumb/libc.a(lib_a-itoa.o)
 .debug_loc     0x0000000000000bd9       0xbd /usr/lib/gcc/arm-none-eabi/4.9.3/../../../arm-none-eabi/lib/thumb/libc.a(lib_a-strncmp.o)
 .debug_loc     0x0000000000000c96      0x53f /usr/lib/gcc/arm-none-eabi/4.9.3/../../../arm-none-eabi/lib/thumb/libc.a(lib_a-strtol.o)
 .debug_loc     0x00000000000011d5      0x1af /usr/lib/gcc/arm-none-eabi/4.9.3/../../../arm-none-eabi/lib/thumb/libc.a(lib_a-utoa.o)

.debug_macinfo
 *(.debug_macinfo)

.debug_weaknames
 *(.debug_weaknames)

.debug_funcnames
 *(.debug_funcnames)

.debug_typenames
 *(.debug_typenames)

.debug_varnames
 *(.debug_varnames)
OUTPUT(obj/zond_cvc.elf elf32-littlearm)

.debug_ranges   0x0000000000000000       0xa8
 .debug_ranges  0x0000000000000000       0x20 obj/asmfunc.o
 .debug_ranges  0x0000000000000020       0x18 obj/main.o
 .debug_ranges  0x0000000000000038       0x18 /usr/lib/gcc/arm-none-eabi/4.9.3/../../../arm-none-eabi/lib/thumb/libc.a(lib_a-atoi.o)
 .debug_ranges  0x0000000000000050       0x18 /usr/lib/gcc/arm-none-eabi/4.9.3/../../../arm-none-eabi/lib/thumb/libc.a(lib_a-itoa.o)
 .debug_ranges  0x0000000000000068       0x10 /usr/lib/gcc/arm-none-eabi/4.9.3/../../../arm-none-eabi/lib/thumb/libc.a(lib_a-strncmp.o)
 .debug_ranges  0x0000000000000078       0x18 /usr/lib/gcc/arm-none-eabi/4.9.3/../../../arm-none-eabi/lib/thumb/libc.a(lib_a-strtol.o)
 .debug_ranges  0x0000000000000090       0x18 /usr/lib/gcc/arm-none-eabi/4.9.3/../../../arm-none-eabi/lib/thumb/libc.a(lib_a-utoa.o)

Cross Reference Table

Symbol                                            File
ClearVector                                       obj/interrupt.o
                                                  obj/main.o
Copy_al2un                                        obj/asmfunc.o
Copy_un2al                                        obj/asmfunc.o
Delay                                             obj/adc_dac.o
Exit_Main                                         obj/init_cpu.o
Index                                             obj/usart_console.o
Init_CPU                                          obj/init_cpu.o
Init_Clocks                                       obj/init_cpu.o
Init_MAM                                          obj/init_cpu.o
Init_Modules                                      obj/init_cpu.o
Init_Pins                                         obj/init_cpu.o
Init_Wait                                         obj/init_cpu.o
IrqDisable                                        obj/interrupt.o
IrqEnable                                         obj/interrupt.o
                                                  obj/main.o
Isr_TIM0                                          obj/timers.o
Isr_UART0                                         obj/uart23xx.o
LoadFiqRegs                                       obj/interrupt.o
RegisterIrq                                       obj/interrupt.o
                                                  obj/timers.o
                                                  obj/uart23xx.o
RxCount                                           obj/usart_console.o
SPI0_send_1_byte                                  obj/spi.o
                                                  obj/timers.o
                                                  obj/adc_dac.o
SPI0_send_2_byte                                  obj/spi.o
                                                  obj/timers.o
                                                  obj/adc_dac.o
SPI_ADC_data_transfers_16bit                      obj/spi.o
SPI_ADC_data_transfers_8bit                       obj/spi.o
SPI_DAC_data_transfers_16bit                      obj/spi.o
SPI_DAC_data_transfers_8bit                       obj/spi.o
SelectFiq                                         obj/interrupt.o
StoreFiqRegs                                      obj/interrupt.o
UART0_send                                        obj/usart_console.o
                                                  obj/timers.o
                                                  obj/main.o
UART0_send_byte                                   obj/usart_console.o
__aeabi_idiv0                                     /usr/lib/gcc/arm-none-eabi/4.9.3/thumb/libgcc.a(_dvmd_tls.o)
                                                  /usr/lib/gcc/arm-none-eabi/4.9.3/thumb/libgcc.a(_udivsi3.o)
__aeabi_ldiv0                                     /usr/lib/gcc/arm-none-eabi/4.9.3/thumb/libgcc.a(_dvmd_tls.o)
__aeabi_uidiv                                     /usr/lib/gcc/arm-none-eabi/4.9.3/thumb/libgcc.a(_udivsi3.o)
                                                  /usr/lib/gcc/arm-none-eabi/4.9.3/../../../arm-none-eabi/lib/thumb/libc.a(lib_a-utoa.o)
                                                  /usr/lib/gcc/arm-none-eabi/4.9.3/../../../arm-none-eabi/lib/thumb/libc.a(lib_a-strtol.o)
__aeabi_uidivmod                                  /usr/lib/gcc/arm-none-eabi/4.9.3/thumb/libgcc.a(_udivsi3.o)
                                                  /usr/lib/gcc/arm-none-eabi/4.9.3/../../../arm-none-eabi/lib/thumb/libc.a(lib_a-utoa.o)
                                                  /usr/lib/gcc/arm-none-eabi/4.9.3/../../../arm-none-eabi/lib/thumb/libc.a(lib_a-strtol.o)
__ctype_ptr__                                     /usr/lib/gcc/arm-none-eabi/4.9.3/../../../arm-none-eabi/lib/thumb/libc.a(lib_a-ctype_.o)
                                                  /usr/lib/gcc/arm-none-eabi/4.9.3/../../../arm-none-eabi/lib/thumb/libc.a(lib_a-strtol.o)
__itoa                                            /usr/lib/gcc/arm-none-eabi/4.9.3/../../../arm-none-eabi/lib/thumb/libc.a(lib_a-itoa.o)
__udivsi3                                         /usr/lib/gcc/arm-none-eabi/4.9.3/thumb/libgcc.a(_udivsi3.o)
__utoa                                            /usr/lib/gcc/arm-none-eabi/4.9.3/../../../arm-none-eabi/lib/thumb/libc.a(lib_a-utoa.o)
                                                  /usr/lib/gcc/arm-none-eabi/4.9.3/../../../arm-none-eabi/lib/thumb/libc.a(lib_a-itoa.o)
_atoi_r                                           /usr/lib/gcc/arm-none-eabi/4.9.3/../../../arm-none-eabi/lib/thumb/libc.a(lib_a-atoi.o)
_ctype_                                           /usr/lib/gcc/arm-none-eabi/4.9.3/../../../arm-none-eabi/lib/thumb/libc.a(lib_a-ctype_.o)
_ebss                                             obj/asmfunc.o
_edata                                            obj/asmfunc.o
_global_impure_ptr                                /usr/lib/gcc/arm-none-eabi/4.9.3/../../../arm-none-eabi/lib/thumb/libc.a(lib_a-impure.o)
_impure_ptr                                       /usr/lib/gcc/arm-none-eabi/4.9.3/../../../arm-none-eabi/lib/thumb/libc.a(lib_a-impure.o)
                                                  /usr/lib/gcc/arm-none-eabi/4.9.3/../../../arm-none-eabi/lib/thumb/libc.a(lib_a-strtol.o)
_sbss                                             obj/asmfunc.o
_sdata                                            obj/asmfunc.o
_sidata                                           obj/asmfunc.o
_strtol_r                                         /usr/lib/gcc/arm-none-eabi/4.9.3/../../../arm-none-eabi/lib/thumb/libc.a(lib_a-strtol.o)
                                                  /usr/lib/gcc/arm-none-eabi/4.9.3/../../../arm-none-eabi/lib/thumb/libc.a(lib_a-atoi.o)
adc_init                                          obj/adc_dac.o
                                                  obj/main.o
adc_read_current                                  obj/adc_dac.o
                                                  obj/timers.o
adc_read_voltage                                  obj/adc_dac.o
                                                  obj/timers.o
atoi                                              /usr/lib/gcc/arm-none-eabi/4.9.3/../../../arm-none-eabi/lib/thumb/libc.a(lib_a-atoi.o)
                                                  obj/usart_console.o
channel                                           obj/main.o
                                                  obj/timers.o
curr                                              obj/main.o
                                                  obj/timers.o
dac_set_voltage                                   obj/adc_dac.o
                                                  obj/usart_console.o
gpio_clear                                        obj/main.o
                                                  obj/timers.o
                                                  obj/usart_console.o
gpio_init                                         obj/main.o
gpio_set                                          obj/main.o
                                                  obj/timers.o
                                                  obj/usart_console.o
help_msg                                          obj/usart_console.o
hex_to_ascii                                      obj/usart_console.o
hex_to_int                                        obj/usart_console.o
itoa                                              /usr/lib/gcc/arm-none-eabi/4.9.3/../../../arm-none-eabi/lib/thumb/libc.a(lib_a-itoa.o)
                                                  obj/timers.o
led_clear                                         obj/main.o
                                                  obj/usart_console.o
led_set                                           obj/main.o
                                                  obj/adc_dac.o
                                                  obj/usart_console.o
main                                              obj/main.o
                                                  obj/asmfunc.o
pll_init                                          obj/main.o
process_command                                   obj/usart_console.o
                                                  obj/uart23xx.o
rec_len                                           obj/uart23xx.o
resiever                                          obj/uart23xx.o
strncmp                                           /usr/lib/gcc/arm-none-eabi/4.9.3/../../../arm-none-eabi/lib/thumb/libc.a(lib_a-strncmp.o)
                                                  obj/usart_console.o
strtol                                            /usr/lib/gcc/arm-none-eabi/4.9.3/../../../arm-none-eabi/lib/thumb/libc.a(lib_a-strtol.o)
                                                  /usr/lib/gcc/arm-none-eabi/4.9.3/../../../arm-none-eabi/lib/thumb/libc.a(lib_a-atoi.o)
timer0_init                                       obj/timers.o
                                                  obj/main.o
timer0_start                                      obj/timers.o
                                                  obj/usart_console.o
timer0_stop                                       obj/timers.o
                                                  obj/usart_console.o
uart0_getc                                        obj/uart23xx.o
uart0_init                                        obj/uart23xx.o
                                                  obj/main.o
uart0_putc                                        obj/uart23xx.o
uart0_test                                        obj/uart23xx.o
utoa                                              /usr/lib/gcc/arm-none-eabi/4.9.3/../../../arm-none-eabi/lib/thumb/libc.a(lib_a-utoa.o)
volts                                             obj/main.o
                                                  obj/timers.o
