Archive member included to satisfy reference by file (symbol)

/home/a-h/x-tools/arm-none-eabi-4.9/bin/../lib/gcc/arm-none-eabi/4.9.4/../../../../arm-none-eabi/lib/libc.a(lib_a-atoi.o)
                              obj/usart_console.o (atoi)
/home/a-h/x-tools/arm-none-eabi-4.9/bin/../lib/gcc/arm-none-eabi/4.9.4/../../../../arm-none-eabi/lib/libc.a(lib_a-itoa.o)
                              obj/timers.o (itoa)
/home/a-h/x-tools/arm-none-eabi-4.9/bin/../lib/gcc/arm-none-eabi/4.9.4/../../../../arm-none-eabi/lib/libc.a(lib_a-memset.o)
                              obj/timers.o (memset)
/home/a-h/x-tools/arm-none-eabi-4.9/bin/../lib/gcc/arm-none-eabi/4.9.4/../../../../arm-none-eabi/lib/libc.a(lib_a-strcat.o)
                              obj/timers.o (strcat)
/home/a-h/x-tools/arm-none-eabi-4.9/bin/../lib/gcc/arm-none-eabi/4.9.4/../../../../arm-none-eabi/lib/libc.a(lib_a-strlen.o)
                              obj/timers.o (strlen)
/home/a-h/x-tools/arm-none-eabi-4.9/bin/../lib/gcc/arm-none-eabi/4.9.4/../../../../arm-none-eabi/lib/libc.a(lib_a-strncmp.o)
                              obj/usart_console.o (strncmp)
/home/a-h/x-tools/arm-none-eabi-4.9/bin/../lib/gcc/arm-none-eabi/4.9.4/../../../../arm-none-eabi/lib/libc.a(lib_a-strtol.o)
                              /home/a-h/x-tools/arm-none-eabi-4.9/bin/../lib/gcc/arm-none-eabi/4.9.4/../../../../arm-none-eabi/lib/libc.a(lib_a-atoi.o) (_strtol_r)
/home/a-h/x-tools/arm-none-eabi-4.9/bin/../lib/gcc/arm-none-eabi/4.9.4/../../../../arm-none-eabi/lib/libc.a(lib_a-utoa.o)
                              /home/a-h/x-tools/arm-none-eabi-4.9/bin/../lib/gcc/arm-none-eabi/4.9.4/../../../../arm-none-eabi/lib/libc.a(lib_a-itoa.o) (__utoa)
/home/a-h/x-tools/arm-none-eabi-4.9/bin/../lib/gcc/arm-none-eabi/4.9.4/../../../../arm-none-eabi/lib/libc.a(lib_a-ctype_.o)
                              /home/a-h/x-tools/arm-none-eabi-4.9/bin/../lib/gcc/arm-none-eabi/4.9.4/../../../../arm-none-eabi/lib/libc.a(lib_a-strtol.o) (__ctype_ptr__)
/home/a-h/x-tools/arm-none-eabi-4.9/bin/../lib/gcc/arm-none-eabi/4.9.4/../../../../arm-none-eabi/lib/libc.a(lib_a-impure.o)
                              /home/a-h/x-tools/arm-none-eabi-4.9/bin/../lib/gcc/arm-none-eabi/4.9.4/../../../../arm-none-eabi/lib/libc.a(lib_a-strtol.o) (_impure_ptr)
/home/a-h/x-tools/arm-none-eabi-4.9/bin/../lib/gcc/arm-none-eabi/4.9.4/libgcc.a(_arm_addsubdf3.o)
                              obj/timers.o (__aeabi_dsub)
/home/a-h/x-tools/arm-none-eabi-4.9/bin/../lib/gcc/arm-none-eabi/4.9.4/libgcc.a(_arm_muldivdf3.o)
                              obj/usart_console.o (__aeabi_dmul)
/home/a-h/x-tools/arm-none-eabi-4.9/bin/../lib/gcc/arm-none-eabi/4.9.4/libgcc.a(_arm_fixdfsi.o)
                              obj/usart_console.o (__aeabi_d2iz)
/home/a-h/x-tools/arm-none-eabi-4.9/bin/../lib/gcc/arm-none-eabi/4.9.4/libgcc.a(_arm_truncdfsf2.o)
                              obj/timers.o (__aeabi_d2f)
/home/a-h/x-tools/arm-none-eabi-4.9/bin/../lib/gcc/arm-none-eabi/4.9.4/libgcc.a(_arm_addsubsf3.o)
                              obj/timers.o (__aeabi_fsub)
/home/a-h/x-tools/arm-none-eabi-4.9/bin/../lib/gcc/arm-none-eabi/4.9.4/libgcc.a(_arm_muldivsf3.o)
                              obj/timers.o (__aeabi_fmul)
/home/a-h/x-tools/arm-none-eabi-4.9/bin/../lib/gcc/arm-none-eabi/4.9.4/libgcc.a(_arm_cmpsf2.o)
                              obj/timers.o (__aeabi_fcmplt)
/home/a-h/x-tools/arm-none-eabi-4.9/bin/../lib/gcc/arm-none-eabi/4.9.4/libgcc.a(_arm_fixsfsi.o)
                              obj/timers.o (__aeabi_f2iz)
/home/a-h/x-tools/arm-none-eabi-4.9/bin/../lib/gcc/arm-none-eabi/4.9.4/libgcc.a(_aeabi_uldivmod.o)
                              obj/timers.o (__aeabi_uldivmod)
/home/a-h/x-tools/arm-none-eabi-4.9/bin/../lib/gcc/arm-none-eabi/4.9.4/libgcc.a(_udivmoddi4.o)
                              /home/a-h/x-tools/arm-none-eabi-4.9/bin/../lib/gcc/arm-none-eabi/4.9.4/libgcc.a(_aeabi_uldivmod.o) (__udivmoddi4)
/home/a-h/x-tools/arm-none-eabi-4.9/bin/../lib/gcc/arm-none-eabi/4.9.4/libgcc.a(_dvmd_tls.o)
                              /home/a-h/x-tools/arm-none-eabi-4.9/bin/../lib/gcc/arm-none-eabi/4.9.4/libgcc.a(_aeabi_uldivmod.o) (__aeabi_ldiv0)
/home/a-h/x-tools/arm-none-eabi-4.9/bin/../lib/gcc/arm-none-eabi/4.9.4/../../../../arm-none-eabi/lib/libm.a(lib_a-w_sqrt.o)
                              obj/timers.o (sqrt)
/home/a-h/x-tools/arm-none-eabi-4.9/bin/../lib/gcc/arm-none-eabi/4.9.4/../../../../arm-none-eabi/lib/libm.a(lib_a-e_sqrt.o)
                              /home/a-h/x-tools/arm-none-eabi-4.9/bin/../lib/gcc/arm-none-eabi/4.9.4/../../../../arm-none-eabi/lib/libm.a(lib_a-w_sqrt.o) (__ieee754_sqrt)
/home/a-h/x-tools/arm-none-eabi-4.9/bin/../lib/gcc/arm-none-eabi/4.9.4/../../../../arm-none-eabi/lib/libm.a(lib_a-s_fpclassify.o)
                              /home/a-h/x-tools/arm-none-eabi-4.9/bin/../lib/gcc/arm-none-eabi/4.9.4/../../../../arm-none-eabi/lib/libm.a(lib_a-w_sqrt.o) (__fpclassifyd)
[...]
Memory Configuration

Name             Origin             Length             Attributes
ROM              0x0000000000000000 0x000000000007e000
RAM              0x0000000040000000 0x000000000000ffe0
URAM             0x000000007fd00000 0x0000000000004000
ERAM             0x000000007fe00000 0x0000000000004000
BRAM             0x00000000e0084000 0x0000000000000800
*default*        0x0000000000000000 0xffffffffffffffff

Linker script and memory map

LOAD obj/asmfunc.o
LOAD obj/main.o
LOAD obj/interrupt.o
LOAD obj/uart23xx.o
LOAD obj/init_cpu.o
LOAD obj/usart_console.o
LOAD obj/spi.o
LOAD obj/adc_dac.o
LOAD obj/timers.o
LOAD /home/a-h/x-tools/arm-none-eabi-4.9/bin/../lib/gcc/arm-none-eabi/4.9.4/../../../../arm-none-eabi/lib/libc.a
LOAD /home/a-h/x-tools/arm-none-eabi-4.9/bin/../lib/gcc/arm-none-eabi/4.9.4/libgcc.a
LOAD /home/a-h/x-tools/arm-none-eabi-4.9/bin/../lib/gcc/arm-none-eabi/4.9.4/../../../../arm-none-eabi/lib/libm.a
START GROUP
LOAD /home/a-h/x-tools/arm-none-eabi-4.9/bin/../lib/gcc/arm-none-eabi/4.9.4/libgcc.a
LOAD /home/a-h/x-tools/arm-none-eabi-4.9/bin/../lib/gcc/arm-none-eabi/4.9.4/../../../../arm-none-eabi/lib/libg.a
LOAD /home/a-h/x-tools/arm-none-eabi-4.9/bin/../lib/gcc/arm-none-eabi/4.9.4/../../../../arm-none-eabi/lib/libc.a
END GROUP

.text           0x0000000000000000     0x3023
 *(.VECTOR)
 .VECTOR        0x0000000000000000       0x34 obj/asmfunc.o
                0x00000000000002fc                . = 0x2fc
 *fill*         0x0000000000000034      0x2c8 
 *(.CRP)
                0x0000000000000300                . = 0x300
 *fill*         0x00000000000002fc        0x4 
 *(.text .text.*)
 .text          0x0000000000000300      0x31c obj/asmfunc.o
                0x0000000000000500                Copy_un2al
                0x0000000000000570                Copy_al2un
 .text          0x000000000000061c      0x1a0 obj/main.o
                0x000000000000061c                gpio_init
                0x000000000000067c                led_set
                0x0000000000000690                led_clear
                0x00000000000006a4                gpio_set
                0x00000000000006dc                gpio_clear
                0x0000000000000714                pll_init
 .text.startup  0x00000000000007bc       0x24 obj/main.o
                0x00000000000007bc                main
 .text          0x00000000000007e0       0x1c obj/interrupt.o
                0x00000000000007e0                IrqDisable
                0x00000000000007e4                IrqEnable
                0x00000000000007e8                ClearVector
                0x00000000000007ec                RegisterIrq
                0x00000000000007f0                SelectFiq
                0x00000000000007f4                LoadFiqRegs
                0x00000000000007f8                StoreFiqRegs
 .text          0x00000000000007fc      0x180 obj/uart23xx.o
                0x00000000000007fc                Isr_UART0
                0x000000000000086c                uart0_test
                0x0000000000000878                uart0_getc
                0x00000000000008b0                uart0_putc
                0x0000000000000900                uart0_init
 .text          0x000000000000097c      0x3b4 obj/usart_console.o
                0x000000000000097c                hex_to_int
                0x000000000000099a                hex_to_ascii
                0x00000000000009bc                UART0_send_byte
                0x00000000000009f0                UART0_send
                0x0000000000000a38                atof
                0x0000000000000b68                process_command
 .text          0x0000000000000d30      0x1ec obj/spi.o
                0x0000000000000d30                SPI_ADC_data_transfers_16bit
                0x0000000000000d9c                SPI_ADC_data_transfers_8bit
                0x0000000000000e08                SPI_DAC_data_transfers_16bit
                0x0000000000000e74                SPI0_send_2_byte
                0x0000000000000e92                SPI_DAC_data_transfers_8bit
                0x0000000000000efc                SPI0_send_1_byte
 .text          0x0000000000000f1c      0x190 obj/adc_dac.o
                0x0000000000000f1c                Delay
                0x0000000000000f1e                adc_init
                0x0000000000000fcc                dac_set_voltage
                0x0000000000000ffc                adc_read_current
                0x0000000000001054                adc_read_voltage
 *fill*         0x00000000000010ac        0x4 
 .text          0x00000000000010b0      0x5b4 obj/timers.o
                0x00000000000010b0                read_volt
                0x00000000000010f4                read_curr
                0x0000000000001138                timer0_set_freq
                0x000000000000117c                timer0_init
                0x00000000000011e0                timer0_start
                0x0000000000001200                timer0_stop
                0x0000000000001220                ftoa
                0x00000000000012d8                send_results
                0x0000000000001414                Isr_TIM0
                0x000000000000153c                calculateSD
                0x00000000000015c0                process_array
 .text          0x0000000000001664       0x10 /home/a-h/x-tools/arm-none-eabi-4.9/bin/../lib/gcc/arm-none-eabi/4.9.4/../../../../arm-none-eabi/lib/libc.a(lib_a-atoi.o)
                0x0000000000001664                atoi
                0x000000000000166c                _atoi_r
 .text          0x0000000000001674       0x32 /home/a-h/x-tools/arm-none-eabi-4.9/bin/../lib/gcc/arm-none-eabi/4.9.4/../../../../arm-none-eabi/lib/libc.a(lib_a-itoa.o)
                0x0000000000001674                __itoa
                0x00000000000016a2                itoa
 .text          0x00000000000016a6       0x10 /home/a-h/x-tools/arm-none-eabi-4.9/bin/../lib/gcc/arm-none-eabi/4.9.4/../../../../arm-none-eabi/lib/libc.a(lib_a-memset.o)
                0x00000000000016a6                memset
 .text          0x00000000000016b6       0x1e /home/a-h/x-tools/arm-none-eabi-4.9/bin/../lib/gcc/arm-none-eabi/4.9.4/../../../../arm-none-eabi/lib/libc.a(lib_a-strcat.o)
                0x00000000000016b6                strcat
 .text          0x00000000000016d4       0x10 /home/a-h/x-tools/arm-none-eabi-4.9/bin/../lib/gcc/arm-none-eabi/4.9.4/../../../../arm-none-eabi/lib/libc.a(lib_a-strlen.o)
                0x00000000000016d4                strlen
 .text          0x00000000000016e4       0x32 /home/a-h/x-tools/arm-none-eabi-4.9/bin/../lib/gcc/arm-none-eabi/4.9.4/../../../../arm-none-eabi/lib/libc.a(lib_a-strncmp.o)
                0x00000000000016e4                strncmp
 *fill*         0x0000000000001716        0x2 
 .text          0x0000000000001718      0x120 /home/a-h/x-tools/arm-none-eabi-4.9/bin/../lib/gcc/arm-none-eabi/4.9.4/../../../../arm-none-eabi/lib/libc.a(lib_a-strtol.o)
                0x0000000000001718                _strtol_r
                0x0000000000001824                strtol
 .text          0x0000000000001838       0x7c /home/a-h/x-tools/arm-none-eabi-4.9/bin/../lib/gcc/arm-none-eabi/4.9.4/../../../../arm-none-eabi/lib/libc.a(lib_a-utoa.o)
                0x0000000000001838                __utoa
                0x00000000000018b0                utoa
 .text          0x00000000000018b4      0x370 /home/a-h/x-tools/arm-none-eabi-4.9/bin/../lib/gcc/arm-none-eabi/4.9.4/libgcc.a(_arm_addsubdf3.o)
                0x00000000000018b4                __aeabi_drsub
                0x00000000000018bc                __aeabi_dsub
                0x00000000000018bc                __subdf3
                0x00000000000018c0                __adddf3
                0x00000000000018c0                __aeabi_dadd
                0x0000000000001b38                __aeabi_ui2d
                0x0000000000001b38                __floatunsidf
                0x0000000000001b58                __floatsidf
                0x0000000000001b58                __aeabi_i2d
                0x0000000000001b7c                __extendsfdf2
                0x0000000000001b7c                __aeabi_f2d
                0x0000000000001bb8                __aeabi_ul2d
                0x0000000000001bb8                __floatundidf
                0x0000000000001bc8                __floatdidf
                0x0000000000001bc8                __aeabi_l2d
 .text          0x0000000000001c24      0x424 /home/a-h/x-tools/arm-none-eabi-4.9/bin/../lib/gcc/arm-none-eabi/4.9.4/libgcc.a(_arm_muldivdf3.o)
                0x0000000000001c24                __aeabi_dmul
                0x0000000000001c24                __muldf3
                0x0000000000001e78                __aeabi_ddiv
                0x0000000000001e78                __divdf3
 .text          0x0000000000002048       0x50 /home/a-h/x-tools/arm-none-eabi-4.9/bin/../lib/gcc/arm-none-eabi/4.9.4/libgcc.a(_arm_fixdfsi.o)
                0x0000000000002048                __fixdfsi
                0x0000000000002048                __aeabi_d2iz
 .text          0x0000000000002098       0xa0 /home/a-h/x-tools/arm-none-eabi-4.9/bin/../lib/gcc/arm-none-eabi/4.9.4/libgcc.a(_arm_truncdfsf2.o)
                0x0000000000002098                __aeabi_d2f
                0x0000000000002098                __truncdfsf2
 .text          0x0000000000002138      0x21c /home/a-h/x-tools/arm-none-eabi-4.9/bin/../lib/gcc/arm-none-eabi/4.9.4/libgcc.a(_arm_addsubsf3.o)
                0x0000000000002138                __aeabi_frsub
                0x0000000000002140                __subsf3
                0x0000000000002140                __aeabi_fsub
                0x0000000000002144                __aeabi_fadd
                0x0000000000002144                __addsf3
                0x00000000000022a4                __aeabi_ui2f
                0x00000000000022a4                __floatunsisf
                0x00000000000022ac                __aeabi_i2f
                0x00000000000022ac                __floatsisf
                0x00000000000022c8                __floatundisf
                0x00000000000022c8                __aeabi_ul2f
                0x00000000000022d8                __floatdisf
                0x00000000000022d8                __aeabi_l2f
 .text          0x0000000000002354      0x2a0 /home/a-h/x-tools/arm-none-eabi-4.9/bin/../lib/gcc/arm-none-eabi/4.9.4/libgcc.a(_arm_muldivsf3.o)
                0x0000000000002354                __mulsf3
                0x0000000000002354                __aeabi_fmul
                0x00000000000024bc                __divsf3
                0x00000000000024bc                __aeabi_fdiv
 .text          0x00000000000025f4       0xec /home/a-h/x-tools/arm-none-eabi-4.9/bin/../lib/gcc/arm-none-eabi/4.9.4/libgcc.a(_arm_cmpsf2.o)
                0x00000000000025f4                __gtsf2
                0x00000000000025f4                __gesf2
                0x00000000000025fc                __lesf2
                0x00000000000025fc                __ltsf2
                0x0000000000002604                __nesf2
                0x0000000000002604                __eqsf2
                0x0000000000002604                __cmpsf2
                0x0000000000002664                __aeabi_cfrcmple
                0x000000000000266c                __aeabi_cfcmple
                0x000000000000266c                __aeabi_cfcmpeq
                0x000000000000267c                __aeabi_fcmpeq
                0x0000000000002690                __aeabi_fcmplt
                0x00000000000026a4                __aeabi_fcmple
                0x00000000000026b8                __aeabi_fcmpge
                0x00000000000026cc                __aeabi_fcmpgt
 .text          0x00000000000026e0       0x4c /home/a-h/x-tools/arm-none-eabi-4.9/bin/../lib/gcc/arm-none-eabi/4.9.4/libgcc.a(_arm_fixsfsi.o)
                0x00000000000026e0                __fixsfsi
                0x00000000000026e0                __aeabi_f2iz
 .text          0x000000000000272c       0x30 /home/a-h/x-tools/arm-none-eabi-4.9/bin/../lib/gcc/arm-none-eabi/4.9.4/libgcc.a(_aeabi_uldivmod.o)
                0x000000000000272c                __aeabi_uldivmod
 .text          0x000000000000275c      0x2dc /home/a-h/x-tools/arm-none-eabi-4.9/bin/../lib/gcc/arm-none-eabi/4.9.4/libgcc.a(_udivmoddi4.o)
                0x000000000000275c                __udivmoddi4
 .text          0x0000000000002a38        0x4 /home/a-h/x-tools/arm-none-eabi-4.9/bin/../lib/gcc/arm-none-eabi/4.9.4/libgcc.a(_dvmd_tls.o)
                0x0000000000002a38                __aeabi_ldiv0
                0x0000000000002a38                __aeabi_idiv0
 .text          0x0000000000002a3c       0xa8 /home/a-h/x-tools/arm-none-eabi-4.9/bin/../lib/gcc/arm-none-eabi/4.9.4/../../../../arm-none-eabi/lib/libm.a(lib_a-w_sqrt.o)
                0x0000000000002a3c                sqrt
 .text          0x0000000000002ae4      0x158 /home/a-h/x-tools/arm-none-eabi-4.9/bin/../lib/gcc/arm-none-eabi/4.9.4/../../../../arm-none-eabi/lib/libm.a(lib_a-e_sqrt.o)
                0x0000000000002ae4                __ieee754_sqrt
 .text          0x0000000000002c3c       0x50 /home/a-h/x-tools/arm-none-eabi-4.9/bin/../lib/gcc/arm-none-eabi/4.9.4/../../../../arm-none-eabi/lib/libm.a(lib_a-s_fpclassify.o)
                0x0000000000002c3c                __fpclassifyd
 .text          0x0000000000002c8c        0x4 /home/a-h/x-tools/arm-none-eabi-4.9/bin/../lib/gcc/arm-none-eabi/4.9.4/../../../../arm-none-eabi/lib/libm.a(lib_a-s_matherr.o)
                0x0000000000002c8c                matherr
 .text          0x0000000000002c90      0x110 /home/a-h/x-tools/arm-none-eabi-4.9/bin/../lib/gcc/arm-none-eabi/4.9.4/libgcc.a(_arm_cmpdf2.o)
                0x0000000000002c90                __gtdf2
                0x0000000000002c90                __gedf2
                0x0000000000002c98                __ltdf2
                0x0000000000002c98                __ledf2
                0x0000000000002ca0                __cmpdf2
                0x0000000000002ca0                __eqdf2
                0x0000000000002ca0                __nedf2
                0x0000000000002d1c                __aeabi_cdrcmple
                0x0000000000002d2c                __aeabi_cdcmple
                0x0000000000002d2c                __aeabi_cdcmpeq
                0x0000000000002d3c                __aeabi_dcmpeq
                0x0000000000002d50                __aeabi_dcmplt
                0x0000000000002d64                __aeabi_dcmple
                0x0000000000002d78                __aeabi_dcmpge
                0x0000000000002d8c                __aeabi_dcmpgt
 .text          0x0000000000002da0        0xc /home/a-h/x-tools/arm-none-eabi-4.9/bin/../lib/gcc/arm-none-eabi/4.9.4/../../../../arm-none-eabi/lib/libg.a(lib_a-errno.o)
                0x0000000000002da0                __errno
 *(.gnu.linkonce.t.*)
 *(.glue_7)
 .glue_7        0x0000000000002dac        0x0 linker stubs
 *(.glue_7t)
 .glue_7t       0x0000000000002dac        0x0 linker stubs
 *(.gcc_except_table)
 *(.rodata)
 .rodata        0x0000000000002dac       0xd1 obj/usart_console.o
                0x0000000000002dac                help_msg
 .rodata        0x0000000000002e7d      0x101 /home/a-h/x-tools/arm-none-eabi-4.9/bin/../lib/gcc/arm-none-eabi/4.9.4/../../../../arm-none-eabi/lib/libc.a(lib_a-ctype_.o)
                0x0000000000002e7d                _ctype_
 *(.rodata*)
 .rodata.str1.1
                0x0000000000002f7e       0x12 obj/main.o
 .rodata.str1.1
                0x0000000000002f90       0x37 obj/usart_console.o
                                         0x3a (size before relaxing)
 .rodata.str1.1
                0x0000000000002fc7       0x32 obj/timers.o
                                         0x34 (size before relaxing)
 .rodata.str1.1
                0x0000000000002ff9       0x25 /home/a-h/x-tools/arm-none-eabi-4.9/bin/../lib/gcc/arm-none-eabi/4.9.4/../../../../arm-none-eabi/lib/libc.a(lib_a-utoa.o)
 .rodata.str1.1
                0x000000000000301e        0x2 /home/a-h/x-tools/arm-none-eabi-4.9/bin/../lib/gcc/arm-none-eabi/4.9.4/../../../../arm-none-eabi/lib/libc.a(lib_a-impure.o)
 .rodata.str1.1
                0x000000000000301e        0x5 /home/a-h/x-tools/arm-none-eabi-4.9/bin/../lib/gcc/arm-none-eabi/4.9.4/../../../../arm-none-eabi/lib/libm.a(lib_a-w_sqrt.o)
 *(.gnu.linkonce.r.*)

.vfp11_veneer   0x0000000000003024        0x0
 .vfp11_veneer  0x0000000000003024        0x0 linker stubs

.v4_bx          0x0000000000003024        0x0
 .v4_bx         0x0000000000003024        0x0 linker stubs

.iplt           0x0000000000003024        0x0
 .iplt          0x0000000000003024        0x0 obj/asmfunc.o

.ARM.excep      0x0000000000003024        0x8
 *(.ARM.exidx*)
 .ARM.exidx     0x0000000000003024        0x8 /home/a-h/x-tools/arm-none-eabi-4.9/bin/../lib/gcc/arm-none-eabi/4.9.4/libgcc.a(_udivmoddi4.o)
 *(.ARM.extab*)

.rel.dyn        0x000000000000302c        0x0
 .rel.iplt      0x000000000000302c        0x0 obj/asmfunc.o
                0x000000000000302c                . = ALIGN (0x4)
                0x000000000000302c                _etext = .
                0x000000000000302c                _sidata = .

.data           0x0000000040000000      0x43c load address 0x000000000000302c
                0x0000000040000000                . = ALIGN (0x4)
                0x0000000040000000                _sdata = .
 *(.data)
 .data          0x0000000040000000        0x2 obj/main.o
                0x0000000040000000                conv_number
                0x0000000040000001                channel
 *fill*         0x0000000040000002        0x2 
 .data          0x0000000040000004        0x4 /home/a-h/x-tools/arm-none-eabi-4.9/bin/../lib/gcc/arm-none-eabi/4.9.4/../../../../arm-none-eabi/lib/libc.a(lib_a-ctype_.o)
                0x0000000040000004                __ctype_ptr__
 .data          0x0000000040000008      0x430 /home/a-h/x-tools/arm-none-eabi-4.9/bin/../lib/gcc/arm-none-eabi/4.9.4/../../../../arm-none-eabi/lib/libc.a(lib_a-impure.o)
                0x0000000040000008                _impure_ptr
 .data          0x0000000040000438        0x1 /home/a-h/x-tools/arm-none-eabi-4.9/bin/../lib/gcc/arm-none-eabi/4.9.4/../../../../arm-none-eabi/lib/libm.a(lib_a-s_lib_ver.o)
                0x0000000040000438                __fdlib_version
 *(.data.*)
 *(.gnu.linkonce.d*)
                0x000000004000043c                . = ALIGN (0x4)
 *fill*         0x0000000040000439        0x3 
                0x000000004000043c                _edata = .

.igot.plt       0x000000004000043c        0x0 load address 0x0000000000003468
 .igot.plt      0x000000004000043c        0x0 obj/asmfunc.o

.bss            0x0000000040000440      0x158 load address 0x0000000000003470
                0x0000000040000440                . = ALIGN (0x4)
                0x0000000040000440                _sbss = .
 *(.bss)
 .bss           0x0000000040000440        0x2 obj/main.o
                0x0000000040000440                getflag
                0x0000000040000441                native
 .bss           0x0000000040000442      0x110 obj/uart23xx.o
                0x0000000040000442                rec_len
 *(.bss.*)
 *(.gnu.linkonce.b*)
 *(COMMON)
 *fill*         0x0000000040000552        0x6 
 COMMON         0x0000000040000558        0xc obj/main.o
                0x0000000040000558                curr_big
                0x0000000040000560                curr
                0x0000000040000562                volts
 COMMON         0x0000000040000564       0x32 obj/uart23xx.o
                0x0000000040000564                resiever
                0x0000000040000598                . = ALIGN (0x4)
 *fill*         0x0000000040000596        0x2 
                0x0000000040000598                _ebss = .

.stack          0x0000000040000598      0xa10
                0x0000000040000598                . = ALIGN (0x8)
 *(.stack)
 *(.STACK)
 .STACK         0x0000000040000598      0xa10 obj/asmfunc.o
                0x0000000040000fa8                _estack = .
                0x0000000040000fa8                . = ALIGN (0x4)

.usbram         0x000000007fd00000        0x0
 *(.usbram)
                0x000000007fd00000                . = ALIGN (0x4)

.etherram       0x000000007fe00000        0x0
 *(.etherram)
                0x000000007fe00000                . = ALIGN (0x4)

.batteryram     0x00000000e0084000        0x0
 *(.batteryram)
                0x00000000e0084000                . = ALIGN (0x4)

.stab
 *(.stab)

.stabstr
 *(.stabstr)

.stab.excl
 *(.stab.excl)

.stab.exclstr
 *(.stab.exclstr)

.stab.index
 *(.stab.index)

.stab.indexstr
 *(.stab.indexstr)

.comment        0x0000000000000000       0xeb
 *(.comment)
 .comment       0x0000000000000000       0x7f obj/main.o
                                         0x80 (size before relaxing)
 .comment       0x000000000000007f       0x38 obj/interrupt.o
                                         0x39 (size before relaxing)
 .comment       0x00000000000000b7       0x80 obj/uart23xx.o
 .comment       0x00000000000000b7       0x80 obj/usart_console.o
 .comment       0x00000000000000b7       0x80 obj/spi.o
 .comment       0x00000000000000b7       0x80 obj/adc_dac.o
 .comment       0x00000000000000b7       0x34 obj/timers.o
                                         0x35 (size before relaxing)
 .comment       0x00000000000000eb       0x35 /home/a-h/x-tools/arm-none-eabi-4.9/bin/../lib/gcc/arm-none-eabi/4.9.4/../../../../arm-none-eabi/lib/libc.a(lib_a-atoi.o)
 .comment       0x00000000000000eb       0x35 /home/a-h/x-tools/arm-none-eabi-4.9/bin/../lib/gcc/arm-none-eabi/4.9.4/../../../../arm-none-eabi/lib/libc.a(lib_a-itoa.o)
 .comment       0x00000000000000eb       0x35 /home/a-h/x-tools/arm-none-eabi-4.9/bin/../lib/gcc/arm-none-eabi/4.9.4/../../../../arm-none-eabi/lib/libc.a(lib_a-memset.o)
 .comment       0x00000000000000eb       0x35 /home/a-h/x-tools/arm-none-eabi-4.9/bin/../lib/gcc/arm-none-eabi/4.9.4/../../../../arm-none-eabi/lib/libc.a(lib_a-strcat.o)
 .comment       0x00000000000000eb       0x35 /home/a-h/x-tools/arm-none-eabi-4.9/bin/../lib/gcc/arm-none-eabi/4.9.4/../../../../arm-none-eabi/lib/libc.a(lib_a-strlen.o)
 .comment       0x00000000000000eb       0x35 /home/a-h/x-tools/arm-none-eabi-4.9/bin/../lib/gcc/arm-none-eabi/4.9.4/../../../../arm-none-eabi/lib/libc.a(lib_a-strncmp.o)
 .comment       0x00000000000000eb       0x35 /home/a-h/x-tools/arm-none-eabi-4.9/bin/../lib/gcc/arm-none-eabi/4.9.4/../../../../arm-none-eabi/lib/libc.a(lib_a-strtol.o)
 .comment       0x00000000000000eb       0x35 /home/a-h/x-tools/arm-none-eabi-4.9/bin/../lib/gcc/arm-none-eabi/4.9.4/../../../../arm-none-eabi/lib/libc.a(lib_a-utoa.o)
 .comment       0x00000000000000eb       0x35 /home/a-h/x-tools/arm-none-eabi-4.9/bin/../lib/gcc/arm-none-eabi/4.9.4/../../../../arm-none-eabi/lib/libc.a(lib_a-ctype_.o)
 .comment       0x00000000000000eb       0x35 /home/a-h/x-tools/arm-none-eabi-4.9/bin/../lib/gcc/arm-none-eabi/4.9.4/../../../../arm-none-eabi/lib/libc.a(lib_a-impure.o)
 .comment       0x00000000000000eb       0x35 /home/a-h/x-tools/arm-none-eabi-4.9/bin/../lib/gcc/arm-none-eabi/4.9.4/libgcc.a(_udivmoddi4.o)
 .comment       0x00000000000000eb       0x35 /home/a-h/x-tools/arm-none-eabi-4.9/bin/../lib/gcc/arm-none-eabi/4.9.4/../../../../arm-none-eabi/lib/libm.a(lib_a-w_sqrt.o)
 .comment       0x00000000000000eb       0x35 /home/a-h/x-tools/arm-none-eabi-4.9/bin/../lib/gcc/arm-none-eabi/4.9.4/../../../../arm-none-eabi/lib/libm.a(lib_a-e_sqrt.o)
 .comment       0x00000000000000eb       0x35 /home/a-h/x-tools/arm-none-eabi-4.9/bin/../lib/gcc/arm-none-eabi/4.9.4/../../../../arm-none-eabi/lib/libm.a(lib_a-s_fpclassify.o)
 .comment       0x00000000000000eb       0x35 /home/a-h/x-tools/arm-none-eabi-4.9/bin/../lib/gcc/arm-none-eabi/4.9.4/../../../../arm-none-eabi/lib/libm.a(lib_a-s_lib_ver.o)
 .comment       0x00000000000000eb       0x35 /home/a-h/x-tools/arm-none-eabi-4.9/bin/../lib/gcc/arm-none-eabi/4.9.4/../../../../arm-none-eabi/lib/libm.a(lib_a-s_matherr.o)
 .comment       0x00000000000000eb       0x35 /home/a-h/x-tools/arm-none-eabi-4.9/bin/../lib/gcc/arm-none-eabi/4.9.4/../../../../arm-none-eabi/lib/libg.a(lib_a-errno.o)

.HEAP           0x0000000000000000        0x0
 .HEAP          0x0000000000000000        0x0 obj/asmfunc.o

.ARM.attributes
                0x0000000000000000       0x31
 .ARM.attributes
                0x0000000000000000       0x22 obj/asmfunc.o
 .ARM.attributes
                0x0000000000000022       0x32 obj/main.o
 .ARM.attributes
                0x0000000000000054       0x32 obj/interrupt.o
 .ARM.attributes
                0x0000000000000086       0x32 obj/uart23xx.o
 .ARM.attributes
                0x00000000000000b8       0x32 obj/usart_console.o
 .ARM.attributes
                0x00000000000000ea       0x32 obj/spi.o
 .ARM.attributes
                0x000000000000011c       0x32 obj/adc_dac.o
 .ARM.attributes
                0x000000000000014e       0x32 obj/timers.o
 .ARM.attributes
                0x0000000000000180       0x33 /home/a-h/x-tools/arm-none-eabi-4.9/bin/../lib/gcc/arm-none-eabi/4.9.4/../../../../arm-none-eabi/lib/libc.a(lib_a-atoi.o)
 .ARM.attributes
                0x00000000000001b3       0x33 /home/a-h/x-tools/arm-none-eabi-4.9/bin/../lib/gcc/arm-none-eabi/4.9.4/../../../../arm-none-eabi/lib/libc.a(lib_a-itoa.o)
 .ARM.attributes
                0x00000000000001e6       0x33 /home/a-h/x-tools/arm-none-eabi-4.9/bin/../lib/gcc/arm-none-eabi/4.9.4/../../../../arm-none-eabi/lib/libc.a(lib_a-memset.o)
 .ARM.attributes
                0x0000000000000219       0x33 /home/a-h/x-tools/arm-none-eabi-4.9/bin/../lib/gcc/arm-none-eabi/4.9.4/../../../../arm-none-eabi/lib/libc.a(lib_a-strcat.o)
 .ARM.attributes
                0x000000000000024c       0x33 /home/a-h/x-tools/arm-none-eabi-4.9/bin/../lib/gcc/arm-none-eabi/4.9.4/../../../../arm-none-eabi/lib/libc.a(lib_a-strlen.o)
 .ARM.attributes
                0x000000000000027f       0x33 /home/a-h/x-tools/arm-none-eabi-4.9/bin/../lib/gcc/arm-none-eabi/4.9.4/../../../../arm-none-eabi/lib/libc.a(lib_a-strncmp.o)
 .ARM.attributes
                0x00000000000002b2       0x33 /home/a-h/x-tools/arm-none-eabi-4.9/bin/../lib/gcc/arm-none-eabi/4.9.4/../../../../arm-none-eabi/lib/libc.a(lib_a-strtol.o)
 .ARM.attributes
                0x00000000000002e5       0x33 /home/a-h/x-tools/arm-none-eabi-4.9/bin/../lib/gcc/arm-none-eabi/4.9.4/../../../../arm-none-eabi/lib/libc.a(lib_a-utoa.o)
 .ARM.attributes
                0x0000000000000318       0x33 /home/a-h/x-tools/arm-none-eabi-4.9/bin/../lib/gcc/arm-none-eabi/4.9.4/../../../../arm-none-eabi/lib/libc.a(lib_a-ctype_.o)
 .ARM.attributes
                0x000000000000034b       0x33 /home/a-h/x-tools/arm-none-eabi-4.9/bin/../lib/gcc/arm-none-eabi/4.9.4/../../../../arm-none-eabi/lib/libc.a(lib_a-impure.o)
 .ARM.attributes
                0x000000000000037e       0x23 /home/a-h/x-tools/arm-none-eabi-4.9/bin/../lib/gcc/arm-none-eabi/4.9.4/libgcc.a(_arm_addsubdf3.o)
 .ARM.attributes
                0x00000000000003a1       0x23 /home/a-h/x-tools/arm-none-eabi-4.9/bin/../lib/gcc/arm-none-eabi/4.9.4/libgcc.a(_arm_muldivdf3.o)
 .ARM.attributes
                0x00000000000003c4       0x23 /home/a-h/x-tools/arm-none-eabi-4.9/bin/../lib/gcc/arm-none-eabi/4.9.4/libgcc.a(_arm_fixdfsi.o)
 .ARM.attributes
                0x00000000000003e7       0x23 /home/a-h/x-tools/arm-none-eabi-4.9/bin/../lib/gcc/arm-none-eabi/4.9.4/libgcc.a(_arm_truncdfsf2.o)
 .ARM.attributes
                0x000000000000040a       0x23 /home/a-h/x-tools/arm-none-eabi-4.9/bin/../lib/gcc/arm-none-eabi/4.9.4/libgcc.a(_arm_addsubsf3.o)
 .ARM.attributes
                0x000000000000042d       0x23 /home/a-h/x-tools/arm-none-eabi-4.9/bin/../lib/gcc/arm-none-eabi/4.9.4/libgcc.a(_arm_muldivsf3.o)
 .ARM.attributes
                0x0000000000000450       0x23 /home/a-h/x-tools/arm-none-eabi-4.9/bin/../lib/gcc/arm-none-eabi/4.9.4/libgcc.a(_arm_cmpsf2.o)
 .ARM.attributes
                0x0000000000000473       0x23 /home/a-h/x-tools/arm-none-eabi-4.9/bin/../lib/gcc/arm-none-eabi/4.9.4/libgcc.a(_arm_fixsfsi.o)
 .ARM.attributes
                0x0000000000000496       0x23 /home/a-h/x-tools/arm-none-eabi-4.9/bin/../lib/gcc/arm-none-eabi/4.9.4/libgcc.a(_aeabi_uldivmod.o)
 .ARM.attributes
                0x00000000000004b9       0x33 /home/a-h/x-tools/arm-none-eabi-4.9/bin/../lib/gcc/arm-none-eabi/4.9.4/libgcc.a(_udivmoddi4.o)
 .ARM.attributes
                0x00000000000004ec       0x23 /home/a-h/x-tools/arm-none-eabi-4.9/bin/../lib/gcc/arm-none-eabi/4.9.4/libgcc.a(_dvmd_tls.o)
 .ARM.attributes
                0x000000000000050f       0x33 /home/a-h/x-tools/arm-none-eabi-4.9/bin/../lib/gcc/arm-none-eabi/4.9.4/../../../../arm-none-eabi/lib/libm.a(lib_a-w_sqrt.o)
 .ARM.attributes
                0x0000000000000542       0x33 /home/a-h/x-tools/arm-none-eabi-4.9/bin/../lib/gcc/arm-none-eabi/4.9.4/../../../../arm-none-eabi/lib/libm.a(lib_a-e_sqrt.o)
 .ARM.attributes
                0x0000000000000575       0x33 /home/a-h/x-tools/arm-none-eabi-4.9/bin/../lib/gcc/arm-none-eabi/4.9.4/../../../../arm-none-eabi/lib/libm.a(lib_a-s_fpclassify.o)
 .ARM.attributes
                0x00000000000005a8       0x33 /home/a-h/x-tools/arm-none-eabi-4.9/bin/../lib/gcc/arm-none-eabi/4.9.4/../../../../arm-none-eabi/lib/libm.a(lib_a-s_lib_ver.o)
 .ARM.attributes
                0x00000000000005db       0x33 /home/a-h/x-tools/arm-none-eabi-4.9/bin/../lib/gcc/arm-none-eabi/4.9.4/../../../../arm-none-eabi/lib/libm.a(lib_a-s_matherr.o)
 .ARM.attributes
                0x000000000000060e       0x23 /home/a-h/x-tools/arm-none-eabi-4.9/bin/../lib/gcc/arm-none-eabi/4.9.4/libgcc.a(_arm_cmpdf2.o)
 .ARM.attributes
                0x0000000000000631       0x33 /home/a-h/x-tools/arm-none-eabi-4.9/bin/../lib/gcc/arm-none-eabi/4.9.4/../../../../arm-none-eabi/lib/libg.a(lib_a-errno.o)

.debug
 *(.debug)

.line
 *(.line)

.debug_srcinfo
 *(.debug_srcinfo)

.debug_sfnames
 *(.debug_sfnames)

.debug_aranges  0x0000000000000000      0x478
 *(.debug_aranges)
 .debug_aranges
                0x0000000000000000       0x28 obj/asmfunc.o
 .debug_aranges
                0x0000000000000028       0x28 obj/main.o
 .debug_aranges
                0x0000000000000050       0x20 obj/interrupt.o
 .debug_aranges
                0x0000000000000070       0x20 obj/uart23xx.o
 .debug_aranges
                0x0000000000000090       0x20 obj/usart_console.o
 .debug_aranges
                0x00000000000000b0       0x20 obj/spi.o
 .debug_aranges
                0x00000000000000d0       0x20 obj/adc_dac.o
 .debug_aranges
                0x00000000000000f0       0x20 obj/timers.o
 .debug_aranges
                0x0000000000000110       0x20 /home/a-h/x-tools/arm-none-eabi-4.9/bin/../lib/gcc/arm-none-eabi/4.9.4/../../../../arm-none-eabi/lib/libc.a(lib_a-atoi.o)
 .debug_aranges
                0x0000000000000130       0x20 /home/a-h/x-tools/arm-none-eabi-4.9/bin/../lib/gcc/arm-none-eabi/4.9.4/../../../../arm-none-eabi/lib/libc.a(lib_a-itoa.o)
 .debug_aranges
                0x0000000000000150       0x20 /home/a-h/x-tools/arm-none-eabi-4.9/bin/../lib/gcc/arm-none-eabi/4.9.4/../../../../arm-none-eabi/lib/libc.a(lib_a-memset.o)
 .debug_aranges
                0x0000000000000170       0x20 /home/a-h/x-tools/arm-none-eabi-4.9/bin/../lib/gcc/arm-none-eabi/4.9.4/../../../../arm-none-eabi/lib/libc.a(lib_a-strcat.o)
 .debug_aranges
                0x0000000000000190       0x20 /home/a-h/x-tools/arm-none-eabi-4.9/bin/../lib/gcc/arm-none-eabi/4.9.4/../../../../arm-none-eabi/lib/libc.a(lib_a-strlen.o)
 .debug_aranges
                0x00000000000001b0       0x20 /home/a-h/x-tools/arm-none-eabi-4.9/bin/../lib/gcc/arm-none-eabi/4.9.4/../../../../arm-none-eabi/lib/libc.a(lib_a-strncmp.o)
 .debug_aranges
                0x00000000000001d0       0x20 /home/a-h/x-tools/arm-none-eabi-4.9/bin/../lib/gcc/arm-none-eabi/4.9.4/../../../../arm-none-eabi/lib/libc.a(lib_a-strtol.o)
 .debug_aranges
                0x00000000000001f0       0x20 /home/a-h/x-tools/arm-none-eabi-4.9/bin/../lib/gcc/arm-none-eabi/4.9.4/../../../../arm-none-eabi/lib/libc.a(lib_a-utoa.o)
 .debug_aranges
                0x0000000000000210       0x18 /home/a-h/x-tools/arm-none-eabi-4.9/bin/../lib/gcc/arm-none-eabi/4.9.4/../../../../arm-none-eabi/lib/libc.a(lib_a-ctype_.o)
 .debug_aranges
                0x0000000000000228       0x18 /home/a-h/x-tools/arm-none-eabi-4.9/bin/../lib/gcc/arm-none-eabi/4.9.4/../../../../arm-none-eabi/lib/libc.a(lib_a-impure.o)
 .debug_aranges
                0x0000000000000240       0x20 /home/a-h/x-tools/arm-none-eabi-4.9/bin/../lib/gcc/arm-none-eabi/4.9.4/libgcc.a(_arm_addsubdf3.o)
 .debug_aranges
                0x0000000000000260       0x20 /home/a-h/x-tools/arm-none-eabi-4.9/bin/../lib/gcc/arm-none-eabi/4.9.4/libgcc.a(_arm_muldivdf3.o)
 .debug_aranges
                0x0000000000000280       0x20 /home/a-h/x-tools/arm-none-eabi-4.9/bin/../lib/gcc/arm-none-eabi/4.9.4/libgcc.a(_arm_fixdfsi.o)
 .debug_aranges
                0x00000000000002a0       0x20 /home/a-h/x-tools/arm-none-eabi-4.9/bin/../lib/gcc/arm-none-eabi/4.9.4/libgcc.a(_arm_truncdfsf2.o)
 .debug_aranges
                0x00000000000002c0       0x20 /home/a-h/x-tools/arm-none-eabi-4.9/bin/../lib/gcc/arm-none-eabi/4.9.4/libgcc.a(_arm_addsubsf3.o)
 .debug_aranges
                0x00000000000002e0       0x20 /home/a-h/x-tools/arm-none-eabi-4.9/bin/../lib/gcc/arm-none-eabi/4.9.4/libgcc.a(_arm_muldivsf3.o)
 .debug_aranges
                0x0000000000000300       0x20 /home/a-h/x-tools/arm-none-eabi-4.9/bin/../lib/gcc/arm-none-eabi/4.9.4/libgcc.a(_arm_cmpsf2.o)
 .debug_aranges
                0x0000000000000320       0x20 /home/a-h/x-tools/arm-none-eabi-4.9/bin/../lib/gcc/arm-none-eabi/4.9.4/libgcc.a(_arm_fixsfsi.o)
 .debug_aranges
                0x0000000000000340       0x20 /home/a-h/x-tools/arm-none-eabi-4.9/bin/../lib/gcc/arm-none-eabi/4.9.4/libgcc.a(_aeabi_uldivmod.o)
 .debug_aranges
                0x0000000000000360       0x20 /home/a-h/x-tools/arm-none-eabi-4.9/bin/../lib/gcc/arm-none-eabi/4.9.4/libgcc.a(_udivmoddi4.o)
 .debug_aranges
                0x0000000000000380       0x20 /home/a-h/x-tools/arm-none-eabi-4.9/bin/../lib/gcc/arm-none-eabi/4.9.4/libgcc.a(_dvmd_tls.o)
 .debug_aranges
                0x00000000000003a0       0x20 /home/a-h/x-tools/arm-none-eabi-4.9/bin/../lib/gcc/arm-none-eabi/4.9.4/../../../../arm-none-eabi/lib/libm.a(lib_a-w_sqrt.o)
 .debug_aranges
                0x00000000000003c0       0x20 /home/a-h/x-tools/arm-none-eabi-4.9/bin/../lib/gcc/arm-none-eabi/4.9.4/../../../../arm-none-eabi/lib/libm.a(lib_a-e_sqrt.o)
 .debug_aranges
                0x00000000000003e0       0x20 /home/a-h/x-tools/arm-none-eabi-4.9/bin/../lib/gcc/arm-none-eabi/4.9.4/../../../../arm-none-eabi/lib/libm.a(lib_a-s_fpclassify.o)
 .debug_aranges
                0x0000000000000400       0x18 /home/a-h/x-tools/arm-none-eabi-4.9/bin/../lib/gcc/arm-none-eabi/4.9.4/../../../../arm-none-eabi/lib/libm.a(lib_a-s_lib_ver.o)
 .debug_aranges
                0x0000000000000418       0x20 /home/a-h/x-tools/arm-none-eabi-4.9/bin/../lib/gcc/arm-none-eabi/4.9.4/../../../../arm-none-eabi/lib/libm.a(lib_a-s_matherr.o)
 .debug_aranges
                0x0000000000000438       0x20 /home/a-h/x-tools/arm-none-eabi-4.9/bin/../lib/gcc/arm-none-eabi/4.9.4/libgcc.a(_arm_cmpdf2.o)
 .debug_aranges
                0x0000000000000458       0x20 /home/a-h/x-tools/arm-none-eabi-4.9/bin/../lib/gcc/arm-none-eabi/4.9.4/../../../../arm-none-eabi/lib/libg.a(lib_a-errno.o)

.debug_pubnames
 *(.debug_pubnames)

.debug_info     0x0000000000000000     0x7b35
 *(.debug_info .gnu.linkonce.wi.*)
 .debug_info    0x0000000000000000       0x52 obj/asmfunc.o
 .debug_info    0x0000000000000052      0xc52 obj/main.o
 .debug_info    0x0000000000000ca4      0x133 obj/interrupt.o
 .debug_info    0x0000000000000dd7      0xc12 obj/uart23xx.o
 .debug_info    0x00000000000019e9     0x10b4 obj/usart_console.o
 .debug_info    0x0000000000002a9d      0x2ee obj/spi.o
 .debug_info    0x0000000000002d8b      0x344 obj/adc_dac.o
 .debug_info    0x00000000000030cf      0xa32 obj/timers.o
 .debug_info    0x0000000000003b01      0x93d /home/a-h/x-tools/arm-none-eabi-4.9/bin/../lib/gcc/arm-none-eabi/4.9.4/../../../../arm-none-eabi/lib/libc.a(lib_a-atoi.o)
 .debug_info    0x000000000000443e      0x169 /home/a-h/x-tools/arm-none-eabi-4.9/bin/../lib/gcc/arm-none-eabi/4.9.4/../../../../arm-none-eabi/lib/libc.a(lib_a-itoa.o)
 .debug_info    0x00000000000045a7       0xcf /home/a-h/x-tools/arm-none-eabi-4.9/bin/../lib/gcc/arm-none-eabi/4.9.4/../../../../arm-none-eabi/lib/libc.a(lib_a-memset.o)
 .debug_info    0x0000000000004676       0xc4 /home/a-h/x-tools/arm-none-eabi-4.9/bin/../lib/gcc/arm-none-eabi/4.9.4/../../../../arm-none-eabi/lib/libc.a(lib_a-strcat.o)
 .debug_info    0x000000000000473a       0xc9 /home/a-h/x-tools/arm-none-eabi-4.9/bin/../lib/gcc/arm-none-eabi/4.9.4/../../../../arm-none-eabi/lib/libc.a(lib_a-strlen.o)
 .debug_info    0x0000000000004803       0xcb /home/a-h/x-tools/arm-none-eabi-4.9/bin/../lib/gcc/arm-none-eabi/4.9.4/../../../../arm-none-eabi/lib/libc.a(lib_a-strncmp.o)
 .debug_info    0x00000000000048ce      0x9a3 /home/a-h/x-tools/arm-none-eabi-4.9/bin/../lib/gcc/arm-none-eabi/4.9.4/../../../../arm-none-eabi/lib/libc.a(lib_a-strtol.o)
 .debug_info    0x0000000000005271      0x17e /home/a-h/x-tools/arm-none-eabi-4.9/bin/../lib/gcc/arm-none-eabi/4.9.4/../../../../arm-none-eabi/lib/libc.a(lib_a-utoa.o)
 .debug_info    0x00000000000053ef       0x6b /home/a-h/x-tools/arm-none-eabi-4.9/bin/../lib/gcc/arm-none-eabi/4.9.4/../../../../arm-none-eabi/lib/libc.a(lib_a-ctype_.o)
 .debug_info    0x000000000000545a      0x890 /home/a-h/x-tools/arm-none-eabi-4.9/bin/../lib/gcc/arm-none-eabi/4.9.4/../../../../arm-none-eabi/lib/libc.a(lib_a-impure.o)
 .debug_info    0x0000000000005cea       0xfa /home/a-h/x-tools/arm-none-eabi-4.9/bin/../lib/gcc/arm-none-eabi/4.9.4/libgcc.a(_arm_addsubdf3.o)
 .debug_info    0x0000000000005de4       0xfa /home/a-h/x-tools/arm-none-eabi-4.9/bin/../lib/gcc/arm-none-eabi/4.9.4/libgcc.a(_arm_muldivdf3.o)
 .debug_info    0x0000000000005ede       0xfa /home/a-h/x-tools/arm-none-eabi-4.9/bin/../lib/gcc/arm-none-eabi/4.9.4/libgcc.a(_arm_fixdfsi.o)
 .debug_info    0x0000000000005fd8       0xfa /home/a-h/x-tools/arm-none-eabi-4.9/bin/../lib/gcc/arm-none-eabi/4.9.4/libgcc.a(_arm_truncdfsf2.o)
 .debug_info    0x00000000000060d2       0xfa /home/a-h/x-tools/arm-none-eabi-4.9/bin/../lib/gcc/arm-none-eabi/4.9.4/libgcc.a(_arm_addsubsf3.o)
 .debug_info    0x00000000000061cc       0xfa /home/a-h/x-tools/arm-none-eabi-4.9/bin/../lib/gcc/arm-none-eabi/4.9.4/libgcc.a(_arm_muldivsf3.o)
 .debug_info    0x00000000000062c6       0xfa /home/a-h/x-tools/arm-none-eabi-4.9/bin/../lib/gcc/arm-none-eabi/4.9.4/libgcc.a(_arm_cmpsf2.o)
 .debug_info    0x00000000000063c0       0xfa /home/a-h/x-tools/arm-none-eabi-4.9/bin/../lib/gcc/arm-none-eabi/4.9.4/libgcc.a(_arm_fixsfsi.o)
 .debug_info    0x00000000000064ba       0xf5 /home/a-h/x-tools/arm-none-eabi-4.9/bin/../lib/gcc/arm-none-eabi/4.9.4/libgcc.a(_aeabi_uldivmod.o)
 .debug_info    0x00000000000065af      0x433 /home/a-h/x-tools/arm-none-eabi-4.9/bin/../lib/gcc/arm-none-eabi/4.9.4/libgcc.a(_udivmoddi4.o)
 .debug_info    0x00000000000069e2       0xf9 /home/a-h/x-tools/arm-none-eabi-4.9/bin/../lib/gcc/arm-none-eabi/4.9.4/libgcc.a(_dvmd_tls.o)
 .debug_info    0x0000000000006adb      0x204 /home/a-h/x-tools/arm-none-eabi-4.9/bin/../lib/gcc/arm-none-eabi/4.9.4/../../../../arm-none-eabi/lib/libm.a(lib_a-w_sqrt.o)
 .debug_info    0x0000000000006cdf      0x229 /home/a-h/x-tools/arm-none-eabi-4.9/bin/../lib/gcc/arm-none-eabi/4.9.4/../../../../arm-none-eabi/lib/libm.a(lib_a-e_sqrt.o)
 .debug_info    0x0000000000006f08       0xcf /home/a-h/x-tools/arm-none-eabi-4.9/bin/../lib/gcc/arm-none-eabi/4.9.4/../../../../arm-none-eabi/lib/libm.a(lib_a-s_fpclassify.o)
 .debug_info    0x0000000000006fd7       0xba /home/a-h/x-tools/arm-none-eabi-4.9/bin/../lib/gcc/arm-none-eabi/4.9.4/../../../../arm-none-eabi/lib/libm.a(lib_a-s_lib_ver.o)
 .debug_info    0x0000000000007091      0x125 /home/a-h/x-tools/arm-none-eabi-4.9/bin/../lib/gcc/arm-none-eabi/4.9.4/../../../../arm-none-eabi/lib/libm.a(lib_a-s_matherr.o)
 .debug_info    0x00000000000071b6       0xfa /home/a-h/x-tools/arm-none-eabi-4.9/bin/../lib/gcc/arm-none-eabi/4.9.4/libgcc.a(_arm_cmpdf2.o)
 .debug_info    0x00000000000072b0      0x885 /home/a-h/x-tools/arm-none-eabi-4.9/bin/../lib/gcc/arm-none-eabi/4.9.4/../../../../arm-none-eabi/lib/libg.a(lib_a-errno.o)

.debug_abbrev   0x0000000000000000     0x1ccc
 *(.debug_abbrev)
 .debug_abbrev  0x0000000000000000       0x12 obj/asmfunc.o
 .debug_abbrev  0x0000000000000012      0x261 obj/main.o
 .debug_abbrev  0x0000000000000273       0xa2 obj/interrupt.o
 .debug_abbrev  0x0000000000000315      0x254 obj/uart23xx.o
 .debug_abbrev  0x0000000000000569      0x2df obj/usart_console.o
 .debug_abbrev  0x0000000000000848       0xb2 obj/spi.o
 .debug_abbrev  0x00000000000008fa      0x106 obj/adc_dac.o
 .debug_abbrev  0x0000000000000a00      0x287 obj/timers.o
 .debug_abbrev  0x0000000000000c87      0x1cf /home/a-h/x-tools/arm-none-eabi-4.9/bin/../lib/gcc/arm-none-eabi/4.9.4/../../../../arm-none-eabi/lib/libc.a(lib_a-atoi.o)
 .debug_abbrev  0x0000000000000e56       0xc8 /home/a-h/x-tools/arm-none-eabi-4.9/bin/../lib/gcc/arm-none-eabi/4.9.4/../../../../arm-none-eabi/lib/libc.a(lib_a-itoa.o)
 .debug_abbrev  0x0000000000000f1e       0x8c /home/a-h/x-tools/arm-none-eabi-4.9/bin/../lib/gcc/arm-none-eabi/4.9.4/../../../../arm-none-eabi/lib/libc.a(lib_a-memset.o)
 .debug_abbrev  0x0000000000000faa       0x70 /home/a-h/x-tools/arm-none-eabi-4.9/bin/../lib/gcc/arm-none-eabi/4.9.4/../../../../arm-none-eabi/lib/libc.a(lib_a-strcat.o)
 .debug_abbrev  0x000000000000101a       0x8a /home/a-h/x-tools/arm-none-eabi-4.9/bin/../lib/gcc/arm-none-eabi/4.9.4/../../../../arm-none-eabi/lib/libc.a(lib_a-strlen.o)
 .debug_abbrev  0x00000000000010a4       0x6e /home/a-h/x-tools/arm-none-eabi-4.9/bin/../lib/gcc/arm-none-eabi/4.9.4/../../../../arm-none-eabi/lib/libc.a(lib_a-strncmp.o)
 .debug_abbrev  0x0000000000001112      0x205 /home/a-h/x-tools/arm-none-eabi-4.9/bin/../lib/gcc/arm-none-eabi/4.9.4/../../../../arm-none-eabi/lib/libc.a(lib_a-strtol.o)
 .debug_abbrev  0x0000000000001317       0xe5 /home/a-h/x-tools/arm-none-eabi-4.9/bin/../lib/gcc/arm-none-eabi/4.9.4/../../../../arm-none-eabi/lib/libc.a(lib_a-utoa.o)
 .debug_abbrev  0x00000000000013fc       0x4c /home/a-h/x-tools/arm-none-eabi-4.9/bin/../lib/gcc/arm-none-eabi/4.9.4/../../../../arm-none-eabi/lib/libc.a(lib_a-ctype_.o)
 .debug_abbrev  0x0000000000001448      0x17e /home/a-h/x-tools/arm-none-eabi-4.9/bin/../lib/gcc/arm-none-eabi/4.9.4/../../../../arm-none-eabi/lib/libc.a(lib_a-impure.o)
 .debug_abbrev  0x00000000000015c6       0x14 /home/a-h/x-tools/arm-none-eabi-4.9/bin/../lib/gcc/arm-none-eabi/4.9.4/libgcc.a(_arm_addsubdf3.o)
 .debug_abbrev  0x00000000000015da       0x14 /home/a-h/x-tools/arm-none-eabi-4.9/bin/../lib/gcc/arm-none-eabi/4.9.4/libgcc.a(_arm_muldivdf3.o)
 .debug_abbrev  0x00000000000015ee       0x14 /home/a-h/x-tools/arm-none-eabi-4.9/bin/../lib/gcc/arm-none-eabi/4.9.4/libgcc.a(_arm_fixdfsi.o)
 .debug_abbrev  0x0000000000001602       0x14 /home/a-h/x-tools/arm-none-eabi-4.9/bin/../lib/gcc/arm-none-eabi/4.9.4/libgcc.a(_arm_truncdfsf2.o)
 .debug_abbrev  0x0000000000001616       0x14 /home/a-h/x-tools/arm-none-eabi-4.9/bin/../lib/gcc/arm-none-eabi/4.9.4/libgcc.a(_arm_addsubsf3.o)
 .debug_abbrev  0x000000000000162a       0x14 /home/a-h/x-tools/arm-none-eabi-4.9/bin/../lib/gcc/arm-none-eabi/4.9.4/libgcc.a(_arm_muldivsf3.o)
 .debug_abbrev  0x000000000000163e       0x14 /home/a-h/x-tools/arm-none-eabi-4.9/bin/../lib/gcc/arm-none-eabi/4.9.4/libgcc.a(_arm_cmpsf2.o)
 .debug_abbrev  0x0000000000001652       0x14 /home/a-h/x-tools/arm-none-eabi-4.9/bin/../lib/gcc/arm-none-eabi/4.9.4/libgcc.a(_arm_fixsfsi.o)
 .debug_abbrev  0x0000000000001666       0x14 /home/a-h/x-tools/arm-none-eabi-4.9/bin/../lib/gcc/arm-none-eabi/4.9.4/libgcc.a(_aeabi_uldivmod.o)
 .debug_abbrev  0x000000000000167a      0x101 /home/a-h/x-tools/arm-none-eabi-4.9/bin/../lib/gcc/arm-none-eabi/4.9.4/libgcc.a(_udivmoddi4.o)
 .debug_abbrev  0x000000000000177b       0x14 /home/a-h/x-tools/arm-none-eabi-4.9/bin/../lib/gcc/arm-none-eabi/4.9.4/libgcc.a(_dvmd_tls.o)
 .debug_abbrev  0x000000000000178f      0x138 /home/a-h/x-tools/arm-none-eabi-4.9/bin/../lib/gcc/arm-none-eabi/4.9.4/../../../../arm-none-eabi/lib/libm.a(lib_a-w_sqrt.o)
 .debug_abbrev  0x00000000000018c7      0x114 /home/a-h/x-tools/arm-none-eabi-4.9/bin/../lib/gcc/arm-none-eabi/4.9.4/../../../../arm-none-eabi/lib/libm.a(lib_a-e_sqrt.o)
 .debug_abbrev  0x00000000000019db       0x6b /home/a-h/x-tools/arm-none-eabi-4.9/bin/../lib/gcc/arm-none-eabi/4.9.4/../../../../arm-none-eabi/lib/libm.a(lib_a-s_fpclassify.o)
 .debug_abbrev  0x0000000000001a46       0x4d /home/a-h/x-tools/arm-none-eabi-4.9/bin/../lib/gcc/arm-none-eabi/4.9.4/../../../../arm-none-eabi/lib/libm.a(lib_a-s_lib_ver.o)
 .debug_abbrev  0x0000000000001a93       0x98 /home/a-h/x-tools/arm-none-eabi-4.9/bin/../lib/gcc/arm-none-eabi/4.9.4/../../../../arm-none-eabi/lib/libm.a(lib_a-s_matherr.o)
 .debug_abbrev  0x0000000000001b2b       0x14 /home/a-h/x-tools/arm-none-eabi-4.9/bin/../lib/gcc/arm-none-eabi/4.9.4/libgcc.a(_arm_cmpdf2.o)
 .debug_abbrev  0x0000000000001b3f      0x18d /home/a-h/x-tools/arm-none-eabi-4.9/bin/../lib/gcc/arm-none-eabi/4.9.4/../../../../arm-none-eabi/lib/libg.a(lib_a-errno.o)

.debug_line     0x0000000000000000     0x3214
 *(.debug_line)
 .debug_line    0x0000000000000000      0x12b obj/asmfunc.o
 .debug_line    0x000000000000012b      0x1eb obj/main.o
 .debug_line    0x0000000000000316       0x4f obj/interrupt.o
 .debug_line    0x0000000000000365      0x1b1 obj/uart23xx.o
 .debug_line    0x0000000000000516      0x25b obj/usart_console.o
 .debug_line    0x0000000000000771      0x15a obj/spi.o
 .debug_line    0x00000000000008cb       0xfa obj/adc_dac.o
 .debug_line    0x00000000000009c5      0x2b0 obj/timers.o
 .debug_line    0x0000000000000c75      0x20b /home/a-h/x-tools/arm-none-eabi-4.9/bin/../lib/gcc/arm-none-eabi/4.9.4/../../../../arm-none-eabi/lib/libc.a(lib_a-atoi.o)
 .debug_line    0x0000000000000e80      0x123 /home/a-h/x-tools/arm-none-eabi-4.9/bin/../lib/gcc/arm-none-eabi/4.9.4/../../../../arm-none-eabi/lib/libc.a(lib_a-itoa.o)
 .debug_line    0x0000000000000fa3      0x187 /home/a-h/x-tools/arm-none-eabi-4.9/bin/../lib/gcc/arm-none-eabi/4.9.4/../../../../arm-none-eabi/lib/libc.a(lib_a-memset.o)
 .debug_line    0x000000000000112a      0x113 /home/a-h/x-tools/arm-none-eabi-4.9/bin/../lib/gcc/arm-none-eabi/4.9.4/../../../../arm-none-eabi/lib/libc.a(lib_a-strcat.o)
 .debug_line    0x000000000000123d      0x18b /home/a-h/x-tools/arm-none-eabi-4.9/bin/../lib/gcc/arm-none-eabi/4.9.4/../../../../arm-none-eabi/lib/libc.a(lib_a-strlen.o)
 .debug_line    0x00000000000013c8      0x192 /home/a-h/x-tools/arm-none-eabi-4.9/bin/../lib/gcc/arm-none-eabi/4.9.4/../../../../arm-none-eabi/lib/libc.a(lib_a-strncmp.o)
 .debug_line    0x000000000000155a      0x280 /home/a-h/x-tools/arm-none-eabi-4.9/bin/../lib/gcc/arm-none-eabi/4.9.4/../../../../arm-none-eabi/lib/libc.a(lib_a-strtol.o)
 .debug_line    0x00000000000017da      0x13d /home/a-h/x-tools/arm-none-eabi-4.9/bin/../lib/gcc/arm-none-eabi/4.9.4/../../../../arm-none-eabi/lib/libc.a(lib_a-utoa.o)
 .debug_line    0x0000000000001917       0x8b /home/a-h/x-tools/arm-none-eabi-4.9/bin/../lib/gcc/arm-none-eabi/4.9.4/../../../../arm-none-eabi/lib/libc.a(lib_a-ctype_.o)
 .debug_line    0x00000000000019a2      0x18a /home/a-h/x-tools/arm-none-eabi-4.9/bin/../lib/gcc/arm-none-eabi/4.9.4/../../../../arm-none-eabi/lib/libc.a(lib_a-impure.o)
 .debug_line    0x0000000000001b2c      0x1b0 /home/a-h/x-tools/arm-none-eabi-4.9/bin/../lib/gcc/arm-none-eabi/4.9.4/libgcc.a(_arm_addsubdf3.o)
 .debug_line    0x0000000000001cdc      0x1d4 /home/a-h/x-tools/arm-none-eabi-4.9/bin/../lib/gcc/arm-none-eabi/4.9.4/libgcc.a(_arm_muldivdf3.o)
 .debug_line    0x0000000000001eb0       0xb1 /home/a-h/x-tools/arm-none-eabi-4.9/bin/../lib/gcc/arm-none-eabi/4.9.4/libgcc.a(_arm_fixdfsi.o)
 .debug_line    0x0000000000001f61       0xc5 /home/a-h/x-tools/arm-none-eabi-4.9/bin/../lib/gcc/arm-none-eabi/4.9.4/libgcc.a(_arm_truncdfsf2.o)
 .debug_line    0x0000000000002026      0x151 /home/a-h/x-tools/arm-none-eabi-4.9/bin/../lib/gcc/arm-none-eabi/4.9.4/libgcc.a(_arm_addsubsf3.o)
 .debug_line    0x0000000000002177      0x174 /home/a-h/x-tools/arm-none-eabi-4.9/bin/../lib/gcc/arm-none-eabi/4.9.4/libgcc.a(_arm_muldivsf3.o)
 .debug_line    0x00000000000022eb       0xe5 /home/a-h/x-tools/arm-none-eabi-4.9/bin/../lib/gcc/arm-none-eabi/4.9.4/libgcc.a(_arm_cmpsf2.o)
 .debug_line    0x00000000000023d0       0xb1 /home/a-h/x-tools/arm-none-eabi-4.9/bin/../lib/gcc/arm-none-eabi/4.9.4/libgcc.a(_arm_fixsfsi.o)
 .debug_line    0x0000000000002481       0x98 /home/a-h/x-tools/arm-none-eabi-4.9/bin/../lib/gcc/arm-none-eabi/4.9.4/libgcc.a(_aeabi_uldivmod.o)
 .debug_line    0x0000000000002519      0x1f1 /home/a-h/x-tools/arm-none-eabi-4.9/bin/../lib/gcc/arm-none-eabi/4.9.4/libgcc.a(_udivmoddi4.o)
 .debug_line    0x000000000000270a       0x98 /home/a-h/x-tools/arm-none-eabi-4.9/bin/../lib/gcc/arm-none-eabi/4.9.4/libgcc.a(_dvmd_tls.o)
 .debug_line    0x00000000000027a2      0x20f /home/a-h/x-tools/arm-none-eabi-4.9/bin/../lib/gcc/arm-none-eabi/4.9.4/../../../../arm-none-eabi/lib/libm.a(lib_a-w_sqrt.o)
 .debug_line    0x00000000000029b1      0x213 /home/a-h/x-tools/arm-none-eabi-4.9/bin/../lib/gcc/arm-none-eabi/4.9.4/../../../../arm-none-eabi/lib/libm.a(lib_a-e_sqrt.o)
 .debug_line    0x0000000000002bc4      0x1b4 /home/a-h/x-tools/arm-none-eabi-4.9/bin/../lib/gcc/arm-none-eabi/4.9.4/../../../../arm-none-eabi/lib/libm.a(lib_a-s_fpclassify.o)
 .debug_line    0x0000000000002d78       0xfb /home/a-h/x-tools/arm-none-eabi-4.9/bin/../lib/gcc/arm-none-eabi/4.9.4/../../../../arm-none-eabi/lib/libm.a(lib_a-s_lib_ver.o)
 .debug_line    0x0000000000002e73      0x10c /home/a-h/x-tools/arm-none-eabi-4.9/bin/../lib/gcc/arm-none-eabi/4.9.4/../../../../arm-none-eabi/lib/libm.a(lib_a-s_matherr.o)
 .debug_line    0x0000000000002f7f       0xf1 /home/a-h/x-tools/arm-none-eabi-4.9/bin/../lib/gcc/arm-none-eabi/4.9.4/libgcc.a(_arm_cmpdf2.o)
 .debug_line    0x0000000000003070      0x1a4 /home/a-h/x-tools/arm-none-eabi-4.9/bin/../lib/gcc/arm-none-eabi/4.9.4/../../../../arm-none-eabi/lib/libg.a(lib_a-errno.o)

.debug_frame    0x0000000000000000      0x784
 *(.debug_frame)
 .debug_frame   0x0000000000000000       0x94 obj/main.o
 .debug_frame   0x0000000000000094       0x80 obj/interrupt.o
 .debug_frame   0x0000000000000114       0x7c obj/uart23xx.o
 .debug_frame   0x0000000000000190       0xac obj/usart_console.o
 .debug_frame   0x000000000000023c       0xc0 obj/spi.o
 .debug_frame   0x00000000000002fc       0x8c obj/adc_dac.o
 .debug_frame   0x0000000000000388      0x144 obj/timers.o
 .debug_frame   0x00000000000004cc       0x30 /home/a-h/x-tools/arm-none-eabi-4.9/bin/../lib/gcc/arm-none-eabi/4.9.4/../../../../arm-none-eabi/lib/libc.a(lib_a-atoi.o)
 .debug_frame   0x00000000000004fc       0x38 /home/a-h/x-tools/arm-none-eabi-4.9/bin/../lib/gcc/arm-none-eabi/4.9.4/../../../../arm-none-eabi/lib/libc.a(lib_a-itoa.o)
 .debug_frame   0x0000000000000534       0x20 /home/a-h/x-tools/arm-none-eabi-4.9/bin/../lib/gcc/arm-none-eabi/4.9.4/../../../../arm-none-eabi/lib/libc.a(lib_a-memset.o)
 .debug_frame   0x0000000000000554       0x28 /home/a-h/x-tools/arm-none-eabi-4.9/bin/../lib/gcc/arm-none-eabi/4.9.4/../../../../arm-none-eabi/lib/libc.a(lib_a-strcat.o)
 .debug_frame   0x000000000000057c       0x20 /home/a-h/x-tools/arm-none-eabi-4.9/bin/../lib/gcc/arm-none-eabi/4.9.4/../../../../arm-none-eabi/lib/libc.a(lib_a-strlen.o)
 .debug_frame   0x000000000000059c       0x2c /home/a-h/x-tools/arm-none-eabi-4.9/bin/../lib/gcc/arm-none-eabi/4.9.4/../../../../arm-none-eabi/lib/libc.a(lib_a-strncmp.o)
 .debug_frame   0x00000000000005c8       0x44 /home/a-h/x-tools/arm-none-eabi-4.9/bin/../lib/gcc/arm-none-eabi/4.9.4/../../../../arm-none-eabi/lib/libc.a(lib_a-strtol.o)
 .debug_frame   0x000000000000060c       0x44 /home/a-h/x-tools/arm-none-eabi-4.9/bin/../lib/gcc/arm-none-eabi/4.9.4/../../../../arm-none-eabi/lib/libc.a(lib_a-utoa.o)
 .debug_frame   0x0000000000000650       0x2c /home/a-h/x-tools/arm-none-eabi-4.9/bin/../lib/gcc/arm-none-eabi/4.9.4/libgcc.a(_aeabi_uldivmod.o)
 .debug_frame   0x000000000000067c       0x34 /home/a-h/x-tools/arm-none-eabi-4.9/bin/../lib/gcc/arm-none-eabi/4.9.4/libgcc.a(_udivmoddi4.o)
 .debug_frame   0x00000000000006b0       0x3c /home/a-h/x-tools/arm-none-eabi-4.9/bin/../lib/gcc/arm-none-eabi/4.9.4/../../../../arm-none-eabi/lib/libm.a(lib_a-w_sqrt.o)
 .debug_frame   0x00000000000006ec       0x30 /home/a-h/x-tools/arm-none-eabi-4.9/bin/../lib/gcc/arm-none-eabi/4.9.4/../../../../arm-none-eabi/lib/libm.a(lib_a-e_sqrt.o)
 .debug_frame   0x000000000000071c       0x28 /home/a-h/x-tools/arm-none-eabi-4.9/bin/../lib/gcc/arm-none-eabi/4.9.4/../../../../arm-none-eabi/lib/libm.a(lib_a-s_fpclassify.o)
 .debug_frame   0x0000000000000744       0x20 /home/a-h/x-tools/arm-none-eabi-4.9/bin/../lib/gcc/arm-none-eabi/4.9.4/../../../../arm-none-eabi/lib/libm.a(lib_a-s_matherr.o)
 .debug_frame   0x0000000000000764       0x20 /home/a-h/x-tools/arm-none-eabi-4.9/bin/../lib/gcc/arm-none-eabi/4.9.4/../../../../arm-none-eabi/lib/libg.a(lib_a-errno.o)

.debug_str      0x0000000000000000     0x1500
 *(.debug_str)
 .debug_str     0x0000000000000000      0x5c7 obj/main.o
                                        0x65b (size before relaxing)
 .debug_str     0x00000000000005c7       0xd7 obj/interrupt.o
                                         0xf6 (size before relaxing)
 .debug_str     0x000000000000069e       0x6c obj/uart23xx.o
                                        0x603 (size before relaxing)
 .debug_str     0x000000000000070a       0xed obj/usart_console.o
                                        0x6e0 (size before relaxing)
 .debug_str     0x00000000000007f7       0x94 obj/spi.o
                                        0x232 (size before relaxing)
 .debug_str     0x000000000000088b       0x32 obj/adc_dac.o
                                        0x1f4 (size before relaxing)
 .debug_str     0x00000000000008bd      0x1bd obj/timers.o
                                        0x3b3 (size before relaxing)
 .debug_str     0x0000000000000a7a      0x113 /home/a-h/x-tools/arm-none-eabi-4.9/bin/../lib/gcc/arm-none-eabi/4.9.4/../../../../arm-none-eabi/lib/libc.a(lib_a-atoi.o)
                                        0x52c (size before relaxing)
 .debug_str     0x0000000000000b8d       0x7e /home/a-h/x-tools/arm-none-eabi-4.9/bin/../lib/gcc/arm-none-eabi/4.9.4/../../../../arm-none-eabi/lib/libc.a(lib_a-itoa.o)
                                        0x17d (size before relaxing)
 .debug_str     0x0000000000000c0b       0x6b /home/a-h/x-tools/arm-none-eabi-4.9/bin/../lib/gcc/arm-none-eabi/4.9.4/../../../../arm-none-eabi/lib/libc.a(lib_a-memset.o)
                                        0x168 (size before relaxing)
 .debug_str     0x0000000000000c76       0x6b /home/a-h/x-tools/arm-none-eabi-4.9/bin/../lib/gcc/arm-none-eabi/4.9.4/../../../../arm-none-eabi/lib/libc.a(lib_a-strcat.o)
                                        0x161 (size before relaxing)
 .debug_str     0x0000000000000ce1       0x78 /home/a-h/x-tools/arm-none-eabi-4.9/bin/../lib/gcc/arm-none-eabi/4.9.4/../../../../arm-none-eabi/lib/libc.a(lib_a-strlen.o)
                                        0x175 (size before relaxing)
 .debug_str     0x0000000000000d59       0x6c /home/a-h/x-tools/arm-none-eabi-4.9/bin/../lib/gcc/arm-none-eabi/4.9.4/../../../../arm-none-eabi/lib/libc.a(lib_a-strncmp.o)
                                        0x16a (size before relaxing)
 .debug_str     0x0000000000000dc5       0x98 /home/a-h/x-tools/arm-none-eabi-4.9/bin/../lib/gcc/arm-none-eabi/4.9.4/../../../../arm-none-eabi/lib/libc.a(lib_a-strtol.o)
                                        0x55f (size before relaxing)
 .debug_str     0x0000000000000e5d       0x7a /home/a-h/x-tools/arm-none-eabi-4.9/bin/../lib/gcc/arm-none-eabi/4.9.4/../../../../arm-none-eabi/lib/libc.a(lib_a-utoa.o)
                                        0x180 (size before relaxing)
 .debug_str     0x0000000000000ed7       0x72 /home/a-h/x-tools/arm-none-eabi-4.9/bin/../lib/gcc/arm-none-eabi/4.9.4/../../../../arm-none-eabi/lib/libc.a(lib_a-ctype_.o)
                                         0xeb (size before relaxing)
 .debug_str     0x0000000000000f49       0x76 /home/a-h/x-tools/arm-none-eabi-4.9/bin/../lib/gcc/arm-none-eabi/4.9.4/../../../../arm-none-eabi/lib/libc.a(lib_a-impure.o)
                                        0x53a (size before relaxing)
 .debug_str     0x0000000000000fbf      0x1db /home/a-h/x-tools/arm-none-eabi-4.9/bin/../lib/gcc/arm-none-eabi/4.9.4/libgcc.a(_udivmoddi4.o)
                                        0x284 (size before relaxing)
 .debug_str     0x000000000000119a      0x111 /home/a-h/x-tools/arm-none-eabi-4.9/bin/../lib/gcc/arm-none-eabi/4.9.4/../../../../arm-none-eabi/lib/libm.a(lib_a-w_sqrt.o)
                                        0x223 (size before relaxing)
 .debug_str     0x00000000000012ab       0x9f /home/a-h/x-tools/arm-none-eabi-4.9/bin/../lib/gcc/arm-none-eabi/4.9.4/../../../../arm-none-eabi/lib/libm.a(lib_a-e_sqrt.o)
                                        0x1cc (size before relaxing)
 .debug_str     0x000000000000134a       0x71 /home/a-h/x-tools/arm-none-eabi-4.9/bin/../lib/gcc/arm-none-eabi/4.9.4/../../../../arm-none-eabi/lib/libm.a(lib_a-s_fpclassify.o)
                                        0x192 (size before relaxing)
 .debug_str     0x00000000000013bb       0x6e /home/a-h/x-tools/arm-none-eabi-4.9/bin/../lib/gcc/arm-none-eabi/4.9.4/../../../../arm-none-eabi/lib/libm.a(lib_a-s_lib_ver.o)
                                        0x1d1 (size before relaxing)
 .debug_str     0x0000000000001429       0x6e /home/a-h/x-tools/arm-none-eabi-4.9/bin/../lib/gcc/arm-none-eabi/4.9.4/../../../../arm-none-eabi/lib/libm.a(lib_a-s_matherr.o)
                                        0x1a3 (size before relaxing)
 .debug_str     0x0000000000001497       0x69 /home/a-h/x-tools/arm-none-eabi-4.9/bin/../lib/gcc/arm-none-eabi/4.9.4/../../../../arm-none-eabi/lib/libg.a(lib_a-errno.o)
                                        0x522 (size before relaxing)

.debug_loc      0x0000000000000000     0x2d86
 *(.debug_loc)
 .debug_loc     0x0000000000000000       0xfc obj/main.o
 .debug_loc     0x00000000000000fc      0x114 obj/uart23xx.o
 .debug_loc     0x0000000000000210      0x653 obj/usart_console.o
 .debug_loc     0x0000000000000863      0x4ce obj/spi.o
 .debug_loc     0x0000000000000d31       0xdf obj/adc_dac.o
 .debug_loc     0x0000000000000e10      0x571 obj/timers.o
 .debug_loc     0x0000000000001381       0x63 /home/a-h/x-tools/arm-none-eabi-4.9/bin/../lib/gcc/arm-none-eabi/4.9.4/../../../../arm-none-eabi/lib/libc.a(lib_a-atoi.o)
 .debug_loc     0x00000000000013e4      0x155 /home/a-h/x-tools/arm-none-eabi-4.9/bin/../lib/gcc/arm-none-eabi/4.9.4/../../../../arm-none-eabi/lib/libc.a(lib_a-itoa.o)
 .debug_loc     0x0000000000001539       0x49 /home/a-h/x-tools/arm-none-eabi-4.9/bin/../lib/gcc/arm-none-eabi/4.9.4/../../../../arm-none-eabi/lib/libc.a(lib_a-memset.o)
 .debug_loc     0x0000000000001582       0x54 /home/a-h/x-tools/arm-none-eabi-4.9/bin/../lib/gcc/arm-none-eabi/4.9.4/../../../../arm-none-eabi/lib/libc.a(lib_a-strcat.o)
 .debug_loc     0x00000000000015d6       0x21 /home/a-h/x-tools/arm-none-eabi-4.9/bin/../lib/gcc/arm-none-eabi/4.9.4/../../../../arm-none-eabi/lib/libc.a(lib_a-strlen.o)
 .debug_loc     0x00000000000015f7       0x8b /home/a-h/x-tools/arm-none-eabi-4.9/bin/../lib/gcc/arm-none-eabi/4.9.4/../../../../arm-none-eabi/lib/libc.a(lib_a-strncmp.o)
 .debug_loc     0x0000000000001682      0x349 /home/a-h/x-tools/arm-none-eabi-4.9/bin/../lib/gcc/arm-none-eabi/4.9.4/../../../../arm-none-eabi/lib/libc.a(lib_a-strtol.o)
 .debug_loc     0x00000000000019cb      0x16c /home/a-h/x-tools/arm-none-eabi-4.9/bin/../lib/gcc/arm-none-eabi/4.9.4/../../../../arm-none-eabi/lib/libc.a(lib_a-utoa.o)
 .debug_loc     0x0000000000001b37      0xe2e /home/a-h/x-tools/arm-none-eabi-4.9/bin/../lib/gcc/arm-none-eabi/4.9.4/libgcc.a(_udivmoddi4.o)
 .debug_loc     0x0000000000002965       0x50 /home/a-h/x-tools/arm-none-eabi-4.9/bin/../lib/gcc/arm-none-eabi/4.9.4/../../../../arm-none-eabi/lib/libm.a(lib_a-w_sqrt.o)
 .debug_loc     0x00000000000029b5      0x308 /home/a-h/x-tools/arm-none-eabi-4.9/bin/../lib/gcc/arm-none-eabi/4.9.4/../../../../arm-none-eabi/lib/libm.a(lib_a-e_sqrt.o)
 .debug_loc     0x0000000000002cbd       0xa8 /home/a-h/x-tools/arm-none-eabi-4.9/bin/../lib/gcc/arm-none-eabi/4.9.4/../../../../arm-none-eabi/lib/libm.a(lib_a-s_fpclassify.o)
 .debug_loc     0x0000000000002d65       0x21 /home/a-h/x-tools/arm-none-eabi-4.9/bin/../lib/gcc/arm-none-eabi/4.9.4/../../../../arm-none-eabi/lib/libm.a(lib_a-s_matherr.o)

.debug_macinfo
 *(.debug_macinfo)

.debug_weaknames
 *(.debug_weaknames)

.debug_funcnames
 *(.debug_funcnames)

.debug_typenames
 *(.debug_typenames)

.debug_varnames
 *(.debug_varnames)
OUTPUT(obj/zond_cvc.elf elf32-littlearm)

.debug_ranges   0x0000000000000000      0x190
 .debug_ranges  0x0000000000000000       0x20 obj/asmfunc.o
 .debug_ranges  0x0000000000000020       0x18 obj/main.o
 .debug_ranges  0x0000000000000038       0x48 obj/usart_console.o
 .debug_ranges  0x0000000000000080       0xf8 /home/a-h/x-tools/arm-none-eabi-4.9/bin/../lib/gcc/arm-none-eabi/4.9.4/libgcc.a(_udivmoddi4.o)
 .debug_ranges  0x0000000000000178       0x18 /home/a-h/x-tools/arm-none-eabi-4.9/bin/../lib/gcc/arm-none-eabi/4.9.4/../../../../arm-none-eabi/lib/libm.a(lib_a-e_sqrt.o)

Cross Reference Table

Symbol                                            File
ClearVector                                       obj/interrupt.o
                                                  obj/main.o
Copy_al2un                                        obj/asmfunc.o
Copy_un2al                                        obj/asmfunc.o
Delay                                             obj/adc_dac.o
Exit_Main                                         obj/init_cpu.o
Index                                             obj/usart_console.o
Init_CPU                                          obj/init_cpu.o
Init_Clocks                                       obj/init_cpu.o
Init_MAM                                          obj/init_cpu.o
Init_Modules                                      obj/init_cpu.o
Init_Pins                                         obj/init_cpu.o
Init_Wait                                         obj/init_cpu.o
IrqDisable                                        obj/interrupt.o
IrqEnable                                         obj/interrupt.o
                                                  obj/main.o
Isr_TIM0                                          obj/timers.o
Isr_UART0                                         obj/uart23xx.o
LoadFiqRegs                                       obj/interrupt.o
RegisterIrq                                       obj/interrupt.o
                                                  obj/timers.o
                                                  obj/uart23xx.o
RxCount                                           obj/usart_console.o
SPI0_send_1_byte                                  obj/spi.o
                                                  obj/timers.o
                                                  obj/adc_dac.o
SPI0_send_2_byte                                  obj/spi.o
                                                  obj/timers.o
                                                  obj/adc_dac.o
                                                  obj/usart_console.o
SPI_ADC_data_transfers_16bit                      obj/spi.o
SPI_ADC_data_transfers_8bit                       obj/spi.o
SPI_DAC_data_transfers_16bit                      obj/spi.o
SPI_DAC_data_transfers_8bit                       obj/spi.o
SelectFiq                                         obj/interrupt.o
StoreFiqRegs                                      obj/interrupt.o
UART0_send                                        obj/usart_console.o
                                                  obj/timers.o
                                                  obj/main.o
UART0_send_byte                                   obj/usart_console.o
__adddf3                                          /home/a-h/x-tools/arm-none-eabi-4.9/bin/../lib/gcc/arm-none-eabi/4.9.4/libgcc.a(_arm_addsubdf3.o)
__addsf3                                          /home/a-h/x-tools/arm-none-eabi-4.9/bin/../lib/gcc/arm-none-eabi/4.9.4/libgcc.a(_arm_addsubsf3.o)
__aeabi_cdcmpeq                                   /home/a-h/x-tools/arm-none-eabi-4.9/bin/../lib/gcc/arm-none-eabi/4.9.4/libgcc.a(_arm_cmpdf2.o)
__aeabi_cdcmple                                   /home/a-h/x-tools/arm-none-eabi-4.9/bin/../lib/gcc/arm-none-eabi/4.9.4/libgcc.a(_arm_cmpdf2.o)
__aeabi_cdrcmple                                  /home/a-h/x-tools/arm-none-eabi-4.9/bin/../lib/gcc/arm-none-eabi/4.9.4/libgcc.a(_arm_cmpdf2.o)
__aeabi_cfcmpeq                                   /home/a-h/x-tools/arm-none-eabi-4.9/bin/../lib/gcc/arm-none-eabi/4.9.4/libgcc.a(_arm_cmpsf2.o)
__aeabi_cfcmple                                   /home/a-h/x-tools/arm-none-eabi-4.9/bin/../lib/gcc/arm-none-eabi/4.9.4/libgcc.a(_arm_cmpsf2.o)
__aeabi_cfrcmple                                  /home/a-h/x-tools/arm-none-eabi-4.9/bin/../lib/gcc/arm-none-eabi/4.9.4/libgcc.a(_arm_cmpsf2.o)
__aeabi_d2f                                       /home/a-h/x-tools/arm-none-eabi-4.9/bin/../lib/gcc/arm-none-eabi/4.9.4/libgcc.a(_arm_truncdfsf2.o)
                                                  obj/timers.o
__aeabi_d2iz                                      /home/a-h/x-tools/arm-none-eabi-4.9/bin/../lib/gcc/arm-none-eabi/4.9.4/libgcc.a(_arm_fixdfsi.o)
                                                  obj/usart_console.o
__aeabi_dadd                                      /home/a-h/x-tools/arm-none-eabi-4.9/bin/../lib/gcc/arm-none-eabi/4.9.4/libgcc.a(_arm_addsubdf3.o)
                                                  /home/a-h/x-tools/arm-none-eabi-4.9/bin/../lib/gcc/arm-none-eabi/4.9.4/../../../../arm-none-eabi/lib/libm.a(lib_a-e_sqrt.o)
                                                  obj/timers.o
                                                  obj/usart_console.o
__aeabi_dcmpeq                                    /home/a-h/x-tools/arm-none-eabi-4.9/bin/../lib/gcc/arm-none-eabi/4.9.4/libgcc.a(_arm_cmpdf2.o)
__aeabi_dcmpge                                    /home/a-h/x-tools/arm-none-eabi-4.9/bin/../lib/gcc/arm-none-eabi/4.9.4/libgcc.a(_arm_cmpdf2.o)
__aeabi_dcmpgt                                    /home/a-h/x-tools/arm-none-eabi-4.9/bin/../lib/gcc/arm-none-eabi/4.9.4/libgcc.a(_arm_cmpdf2.o)
__aeabi_dcmple                                    /home/a-h/x-tools/arm-none-eabi-4.9/bin/../lib/gcc/arm-none-eabi/4.9.4/libgcc.a(_arm_cmpdf2.o)
__aeabi_dcmplt                                    /home/a-h/x-tools/arm-none-eabi-4.9/bin/../lib/gcc/arm-none-eabi/4.9.4/libgcc.a(_arm_cmpdf2.o)
                                                  /home/a-h/x-tools/arm-none-eabi-4.9/bin/../lib/gcc/arm-none-eabi/4.9.4/../../../../arm-none-eabi/lib/libm.a(lib_a-w_sqrt.o)
__aeabi_ddiv                                      /home/a-h/x-tools/arm-none-eabi-4.9/bin/../lib/gcc/arm-none-eabi/4.9.4/libgcc.a(_arm_muldivdf3.o)
                                                  /home/a-h/x-tools/arm-none-eabi-4.9/bin/../lib/gcc/arm-none-eabi/4.9.4/../../../../arm-none-eabi/lib/libm.a(lib_a-e_sqrt.o)
                                                  /home/a-h/x-tools/arm-none-eabi-4.9/bin/../lib/gcc/arm-none-eabi/4.9.4/../../../../arm-none-eabi/lib/libm.a(lib_a-w_sqrt.o)
                                                  obj/timers.o
                                                  obj/usart_console.o
__aeabi_dmul                                      /home/a-h/x-tools/arm-none-eabi-4.9/bin/../lib/gcc/arm-none-eabi/4.9.4/libgcc.a(_arm_muldivdf3.o)
                                                  /home/a-h/x-tools/arm-none-eabi-4.9/bin/../lib/gcc/arm-none-eabi/4.9.4/../../../../arm-none-eabi/lib/libm.a(lib_a-e_sqrt.o)
                                                  obj/timers.o
                                                  obj/usart_console.o
__aeabi_drsub                                     /home/a-h/x-tools/arm-none-eabi-4.9/bin/../lib/gcc/arm-none-eabi/4.9.4/libgcc.a(_arm_addsubdf3.o)
__aeabi_dsub                                      /home/a-h/x-tools/arm-none-eabi-4.9/bin/../lib/gcc/arm-none-eabi/4.9.4/libgcc.a(_arm_addsubdf3.o)
                                                  /home/a-h/x-tools/arm-none-eabi-4.9/bin/../lib/gcc/arm-none-eabi/4.9.4/../../../../arm-none-eabi/lib/libm.a(lib_a-e_sqrt.o)
                                                  obj/timers.o
__aeabi_f2d                                       /home/a-h/x-tools/arm-none-eabi-4.9/bin/../lib/gcc/arm-none-eabi/4.9.4/libgcc.a(_arm_addsubdf3.o)
                                                  obj/timers.o
__aeabi_f2iz                                      /home/a-h/x-tools/arm-none-eabi-4.9/bin/../lib/gcc/arm-none-eabi/4.9.4/libgcc.a(_arm_fixsfsi.o)
                                                  obj/timers.o
__aeabi_fadd                                      /home/a-h/x-tools/arm-none-eabi-4.9/bin/../lib/gcc/arm-none-eabi/4.9.4/libgcc.a(_arm_addsubsf3.o)
                                                  obj/timers.o
__aeabi_fcmpeq                                    /home/a-h/x-tools/arm-none-eabi-4.9/bin/../lib/gcc/arm-none-eabi/4.9.4/libgcc.a(_arm_cmpsf2.o)
__aeabi_fcmpge                                    /home/a-h/x-tools/arm-none-eabi-4.9/bin/../lib/gcc/arm-none-eabi/4.9.4/libgcc.a(_arm_cmpsf2.o)
__aeabi_fcmpgt                                    /home/a-h/x-tools/arm-none-eabi-4.9/bin/../lib/gcc/arm-none-eabi/4.9.4/libgcc.a(_arm_cmpsf2.o)
                                                  obj/timers.o
__aeabi_fcmple                                    /home/a-h/x-tools/arm-none-eabi-4.9/bin/../lib/gcc/arm-none-eabi/4.9.4/libgcc.a(_arm_cmpsf2.o)
__aeabi_fcmplt                                    /home/a-h/x-tools/arm-none-eabi-4.9/bin/../lib/gcc/arm-none-eabi/4.9.4/libgcc.a(_arm_cmpsf2.o)
                                                  obj/timers.o
__aeabi_fdiv                                      /home/a-h/x-tools/arm-none-eabi-4.9/bin/../lib/gcc/arm-none-eabi/4.9.4/libgcc.a(_arm_muldivsf3.o)
                                                  obj/timers.o
__aeabi_fmul                                      /home/a-h/x-tools/arm-none-eabi-4.9/bin/../lib/gcc/arm-none-eabi/4.9.4/libgcc.a(_arm_muldivsf3.o)
                                                  obj/timers.o
__aeabi_frsub                                     /home/a-h/x-tools/arm-none-eabi-4.9/bin/../lib/gcc/arm-none-eabi/4.9.4/libgcc.a(_arm_addsubsf3.o)
__aeabi_fsub                                      /home/a-h/x-tools/arm-none-eabi-4.9/bin/../lib/gcc/arm-none-eabi/4.9.4/libgcc.a(_arm_addsubsf3.o)
                                                  obj/timers.o
__aeabi_i2d                                       /home/a-h/x-tools/arm-none-eabi-4.9/bin/../lib/gcc/arm-none-eabi/4.9.4/libgcc.a(_arm_addsubdf3.o)
                                                  obj/timers.o
                                                  obj/usart_console.o
__aeabi_i2f                                       /home/a-h/x-tools/arm-none-eabi-4.9/bin/../lib/gcc/arm-none-eabi/4.9.4/libgcc.a(_arm_addsubsf3.o)
                                                  obj/timers.o
__aeabi_idiv0                                     /home/a-h/x-tools/arm-none-eabi-4.9/bin/../lib/gcc/arm-none-eabi/4.9.4/libgcc.a(_dvmd_tls.o)
__aeabi_l2d                                       /home/a-h/x-tools/arm-none-eabi-4.9/bin/../lib/gcc/arm-none-eabi/4.9.4/libgcc.a(_arm_addsubdf3.o)
__aeabi_l2f                                       /home/a-h/x-tools/arm-none-eabi-4.9/bin/../lib/gcc/arm-none-eabi/4.9.4/libgcc.a(_arm_addsubsf3.o)
__aeabi_ldiv0                                     /home/a-h/x-tools/arm-none-eabi-4.9/bin/../lib/gcc/arm-none-eabi/4.9.4/libgcc.a(_dvmd_tls.o)
                                                  /home/a-h/x-tools/arm-none-eabi-4.9/bin/../lib/gcc/arm-none-eabi/4.9.4/libgcc.a(_aeabi_uldivmod.o)
__aeabi_ui2d                                      /home/a-h/x-tools/arm-none-eabi-4.9/bin/../lib/gcc/arm-none-eabi/4.9.4/libgcc.a(_arm_addsubdf3.o)
__aeabi_ui2f                                      /home/a-h/x-tools/arm-none-eabi-4.9/bin/../lib/gcc/arm-none-eabi/4.9.4/libgcc.a(_arm_addsubsf3.o)
__aeabi_ul2d                                      /home/a-h/x-tools/arm-none-eabi-4.9/bin/../lib/gcc/arm-none-eabi/4.9.4/libgcc.a(_arm_addsubdf3.o)
__aeabi_ul2f                                      /home/a-h/x-tools/arm-none-eabi-4.9/bin/../lib/gcc/arm-none-eabi/4.9.4/libgcc.a(_arm_addsubsf3.o)
__aeabi_uldivmod                                  /home/a-h/x-tools/arm-none-eabi-4.9/bin/../lib/gcc/arm-none-eabi/4.9.4/libgcc.a(_aeabi_uldivmod.o)
                                                  obj/timers.o
__cmpdf2                                          /home/a-h/x-tools/arm-none-eabi-4.9/bin/../lib/gcc/arm-none-eabi/4.9.4/libgcc.a(_arm_cmpdf2.o)
__cmpsf2                                          /home/a-h/x-tools/arm-none-eabi-4.9/bin/../lib/gcc/arm-none-eabi/4.9.4/libgcc.a(_arm_cmpsf2.o)
__ctype_ptr__                                     /home/a-h/x-tools/arm-none-eabi-4.9/bin/../lib/gcc/arm-none-eabi/4.9.4/../../../../arm-none-eabi/lib/libc.a(lib_a-ctype_.o)
                                                  /home/a-h/x-tools/arm-none-eabi-4.9/bin/../lib/gcc/arm-none-eabi/4.9.4/../../../../arm-none-eabi/lib/libc.a(lib_a-strtol.o)
__divdf3                                          /home/a-h/x-tools/arm-none-eabi-4.9/bin/../lib/gcc/arm-none-eabi/4.9.4/libgcc.a(_arm_muldivdf3.o)
__divsf3                                          /home/a-h/x-tools/arm-none-eabi-4.9/bin/../lib/gcc/arm-none-eabi/4.9.4/libgcc.a(_arm_muldivsf3.o)
__eqdf2                                           /home/a-h/x-tools/arm-none-eabi-4.9/bin/../lib/gcc/arm-none-eabi/4.9.4/libgcc.a(_arm_cmpdf2.o)
__eqsf2                                           /home/a-h/x-tools/arm-none-eabi-4.9/bin/../lib/gcc/arm-none-eabi/4.9.4/libgcc.a(_arm_cmpsf2.o)
__errno                                           /home/a-h/x-tools/arm-none-eabi-4.9/bin/../lib/gcc/arm-none-eabi/4.9.4/../../../../arm-none-eabi/lib/libg.a(lib_a-errno.o)
                                                  /home/a-h/x-tools/arm-none-eabi-4.9/bin/../lib/gcc/arm-none-eabi/4.9.4/../../../../arm-none-eabi/lib/libm.a(lib_a-w_sqrt.o)
__extendsfdf2                                     /home/a-h/x-tools/arm-none-eabi-4.9/bin/../lib/gcc/arm-none-eabi/4.9.4/libgcc.a(_arm_addsubdf3.o)
__fdlib_version                                   /home/a-h/x-tools/arm-none-eabi-4.9/bin/../lib/gcc/arm-none-eabi/4.9.4/../../../../arm-none-eabi/lib/libm.a(lib_a-s_lib_ver.o)
                                                  /home/a-h/x-tools/arm-none-eabi-4.9/bin/../lib/gcc/arm-none-eabi/4.9.4/../../../../arm-none-eabi/lib/libm.a(lib_a-w_sqrt.o)
__fixdfsi                                         /home/a-h/x-tools/arm-none-eabi-4.9/bin/../lib/gcc/arm-none-eabi/4.9.4/libgcc.a(_arm_fixdfsi.o)
__fixsfsi                                         /home/a-h/x-tools/arm-none-eabi-4.9/bin/../lib/gcc/arm-none-eabi/4.9.4/libgcc.a(_arm_fixsfsi.o)
__floatdidf                                       /home/a-h/x-tools/arm-none-eabi-4.9/bin/../lib/gcc/arm-none-eabi/4.9.4/libgcc.a(_arm_addsubdf3.o)
__floatdisf                                       /home/a-h/x-tools/arm-none-eabi-4.9/bin/../lib/gcc/arm-none-eabi/4.9.4/libgcc.a(_arm_addsubsf3.o)
__floatsidf                                       /home/a-h/x-tools/arm-none-eabi-4.9/bin/../lib/gcc/arm-none-eabi/4.9.4/libgcc.a(_arm_addsubdf3.o)
__floatsisf                                       /home/a-h/x-tools/arm-none-eabi-4.9/bin/../lib/gcc/arm-none-eabi/4.9.4/libgcc.a(_arm_addsubsf3.o)
__floatundidf                                     /home/a-h/x-tools/arm-none-eabi-4.9/bin/../lib/gcc/arm-none-eabi/4.9.4/libgcc.a(_arm_addsubdf3.o)
__floatundisf                                     /home/a-h/x-tools/arm-none-eabi-4.9/bin/../lib/gcc/arm-none-eabi/4.9.4/libgcc.a(_arm_addsubsf3.o)
__floatunsidf                                     /home/a-h/x-tools/arm-none-eabi-4.9/bin/../lib/gcc/arm-none-eabi/4.9.4/libgcc.a(_arm_addsubdf3.o)
__floatunsisf                                     /home/a-h/x-tools/arm-none-eabi-4.9/bin/../lib/gcc/arm-none-eabi/4.9.4/libgcc.a(_arm_addsubsf3.o)
__fpclassifyd                                     /home/a-h/x-tools/arm-none-eabi-4.9/bin/../lib/gcc/arm-none-eabi/4.9.4/../../../../arm-none-eabi/lib/libm.a(lib_a-s_fpclassify.o)
                                                  /home/a-h/x-tools/arm-none-eabi-4.9/bin/../lib/gcc/arm-none-eabi/4.9.4/../../../../arm-none-eabi/lib/libm.a(lib_a-w_sqrt.o)
__gedf2                                           /home/a-h/x-tools/arm-none-eabi-4.9/bin/../lib/gcc/arm-none-eabi/4.9.4/libgcc.a(_arm_cmpdf2.o)
__gesf2                                           /home/a-h/x-tools/arm-none-eabi-4.9/bin/../lib/gcc/arm-none-eabi/4.9.4/libgcc.a(_arm_cmpsf2.o)
__gtdf2                                           /home/a-h/x-tools/arm-none-eabi-4.9/bin/../lib/gcc/arm-none-eabi/4.9.4/libgcc.a(_arm_cmpdf2.o)
__gtsf2                                           /home/a-h/x-tools/arm-none-eabi-4.9/bin/../lib/gcc/arm-none-eabi/4.9.4/libgcc.a(_arm_cmpsf2.o)
__ieee754_sqrt                                    /home/a-h/x-tools/arm-none-eabi-4.9/bin/../lib/gcc/arm-none-eabi/4.9.4/../../../../arm-none-eabi/lib/libm.a(lib_a-e_sqrt.o)
                                                  /home/a-h/x-tools/arm-none-eabi-4.9/bin/../lib/gcc/arm-none-eabi/4.9.4/../../../../arm-none-eabi/lib/libm.a(lib_a-w_sqrt.o)
__itoa                                            /home/a-h/x-tools/arm-none-eabi-4.9/bin/../lib/gcc/arm-none-eabi/4.9.4/../../../../arm-none-eabi/lib/libc.a(lib_a-itoa.o)
__ledf2                                           /home/a-h/x-tools/arm-none-eabi-4.9/bin/../lib/gcc/arm-none-eabi/4.9.4/libgcc.a(_arm_cmpdf2.o)
__lesf2                                           /home/a-h/x-tools/arm-none-eabi-4.9/bin/../lib/gcc/arm-none-eabi/4.9.4/libgcc.a(_arm_cmpsf2.o)
__ltdf2                                           /home/a-h/x-tools/arm-none-eabi-4.9/bin/../lib/gcc/arm-none-eabi/4.9.4/libgcc.a(_arm_cmpdf2.o)
__ltsf2                                           /home/a-h/x-tools/arm-none-eabi-4.9/bin/../lib/gcc/arm-none-eabi/4.9.4/libgcc.a(_arm_cmpsf2.o)
__muldf3                                          /home/a-h/x-tools/arm-none-eabi-4.9/bin/../lib/gcc/arm-none-eabi/4.9.4/libgcc.a(_arm_muldivdf3.o)
__mulsf3                                          /home/a-h/x-tools/arm-none-eabi-4.9/bin/../lib/gcc/arm-none-eabi/4.9.4/libgcc.a(_arm_muldivsf3.o)
__nedf2                                           /home/a-h/x-tools/arm-none-eabi-4.9/bin/../lib/gcc/arm-none-eabi/4.9.4/libgcc.a(_arm_cmpdf2.o)
__nesf2                                           /home/a-h/x-tools/arm-none-eabi-4.9/bin/../lib/gcc/arm-none-eabi/4.9.4/libgcc.a(_arm_cmpsf2.o)
__subdf3                                          /home/a-h/x-tools/arm-none-eabi-4.9/bin/../lib/gcc/arm-none-eabi/4.9.4/libgcc.a(_arm_addsubdf3.o)
__subsf3                                          /home/a-h/x-tools/arm-none-eabi-4.9/bin/../lib/gcc/arm-none-eabi/4.9.4/libgcc.a(_arm_addsubsf3.o)
__truncdfsf2                                      /home/a-h/x-tools/arm-none-eabi-4.9/bin/../lib/gcc/arm-none-eabi/4.9.4/libgcc.a(_arm_truncdfsf2.o)
__udivmoddi4                                      /home/a-h/x-tools/arm-none-eabi-4.9/bin/../lib/gcc/arm-none-eabi/4.9.4/libgcc.a(_udivmoddi4.o)
                                                  /home/a-h/x-tools/arm-none-eabi-4.9/bin/../lib/gcc/arm-none-eabi/4.9.4/libgcc.a(_aeabi_uldivmod.o)
__utoa                                            /home/a-h/x-tools/arm-none-eabi-4.9/bin/../lib/gcc/arm-none-eabi/4.9.4/../../../../arm-none-eabi/lib/libc.a(lib_a-utoa.o)
                                                  /home/a-h/x-tools/arm-none-eabi-4.9/bin/../lib/gcc/arm-none-eabi/4.9.4/../../../../arm-none-eabi/lib/libc.a(lib_a-itoa.o)
_atoi_r                                           /home/a-h/x-tools/arm-none-eabi-4.9/bin/../lib/gcc/arm-none-eabi/4.9.4/../../../../arm-none-eabi/lib/libc.a(lib_a-atoi.o)
_ctype_                                           /home/a-h/x-tools/arm-none-eabi-4.9/bin/../lib/gcc/arm-none-eabi/4.9.4/../../../../arm-none-eabi/lib/libc.a(lib_a-ctype_.o)
_ebss                                             obj/asmfunc.o
_edata                                            obj/asmfunc.o
_global_impure_ptr                                /home/a-h/x-tools/arm-none-eabi-4.9/bin/../lib/gcc/arm-none-eabi/4.9.4/../../../../arm-none-eabi/lib/libc.a(lib_a-impure.o)
_impure_ptr                                       /home/a-h/x-tools/arm-none-eabi-4.9/bin/../lib/gcc/arm-none-eabi/4.9.4/../../../../arm-none-eabi/lib/libc.a(lib_a-impure.o)
                                                  /home/a-h/x-tools/arm-none-eabi-4.9/bin/../lib/gcc/arm-none-eabi/4.9.4/../../../../arm-none-eabi/lib/libg.a(lib_a-errno.o)
                                                  /home/a-h/x-tools/arm-none-eabi-4.9/bin/../lib/gcc/arm-none-eabi/4.9.4/../../../../arm-none-eabi/lib/libc.a(lib_a-strtol.o)
_sbss                                             obj/asmfunc.o
_sdata                                            obj/asmfunc.o
_sidata                                           obj/asmfunc.o
_strtol_r                                         /home/a-h/x-tools/arm-none-eabi-4.9/bin/../lib/gcc/arm-none-eabi/4.9.4/../../../../arm-none-eabi/lib/libc.a(lib_a-strtol.o)
                                                  /home/a-h/x-tools/arm-none-eabi-4.9/bin/../lib/gcc/arm-none-eabi/4.9.4/../../../../arm-none-eabi/lib/libc.a(lib_a-atoi.o)
adc_init                                          obj/adc_dac.o
                                                  obj/main.o
adc_read_current                                  obj/adc_dac.o
                                                  obj/timers.o
adc_read_voltage                                  obj/adc_dac.o
                                                  obj/timers.o
atof                                              obj/usart_console.o
atoi                                              /home/a-h/x-tools/arm-none-eabi-4.9/bin/../lib/gcc/arm-none-eabi/4.9.4/../../../../arm-none-eabi/lib/libc.a(lib_a-atoi.o)
                                                  obj/usart_console.o
calculateSD                                       obj/timers.o
channel                                           obj/main.o
                                                  obj/timers.o
conv_number                                       obj/main.o
                                                  obj/timers.o
curr                                              obj/main.o
                                                  obj/timers.o
curr_big                                          obj/main.o
                                                  obj/timers.o
dac_set_voltage                                   obj/adc_dac.o
                                                  obj/usart_console.o
ftoa                                              obj/timers.o
getflag                                           obj/main.o
                                                  obj/timers.o
                                                  obj/usart_console.o
gpio_clear                                        obj/main.o
                                                  obj/timers.o
                                                  obj/usart_console.o
gpio_init                                         obj/main.o
gpio_set                                          obj/main.o
                                                  obj/timers.o
                                                  obj/usart_console.o
help_msg                                          obj/usart_console.o
hex_to_ascii                                      obj/usart_console.o
hex_to_int                                        obj/usart_console.o
itoa                                              /home/a-h/x-tools/arm-none-eabi-4.9/bin/../lib/gcc/arm-none-eabi/4.9.4/../../../../arm-none-eabi/lib/libc.a(lib_a-itoa.o)
                                                  obj/timers.o
led_clear                                         obj/main.o
                                                  obj/timers.o
                                                  obj/usart_console.o
led_set                                           obj/main.o
                                                  obj/usart_console.o
main                                              obj/main.o
                                                  obj/asmfunc.o
matherr                                           /home/a-h/x-tools/arm-none-eabi-4.9/bin/../lib/gcc/arm-none-eabi/4.9.4/../../../../arm-none-eabi/lib/libm.a(lib_a-s_matherr.o)
                                                  /home/a-h/x-tools/arm-none-eabi-4.9/bin/../lib/gcc/arm-none-eabi/4.9.4/../../../../arm-none-eabi/lib/libm.a(lib_a-w_sqrt.o)
memset                                            /home/a-h/x-tools/arm-none-eabi-4.9/bin/../lib/gcc/arm-none-eabi/4.9.4/../../../../arm-none-eabi/lib/libc.a(lib_a-memset.o)
                                                  obj/timers.o
native                                            obj/main.o
                                                  obj/timers.o
                                                  obj/usart_console.o
pll_init                                          obj/main.o
process_array                                     obj/timers.o
process_command                                   obj/usart_console.o
                                                  obj/uart23xx.o
read_curr                                         obj/timers.o
read_volt                                         obj/timers.o
rec_len                                           obj/uart23xx.o
resiever                                          obj/uart23xx.o
send_results                                      obj/timers.o
sqrt                                              /home/a-h/x-tools/arm-none-eabi-4.9/bin/../lib/gcc/arm-none-eabi/4.9.4/../../../../arm-none-eabi/lib/libm.a(lib_a-w_sqrt.o)
                                                  obj/timers.o
strcat                                            /home/a-h/x-tools/arm-none-eabi-4.9/bin/../lib/gcc/arm-none-eabi/4.9.4/../../../../arm-none-eabi/lib/libc.a(lib_a-strcat.o)
                                                  obj/timers.o
strlen                                            /home/a-h/x-tools/arm-none-eabi-4.9/bin/../lib/gcc/arm-none-eabi/4.9.4/../../../../arm-none-eabi/lib/libc.a(lib_a-strlen.o)
                                                  obj/timers.o
strncmp                                           /home/a-h/x-tools/arm-none-eabi-4.9/bin/../lib/gcc/arm-none-eabi/4.9.4/../../../../arm-none-eabi/lib/libc.a(lib_a-strncmp.o)
                                                  obj/usart_console.o
strtol                                            /home/a-h/x-tools/arm-none-eabi-4.9/bin/../lib/gcc/arm-none-eabi/4.9.4/../../../../arm-none-eabi/lib/libc.a(lib_a-strtol.o)
                                                  /home/a-h/x-tools/arm-none-eabi-4.9/bin/../lib/gcc/arm-none-eabi/4.9.4/../../../../arm-none-eabi/lib/libc.a(lib_a-atoi.o)
timer0_init                                       obj/timers.o
                                                  obj/main.o
timer0_set_freq                                   obj/timers.o
                                                  obj/usart_console.o
timer0_start                                      obj/timers.o
                                                  obj/usart_console.o
timer0_stop                                       obj/timers.o
                                                  obj/usart_console.o
uart0_getc                                        obj/uart23xx.o
uart0_init                                        obj/uart23xx.o
                                                  obj/main.o
uart0_putc                                        obj/uart23xx.o
uart0_test                                        obj/uart23xx.o
utoa                                              /home/a-h/x-tools/arm-none-eabi-4.9/bin/../lib/gcc/arm-none-eabi/4.9.4/../../../../arm-none-eabi/lib/libc.a(lib_a-utoa.o)
volts                                             obj/main.o
                                                  obj/timers.o
